
> Configure project :
Fabric Loom: 1.17.20

> Task :compileJava NO-SOURCE
> Task :processResources UP-TO-DATE
> Task :classes UP-TO-DATE

> Task :compileClientJava
Note: Some input files use or override a deprecated API.
Note: Recompile with -Xlint:deprecation for details.

> Task :compileMetalNative UP-TO-DATE
> Task :processClientResources UP-TO-DATE
> Task :clientClasses
> Task :generateLog4jConfig UP-TO-DATE
> Task :generateDLIConfig UP-TO-DATE
> Task :configureLaunch UP-TO-DATE
> Task :downloadAssets UP-TO-DATE
> Task :configureClientLaunch UP-TO-DATE

> Task :runClient
[00:16:40] [main/WARN] (FabricLoader/Knot) Class path entries reference missing files: /Users/jackangione/Desktop/VULKAN SHADERS/build/classes/java/main - the game may not load properly!
[00:16:40] [main/INFO] (FabricLoader/GameProvider) Loading Minecraft 26.2 with Fabric Loader 0.19.3
[00:16:40] [main/INFO] (FabricLoader/Mappings) Mappings not present!
[00:16:41] [main/INFO] (FabricLoader) Loading 51 mods:
	- fabric-api 0.157.0+26.2
	- fabric-api-base 2.0.4+ece063239e
	- fabric-api-lookup-api-v1 2.0.17+11e1c9a39e
	- fabric-biome-api-v1 18.0.6+c7bd5b8e9e
	- fabric-block-api-v1 3.0.3+ec56b6019e
	- fabric-block-getter-api-v2 2.0.7+ec56b6019e
	- fabric-client-gametest-api-v1 6.0.0+515ac5339e
	- fabric-command-api-v2 3.1.0+00cb03469e
	- fabric-content-registries-v0 11.3.1+37b1aa249e
	- fabric-convention-tags-v2 4.7.0+1f023a9e9e
	- fabric-crash-report-info-v1 1.0.5+086d547a9e
	- fabric-creative-tab-api-v1 5.0.14+d871b99e9e
	- fabric-data-attachment-api-v1 2.2.18+515ac5339e
	- fabric-data-generation-api-v1 25.5.0+aed122aa9e
	- fabric-debug-api-v1 1.0.2+c792624d9e
	- fabric-dimensions-v1 5.1.11+515ac5339e
	- fabric-entity-events-v1 5.0.5+06488ac19e
	- fabric-events-interaction-v0 5.2.7+515ac5339e
	- fabric-game-rule-api-v1 4.0.8+46a6d00c9e
	- fabric-gametest-api-v1 4.0.21+4a7fa0819e
	- fabric-item-api-v1 14.4.0+49a69a7b9e
	- fabric-key-mapping-api-v1 2.0.5+e2bdee789e
	- fabric-lifecycle-events-v1 4.1.3+4575b05f9e
	- fabric-loot-api-v3 3.0.17+06488ac19e
	- fabric-menu-api-v1 2.0.16+086d547a9e
	- fabric-message-api-v1 7.0.8+bb2ed3f79e
	- fabric-model-loading-api-v1 8.0.16+c80601bb9e
	- fabric-networking-api-v1 6.3.3+72073ef09e
	- fabric-object-builder-api-v1 24.1.0+6fcd5f039e
	- fabric-particles-v1 5.0.18+d1756aa99e
	- fabric-permission-api-v1 1.0.5+e442d8d09e
	- fabric-recipe-api-v1 9.0.20+11e1c9a39e
	- fabric-registry-sync-v0 7.1.0+c7bd5b8e9e
	- fabric-renderer-api-v1 14.1.3+2b0d8a229e
	- fabric-renderer-indigo 9.1.3+2b0d8a229e
	- fabric-rendering-fluids-v1 6.0.4+06488ac19e
	- fabric-rendering-v1 25.3.2+515ac5339e
	- fabric-resource-conditions-api-v1 6.1.0+10e9a28b9e
	- fabric-resource-loader-v0 3.3.20+4fc5413f9e
	- fabric-resource-loader-v1 2.0.13+9edec1269e
	- fabric-screen-api-v1 5.2.0+58e078ad9e
	- fabric-serialization-api-v1 2.0.4+11a26f319e
	- fabric-sound-api-v1 2.0.5+11a26f319e
	- fabric-tag-api-v1 2.1.4+515ac5339e
	- fabric-transfer-api-v1 8.0.12+11dbb7d79e
	- fabric-transitive-access-wideners-v1 8.1.4+67c847259e
	- fabricloader 0.19.3
	- java 25
	- metalcraft 0.2.0-dev.1
	- minecraft 26.2
	- mixinextras 0.5.4
[00:16:41] [main/INFO] (FabricLoader/Mixin) SpongePowered MIXIN Subsystem Version=0.8.7 Source=file:/Users/jackangione/.gradle/caches/modules-2/files-2.1/net.fabricmc/sponge-mixin/0.17.3+mixin.0.8.7/41c4a3984a80f4679e759fb9f495587acc5cdac7/sponge-mixin-0.17.3+mixin.0.8.7.jar Service=Knot/Fabric Env=CLIENT
[00:16:41] [main/INFO] (FabricLoader/Mixin) Compatibility level set to JAVA_25
2026-09-12 00:16:41.502 java[42974:3559326] Metal API Validation Enabled
[00:16:41] [main/INFO] (MetalCraftPreLaunch) MetalCraft direct Metal bridge opened an owned device and command queue: Apple M4 Max (recommended working set: 53084 MiB)
[00:16:41] [main/WARN] (MetalCraftPreLaunch) Direct Metal backend selection is active and experimental; Minecraft's OpenGL crash recovery remains available
[00:16:41] [main/INFO] (FabricLoader/MixinExtras|Service) Initializing MixinExtras via com.llamalad7.mixinextras.service.MixinExtrasServiceImpl(version=0.5.4).
[00:16:42] [Datafixer Bootstrap #0/INFO] (Minecraft) 295 Datafixer optimizations took 125 milliseconds
[00:16:42] [main/WARN] (MacOperatingSystem) Unable to parse version 27.0 to a codename.
[00:16:44] [Render thread/INFO] (Minecraft) Environment: Environment[sessionHost=https://sessionserver.mojang.com, servicesHost=https://api.minecraftservices.com, profilesHost=https://api.mojang.com, name=PROD]
[00:16:44] [Render thread/INFO] (Minecraft) Setting user: Player618
[00:16:44] [Render thread/INFO] (Indigo) [Indigo] Registering Indigo renderer!
[00:16:44] [Render thread/ERROR] (Minecraft) Illegal option value 0 for Anisotropic Filtering
[00:16:44] [Render thread/INFO] (Minecraft) Backend library: LWJGL version 3.4.1-snapshot
[00:16:44] [Render thread/WARN] (Minecraft) Graphics backend forced to default by launch argument, in-game preferred graphics backend setting is ignored
[00:16:44] [Render thread/INFO] (ShaderPackRuntime) Loaded MetalCraft shader pack 'MetalCraft Standard': 3 pass(es), 4 target(s), 18 option(s), 0 bytes
[00:16:44] [Render thread/INFO] (Minecraft) Using graphics backend Metal, using drivers: Mac OS X 27.0
[00:16:44] [Render thread/INFO] (Minecraft) Using graphics device: Apple M4 Max (Apple)
[00:16:44] [Render thread/INFO] (Minecraft) Using graphics device extensions: Metal
[00:16:44] [Download-1/INFO] (Minecraft) Could not authorize you against Realms server: java.lang.RuntimeException: Failed to parse into SignedJWT: FabricMC
[00:16:45] [Render thread/INFO] (Minecraft) Reloading ResourceManager: vanilla, fabric-api, fabric-api-base, fabric-api-lookup-api-v1, fabric-biome-api-v1, fabric-block-api-v1, fabric-block-getter-api-v2, fabric-client-gametest-api-v1, fabric-command-api-v2, fabric-content-registries-v0, fabric-convention-tags-v2, fabric-crash-report-info-v1, fabric-creative-tab-api-v1, fabric-data-attachment-api-v1, fabric-data-generation-api-v1, fabric-debug-api-v1, fabric-dimensions-v1, fabric-entity-events-v1, fabric-events-interaction-v0, fabric-game-rule-api-v1, fabric-gametest-api-v1, fabric-item-api-v1, fabric-key-mapping-api-v1, fabric-lifecycle-events-v1, fabric-loot-api-v3, fabric-menu-api-v1, fabric-message-api-v1, fabric-model-loading-api-v1, fabric-networking-api-v1, fabric-object-builder-api-v1, fabric-particles-v1, fabric-permission-api-v1, fabric-recipe-api-v1, fabric-registry-sync-v0, fabric-renderer-api-v1, fabric-renderer-indigo, fabric-rendering-fluids-v1, fabric-rendering-v1, fabric-resource-conditions-api-v1, fabric-resource-loader-v0, fabric-resource-loader-v1, fabric-screen-api-v1, fabric-serialization-api-v1, fabric-sound-api-v1, fabric-tag-api-v1, fabric-transfer-api-v1, fabric-transitive-access-wideners-v1, fabricloader, metalcraft
[00:16:45] [Render thread/INFO] (MetalCraftClient) MetalCraft direct renderer active: Apple / Apple M4 Max using Metal
[00:16:45] [Render thread/WARN] (Minecraft) Failed to find suitable monitor for fullscreen mode
[00:16:45] [Render thread/INFO] (MetalGpuSurface) MetalCraft surface configured: 1708x960 presentMode=IMMEDIATE displaySync=false unlockedFrameRate=true
[00:16:45] [Worker-Main-10/INFO] (Minecraft) Found unifont_pua-17.0.01.hex, loading
[00:16:45] [Worker-Main-3/INFO] (Minecraft) Found unifont_all_no_pua-17.0.01.hex, loading
[00:16:45] [Worker-Main-8/INFO] (Minecraft) Found unifont_jp_patch-17.0.01.hex, loading
[00:16:45] [Render thread/INFO] (MetalGpuSurface) MetalCraft surface configured: 1708x960 presentMode=IMMEDIATE displaySync=false unlockedFrameRate=true
[00:16:45] [Render thread/INFO] (ShaderPackRuntime) Loaded MetalCraft shader pack 'MetalCraft Standard': 3 pass(es), 4 target(s), 18 option(s), 6558720 bytes
[00:16:47] [Render thread/INFO] (ShaderPackRuntime) Loaded MetalCraft shader pack 'MetalCraft Standard': 3 pass(es), 4 target(s), 18 option(s), 6558720 bytes
[00:16:47] [Render thread/INFO] (Minecraft) OpenAL initialized on device DENON-AVR
[00:16:47] [Render thread/INFO] (Minecraft) Sound engine started
[00:16:47] [Render thread/INFO] (Minecraft) Created: 512x256x0 minecraft:textures/atlas/particles.png-atlas
[00:16:47] [Render thread/INFO] (Minecraft) Created: 128x128x0 minecraft:textures/atlas/decorated_pot.png-atlas
[00:16:47] [Render thread/INFO] (Minecraft) Created: 2048x1024x0 minecraft:textures/atlas/armor_trims.png-atlas
[00:16:47] [Render thread/INFO] (Minecraft) Created: 512x256x0 minecraft:textures/atlas/paintings.png-atlas
[00:16:47] [Render thread/INFO] (Minecraft) Created: 1024x512x0 minecraft:textures/atlas/shield_patterns.png-atlas
[00:16:47] [Render thread/INFO] (Minecraft) Created: 2048x2048x4 minecraft:textures/atlas/blocks.png-atlas
[00:16:47] [Render thread/INFO] (Minecraft) Created: 512x512x0 minecraft:textures/atlas/chest.png-atlas
[00:16:47] [Render thread/INFO] (Minecraft) Created: 256x128x0 minecraft:textures/atlas/celestials.png-atlas
[00:16:47] [Render thread/INFO] (Minecraft) Created: 1024x512x0 minecraft:textures/atlas/banner_patterns.png-atlas
[00:16:47] [Render thread/INFO] (Minecraft) Created: 1024x512x0 minecraft:textures/atlas/items.png-atlas
[00:16:47] [Render thread/INFO] (Minecraft) Created: 1024x1024x0 minecraft:textures/atlas/gui.png-atlas
[00:16:47] [Render thread/INFO] (Minecraft) Created: 128x64x0 minecraft:textures/atlas/map_decorations.png-atlas
[00:16:47] [Render thread/INFO] (Minecraft) Created: 512x512x0 minecraft:textures/atlas/shulker_boxes.png-atlas
[00:16:48] [Download-1/INFO] (Minecraft) Could not authorize you against Realms server: java.lang.RuntimeException: Failed to parse into SignedJWT: FabricMC
[00:16:50] [Test thread/INFO] (MetalLifecycleGameTest) Metal lifecycle validation: Metal backend selected
[00:16:50] [Render thread/INFO] (ShaderPackRuntime) Loaded MetalCraft shader pack 'MetalCraft Standard': 3 pass(es), 4 target(s), 18 option(s), 6558720 bytes
[00:16:50] [Render thread/INFO] (Minecraft) Loaded 1585 recipes
[00:16:50] [Render thread/INFO] (Minecraft) Loaded 1688 advancements
[00:16:50] [Render thread/INFO] (fabric-client-gametest-api-v1) World loading finished: null screen: net.minecraft.client.gui.screens.GenericMessageScreen@6675b318
[00:16:50] [Render thread/INFO] (BiomeModificationImpl) Applied 0 biome modifications to 0 of 66 new biomes in 599.5 μs
[00:16:50] [Server thread/INFO] (Minecraft) Starting integrated minecraft server version 26.2
[00:16:50] [Server thread/INFO] (Minecraft) Generating keypair
[00:16:50] [Server thread/INFO] (Minecraft) Selecting global world spawn...
[00:16:51] [Server thread/INFO] (Minecraft) Loading 0 persistent chunks...
[00:16:51] [Server thread/INFO] (Minecraft) Preparing spawn area: 16%
[00:16:51] [Server thread/INFO] (Minecraft) Saving chunks for level 'ServerLevel[New World]'/minecraft:overworld
[00:16:51] [Server thread/INFO] (Minecraft) Saving chunks for level 'ServerLevel[New World]'/minecraft:the_nether
[00:16:51] [Server thread/INFO] (Minecraft) Saving chunks for level 'ServerLevel[New World]'/minecraft:the_end
[00:16:51] [Server thread/INFO] (Minecraft) ThreadedAnvilChunkStorage (world): All chunks are saved
[00:16:51] [Server thread/INFO] (Minecraft) ThreadedAnvilChunkStorage (DIM-1): All chunks are saved
[00:16:51] [Server thread/INFO] (Minecraft) ThreadedAnvilChunkStorage (DIM1): All chunks are saved
[00:16:51] [Server thread/INFO] (Minecraft) ThreadedAnvilChunkStorage: All dimensions are saved
[00:16:51] [Render thread/INFO] (fabric-client-gametest-api-v1) World loading finished: null screen: net.minecraft.client.gui.screens.LevelLoadingScreen@122289dc
[00:16:52] [Render thread/INFO] (fabric-client-gametest-api-v1) World loading finished: null screen: net.minecraft.client.gui.screens.LevelLoadingScreen@122289dc
[00:16:52] [Render thread/INFO] (fabric-client-gametest-api-v1) World loading finished: null screen: net.minecraft.client.gui.screens.LevelLoadingScreen@122289dc
[00:16:52] [Render thread/INFO] (fabric-client-gametest-api-v1) World loading finished: null screen: net.minecraft.client.gui.screens.LevelLoadingScreen@122289dc
[00:16:52] [Render thread/INFO] (fabric-client-gametest-api-v1) World loading finished: null screen: net.minecraft.client.gui.screens.LevelLoadingScreen@122289dc
[00:16:52] [Server thread/INFO] (Minecraft) Loading 48 chunks for player spawn...
[00:16:52] [Server thread/INFO] (Minecraft) Preparing spawn area: 16%
[00:16:52] [Render thread/INFO] (fabric-client-gametest-api-v1) World loading finished: null screen: net.minecraft.client.gui.screens.LevelLoadingScreen@122289dc
[00:16:52] [Server thread/INFO] (Minecraft) Preparing spawn area: 16%
[00:16:52] [Render thread/INFO] (fabric-client-gametest-api-v1) World loading finished: null screen: net.minecraft.client.gui.screens.LevelLoadingScreen@122289dc
[00:16:52] [Render thread/INFO] (fabric-client-gametest-api-v1) World loading finished: null screen: net.minecraft.client.gui.screens.LevelLoadingScreen@122289dc
[00:16:52] [Render thread/INFO] (fabric-client-gametest-api-v1) World loading finished: null screen: net.minecraft.client.gui.screens.LevelLoadingScreen@122289dc
[00:16:52] [Render thread/INFO] (fabric-client-gametest-api-v1) World loading finished: null screen: net.minecraft.client.gui.screens.LevelLoadingScreen@122289dc
[00:16:52] [Render thread/INFO] (fabric-client-gametest-api-v1) World loading finished: null screen: net.minecraft.client.gui.screens.LevelLoadingScreen@122289dc
[00:16:52] [Server thread/INFO] (Minecraft) Preparing spawn area: 16%
[00:16:52] [Render thread/INFO] (fabric-client-gametest-api-v1) World loading finished: null screen: net.minecraft.client.gui.screens.LevelLoadingScreen@122289dc
[00:16:52] [Render thread/INFO] (fabric-client-gametest-api-v1) World loading finished: null screen: net.minecraft.client.gui.screens.LevelLoadingScreen@122289dc
[00:16:52] [Render thread/INFO] (fabric-client-gametest-api-v1) World loading finished: null screen: net.minecraft.client.gui.screens.LevelLoadingScreen@122289dc
[00:16:52] [Render thread/INFO] (fabric-client-gametest-api-v1) World loading finished: null screen: net.minecraft.client.gui.screens.LevelLoadingScreen@122289dc
[00:16:52] [Render thread/INFO] (fabric-client-gametest-api-v1) World loading finished: null screen: net.minecraft.client.gui.screens.LevelLoadingScreen@122289dc
[00:16:52] [Render thread/INFO] (fabric-client-gametest-api-v1) World loading finished: null screen: net.minecraft.client.gui.screens.LevelLoadingScreen@122289dc
[00:16:52] [Render thread/INFO] (fabric-client-gametest-api-v1) World loading finished: null screen: net.minecraft.client.gui.screens.LevelLoadingScreen@122289dc
[00:16:52] [Render thread/INFO] (fabric-client-gametest-api-v1) World loading finished: null screen: net.minecraft.client.gui.screens.LevelLoadingScreen@122289dc
[00:16:52] [Render thread/INFO] (fabric-client-gametest-api-v1) World loading finished: null screen: net.minecraft.client.gui.screens.LevelLoadingScreen@122289dc
[00:16:53] [Render thread/INFO] (fabric-client-gametest-api-v1) World loading finished: null screen: net.minecraft.client.gui.screens.LevelLoadingScreen@122289dc
[00:16:53] [Server thread/INFO] (Minecraft) Preparing spawn area: 58%
[00:16:53] [Render thread/INFO] (fabric-client-gametest-api-v1) World loading finished: null screen: net.minecraft.client.gui.screens.LevelLoadingScreen@122289dc
[00:16:53] [Render thread/INFO] (fabric-client-gametest-api-v1) World loading finished: null screen: net.minecraft.client.gui.screens.LevelLoadingScreen@122289dc
[00:16:53] [Server thread/INFO] (Minecraft) Time elapsed: 2137 ms
[00:16:53] [Render thread/INFO] (fabric-client-gametest-api-v1) World loading finished: null screen: net.minecraft.client.gui.screens.LevelLoadingScreen@122289dc
[00:16:53] [Server thread/INFO] (Minecraft) Player618[local:E:d351d4de] logged in with entity id 1 at (0.5, 79.0, 0.5)
[00:16:53] [Server thread/INFO] (Minecraft) Player618 joined the game
[00:16:53] [Server thread/INFO] (Minecraft) Changing view distance to 16, from 10
[00:16:53] [Server thread/INFO] (Minecraft) Changing simulation distance to 16, from 0
[00:16:53] [Render thread/INFO] (fabric-client-gametest-api-v1) World loading finished: ClientLevel screen: net.minecraft.client.gui.screens.LevelLoadingScreen@122289dc
[00:16:53] [Download-1/ERROR] (Minecraft) Failed to retrieve profile key pair

MinecraftClientHttpException[type=HTTP_ERROR, status=401, response=ErrorResponse[path=/player/certificates, error=null, errorMessage=null, details=null]]
	at knot//com.mojang.authlib.minecraft.client.MinecraftClient.buildHttpException(MinecraftClient.java:170)
	at knot//com.mojang.authlib.minecraft.client.MinecraftClient.readServiceResponse(MinecraftClient.java:147)
	at knot//com.mojang.authlib.minecraft.client.MinecraftClient.post(MinecraftClient.java:89)
	at knot//com.mojang.authlib.yggdrasil.YggdrasilUserApiService.getKeyPair(YggdrasilUserApiService.java:62)
	at knot//net.minecraft.client.multiplayer.AccountProfileKeyPairManager.fetchProfileKeyPair(AccountProfileKeyPairManager.java:119)
	at knot//net.minecraft.client.multiplayer.AccountProfileKeyPairManager.lambda$readOrFetchProfileKeyPair$0(AccountProfileKeyPairManager.java:72)
	at java.base/java.util.concurrent.CompletableFuture$AsyncSupply.run(CompletableFuture.java:1789)
	at java.base/java.util.concurrent.ThreadPoolExecutor.runWorker(ThreadPoolExecutor.java:1090)
	at java.base/java.util.concurrent.ThreadPoolExecutor$Worker.run(ThreadPoolExecutor.java:614)
	at java.base/java.lang.Thread.run(Thread.java:1474)
[00:16:55] [Render thread/INFO] (Minecraft) Resizing Dynamic Transforms UBO, capacity limit of 2 reached during a single frame. New capacity will be 4.
[00:16:55] [Render thread/INFO] (Minecraft) Loaded 2 advancements
[00:16:55] [Render thread/INFO] (fabric-client-gametest-api-v1) World loading finished: ClientLevel screen: net.minecraft.client.gui.screens.LevelLoadingScreen@122289dc
[00:16:55] [Render thread/INFO] (Minecraft) Resizing Dynamic Transforms UBO, capacity limit of 4 reached during a single frame. New capacity will be 8.
[00:16:55] [Render thread/INFO] (fabric-client-gametest-api-v1) World loading finished: ClientLevel screen: net.minecraft.client.gui.screens.LevelLoadingScreen@122289dc
[00:16:55] [Render thread/INFO] (Minecraft) Resizing Dynamic Transforms UBO, capacity limit of 8 reached during a single frame. New capacity will be 16.
[00:16:55] [Render thread/INFO] (fabric-client-gametest-api-v1) World loading finished: ClientLevel screen: net.minecraft.client.gui.screens.LevelLoadingScreen@122289dc
[00:16:55] [Render thread/INFO] (fabric-client-gametest-api-v1) World loading finished: ClientLevel screen: net.minecraft.client.gui.screens.LevelLoadingScreen@122289dc
[00:16:55] [Render thread/INFO] (fabric-client-gametest-api-v1) World loading finished: ClientLevel screen: net.minecraft.client.gui.screens.LevelLoadingScreen@122289dc
[00:16:55] [Render thread/INFO] (fabric-client-gametest-api-v1) World loading finished: ClientLevel screen: net.minecraft.client.gui.screens.LevelLoadingScreen@122289dc
[00:16:55] [Render thread/INFO] (Minecraft) Resizing Chunk Sections UBO, capacity limit of 2 reached during a single frame. New capacity will be 8.
[00:16:55] [Render thread/INFO] (Minecraft) Resizing Chunk Sections UBO, capacity limit of 8 reached during a single frame. New capacity will be 16.
[00:16:55] [Render thread/INFO] (fabric-client-gametest-api-v1) World loading finished: ClientLevel screen: net.minecraft.client.gui.screens.LevelLoadingScreen@122289dc
[00:16:55] [Render thread/INFO] (fabric-client-gametest-api-v1) World loading finished: ClientLevel screen: net.minecraft.client.gui.screens.LevelLoadingScreen@122289dc
[00:16:55] [Render thread/INFO] (fabric-client-gametest-api-v1) World loading finished: ClientLevel screen: net.minecraft.client.gui.screens.LevelLoadingScreen@122289dc
[00:16:55] [Render thread/INFO] (fabric-client-gametest-api-v1) World loading finished: ClientLevel screen: net.minecraft.client.gui.screens.LevelLoadingScreen@122289dc
[00:16:55] [Render thread/INFO] (fabric-client-gametest-api-v1) World loading finished: ClientLevel screen: net.minecraft.client.gui.screens.LevelLoadingScreen@122289dc
[00:16:55] [Render thread/INFO] (fabric-client-gametest-api-v1) World loading finished: ClientLevel screen: net.minecraft.client.gui.screens.LevelLoadingScreen@122289dc
[00:16:55] [Render thread/INFO] (Minecraft) Resizing Chunk Sections UBO, capacity limit of 16 reached during a single frame. New capacity will be 32.
[00:16:55] [Render thread/INFO] (fabric-client-gametest-api-v1) World loading finished: ClientLevel screen: net.minecraft.client.gui.screens.LevelLoadingScreen@122289dc
[00:16:55] [Render thread/INFO] (fabric-client-gametest-api-v1) World loading finished: ClientLevel screen: net.minecraft.client.gui.screens.LevelLoadingScreen@122289dc
[00:16:55] [Render thread/INFO] (fabric-client-gametest-api-v1) World loading finished: ClientLevel screen: net.minecraft.client.gui.screens.LevelLoadingScreen@122289dc
[00:16:56] [Render thread/INFO] (fabric-client-gametest-api-v1) World loading finished: ClientLevel screen: null
[00:16:56] [Server thread/INFO] (Minecraft) Set Player618's game mode to Spectator Mode
[00:16:56] [Server thread/INFO] (Minecraft) Teleported Player618 to -1535.500000, 236.000000, -127.500000
[00:16:56] [Server thread/INFO] (Minecraft) Set minecraft:overworld to time marker minecraft:noon
[00:16:56] [Server thread/INFO] (Minecraft) Set the weather to clear
[00:16:56] [Render thread/INFO] (Minecraft) [System] [CHAT] Your game mode has been updated to Spectator Mode
[00:16:56] [Render thread/INFO] (Minecraft) [System] [CHAT] [Server: Set Player618's game mode to Spectator Mode]
[00:16:56] [Render thread/INFO] (Minecraft) [System] [CHAT] [Server: Teleported Player618 to -1535.500000, 236.000000, -127.500000]
[00:16:56] [Render thread/INFO] (Minecraft) [System] [CHAT] [Server: Set minecraft:overworld to time marker minecraft:noon]
[00:16:56] [Render thread/INFO] (Minecraft) [System] [CHAT] [Server: Set the weather to clear]
[00:16:58] [Render thread/INFO] (Minecraft) Resizing Chunk Sections UBO, capacity limit of 32 reached during a single frame. New capacity will be 64.
[00:16:58] [Render thread/INFO] (Minecraft) Resizing Chunk Sections UBO, capacity limit of 64 reached during a single frame. New capacity will be 128.
[00:16:59] [Render thread/INFO] (Minecraft) Resizing Chunk Sections UBO, capacity limit of 128 reached during a single frame. New capacity will be 256.
[00:17:02] [Server thread/WARN] (Minecraft) Can't keep up! Is the server overloaded? Running 2821ms or 56 ticks behind
[00:17:02] [Render thread/INFO] (Minecraft) Resizing Chunk Sections UBO, capacity limit of 256 reached during a single frame. New capacity will be 512.
[00:17:04] [Worker-Main-9/ERROR] (Minecraft) Detected unsafe terrain read during worldgen: reading from chunk [-107, -14] while generating chunk [-107, -16] (distance: 2, write radius: 1), step: minecraft:features, currently generating: ResourceKey[minecraft:worldgen/placed_feature / minecraft:sculk_patch_deep_dark]
[00:17:04] [Worker-Main-9/ERROR] (Minecraft) Detected unsafe terrain read during worldgen: reading from chunk [-107, -14] while generating chunk [-107, -16] (distance: 2, write radius: 1), step: minecraft:features, currently generating: ResourceKey[minecraft:worldgen/placed_feature / minecraft:sculk_patch_deep_dark]
[00:17:04] [Worker-Main-9/ERROR] (Minecraft) Detected unsafe terrain read during worldgen: reading from chunk [-107, -14] while generating chunk [-107, -16] (distance: 2, write radius: 1), step: minecraft:features, currently generating: ResourceKey[minecraft:worldgen/placed_feature / minecraft:sculk_patch_deep_dark]
[00:17:04] [Worker-Main-9/ERROR] (Minecraft) Detected unsafe terrain read during worldgen: reading from chunk [-107, -14] while generating chunk [-107, -16] (distance: 2, write radius: 1), step: minecraft:features, currently generating: ResourceKey[minecraft:worldgen/placed_feature / minecraft:sculk_patch_deep_dark]
[00:17:04] [Worker-Main-9/ERROR] (Minecraft) Detected unsafe terrain read during worldgen: reading from chunk [-107, -14] while generating chunk [-107, -16] (distance: 2, write radius: 1), step: minecraft:features, currently generating: ResourceKey[minecraft:worldgen/placed_feature / minecraft:sculk_patch_deep_dark]
[00:17:04] [Worker-Main-9/ERROR] (Minecraft) Detected unsafe terrain read during worldgen: reading from chunk [-106, -14] while generating chunk [-107, -16] (distance: 2, write radius: 1), step: minecraft:features, currently generating: ResourceKey[minecraft:worldgen/placed_feature / minecraft:sculk_patch_deep_dark]
[00:17:04] [Worker-Main-9/ERROR] (Minecraft) Detected unsafe terrain read during worldgen: reading from chunk [-106, -14] while generating chunk [-107, -16] (distance: 2, write radius: 1), step: minecraft:features, currently generating: ResourceKey[minecraft:worldgen/placed_feature / minecraft:sculk_patch_deep_dark]
[00:17:04] [Worker-Main-9/ERROR] (Minecraft) Detected unsafe terrain read during worldgen: reading from chunk [-106, -14] while generating chunk [-107, -16] (distance: 2, write radius: 1), step: minecraft:features, currently generating: ResourceKey[minecraft:worldgen/placed_feature / minecraft:sculk_patch_deep_dark]
[00:17:04] [Worker-Main-9/ERROR] (Minecraft) Detected unsafe terrain read during worldgen: reading from chunk [-106, -14] while generating chunk [-107, -16] (distance: 2, write radius: 1), step: minecraft:features, currently generating: ResourceKey[minecraft:worldgen/placed_feature / minecraft:sculk_patch_deep_dark]
[00:17:04] [Worker-Main-9/ERROR] (Minecraft) Detected unsafe terrain read during worldgen: reading from chunk [-107, -14] while generating chunk [-107, -16] (distance: 2, write radius: 1), step: minecraft:features, currently generating: ResourceKey[minecraft:worldgen/placed_feature / minecraft:sculk_patch_deep_dark]
[00:17:04] [Worker-Main-9/ERROR] (Minecraft) Detected unsafe terrain read during worldgen: reading from chunk [-107, -14] while generating chunk [-107, -16] (distance: 2, write radius: 1), step: minecraft:features, currently generating: ResourceKey[minecraft:worldgen/placed_feature / minecraft:sculk_patch_deep_dark]
[00:17:04] [Worker-Main-9/ERROR] (Minecraft) Detected unsafe terrain read during worldgen: reading from chunk [-107, -14] while generating chunk [-107, -16] (distance: 2, write radius: 1), step: minecraft:features, currently generating: ResourceKey[minecraft:worldgen/placed_feature / minecraft:sculk_patch_deep_dark]
[00:17:04] [Worker-Main-9/ERROR] (Minecraft) Detected unsafe terrain read during worldgen: reading from chunk [-107, -14] while generating chunk [-107, -16] (distance: 2, write radius: 1), step: minecraft:features, currently generating: ResourceKey[minecraft:worldgen/placed_feature / minecraft:sculk_patch_deep_dark]
[00:17:04] [Worker-Main-9/ERROR] (Minecraft) Detected unsafe terrain read during worldgen: reading from chunk [-107, -14] while generating chunk [-107, -16] (distance: 2, write radius: 1), step: minecraft:features, currently generating: ResourceKey[minecraft:worldgen/placed_feature / minecraft:sculk_patch_deep_dark]
[00:17:04] [Worker-Main-9/ERROR] (Minecraft) Detected unsafe terrain read during worldgen: reading from chunk [-106, -14] while generating chunk [-107, -16] (distance: 2, write radius: 1), step: minecraft:features, currently generating: ResourceKey[minecraft:worldgen/placed_feature / minecraft:sculk_patch_deep_dark]
[00:17:04] [Worker-Main-9/ERROR] (Minecraft) Detected unsafe terrain read during worldgen: reading from chunk [-106, -14] while generating chunk [-107, -16] (distance: 2, write radius: 1), step: minecraft:features, currently generating: ResourceKey[minecraft:worldgen/placed_feature / minecraft:sculk_patch_deep_dark]
[00:17:04] [Worker-Main-9/ERROR] (Minecraft) Detected unsafe terrain read during worldgen: reading from chunk [-106, -14] while generating chunk [-107, -16] (distance: 2, write radius: 1), step: minecraft:features, currently generating: ResourceKey[minecraft:worldgen/placed_feature / minecraft:sculk_patch_deep_dark]
[00:17:04] [Worker-Main-9/ERROR] (Minecraft) Detected unsafe terrain read during worldgen: reading from chunk [-106, -14] while generating chunk [-107, -16] (distance: 2, write radius: 1), step: minecraft:features, currently generating: ResourceKey[minecraft:worldgen/placed_feature / minecraft:sculk_patch_deep_dark]
[00:17:04] [Worker-Main-9/ERROR] (Minecraft) Detected unsafe terrain read during worldgen: reading from chunk [-107, -14] while generating chunk [-107, -16] (distance: 2, write radius: 1), step: minecraft:features, currently generating: ResourceKey[minecraft:worldgen/placed_feature / minecraft:sculk_patch_deep_dark]
[00:17:04] [Worker-Main-9/ERROR] (Minecraft) Detected unsafe terrain read during worldgen: reading from chunk [-107, -14] while generating chunk [-107, -16] (distance: 2, write radius: 1), step: minecraft:features, currently generating: ResourceKey[minecraft:worldgen/placed_feature / minecraft:sculk_patch_deep_dark]
[00:17:04] [Worker-Main-9/ERROR] (Minecraft) Detected unsafe terrain read during worldgen: reading from chunk [-107, -14] while generating chunk [-107, -16] (distance: 2, write radius: 1), step: minecraft:features, currently generating: ResourceKey[minecraft:worldgen/placed_feature / minecraft:sculk_patch_deep_dark]
[00:17:04] [Worker-Main-9/ERROR] (Minecraft) Detected unsafe terrain read during worldgen: reading from chunk [-107, -14] while generating chunk [-107, -16] (distance: 2, write radius: 1), step: minecraft:features, currently generating: ResourceKey[minecraft:worldgen/placed_feature / minecraft:sculk_patch_deep_dark]
[00:17:04] [Worker-Main-9/ERROR] (Minecraft) Detected unsafe terrain read during worldgen: reading from chunk [-107, -14] while generating chunk [-107, -16] (distance: 2, write radius: 1), step: minecraft:features, currently generating: ResourceKey[minecraft:worldgen/placed_feature / minecraft:sculk_patch_deep_dark]
[00:17:04] [Worker-Main-9/ERROR] (Minecraft) Detected unsafe terrain read during worldgen: reading from chunk [-106, -14] while generating chunk [-107, -16] (distance: 2, write radius: 1), step: minecraft:features, currently generating: ResourceKey[minecraft:worldgen/placed_feature / minecraft:sculk_patch_deep_dark]
[00:17:04] [Worker-Main-9/ERROR] (Minecraft) Detected unsafe terrain read during worldgen: reading from chunk [-106, -14] while generating chunk [-107, -16] (distance: 2, write radius: 1), step: minecraft:features, currently generating: ResourceKey[minecraft:worldgen/placed_feature / minecraft:sculk_patch_deep_dark]
[00:17:04] [Worker-Main-9/ERROR] (Minecraft) Detected unsafe terrain read during worldgen: reading from chunk [-106, -14] while generating chunk [-107, -16] (distance: 2, write radius: 1), step: minecraft:features, currently generating: ResourceKey[minecraft:worldgen/placed_feature / minecraft:sculk_patch_deep_dark]
[00:17:04] [Worker-Main-9/ERROR] (Minecraft) Detected unsafe terrain read during worldgen: reading from chunk [-106, -14] while generating chunk [-107, -16] (distance: 2, write radius: 1), step: minecraft:features, currently generating: ResourceKey[minecraft:worldgen/placed_feature / minecraft:sculk_patch_deep_dark]
[00:17:05] [Worker-Main-3/ERROR] (Minecraft) Detected unsafe terrain read during worldgen: reading from chunk [-109, -9] while generating chunk [-108, -11] (distance: 2, write radius: 1), step: minecraft:features, currently generating: ResourceKey[minecraft:worldgen/placed_feature / minecraft:sculk_patch_deep_dark]
[00:17:05] [Worker-Main-3/ERROR] (Minecraft) Detected unsafe terrain read during worldgen: reading from chunk [-109, -9] while generating chunk [-108, -11] (distance: 2, write radius: 1), step: minecraft:features, currently generating: ResourceKey[minecraft:worldgen/placed_feature / minecraft:sculk_patch_deep_dark]
[00:17:05] [Worker-Main-3/ERROR] (Minecraft) Detected unsafe terrain read during worldgen: reading from chunk [-109, -9] while generating chunk [-108, -11] (distance: 2, write radius: 1), step: minecraft:features, currently generating: ResourceKey[minecraft:worldgen/placed_feature / minecraft:sculk_patch_deep_dark]
[00:17:05] [Worker-Main-3/ERROR] (Minecraft) Detected unsafe terrain read during worldgen: reading from chunk [-108, -9] while generating chunk [-108, -11] (distance: 2, write radius: 1), step: minecraft:features, currently generating: ResourceKey[minecraft:worldgen/placed_feature / minecraft:sculk_patch_deep_dark]
[00:17:05] [Worker-Main-3/ERROR] (Minecraft) Detected unsafe terrain read during worldgen: reading from chunk [-108, -9] while generating chunk [-108, -11] (distance: 2, write radius: 1), step: minecraft:features, currently generating: ResourceKey[minecraft:worldgen/placed_feature / minecraft:sculk_patch_deep_dark]
[00:17:05] [Worker-Main-3/ERROR] (Minecraft) Detected unsafe terrain read during worldgen: reading from chunk [-108, -9] while generating chunk [-108, -11] (distance: 2, write radius: 1), step: minecraft:features, currently generating: ResourceKey[minecraft:worldgen/placed_feature / minecraft:sculk_patch_deep_dark]
[00:17:05] [Worker-Main-3/ERROR] (Minecraft) Detected unsafe terrain read during worldgen: reading from chunk [-108, -9] while generating chunk [-108, -11] (distance: 2, write radius: 1), step: minecraft:features, currently generating: ResourceKey[minecraft:worldgen/placed_feature / minecraft:sculk_patch_deep_dark]
[00:17:05] [Worker-Main-3/ERROR] (Minecraft) Detected unsafe terrain read during worldgen: reading from chunk [-108, -9] while generating chunk [-108, -11] (distance: 2, write radius: 1), step: minecraft:features, currently generating: ResourceKey[minecraft:worldgen/placed_feature / minecraft:sculk_patch_deep_dark]
[00:17:05] [Worker-Main-3/ERROR] (Minecraft) Detected unsafe terrain read during worldgen: reading from chunk [-108, -9] while generating chunk [-108, -11] (distance: 2, write radius: 1), step: minecraft:features, currently generating: ResourceKey[minecraft:worldgen/placed_feature / minecraft:sculk_patch_deep_dark]
[00:17:05] [Worker-Main-3/ERROR] (Minecraft) Detected unsafe terrain read during worldgen: reading from chunk [-109, -9] while generating chunk [-108, -11] (distance: 2, write radius: 1), step: minecraft:features, currently generating: ResourceKey[minecraft:worldgen/placed_feature / minecraft:sculk_patch_deep_dark]
[00:17:05] [Worker-Main-3/ERROR] (Minecraft) Detected unsafe terrain read during worldgen: reading from chunk [-109, -9] while generating chunk [-108, -11] (distance: 2, write radius: 1), step: minecraft:features, currently generating: ResourceKey[minecraft:worldgen/placed_feature / minecraft:sculk_patch_deep_dark]
[00:17:05] [Worker-Main-3/ERROR] (Minecraft) Detected unsafe terrain read during worldgen: reading from chunk [-109, -9] while generating chunk [-108, -11] (distance: 2, write radius: 1), step: minecraft:features, currently generating: ResourceKey[minecraft:worldgen/placed_feature / minecraft:sculk_patch_deep_dark]
[00:17:05] [Worker-Main-3/ERROR] (Minecraft) Detected unsafe terrain read during worldgen: reading from chunk [-108, -9] while generating chunk [-108, -11] (distance: 2, write radius: 1), step: minecraft:features, currently generating: ResourceKey[minecraft:worldgen/placed_feature / minecraft:sculk_patch_deep_dark]
[00:17:05] [Worker-Main-3/ERROR] (Minecraft) Detected unsafe terrain read during worldgen: reading from chunk [-108, -9] while generating chunk [-108, -11] (distance: 2, write radius: 1), step: minecraft:features, currently generating: ResourceKey[minecraft:worldgen/placed_feature / minecraft:sculk_patch_deep_dark]
[00:17:05] [Worker-Main-3/ERROR] (Minecraft) Detected unsafe terrain read during worldgen: reading from chunk [-108, -9] while generating chunk [-108, -11] (distance: 2, write radius: 1), step: minecraft:features, currently generating: ResourceKey[minecraft:worldgen/placed_feature / minecraft:sculk_patch_deep_dark]
[00:17:05] [Worker-Main-3/ERROR] (Minecraft) Detected unsafe terrain read during worldgen: reading from chunk [-108, -9] while generating chunk [-108, -11] (distance: 2, write radius: 1), step: minecraft:features, currently generating: ResourceKey[minecraft:worldgen/placed_feature / minecraft:sculk_patch_deep_dark]
[00:17:05] [Worker-Main-3/ERROR] (Minecraft) Detected unsafe terrain read during worldgen: reading from chunk [-108, -9] while generating chunk [-108, -11] (distance: 2, write radius: 1), step: minecraft:features, currently generating: ResourceKey[minecraft:worldgen/placed_feature / minecraft:sculk_patch_deep_dark]
[00:17:05] [Worker-Main-3/ERROR] (Minecraft) Detected unsafe terrain read during worldgen: reading from chunk [-108, -9] while generating chunk [-108, -11] (distance: 2, write radius: 1), step: minecraft:features, currently generating: ResourceKey[minecraft:worldgen/placed_feature / minecraft:sculk_patch_deep_dark]
[00:17:05] [Worker-Main-3/ERROR] (Minecraft) Detected unsafe terrain read during worldgen: reading from chunk [-109, -9] while generating chunk [-108, -11] (distance: 2, write radius: 1), step: minecraft:features, currently generating: ResourceKey[minecraft:worldgen/placed_feature / minecraft:sculk_patch_deep_dark]
[00:17:05] [Worker-Main-3/ERROR] (Minecraft) Detected unsafe terrain read during worldgen: reading from chunk [-109, -9] while generating chunk [-108, -11] (distance: 2, write radius: 1), step: minecraft:features, currently generating: ResourceKey[minecraft:worldgen/placed_feature / minecraft:sculk_patch_deep_dark]
[00:17:05] [Worker-Main-3/ERROR] (Minecraft) Detected unsafe terrain read during worldgen: reading from chunk [-109, -9] while generating chunk [-108, -11] (distance: 2, write radius: 1), step: minecraft:features, currently generating: ResourceKey[minecraft:worldgen/placed_feature / minecraft:sculk_patch_deep_dark]
[00:17:05] [Worker-Main-3/ERROR] (Minecraft) Detected unsafe terrain read during worldgen: reading from chunk [-108, -9] while generating chunk [-108, -11] (distance: 2, write radius: 1), step: minecraft:features, currently generating: ResourceKey[minecraft:worldgen/placed_feature / minecraft:sculk_patch_deep_dark]
[00:17:05] [Worker-Main-3/ERROR] (Minecraft) Detected unsafe terrain read during worldgen: reading from chunk [-108, -9] while generating chunk [-108, -11] (distance: 2, write radius: 1), step: minecraft:features, currently generating: ResourceKey[minecraft:worldgen/placed_feature / minecraft:sculk_patch_deep_dark]
[00:17:05] [Worker-Main-3/ERROR] (Minecraft) Detected unsafe terrain read during worldgen: reading from chunk [-108, -9] while generating chunk [-108, -11] (distance: 2, write radius: 1), step: minecraft:features, currently generating: ResourceKey[minecraft:worldgen/placed_feature / minecraft:sculk_patch_deep_dark]
[00:17:05] [Worker-Main-3/ERROR] (Minecraft) Detected unsafe terrain read during worldgen: reading from chunk [-108, -9] while generating chunk [-108, -11] (distance: 2, write radius: 1), step: minecraft:features, currently generating: ResourceKey[minecraft:worldgen/placed_feature / minecraft:sculk_patch_deep_dark]
[00:17:05] [Worker-Main-3/ERROR] (Minecraft) Detected unsafe terrain read during worldgen: reading from chunk [-108, -9] while generating chunk [-108, -11] (distance: 2, write radius: 1), step: minecraft:features, currently generating: ResourceKey[minecraft:worldgen/placed_feature / minecraft:sculk_patch_deep_dark]
[00:17:05] [Worker-Main-3/ERROR] (Minecraft) Detected unsafe terrain read during worldgen: reading from chunk [-108, -9] while generating chunk [-108, -11] (distance: 2, write radius: 1), step: minecraft:features, currently generating: ResourceKey[minecraft:worldgen/placed_feature / minecraft:sculk_patch_deep_dark]
[00:17:05] [Worker-Main-3/ERROR] (Minecraft) Detected unsafe terrain read during worldgen: reading from chunk [-109, -9] while generating chunk [-108, -11] (distance: 2, write radius: 1), step: minecraft:features, currently generating: ResourceKey[minecraft:worldgen/placed_feature / minecraft:sculk_patch_deep_dark]
[00:17:05] [Worker-Main-3/ERROR] (Minecraft) Detected unsafe terrain read during worldgen: reading from chunk [-109, -9] while generating chunk [-108, -11] (distance: 2, write radius: 1), step: minecraft:features, currently generating: ResourceKey[minecraft:worldgen/placed_feature / minecraft:sculk_patch_deep_dark]
[00:17:05] [Worker-Main-3/ERROR] (Minecraft) Detected unsafe terrain read during worldgen: reading from chunk [-108, -9] while generating chunk [-108, -11] (distance: 2, write radius: 1), step: minecraft:features, currently generating: ResourceKey[minecraft:worldgen/placed_feature / minecraft:sculk_patch_deep_dark]
[00:17:05] [Worker-Main-3/ERROR] (Minecraft) Detected unsafe terrain read during worldgen: reading from chunk [-108, -9] while generating chunk [-108, -11] (distance: 2, write radius: 1), step: minecraft:features, currently generating: ResourceKey[minecraft:worldgen/placed_feature / minecraft:sculk_patch_deep_dark]
[00:17:05] [Worker-Main-3/ERROR] (Minecraft) Detected unsafe terrain read during worldgen: reading from chunk [-108, -9] while generating chunk [-108, -11] (distance: 2, write radius: 1), step: minecraft:features, currently generating: ResourceKey[minecraft:worldgen/placed_feature / minecraft:sculk_patch_deep_dark]
[00:17:05] [Worker-Main-3/ERROR] (Minecraft) Detected unsafe terrain read during worldgen: reading from chunk [-108, -9] while generating chunk [-108, -11] (distance: 2, write radius: 1), step: minecraft:features, currently generating: ResourceKey[minecraft:worldgen/placed_feature / minecraft:sculk_patch_deep_dark]
[00:17:05] [Worker-Main-3/ERROR] (Minecraft) Detected unsafe terrain read during worldgen: reading from chunk [-108, -9] while generating chunk [-108, -11] (distance: 2, write radius: 1), step: minecraft:features, currently generating: ResourceKey[minecraft:worldgen/placed_feature / minecraft:sculk_patch_deep_dark]
[00:17:05] [Worker-Main-3/ERROR] (Minecraft) Detected unsafe terrain read during worldgen: reading from chunk [-108, -9] while generating chunk [-108, -11] (distance: 2, write radius: 1), step: minecraft:features, currently generating: ResourceKey[minecraft:worldgen/placed_feature / minecraft:sculk_patch_deep_dark]
[00:17:05] [Worker-Main-3/ERROR] (Minecraft) Detected unsafe terrain read during worldgen: reading from chunk [-108, -9] while generating chunk [-108, -11] (distance: 2, write radius: 1), step: minecraft:features, currently generating: ResourceKey[minecraft:worldgen/placed_feature / minecraft:sculk_patch_deep_dark]
[00:17:05] [Worker-Main-3/ERROR] (Minecraft) Detected unsafe terrain read during worldgen: reading from chunk [-109, -9] while generating chunk [-108, -11] (distance: 2, write radius: 1), step: minecraft:features, currently generating: ResourceKey[minecraft:worldgen/placed_feature / minecraft:sculk_patch_deep_dark]
[00:17:05] [Worker-Main-3/ERROR] (Minecraft) Detected unsafe terrain read during worldgen: reading from chunk [-109, -9] while generating chunk [-108, -11] (distance: 2, write radius: 1), step: minecraft:features, currently generating: ResourceKey[minecraft:worldgen/placed_feature / minecraft:sculk_patch_deep_dark]
[00:17:05] [Worker-Main-3/ERROR] (Minecraft) Detected unsafe terrain read during worldgen: reading from chunk [-108, -9] while generating chunk [-108, -11] (distance: 2, write radius: 1), step: minecraft:features, currently generating: ResourceKey[minecraft:worldgen/placed_feature / minecraft:sculk_patch_deep_dark]
[00:17:05] [Worker-Main-3/ERROR] (Minecraft) Detected unsafe terrain read during worldgen: reading from chunk [-108, -9] while generating chunk [-108, -11] (distance: 2, write radius: 1), step: minecraft:features, currently generating: ResourceKey[minecraft:worldgen/placed_feature / minecraft:sculk_patch_deep_dark]
[00:17:05] [Worker-Main-3/ERROR] (Minecraft) Detected unsafe terrain read during worldgen: reading from chunk [-108, -9] while generating chunk [-108, -11] (distance: 2, write radius: 1), step: minecraft:features, currently generating: ResourceKey[minecraft:worldgen/placed_feature / minecraft:sculk_patch_deep_dark]
[00:17:05] [Worker-Main-3/ERROR] (Minecraft) Detected unsafe terrain read during worldgen: reading from chunk [-108, -9] while generating chunk [-108, -11] (distance: 2, write radius: 1), step: minecraft:features, currently generating: ResourceKey[minecraft:worldgen/placed_feature / minecraft:sculk_patch_deep_dark]
[00:17:05] [Worker-Main-3/ERROR] (Minecraft) Detected unsafe terrain read during worldgen: reading from chunk [-108, -9] while generating chunk [-108, -11] (distance: 2, write radius: 1), step: minecraft:features, currently generating: ResourceKey[minecraft:worldgen/placed_feature / minecraft:sculk_patch_deep_dark]
[00:17:05] [Worker-Main-3/ERROR] (Minecraft) Detected unsafe terrain read during worldgen: reading from chunk [-108, -9] while generating chunk [-108, -11] (distance: 2, write radius: 1), step: minecraft:features, currently generating: ResourceKey[minecraft:worldgen/placed_feature / minecraft:sculk_patch_deep_dark]
[00:17:05] [Worker-Main-3/ERROR] (Minecraft) Detected unsafe terrain read during worldgen: reading from chunk [-108, -9] while generating chunk [-108, -11] (distance: 2, write radius: 1), step: minecraft:features, currently generating: ResourceKey[minecraft:worldgen/placed_feature / minecraft:sculk_patch_deep_dark]
[00:17:05] [Worker-Main-3/ERROR] (Minecraft) Detected unsafe terrain read during worldgen: reading from chunk [-109, -9] while generating chunk [-108, -11] (distance: 2, write radius: 1), step: minecraft:features, currently generating: ResourceKey[minecraft:worldgen/placed_feature / minecraft:sculk_patch_deep_dark]
[00:17:05] [Worker-Main-3/ERROR] (Minecraft) Detected unsafe terrain read during worldgen: reading from chunk [-109, -9] while generating chunk [-108, -11] (distance: 2, write radius: 1), step: minecraft:features, currently generating: ResourceKey[minecraft:worldgen/placed_feature / minecraft:sculk_patch_deep_dark]
[00:17:05] [Worker-Main-3/ERROR] (Minecraft) Detected unsafe terrain read during worldgen: reading from chunk [-108, -9] while generating chunk [-108, -11] (distance: 2, write radius: 1), step: minecraft:features, currently generating: ResourceKey[minecraft:worldgen/placed_feature / minecraft:sculk_patch_deep_dark]
[00:17:05] [Worker-Main-3/ERROR] (Minecraft) Detected unsafe terrain read during worldgen: reading from chunk [-108, -9] while generating chunk [-108, -11] (distance: 2, write radius: 1), step: minecraft:features, currently generating: ResourceKey[minecraft:worldgen/placed_feature / minecraft:sculk_patch_deep_dark]
[00:17:05] [Worker-Main-3/ERROR] (Minecraft) Detected unsafe terrain read during worldgen: reading from chunk [-108, -9] while generating chunk [-108, -11] (distance: 2, write radius: 1), step: minecraft:features, currently generating: ResourceKey[minecraft:worldgen/placed_feature / minecraft:sculk_patch_deep_dark]
[00:17:05] [Worker-Main-3/ERROR] (Minecraft) Detected unsafe terrain read during worldgen: reading from chunk [-108, -9] while generating chunk [-108, -11] (distance: 2, write radius: 1), step: minecraft:features, currently generating: ResourceKey[minecraft:worldgen/placed_feature / minecraft:sculk_patch_deep_dark]
[00:17:05] [Worker-Main-3/ERROR] (Minecraft) Detected unsafe terrain read during worldgen: reading from chunk [-108, -9] while generating chunk [-108, -11] (distance: 2, write radius: 1), step: minecraft:features, currently generating: ResourceKey[minecraft:worldgen/placed_feature / minecraft:sculk_patch_deep_dark]
[00:17:05] [Worker-Main-3/ERROR] (Minecraft) Detected unsafe terrain read during worldgen: reading from chunk [-108, -9] while generating chunk [-108, -11] (distance: 2, write radius: 1), step: minecraft:features, currently generating: ResourceKey[minecraft:worldgen/placed_feature / minecraft:sculk_patch_deep_dark]
[00:17:05] [Worker-Main-3/ERROR] (Minecraft) Detected unsafe terrain read during worldgen: reading from chunk [-108, -9] while generating chunk [-108, -11] (distance: 2, write radius: 1), step: minecraft:features, currently generating: ResourceKey[minecraft:worldgen/placed_feature / minecraft:sculk_patch_deep_dark]
[00:17:05] [Render thread/INFO] (Minecraft) Resizing Chunk Sections UBO, capacity limit of 512 reached during a single frame. New capacity will be 1024.
[00:17:06] [Render thread/INFO] (Minecraft) [STDOUT]: LOD horizon awaiting explore: Stats[cache=Stats[ready=true, captured=864, saved=395, cacheReads=156, dropped=0, failures=0, queuedBytes=3106912, queuedNodes=194, diskBytes=41741958, corrupt=0, evictions=0, indexedNodes=520], draws=4500, triangles=76371750, uploads=2, uploadBytes=3801616, uploadFailures=0, gpuBytes=3801616, residentNodes=2, frameDraws=4, frameSections=23, frameFarthestBlocks=1547.839838086038]
[00:17:12] [Render thread/INFO] (Minecraft) Resizing Chunk Sections UBO, capacity limit of 1024 reached during a single frame. New capacity will be 2048.
[00:17:16] [Render thread/INFO] (Minecraft) [STDOUT]: LOD horizon awaiting explore: Stats[cache=Stats[ready=true, captured=2447, saved=747, cacheReads=200, dropped=0, failures=0, queuedBytes=8111984, queuedNodes=508, diskBytes=59993196, corrupt=0, evictions=0, indexedNodes=1012], draws=5692, triangles=96601778, uploads=2, uploadBytes=3801616, uploadFailures=0, gpuBytes=3801616, residentNodes=2, frameDraws=4, frameSections=23, frameFarthestBlocks=1547.839838086038]
[00:17:26] [Render thread/INFO] (Minecraft) [STDOUT]: LOD horizon awaiting explore: Stats[cache=Stats[ready=true, captured=3012, saved=1131, cacheReads=248, dropped=0, failures=0, queuedBytes=2683062, queuedNodes=162, diskBytes=75484821, corrupt=0, evictions=0, indexedNodes=1491], draws=6672, triangles=113233848, uploads=2, uploadBytes=3801616, uploadFailures=0, gpuBytes=3801616, residentNodes=2, frameDraws=4, frameSections=23, frameFarthestBlocks=1547.839838086038]
[00:17:36] [Render thread/INFO] (Minecraft) [STDOUT]: LOD horizon awaiting explore: Stats[cache=Stats[ready=true, captured=3465, saved=1406, cacheReads=284, dropped=0, failures=0, queuedBytes=249257, queuedNodes=18, diskBytes=79442359, corrupt=0, evictions=0, indexedNodes=1627], draws=7656, triangles=129933804, uploads=2, uploadBytes=3801616, uploadFailures=0, gpuBytes=3801616, residentNodes=2, frameDraws=4, frameSections=23, frameFarthestBlocks=1547.839838086038]
[00:17:44] [Test thread/INFO] (Minecraft) [STDOUT]: LOD horizon explored: Stats[cache=Stats[ready=true, captured=3545, saved=1502, cacheReads=358, dropped=0, failures=0, queuedBytes=0, queuedNodes=0, diskBytes=79654560, corrupt=0, evictions=0, indexedNodes=1631], draws=8476, triangles=143850434, uploads=2, uploadBytes=3801616, uploadFailures=0, gpuBytes=3801616, residentNodes=2, frameDraws=4, frameSections=23, frameFarthestBlocks=1547.839838086038]
[00:17:44] [Render thread/INFO] (Minecraft) Resizing Chunk Sections UBO, capacity limit of 2048 reached during a single frame. New capacity will be 4096.
[00:17:44] [Server thread/INFO] (Minecraft) Teleported Player618 to -1535.500000, 236.000000, 256.500000
[00:17:44] [Render thread/INFO] (Minecraft) [System] [CHAT] [Server: Teleported Player618 to -1535.500000, 236.000000, 256.500000]
[00:17:52] [Test thread/INFO] (Minecraft) [STDOUT]: LOD horizon 32: Stats[cache=Stats[ready=true, captured=3796, saved=1697, cacheReads=1791, dropped=0, failures=0, queuedBytes=79679, queuedNodes=4, diskBytes=85774933, corrupt=0, evictions=0, indexedNodes=1905], draws=54222, triangles=580175314, uploads=128, uploadBytes=72598512, uploadFailures=0, gpuBytes=72598512, residentNodes=128, frameDraws=96, frameSections=713, frameFarthestBlocks=467.2027985984771]
[00:17:52] [Server thread/INFO] (Minecraft) Teleported Player618 to -1535.500000, 236.000000, 640.500000
[00:17:52] [Render thread/INFO] (Minecraft) [System] [CHAT] [Server: Teleported Player618 to -1535.500000, 236.000000, 640.500000]
[00:18:01] [Test thread/INFO] (Minecraft) [STDOUT]: LOD horizon 64: Stats[cache=Stats[ready=true, captured=3853, saved=1743, cacheReads=5305, dropped=0, failures=0, queuedBytes=0, queuedNodes=0, diskBytes=87821387, corrupt=0, evictions=0, indexedNodes=1963], draws=350148, triangles=3570729448, uploads=168, uploadBytes=109620448, uploadFailures=0, gpuBytes=109620448, residentNodes=168, frameDraws=119, frameSections=1010, frameFarthestBlocks=793.0639345981265]
[00:18:01] [Server thread/INFO] (Minecraft) Teleported Player618 to -1535.500000, 236.000000, 1408.500000
[00:18:01] [Render thread/INFO] (Minecraft) [System] [CHAT] [Server: Teleported Player618 to -1535.500000, 236.000000, 1408.500000]
[00:18:10] [Test thread/INFO] (Minecraft) [STDOUT]: LOD horizon 128: Stats[cache=Stats[ready=true, captured=3853, saved=1743, cacheReads=6535, dropped=0, failures=0, queuedBytes=0, queuedNodes=0, diskBytes=87821387, corrupt=0, evictions=0, indexedNodes=1963], draws=774941, triangles=7745835152, uploads=178, uploadBytes=113602608, uploadFailures=0, gpuBytes=113602608, residentNodes=178, frameDraws=122, frameSections=999, frameFarthestBlocks=2044.5189559099854]
[00:18:10] [Server thread/INFO] (Minecraft) Teleported Player618 to -1535.500000, 236.000000, 2944.500000
[00:18:10] [Render thread/INFO] (Minecraft) [System] [CHAT] [Server: Teleported Player618 to -1535.500000, 236.000000, 2944.500000]
[00:18:11] [Server thread/WARN] (Minecraft) Can't keep up! Is the server overloaded? Running 2223ms or 44 ticks behind
[00:18:19] [Test thread/INFO] (Minecraft) [STDOUT]: LOD horizon 256: Stats[cache=Stats[ready=true, captured=3853, saved=1743, cacheReads=7887, dropped=0, failures=0, queuedBytes=0, queuedNodes=0, diskBytes=87821387, corrupt=0, evictions=0, indexedNodes=1963], draws=863820, triangles=8577492438, uploads=189, uploadBytes=115085040, uploadFailures=0, gpuBytes=115085040, residentNodes=189, frameDraws=129, frameSections=990, frameFarthestBlocks=3281.567443037751]
[00:18:19] [Render thread/INFO] (WorldGeometryAdapter) Shader pack 'metalcraft-standard' leaves 2 pipeline(s) outside the G-buffer: [minecraft:pipeline/translucent_terrain, minecraft:pipeline/entity_translucent]
[00:18:21] [Render thread/INFO] (ShaderPackRuntime) Loaded MetalCraft shader pack 'MetalCraft Standard': 3 pass(es), 4 target(s), 18 option(s), 1639680 bytes
[00:18:21] [Server thread/INFO] (Minecraft) Teleported Player618 to -1535.500000, 236.000000, -127.500000
[00:18:21] [Render thread/INFO] (Minecraft) [System] [CHAT] [Server: Teleported Player618 to -1535.500000, 236.000000, -127.500000]
[00:18:29] [Server thread/INFO] (Minecraft) Successfully filled 1650 block(s)
[00:18:29] [Render thread/INFO] (Minecraft) [System] [CHAT] [Server: Successfully filled 1650 block(s)]
[00:18:39] [Render thread/INFO] (Minecraft) [STDOUT]: LOD horizon awaiting edited leaf persistence: Stats[cache=Stats[ready=true, captured=4743, saved=2088, cacheReads=10777, dropped=0, failures=0, queuedBytes=6804425, queuedNodes=1130, diskBytes=77474667, corrupt=0, evictions=0, indexedNodes=1598], draws=994045, triangles=9783460768, uploads=191, uploadBytes=116897872, uploadFailures=0, gpuBytes=7867664, residentNodes=6, frameDraws=4, frameSections=7, frameFarthestBlocks=1547.287899637495]
[00:18:49] [Render thread/INFO] (Minecraft) [STDOUT]: LOD horizon awaiting edited leaf persistence: Stats[cache=Stats[ready=true, captured=4775, saved=2248, cacheReads=10823, dropped=0, failures=0, queuedBytes=4622697, queuedNodes=771, diskBytes=74819782, corrupt=0, evictions=0, indexedNodes=1512], draws=995741, triangles=9797186496, uploads=191, uploadBytes=116897872, uploadFailures=0, gpuBytes=7867664, residentNodes=6, frameDraws=4, frameSections=7, frameFarthestBlocks=1547.287899637495]
[00:18:59] [Render thread/INFO] (Minecraft) [STDOUT]: LOD horizon awaiting edited leaf persistence: Stats[cache=Stats[ready=true, captured=4807, saved=2410, cacheReads=10877, dropped=0, failures=0, queuedBytes=2117535, queuedNodes=341, diskBytes=71516877, corrupt=0, evictions=0, indexedNodes=1352], draws=997437, triangles=9810912224, uploads=191, uploadBytes=116897872, uploadFailures=0, gpuBytes=7867664, residentNodes=6, frameDraws=4, frameSections=7, frameFarthestBlocks=1547.287899637495]
[00:19:15] [Render thread/INFO] (Minecraft) [STDOUT]: LOD horizon awaiting revisited terrain repair: Stats[cache=Stats[ready=true, captured=5218, saved=2841, cacheReads=10955, dropped=0, failures=0, queuedBytes=2090478, queuedNodes=120, diskBytes=76123768, corrupt=0, evictions=0, indexedNodes=1667], draws=999957, triangles=9831306584, uploads=191, uploadBytes=116897872, uploadFailures=0, gpuBytes=7867664, residentNodes=6, frameDraws=4, frameSections=7, frameFarthestBlocks=1547.287899637495]
[00:19:25] [Render thread/INFO] (Minecraft) [STDOUT]: LOD horizon awaiting revisited terrain repair: Stats[cache=Stats[ready=true, captured=5557, saved=3170, cacheReads=10999, dropped=0, failures=0, queuedBytes=1515679, queuedNodes=118, diskBytes=90585234, corrupt=0, evictions=0, indexedNodes=2127], draws=1001173, triangles=9841147672, uploads=191, uploadBytes=116897872, uploadFailures=0, gpuBytes=7867664, residentNodes=6, frameDraws=4, frameSections=7, frameFarthestBlocks=1547.287899637495]
[00:19:35] [Render thread/INFO] (Minecraft) [STDOUT]: LOD horizon awaiting revisited terrain repair: Stats[cache=Stats[ready=true, captured=5894, saved=3491, cacheReads=11041, dropped=0, failures=0, queuedBytes=1814854, queuedNodes=120, diskBytes=104622590, corrupt=0, evictions=0, indexedNodes=2448], draws=1002221, triangles=9849629136, uploads=191, uploadBytes=116897872, uploadFailures=0, gpuBytes=7867664, residentNodes=6, frameDraws=4, frameSections=7, frameFarthestBlocks=1547.287899637495]
[00:19:50] [Server thread/INFO] (Minecraft) Teleported Player618 to -1535.500000, 236.000000, 256.500000
[00:19:50] [Render thread/INFO] (Minecraft) [System] [CHAT] [Server: Teleported Player618 to -1535.500000, 236.000000, 256.500000]
[00:19:56] [Render thread/INFO] (Minecraft) Reloading ResourceManager: vanilla, fabric-api, fabric-api-base, fabric-api-lookup-api-v1, fabric-biome-api-v1, fabric-block-api-v1, fabric-block-getter-api-v2, fabric-client-gametest-api-v1, fabric-command-api-v2, fabric-content-registries-v0, fabric-convention-tags-v2, fabric-crash-report-info-v1, fabric-creative-tab-api-v1, fabric-data-attachment-api-v1, fabric-data-generation-api-v1, fabric-debug-api-v1, fabric-dimensions-v1, fabric-entity-events-v1, fabric-events-interaction-v0, fabric-game-rule-api-v1, fabric-gametest-api-v1, fabric-item-api-v1, fabric-key-mapping-api-v1, fabric-lifecycle-events-v1, fabric-loot-api-v3, fabric-menu-api-v1, fabric-message-api-v1, fabric-model-loading-api-v1, fabric-networking-api-v1, fabric-object-builder-api-v1, fabric-particles-v1, fabric-permission-api-v1, fabric-recipe-api-v1, fabric-registry-sync-v0, fabric-renderer-api-v1, fabric-renderer-indigo, fabric-rendering-fluids-v1, fabric-rendering-v1, fabric-resource-conditions-api-v1, fabric-resource-loader-v0, fabric-resource-loader-v1, fabric-screen-api-v1, fabric-serialization-api-v1, fabric-sound-api-v1, fabric-tag-api-v1, fabric-transfer-api-v1, fabric-transitive-access-wideners-v1, fabricloader, metalcraft
[00:19:56] [Worker-Main-11/INFO] (Minecraft) Found unifont_all_no_pua-17.0.01.hex, loading
[00:19:56] [Worker-Main-10/INFO] (Minecraft) Found unifont_pua-17.0.01.hex, loading
[00:19:56] [Server thread/INFO] (Minecraft) Saving and pausing game...
[00:19:56] [Server thread/INFO] (Minecraft) Saving chunks for level 'ServerLevel[New World]'/minecraft:overworld
[00:19:56] [Worker-Main-6/INFO] (Minecraft) Found unifont_jp_patch-17.0.01.hex, loading
[00:19:56] [Server thread/INFO] (Minecraft) Saving chunks for level 'ServerLevel[New World]'/minecraft:the_nether
[00:19:56] [Server thread/INFO] (Minecraft) Saving chunks for level 'ServerLevel[New World]'/minecraft:the_end
[00:19:56] [Render thread/INFO] (WorldGeometryAdapter) Shader pack 'metalcraft-standard' leaves 1 pipeline(s) outside the G-buffer: [minecraft:pipeline/translucent_terrain]
[00:19:56] [Render thread/INFO] (ShaderPackRuntime) Loaded MetalCraft shader pack 'MetalCraft Standard': 3 pass(es), 4 target(s), 18 option(s), 1639680 bytes
[00:19:58] [Render thread/INFO] (ShaderPackRuntime) Loaded MetalCraft shader pack 'MetalCraft Standard': 3 pass(es), 4 target(s), 18 option(s), 1639680 bytes
[00:19:59] [Render thread/INFO] (Minecraft) OpenAL initialized on device DENON-AVR
[00:19:59] [Render thread/INFO] (Minecraft) Sound engine started
[00:19:59] [Render thread/INFO] (Minecraft) Created: 512x256x0 minecraft:textures/atlas/particles.png-atlas
[00:19:59] [Render thread/INFO] (Minecraft) Created: 128x128x0 minecraft:textures/atlas/decorated_pot.png-atlas
[00:19:59] [Render thread/INFO] (Minecraft) Created: 2048x1024x0 minecraft:textures/atlas/armor_trims.png-atlas
[00:19:59] [Render thread/INFO] (Minecraft) Created: 512x256x0 minecraft:textures/atlas/paintings.png-atlas
[00:19:59] [Render thread/INFO] (Minecraft) Created: 1024x512x0 minecraft:textures/atlas/shield_patterns.png-atlas
[00:19:59] [Render thread/INFO] (Minecraft) Created: 2048x2048x4 minecraft:textures/atlas/blocks.png-atlas
[00:19:59] [Render thread/INFO] (Minecraft) Created: 512x512x0 minecraft:textures/atlas/chest.png-atlas
[00:19:59] [Render thread/INFO] (Minecraft) Created: 256x128x0 minecraft:textures/atlas/celestials.png-atlas
[00:19:59] [Render thread/INFO] (Minecraft) Created: 1024x512x0 minecraft:textures/atlas/banner_patterns.png-atlas
[00:19:59] [Render thread/INFO] (Minecraft) Created: 1024x512x0 minecraft:textures/atlas/items.png-atlas
[00:19:59] [Render thread/INFO] (Minecraft) Created: 1024x1024x0 minecraft:textures/atlas/gui.png-atlas
[00:19:59] [Render thread/INFO] (Minecraft) Created: 128x64x0 minecraft:textures/atlas/map_decorations.png-atlas
[00:19:59] [Render thread/INFO] (Minecraft) Created: 512x512x0 minecraft:textures/atlas/shulker_boxes.png-atlas
[00:20:01] [Server thread/WARN] (Minecraft) Can't keep up! Is the server overloaded? Running 4671ms or 93 ticks behind
[00:20:05] [Server thread/INFO] (Minecraft) Player618 has made the advancement [We Need to Go Deeper]
[00:20:05] [Server thread/INFO] (Minecraft) Teleported Player618 to 0.500000, 80.000000, 0.500000
[00:20:05] [Render thread/INFO] (Minecraft) [System] [CHAT] Player618 has made the advancement [We Need to Go Deeper]
[00:20:05] [Render thread/INFO] (Minecraft) [System] [CHAT] [Player618: Teleported Player618 to 0.500000, 80.000000, 0.500000]
[00:20:05] [Render thread/INFO] (Minecraft) Loaded 29 advancements
[00:20:05] [Render thread/INFO] (Minecraft) Loaded 29 advancements
[00:20:09] [Server thread/INFO] (Minecraft) Teleported Player618 to -1535.500000, 236.000000, 256.500000
[00:20:09] [Render thread/INFO] (Minecraft) [System] [CHAT] [Player618: Teleported Player618 to -1535.500000, 236.000000, 256.500000]
[00:20:16] [Server thread/INFO] (Minecraft) Player618 lost connection: Disconnected
[00:20:16] [Server thread/INFO] (Minecraft) Player618 left the game
[00:20:16] [Server thread/INFO] (Minecraft) Stopping singleplayer server as player logged out
[00:20:16] [Server thread/INFO] (Minecraft) Stopping server
[00:20:16] [Server thread/INFO] (Minecraft) Saving players
[00:20:16] [Server thread/INFO] (Minecraft) Saving worlds
[00:20:16] [Server thread/INFO] (Minecraft) Saving chunks for level 'ServerLevel[New World]'/minecraft:overworld
[00:20:16] [Server thread/INFO] (Minecraft) Saving chunks for level 'ServerLevel[New World]'/minecraft:the_nether
[00:20:16] [Server thread/INFO] (Minecraft) Saving chunks for level 'ServerLevel[New World]'/minecraft:the_end
[00:20:16] [Server thread/INFO] (Minecraft) ThreadedAnvilChunkStorage (world): All chunks are saved
[00:20:16] [Server thread/INFO] (Minecraft) ThreadedAnvilChunkStorage (DIM-1): All chunks are saved
[00:20:16] [Server thread/INFO] (Minecraft) ThreadedAnvilChunkStorage (DIM1): All chunks are saved
[00:20:16] [Server thread/INFO] (Minecraft) ThreadedAnvilChunkStorage: All dimensions are saved
[00:20:17] [Render thread/INFO] (fabric-client-gametest-api-v1) World loading finished: null screen: net.minecraft.client.gui.screens.GenericMessageScreen@7d43b97e
[00:20:17] [Render thread/INFO] (Minecraft) Loaded 1585 recipes
[00:20:17] [Render thread/INFO] (Minecraft) Loaded 1688 advancements
[00:20:17] [Render thread/INFO] (BiomeModificationImpl) Applied 0 biome modifications to 0 of 66 new biomes in 228.3 μs
[00:20:17] [Server thread/INFO] (Minecraft) Starting integrated minecraft server version 26.2
[00:20:17] [Server thread/INFO] (Minecraft) Generating keypair
[00:20:17] [Server thread/INFO] (Minecraft) Loading 0 persistent chunks...
[00:20:17] [Server thread/INFO] (Minecraft) Saving chunks for level 'ServerLevel[New World]'/minecraft:overworld
[00:20:17] [Server thread/INFO] (Minecraft) Saving chunks for level 'ServerLevel[New World]'/minecraft:the_nether
[00:20:17] [Server thread/INFO] (Minecraft) Saving chunks for level 'ServerLevel[New World]'/minecraft:the_end
[00:20:17] [Server thread/INFO] (Minecraft) ThreadedAnvilChunkStorage (world): All chunks are saved
[00:20:17] [Server thread/INFO] (Minecraft) ThreadedAnvilChunkStorage (DIM-1): All chunks are saved
[00:20:17] [Server thread/INFO] (Minecraft) ThreadedAnvilChunkStorage (DIM1): All chunks are saved
[00:20:17] [Server thread/INFO] (Minecraft) ThreadedAnvilChunkStorage: All dimensions are saved
[00:20:17] [Render thread/INFO] (fabric-client-gametest-api-v1) World loading finished: null screen: net.minecraft.client.gui.screens.LevelLoadingScreen@7e7d822b
[00:20:17] [Render thread/INFO] (fabric-client-gametest-api-v1) World loading finished: null screen: net.minecraft.client.gui.screens.LevelLoadingScreen@7e7d822b
[00:20:17] [Render thread/INFO] (fabric-client-gametest-api-v1) World loading finished: null screen: net.minecraft.client.gui.screens.LevelLoadingScreen@7e7d822b
[00:20:17] [Render thread/INFO] (fabric-client-gametest-api-v1) World loading finished: null screen: net.minecraft.client.gui.screens.LevelLoadingScreen@7e7d822b
[00:20:17] [Server thread/INFO] (Minecraft) Loading 49 chunks for player spawn...
[00:20:17] [Server thread/INFO] (Minecraft) Preparing spawn area: 16%
[00:20:17] [Render thread/INFO] (fabric-client-gametest-api-v1) World loading finished: null screen: net.minecraft.client.gui.screens.LevelLoadingScreen@7e7d822b
[00:20:17] [Render thread/INFO] (fabric-client-gametest-api-v1) World loading finished: null screen: net.minecraft.client.gui.screens.LevelLoadingScreen@7e7d822b
[00:20:17] [Server thread/INFO] (Minecraft) Time elapsed: 348 ms
[00:20:17] [Render thread/INFO] (fabric-client-gametest-api-v1) World loading finished: null screen: net.minecraft.client.gui.screens.LevelLoadingScreen@7e7d822b
[00:20:17] [Server thread/INFO] (Minecraft) Player618[local:E:cb91bf2e] logged in with entity id 909 at (-1535.5, 236.0, 256.5)
[00:20:17] [Server thread/INFO] (Minecraft) Player618 joined the game
[00:20:17] [Server thread/INFO] (Minecraft) Changing view distance to 16, from 10
[00:20:17] [Server thread/INFO] (Minecraft) Changing simulation distance to 16, from 0
[00:20:17] [Render thread/INFO] (fabric-client-gametest-api-v1) World loading finished: null screen: net.minecraft.client.gui.screens.LevelLoadingScreen@7e7d822b
[00:20:17] [Render thread/INFO] (Minecraft) Loaded 29 advancements
[00:20:17] [Render thread/INFO] (fabric-client-gametest-api-v1) World loading finished: ClientLevel screen: net.minecraft.client.gui.screens.LevelLoadingScreen@7e7d822b
[00:20:17] [Download-4/ERROR] (Minecraft) Failed to retrieve profile key pair

MinecraftClientHttpException[type=HTTP_ERROR, status=401, response=ErrorResponse[path=/player/certificates, error=null, errorMessage=null, details=null]]
	at knot//com.mojang.authlib.minecraft.client.MinecraftClient.buildHttpException(MinecraftClient.java:170)
	at knot//com.mojang.authlib.minecraft.client.MinecraftClient.readServiceResponse(MinecraftClient.java:147)
	at knot//com.mojang.authlib.minecraft.client.MinecraftClient.post(MinecraftClient.java:89)
	at knot//com.mojang.authlib.yggdrasil.YggdrasilUserApiService.getKeyPair(YggdrasilUserApiService.java:62)
	at knot//net.minecraft.client.multiplayer.AccountProfileKeyPairManager.fetchProfileKeyPair(AccountProfileKeyPairManager.java:119)
	at knot//net.minecraft.client.multiplayer.AccountProfileKeyPairManager.lambda$readOrFetchProfileKeyPair$0(AccountProfileKeyPairManager.java:72)
	at java.base/java.util.concurrent.CompletableFuture$AsyncSupply.run(CompletableFuture.java:1789)
	at java.base/java.util.concurrent.ThreadPoolExecutor.runWorker(ThreadPoolExecutor.java:1090)
	at java.base/java.util.concurrent.ThreadPoolExecutor$Worker.run(ThreadPoolExecutor.java:614)
	at java.base/java.lang.Thread.run(Thread.java:1474)
[00:20:17] [Render thread/INFO] (fabric-client-gametest-api-v1) World loading finished: ClientLevel screen: null
[00:20:20] [Server thread/INFO] (Minecraft) Player618 lost connection: Disconnected
[00:20:20] [Server thread/INFO] (Minecraft) Player618 left the game
[00:20:20] [Server thread/INFO] (Minecraft) Stopping singleplayer server as player logged out
[00:20:20] [Server thread/INFO] (Minecraft) Stopping server
[00:20:20] [Server thread/INFO] (Minecraft) Saving players
[00:20:20] [Server thread/INFO] (Minecraft) Saving worlds
[00:20:20] [Server thread/INFO] (Minecraft) Saving chunks for level 'ServerLevel[New World]'/minecraft:overworld
[00:20:20] [Server thread/INFO] (Minecraft) Saving chunks for level 'ServerLevel[New World]'/minecraft:the_nether
[00:20:20] [Server thread/INFO] (Minecraft) Saving chunks for level 'ServerLevel[New World]'/minecraft:the_end
[00:20:20] [Server thread/INFO] (Minecraft) ThreadedAnvilChunkStorage (world): All chunks are saved
[00:20:20] [Server thread/INFO] (Minecraft) ThreadedAnvilChunkStorage (DIM-1): All chunks are saved
[00:20:20] [Server thread/INFO] (Minecraft) ThreadedAnvilChunkStorage (DIM1): All chunks are saved
[00:20:20] [Server thread/INFO] (Minecraft) ThreadedAnvilChunkStorage: All dimensions are saved
[00:20:20] [Render thread/INFO] (WorldGeometryAdapter) Shader pack 'metalcraft-standard' leaves 2 pipeline(s) outside the G-buffer: [minecraft:pipeline/translucent_terrain, minecraft:pipeline/item_cutout]
[00:20:20] [Render thread/INFO] (ShaderPackRuntime) Loaded MetalCraft shader pack 'MetalCraft Standard': 3 pass(es), 4 target(s), 18 option(s), 1639680 bytes
[00:20:20] [Test thread/INFO] (Minecraft) [STDOUT]: LOD horizon live passed: {explored=Stats[cache=Stats[ready=true, captured=3545, saved=1502, cacheReads=358, dropped=0, failures=0, queuedBytes=0, queuedNodes=0, diskBytes=79654560, corrupt=0, evictions=0, indexedNodes=1631], draws=8476, triangles=143850434, uploads=2, uploadBytes=3801616, uploadFailures=0, gpuBytes=3801616, residentNodes=2, frameDraws=4, frameSections=23, frameFarthestBlocks=1547.839838086038], horizon32=Stats[cache=Stats[ready=true, captured=3796, saved=1697, cacheReads=1791, dropped=0, failures=0, queuedBytes=79679, queuedNodes=4, diskBytes=85774933, corrupt=0, evictions=0, indexedNodes=1905], draws=54222, triangles=580175314, uploads=128, uploadBytes=72598512, uploadFailures=0, gpuBytes=72598512, residentNodes=128, frameDraws=96, frameSections=713, frameFarthestBlocks=467.2027985984771], camera32={"x":-1535.5,"y":236.0,"z":256.5,"yaw":-180.0,"pitch":3.0}, horizon64=Stats[cache=Stats[ready=true, captured=3853, saved=1743, cacheReads=5305, dropped=0, failures=0, queuedBytes=0, queuedNodes=0, diskBytes=87821387, corrupt=0, evictions=0, indexedNodes=1963], draws=350148, triangles=3570729448, uploads=168, uploadBytes=109620448, uploadFailures=0, gpuBytes=109620448, residentNodes=168, frameDraws=119, frameSections=1010, frameFarthestBlocks=793.0639345981265], camera64={"x":-1535.5,"y":236.0,"z":640.5,"yaw":-180.0,"pitch":3.0}, horizon128=Stats[cache=Stats[ready=true, captured=3853, saved=1743, cacheReads=6535, dropped=0, failures=0, queuedBytes=0, queuedNodes=0, diskBytes=87821387, corrupt=0, evictions=0, indexedNodes=1963], draws=774941, triangles=7745835152, uploads=178, uploadBytes=113602608, uploadFailures=0, gpuBytes=113602608, residentNodes=178, frameDraws=122, frameSections=999, frameFarthestBlocks=2044.5189559099854], camera128={"x":-1535.5,"y":236.0,"z":1408.5,"yaw":-180.0,"pitch":3.0}, horizon256=Stats[cache=Stats[ready=true, captured=3853, saved=1743, cacheReads=7887, dropped=0, failures=0, queuedBytes=0, queuedNodes=0, diskBytes=87821387, corrupt=0, evictions=0, indexedNodes=1963], draws=863820, triangles=8577492438, uploads=189, uploadBytes=115085040, uploadFailures=0, gpuBytes=115085040, residentNodes=189, frameDraws=129, frameSections=990, frameFarthestBlocks=3281.567443037751], camera256={"x":-1535.5,"y":236.0,"z":2944.5,"yaw":-180.0,"pitch":3.0}, none=Stats[cache=Stats[ready=true, captured=3895, saved=1762, cacheReads=9978, dropped=0, failures=0, queuedBytes=208389, queuedNodes=22, diskBytes=89237420, corrupt=0, evictions=0, indexedNodes=2007], draws=990756, triangles=9756688518, uploads=189, uploadBytes=115085040, uploadFailures=0, gpuBytes=115085040, residentNodes=189, frameDraws=129, frameSections=990, frameFarthestBlocks=3281.567443037751], editedLeaf=EntryState[receivedRevision=249398, persistedRevision=249398, stored=true], revisitRecaptures=1282, reloaded=Stats[cache=Stats[ready=true, captured=271, saved=96, cacheReads=438, dropped=0, failures=0, queuedBytes=2325201, queuedNodes=175, diskBytes=113844554, corrupt=0, evictions=0, indexedNodes=2756], draws=1062169, triangles=10517125514, uploads=301, uploadBytes=250272176, uploadFailures=0, gpuBytes=66687152, residentNodes=55, frameDraws=106, frameSections=839, frameFarthestBlocks=492.8456090652629], nether=Stats[cache=Stats[ready=true, captured=536, saved=101, cacheReads=0, dropped=0, failures=0, queuedBytes=4196668, queuedNodes=255, diskBytes=125715517, corrupt=0, evictions=0, indexedNodes=145], draws=1062487, triangles=10520698040, uploads=301, uploadBytes=250272176, uploadFailures=0, gpuBytes=0, residentNodes=0, frameDraws=0, frameSections=0, frameFarthestBlocks=0.0], dimensionReturn=Stats[cache=Stats[ready=true, captured=0, saved=0, cacheReads=584, dropped=0, failures=0, queuedBytes=0, queuedNodes=165, diskBytes=122408106, corrupt=0, evictions=0, indexedNodes=2644], draws=1192326, triangles=11978488998, uploads=356, uploadBytes=316959328, uploadFailures=0, gpuBytes=66687152, residentNodes=55, frameDraws=106, frameSections=839, frameFarthestBlocks=492.8456090652629], closed=Stats[cache=null, draws=1192432, triangles=11979679840, uploads=356, uploadBytes=316959328, uploadFailures=0, gpuBytes=0, residentNodes=0, frameDraws=0, frameSections=0, frameFarthestBlocks=0.0], reopened=Stats[cache=Stats[ready=true, captured=0, saved=0, cacheReads=73, dropped=0, failures=0, queuedBytes=0, queuedNodes=62, diskBytes=122122957, corrupt=0, evictions=0, indexedNodes=2636], draws=1192455, triangles=11979898536, uploads=364, uploadBytes=325129728, uploadFailures=0, gpuBytes=8170400, residentNodes=8, frameDraws=15, frameSections=144, frameFarthestBlocks=446.86723349961187], clearedActive=Stats[cache=Stats[ready=true, captured=112, saved=0, cacheReads=146, dropped=0, failures=0, queuedBytes=1554892, queuedNodes=467, diskBytes=0, corrupt=0, evictions=0, indexedNodes=0], draws=1192546, triangles=11980770008, uploads=376, uploadBytes=337394512, uploadFailures=0, gpuBytes=0, residentNodes=0, frameDraws=0, frameSections=0, frameFarthestBlocks=0.0], clearedInactive=Stats[cache=null, draws=1192546, triangles=11980770008, uploads=376, uploadBytes=337394512, uploadFailures=0, gpuBytes=0, residentNodes=0, frameDraws=0, frameSections=0, frameFarthestBlocks=0.0], finalClose=Stats[cache=null, draws=1192546, triangles=11980770008, uploads=376, uploadBytes=337394512, uploadFailures=0, gpuBytes=0, residentNodes=0, frameDraws=0, frameSections=0, frameFarthestBlocks=0.0]}
[00:20:20] [Render thread/INFO] (Minecraft) Stopping!

[Incubating] Problems report is available at: file:///Users/jackangione/Desktop/VULKAN%20SHADERS/build/reports/problems/problems-report.html

BUILD SUCCESSFUL in 3m 41s
8 actionable tasks: 2 executed, 6 up-to-date
