
> Configure project :
Fabric Loom: 1.17.20

> Task :compileJava NO-SOURCE
> Task :processResources UP-TO-DATE
> Task :classes UP-TO-DATE
> Task :compileClientJava UP-TO-DATE
> Task :compileMetalNative UP-TO-DATE
> Task :processClientResources UP-TO-DATE
> Task :clientClasses UP-TO-DATE
> Task :generateLog4jConfig UP-TO-DATE
> Task :generateDLIConfig UP-TO-DATE
> Task :configureLaunch UP-TO-DATE
> Task :downloadAssets UP-TO-DATE
> Task :configureClientLaunch UP-TO-DATE

> Task :runClient
[00:35:56] [main/WARN] (FabricLoader/Knot) Class path entries reference missing files: /Users/jackangione/Desktop/VULKAN SHADERS/build/classes/java/main - the game may not load properly!
[00:35:56] [main/INFO] (FabricLoader/GameProvider) Loading Minecraft 26.2 with Fabric Loader 0.19.3
[00:35:56] [main/INFO] (FabricLoader/Mappings) Mappings not present!
[00:35:56] [main/INFO] (FabricLoader) Loading 51 mods:
	- fabric-api 0.157.0+26.2
	- fabric-api-base 2.0.4+ece063239e
	- fabric-api-lookup-api-v1 2.0.17+11e1c9a39e
	- fabric-biome-api-v1 18.0.6+c7bd5b8e9e
	- fabric-block-api-v1 3.0.3+ec56b6019e
	- fabric-block-getter-api-v2 2.0.7+ec56b6019e
	- fabric-client-gametest-api-v1 6.0.0+515ac5339e
	- fabric-command-api-v2 3.1.0+00cb03469e
	- fabric-content-registries-v0 11.3.1+37b1aa249e
	- fabric-convention-tags-v2 4.7.0+1f023a9e9e
	- fabric-crash-report-info-v1 1.0.5+086d547a9e
	- fabric-creative-tab-api-v1 5.0.14+d871b99e9e
	- fabric-data-attachment-api-v1 2.2.18+515ac5339e
	- fabric-data-generation-api-v1 25.5.0+aed122aa9e
	- fabric-debug-api-v1 1.0.2+c792624d9e
	- fabric-dimensions-v1 5.1.11+515ac5339e
	- fabric-entity-events-v1 5.0.5+06488ac19e
	- fabric-events-interaction-v0 5.2.7+515ac5339e
	- fabric-game-rule-api-v1 4.0.8+46a6d00c9e
	- fabric-gametest-api-v1 4.0.21+4a7fa0819e
	- fabric-item-api-v1 14.4.0+49a69a7b9e
	- fabric-key-mapping-api-v1 2.0.5+e2bdee789e
	- fabric-lifecycle-events-v1 4.1.3+4575b05f9e
	- fabric-loot-api-v3 3.0.17+06488ac19e
	- fabric-menu-api-v1 2.0.16+086d547a9e
	- fabric-message-api-v1 7.0.8+bb2ed3f79e
	- fabric-model-loading-api-v1 8.0.16+c80601bb9e
	- fabric-networking-api-v1 6.3.3+72073ef09e
	- fabric-object-builder-api-v1 24.1.0+6fcd5f039e
	- fabric-particles-v1 5.0.18+d1756aa99e
	- fabric-permission-api-v1 1.0.5+e442d8d09e
	- fabric-recipe-api-v1 9.0.20+11e1c9a39e
	- fabric-registry-sync-v0 7.1.0+c7bd5b8e9e
	- fabric-renderer-api-v1 14.1.3+2b0d8a229e
	- fabric-renderer-indigo 9.1.3+2b0d8a229e
	- fabric-rendering-fluids-v1 6.0.4+06488ac19e
	- fabric-rendering-v1 25.3.2+515ac5339e
	- fabric-resource-conditions-api-v1 6.1.0+10e9a28b9e
	- fabric-resource-loader-v0 3.3.20+4fc5413f9e
	- fabric-resource-loader-v1 2.0.13+9edec1269e
	- fabric-screen-api-v1 5.2.0+58e078ad9e
	- fabric-serialization-api-v1 2.0.4+11a26f319e
	- fabric-sound-api-v1 2.0.5+11a26f319e
	- fabric-tag-api-v1 2.1.4+515ac5339e
	- fabric-transfer-api-v1 8.0.12+11dbb7d79e
	- fabric-transitive-access-wideners-v1 8.1.4+67c847259e
	- fabricloader 0.19.3
	- java 25
	- metalcraft 0.2.0-dev.1
	- minecraft 26.2
	- mixinextras 0.5.4
[00:35:56] [main/INFO] (FabricLoader/Mixin) SpongePowered MIXIN Subsystem Version=0.8.7 Source=file:/Users/jackangione/.gradle/caches/modules-2/files-2.1/net.fabricmc/sponge-mixin/0.17.3+mixin.0.8.7/41c4a3984a80f4679e759fb9f495587acc5cdac7/sponge-mixin-0.17.3+mixin.0.8.7.jar Service=Knot/Fabric Env=CLIENT
[00:35:56] [main/INFO] (FabricLoader/Mixin) Compatibility level set to JAVA_25
2026-09-12 00:35:57.308 java[55092:3598438] Metal API Validation Enabled
[00:35:57] [main/INFO] (MetalCraftPreLaunch) MetalCraft direct Metal bridge opened an owned device and command queue: Apple M4 Max (recommended working set: 53084 MiB)
[00:35:57] [main/WARN] (MetalCraftPreLaunch) Direct Metal backend selection is active and experimental; Minecraft's OpenGL crash recovery remains available
[00:35:57] [main/INFO] (FabricLoader/MixinExtras|Service) Initializing MixinExtras via com.llamalad7.mixinextras.service.MixinExtrasServiceImpl(version=0.5.4).
[00:35:57] [Datafixer Bootstrap #0/INFO] (Minecraft) 295 Datafixer optimizations took 137 milliseconds
[00:35:58] [main/WARN] (MacOperatingSystem) Unable to parse version 27.0 to a codename.
[00:35:59] [Render thread/INFO] (Minecraft) Environment: Environment[sessionHost=https://sessionserver.mojang.com, servicesHost=https://api.minecraftservices.com, profilesHost=https://api.mojang.com, name=PROD]
[00:35:59] [Render thread/INFO] (Minecraft) Setting user: Player428
[00:35:59] [Render thread/INFO] (Indigo) [Indigo] Registering Indigo renderer!
[00:36:00] [Render thread/ERROR] (Minecraft) Illegal option value 0 for Anisotropic Filtering
[00:36:00] [Render thread/INFO] (Minecraft) Backend library: LWJGL version 3.4.1-snapshot
[00:36:00] [Render thread/WARN] (Minecraft) Graphics backend forced to default by launch argument, in-game preferred graphics backend setting is ignored
[00:36:00] [Render thread/INFO] (ShaderPackRuntime) Loaded MetalCraft shader pack 'MetalCraft Standard': 3 pass(es), 4 target(s), 18 option(s), 0 bytes
[00:36:00] [Render thread/INFO] (Minecraft) Using graphics backend Metal, using drivers: Mac OS X 27.0
[00:36:00] [Render thread/INFO] (Minecraft) Using graphics device: Apple M4 Max (Apple)
[00:36:00] [Render thread/INFO] (Minecraft) Using graphics device extensions: Metal
[00:36:00] [Download-1/INFO] (Minecraft) Could not authorize you against Realms server: java.lang.RuntimeException: Failed to parse into SignedJWT: FabricMC
[00:36:00] [Render thread/INFO] (Minecraft) Reloading ResourceManager: vanilla, fabric-api, fabric-api-base, fabric-api-lookup-api-v1, fabric-biome-api-v1, fabric-block-api-v1, fabric-block-getter-api-v2, fabric-client-gametest-api-v1, fabric-command-api-v2, fabric-content-registries-v0, fabric-convention-tags-v2, fabric-crash-report-info-v1, fabric-creative-tab-api-v1, fabric-data-attachment-api-v1, fabric-data-generation-api-v1, fabric-debug-api-v1, fabric-dimensions-v1, fabric-entity-events-v1, fabric-events-interaction-v0, fabric-game-rule-api-v1, fabric-gametest-api-v1, fabric-item-api-v1, fabric-key-mapping-api-v1, fabric-lifecycle-events-v1, fabric-loot-api-v3, fabric-menu-api-v1, fabric-message-api-v1, fabric-model-loading-api-v1, fabric-networking-api-v1, fabric-object-builder-api-v1, fabric-particles-v1, fabric-permission-api-v1, fabric-recipe-api-v1, fabric-registry-sync-v0, fabric-renderer-api-v1, fabric-renderer-indigo, fabric-rendering-fluids-v1, fabric-rendering-v1, fabric-resource-conditions-api-v1, fabric-resource-loader-v0, fabric-resource-loader-v1, fabric-screen-api-v1, fabric-serialization-api-v1, fabric-sound-api-v1, fabric-tag-api-v1, fabric-transfer-api-v1, fabric-transitive-access-wideners-v1, fabricloader, metalcraft
[00:36:00] [Render thread/INFO] (MetalCraftClient) MetalCraft direct renderer active: Apple / Apple M4 Max using Metal
[00:36:00] [Render thread/WARN] (Minecraft) Failed to find suitable monitor for fullscreen mode
[00:36:00] [Render thread/INFO] (MetalGpuSurface) MetalCraft surface configured: 1708x960 presentMode=IMMEDIATE displaySync=false unlockedFrameRate=true
[00:36:00] [Worker-Main-11/INFO] (Minecraft) Found unifont_pua-17.0.01.hex, loading
[00:36:00] [Worker-Main-15/INFO] (Minecraft) Found unifont_all_no_pua-17.0.01.hex, loading
[00:36:00] [Worker-Main-8/INFO] (Minecraft) Found unifont_jp_patch-17.0.01.hex, loading
[00:36:00] [Render thread/INFO] (MetalGpuSurface) MetalCraft surface configured: 1708x960 presentMode=IMMEDIATE displaySync=false unlockedFrameRate=true
[00:36:01] [Render thread/INFO] (ShaderPackRuntime) Loaded MetalCraft shader pack 'MetalCraft Standard': 3 pass(es), 4 target(s), 18 option(s), 6558720 bytes
[00:36:03] [Render thread/INFO] (ShaderPackRuntime) Loaded MetalCraft shader pack 'MetalCraft Standard': 3 pass(es), 4 target(s), 18 option(s), 6558720 bytes
[00:36:03] [Render thread/INFO] (Minecraft) OpenAL initialized on device DENON-AVR
[00:36:03] [Render thread/INFO] (Minecraft) Sound engine started
[00:36:03] [Render thread/INFO] (Minecraft) Created: 512x256x0 minecraft:textures/atlas/particles.png-atlas
[00:36:03] [Render thread/INFO] (Minecraft) Created: 128x128x0 minecraft:textures/atlas/decorated_pot.png-atlas
[00:36:03] [Render thread/INFO] (Minecraft) Created: 2048x1024x0 minecraft:textures/atlas/armor_trims.png-atlas
[00:36:03] [Render thread/INFO] (Minecraft) Created: 512x256x0 minecraft:textures/atlas/paintings.png-atlas
[00:36:03] [Render thread/INFO] (Minecraft) Created: 1024x512x0 minecraft:textures/atlas/shield_patterns.png-atlas
[00:36:03] [Render thread/INFO] (Minecraft) Created: 2048x2048x4 minecraft:textures/atlas/blocks.png-atlas
[00:36:03] [Render thread/INFO] (Minecraft) Created: 512x512x0 minecraft:textures/atlas/chest.png-atlas
[00:36:03] [Render thread/INFO] (Minecraft) Created: 256x128x0 minecraft:textures/atlas/celestials.png-atlas
[00:36:03] [Render thread/INFO] (Minecraft) Created: 1024x512x0 minecraft:textures/atlas/banner_patterns.png-atlas
[00:36:03] [Render thread/INFO] (Minecraft) Created: 1024x512x0 minecraft:textures/atlas/items.png-atlas
[00:36:03] [Render thread/INFO] (Minecraft) Created: 1024x1024x0 minecraft:textures/atlas/gui.png-atlas
[00:36:03] [Render thread/INFO] (Minecraft) Created: 128x64x0 minecraft:textures/atlas/map_decorations.png-atlas
[00:36:03] [Render thread/INFO] (Minecraft) Created: 512x512x0 minecraft:textures/atlas/shulker_boxes.png-atlas
[00:36:03] [Download-1/INFO] (Minecraft) Could not authorize you against Realms server: java.lang.RuntimeException: Failed to parse into SignedJWT: FabricMC
[00:36:05] [Test thread/INFO] (MetalLifecycleGameTest) Metal lifecycle validation: Metal backend selected
[00:36:05] [Render thread/INFO] (ShaderPackRuntime) Loaded MetalCraft shader pack 'MetalCraft Standard': 3 pass(es), 4 target(s), 18 option(s), 6558720 bytes
[00:36:06] [Render thread/INFO] (Minecraft) Loaded 1585 recipes
[00:36:06] [Render thread/INFO] (Minecraft) Loaded 1688 advancements
[00:36:06] [Render thread/INFO] (fabric-client-gametest-api-v1) World loading finished: null screen: net.minecraft.client.gui.screens.GenericMessageScreen@52546f4c
[00:36:06] [Render thread/INFO] (BiomeModificationImpl) Applied 0 biome modifications to 0 of 66 new biomes in 707.3 μs
[00:36:06] [Server thread/INFO] (Minecraft) Starting integrated minecraft server version 26.2
[00:36:06] [Server thread/INFO] (Minecraft) Generating keypair
[00:36:06] [Server thread/INFO] (Minecraft) Selecting global world spawn...
[00:36:07] [Server thread/INFO] (Minecraft) Loading 0 persistent chunks...
[00:36:07] [Server thread/INFO] (Minecraft) Preparing spawn area: 16%
[00:36:07] [Server thread/INFO] (Minecraft) Saving chunks for level 'ServerLevel[New World]'/minecraft:overworld
[00:36:07] [Server thread/INFO] (Minecraft) Saving chunks for level 'ServerLevel[New World]'/minecraft:the_nether
[00:36:07] [Server thread/INFO] (Minecraft) Saving chunks for level 'ServerLevel[New World]'/minecraft:the_end
[00:36:07] [Server thread/INFO] (Minecraft) ThreadedAnvilChunkStorage (world): All chunks are saved
[00:36:07] [Server thread/INFO] (Minecraft) ThreadedAnvilChunkStorage (DIM-1): All chunks are saved
[00:36:07] [Server thread/INFO] (Minecraft) ThreadedAnvilChunkStorage (DIM1): All chunks are saved
[00:36:07] [Server thread/INFO] (Minecraft) ThreadedAnvilChunkStorage: All dimensions are saved
[00:36:07] [Render thread/INFO] (fabric-client-gametest-api-v1) World loading finished: null screen: net.minecraft.client.gui.screens.LevelLoadingScreen@43f26e
[00:36:07] [Render thread/INFO] (fabric-client-gametest-api-v1) World loading finished: null screen: net.minecraft.client.gui.screens.LevelLoadingScreen@43f26e
[00:36:07] [Render thread/INFO] (fabric-client-gametest-api-v1) World loading finished: null screen: net.minecraft.client.gui.screens.LevelLoadingScreen@43f26e
[00:36:07] [Render thread/INFO] (fabric-client-gametest-api-v1) World loading finished: null screen: net.minecraft.client.gui.screens.LevelLoadingScreen@43f26e
[00:36:07] [Render thread/INFO] (fabric-client-gametest-api-v1) World loading finished: null screen: net.minecraft.client.gui.screens.LevelLoadingScreen@43f26e
[00:36:07] [Server thread/INFO] (Minecraft) Loading 48 chunks for player spawn...
[00:36:07] [Server thread/INFO] (Minecraft) Preparing spawn area: 16%
[00:36:08] [Render thread/INFO] (fabric-client-gametest-api-v1) World loading finished: null screen: net.minecraft.client.gui.screens.LevelLoadingScreen@43f26e
[00:36:08] [Server thread/INFO] (Minecraft) Preparing spawn area: 16%
[00:36:08] [Render thread/INFO] (fabric-client-gametest-api-v1) World loading finished: null screen: net.minecraft.client.gui.screens.LevelLoadingScreen@43f26e
[00:36:08] [Render thread/INFO] (fabric-client-gametest-api-v1) World loading finished: null screen: net.minecraft.client.gui.screens.LevelLoadingScreen@43f26e
[00:36:08] [Render thread/INFO] (fabric-client-gametest-api-v1) World loading finished: null screen: net.minecraft.client.gui.screens.LevelLoadingScreen@43f26e
[00:36:08] [Render thread/INFO] (fabric-client-gametest-api-v1) World loading finished: null screen: net.minecraft.client.gui.screens.LevelLoadingScreen@43f26e
[00:36:08] [Render thread/INFO] (fabric-client-gametest-api-v1) World loading finished: null screen: net.minecraft.client.gui.screens.LevelLoadingScreen@43f26e
[00:36:08] [Render thread/INFO] (fabric-client-gametest-api-v1) World loading finished: null screen: net.minecraft.client.gui.screens.LevelLoadingScreen@43f26e
[00:36:08] [Server thread/INFO] (Minecraft) Preparing spawn area: 25%
[00:36:08] [Render thread/INFO] (fabric-client-gametest-api-v1) World loading finished: null screen: net.minecraft.client.gui.screens.LevelLoadingScreen@43f26e
[00:36:08] [Render thread/INFO] (fabric-client-gametest-api-v1) World loading finished: null screen: net.minecraft.client.gui.screens.LevelLoadingScreen@43f26e
[00:36:08] [Render thread/INFO] (fabric-client-gametest-api-v1) World loading finished: null screen: net.minecraft.client.gui.screens.LevelLoadingScreen@43f26e
[00:36:08] [Render thread/INFO] (fabric-client-gametest-api-v1) World loading finished: null screen: net.minecraft.client.gui.screens.LevelLoadingScreen@43f26e
[00:36:08] [Render thread/INFO] (fabric-client-gametest-api-v1) World loading finished: null screen: net.minecraft.client.gui.screens.LevelLoadingScreen@43f26e
[00:36:08] [Render thread/INFO] (fabric-client-gametest-api-v1) World loading finished: null screen: net.minecraft.client.gui.screens.LevelLoadingScreen@43f26e
[00:36:08] [Render thread/INFO] (fabric-client-gametest-api-v1) World loading finished: null screen: net.minecraft.client.gui.screens.LevelLoadingScreen@43f26e
[00:36:08] [Render thread/INFO] (fabric-client-gametest-api-v1) World loading finished: null screen: net.minecraft.client.gui.screens.LevelLoadingScreen@43f26e
[00:36:08] [Render thread/INFO] (fabric-client-gametest-api-v1) World loading finished: null screen: net.minecraft.client.gui.screens.LevelLoadingScreen@43f26e
[00:36:08] [Server thread/INFO] (Minecraft) Time elapsed: 1990 ms
[00:36:08] [Render thread/INFO] (fabric-client-gametest-api-v1) World loading finished: null screen: net.minecraft.client.gui.screens.LevelLoadingScreen@43f26e
[00:36:08] [Server thread/INFO] (Minecraft) Player428[local:E:8ba831fc] logged in with entity id 1 at (160.5, 78.0, 160.5)
[00:36:08] [Server thread/INFO] (Minecraft) Player428 joined the game
[00:36:08] [Server thread/INFO] (Minecraft) Changing view distance to 16, from 10
[00:36:08] [Server thread/INFO] (Minecraft) Changing simulation distance to 16, from 0
[00:36:08] [Download-1/ERROR] (Minecraft) Failed to retrieve profile key pair

MinecraftClientHttpException[type=HTTP_ERROR, status=401, response=ErrorResponse[path=/player/certificates, error=null, errorMessage=null, details=null]]
	at knot//com.mojang.authlib.minecraft.client.MinecraftClient.buildHttpException(MinecraftClient.java:170)
	at knot//com.mojang.authlib.minecraft.client.MinecraftClient.readServiceResponse(MinecraftClient.java:147)
	at knot//com.mojang.authlib.minecraft.client.MinecraftClient.post(MinecraftClient.java:89)
	at knot//com.mojang.authlib.yggdrasil.YggdrasilUserApiService.getKeyPair(YggdrasilUserApiService.java:62)
	at knot//net.minecraft.client.multiplayer.AccountProfileKeyPairManager.fetchProfileKeyPair(AccountProfileKeyPairManager.java:119)
	at knot//net.minecraft.client.multiplayer.AccountProfileKeyPairManager.lambda$readOrFetchProfileKeyPair$0(AccountProfileKeyPairManager.java:72)
	at java.base/java.util.concurrent.CompletableFuture$AsyncSupply.run(CompletableFuture.java:1789)
	at java.base/java.util.concurrent.ThreadPoolExecutor.runWorker(ThreadPoolExecutor.java:1090)
	at java.base/java.util.concurrent.ThreadPoolExecutor$Worker.run(ThreadPoolExecutor.java:614)
	at java.base/java.lang.Thread.run(Thread.java:1474)
[00:36:10] [Render thread/INFO] (Minecraft) Resizing Dynamic Transforms UBO, capacity limit of 2 reached during a single frame. New capacity will be 4.
[00:36:10] [Render thread/INFO] (Minecraft) Loaded 2 advancements
[00:36:10] [Render thread/INFO] (fabric-client-gametest-api-v1) World loading finished: ClientLevel screen: net.minecraft.client.gui.screens.LevelLoadingScreen@43f26e
[00:36:11] [Render thread/INFO] (Minecraft) Resizing Dynamic Transforms UBO, capacity limit of 4 reached during a single frame. New capacity will be 8.
[00:36:11] [Render thread/INFO] (fabric-client-gametest-api-v1) World loading finished: ClientLevel screen: net.minecraft.client.gui.screens.LevelLoadingScreen@43f26e
[00:36:11] [Render thread/INFO] (Minecraft) Resizing Dynamic Transforms UBO, capacity limit of 8 reached during a single frame. New capacity will be 16.
[00:36:11] [Render thread/INFO] (fabric-client-gametest-api-v1) World loading finished: ClientLevel screen: net.minecraft.client.gui.screens.LevelLoadingScreen@43f26e
[00:36:11] [Render thread/INFO] (Minecraft) Resizing Chunk Sections UBO, capacity limit of 2 reached during a single frame. New capacity will be 4.
[00:36:11] [Render thread/INFO] (fabric-client-gametest-api-v1) World loading finished: ClientLevel screen: net.minecraft.client.gui.screens.LevelLoadingScreen@43f26e
[00:36:11] [Render thread/INFO] (Minecraft) Resizing Chunk Sections UBO, capacity limit of 4 reached during a single frame. New capacity will be 8.
[00:36:11] [Render thread/INFO] (fabric-client-gametest-api-v1) World loading finished: ClientLevel screen: net.minecraft.client.gui.screens.LevelLoadingScreen@43f26e
[00:36:11] [Render thread/INFO] (Minecraft) Resizing Chunk Sections UBO, capacity limit of 8 reached during a single frame. New capacity will be 16.
[00:36:11] [Render thread/INFO] (fabric-client-gametest-api-v1) World loading finished: ClientLevel screen: net.minecraft.client.gui.screens.LevelLoadingScreen@43f26e
[00:36:11] [Render thread/INFO] (fabric-client-gametest-api-v1) World loading finished: ClientLevel screen: net.minecraft.client.gui.screens.LevelLoadingScreen@43f26e
[00:36:11] [Render thread/INFO] (fabric-client-gametest-api-v1) World loading finished: ClientLevel screen: net.minecraft.client.gui.screens.LevelLoadingScreen@43f26e
[00:36:11] [Render thread/INFO] (fabric-client-gametest-api-v1) World loading finished: ClientLevel screen: net.minecraft.client.gui.screens.LevelLoadingScreen@43f26e
[00:36:11] [Render thread/INFO] (fabric-client-gametest-api-v1) World loading finished: ClientLevel screen: net.minecraft.client.gui.screens.LevelLoadingScreen@43f26e
[00:36:11] [Render thread/INFO] (fabric-client-gametest-api-v1) World loading finished: ClientLevel screen: net.minecraft.client.gui.screens.LevelLoadingScreen@43f26e
[00:36:11] [Render thread/INFO] (fabric-client-gametest-api-v1) World loading finished: ClientLevel screen: net.minecraft.client.gui.screens.LevelLoadingScreen@43f26e
[00:36:11] [Render thread/INFO] (fabric-client-gametest-api-v1) World loading finished: ClientLevel screen: net.minecraft.client.gui.screens.LevelLoadingScreen@43f26e
[00:36:11] [Render thread/INFO] (fabric-client-gametest-api-v1) World loading finished: ClientLevel screen: net.minecraft.client.gui.screens.LevelLoadingScreen@43f26e
[00:36:11] [Render thread/INFO] (fabric-client-gametest-api-v1) World loading finished: ClientLevel screen: net.minecraft.client.gui.screens.LevelLoadingScreen@43f26e
[00:36:11] [Render thread/INFO] (fabric-client-gametest-api-v1) World loading finished: ClientLevel screen: net.minecraft.client.gui.screens.LevelLoadingScreen@43f26e
[00:36:11] [Render thread/INFO] (fabric-client-gametest-api-v1) World loading finished: ClientLevel screen: null
[00:36:11] [Render thread/INFO] (Minecraft) Resizing Chunk Sections UBO, capacity limit of 16 reached during a single frame. New capacity will be 32.
[00:36:12] [Render thread/INFO] (Minecraft) Resizing Chunk Sections UBO, capacity limit of 32 reached during a single frame. New capacity will be 64.
[00:36:12] [Test thread/INFO] (MetalLifecycleGameTest) Metal lifecycle validation: singleplayer world loaded
[00:36:12] [Render thread/INFO] (Minecraft) Resizing Chunk Sections UBO, capacity limit of 64 reached during a single frame. New capacity will be 128.
[00:36:12] [Test thread/INFO] (MetalLifecycleGameTest) Metal lifecycle validation: resized to 1280x720
[00:36:12] [Render thread/WARN] (Minecraft) Failed to find suitable monitor for fullscreen mode
[00:36:12] [Render thread/INFO] (MetalGpuSurface) MetalCraft surface configured: 2560x1440 presentMode=IMMEDIATE displaySync=false unlockedFrameRate=true
[00:36:13] [Render thread/INFO] (MetalGpuSurface) MetalCraft surface configured: 2560x1440 presentMode=IMMEDIATE displaySync=false unlockedFrameRate=true
[00:36:14] [Render thread/WARN] (Minecraft) Failed to find suitable monitor for fullscreen mode
[00:36:14] [Render thread/INFO] (MetalGpuSurface) MetalCraft surface configured: 2560x1440 presentMode=IMMEDIATE displaySync=false unlockedFrameRate=true
[00:36:14] [Render thread/INFO] (MetalGpuSurface) MetalCraft surface configured: 2560x1440 presentMode=IMMEDIATE displaySync=false unlockedFrameRate=true
[00:36:14] [Test thread/INFO] (MetalLifecycleGameTest) Metal lifecycle validation: fullscreen round trip completed
[00:36:14] [Render thread/INFO] (Minecraft) Reloading ResourceManager: vanilla, fabric-api, fabric-api-base, fabric-api-lookup-api-v1, fabric-biome-api-v1, fabric-block-api-v1, fabric-block-getter-api-v2, fabric-client-gametest-api-v1, fabric-command-api-v2, fabric-content-registries-v0, fabric-convention-tags-v2, fabric-crash-report-info-v1, fabric-creative-tab-api-v1, fabric-data-attachment-api-v1, fabric-data-generation-api-v1, fabric-debug-api-v1, fabric-dimensions-v1, fabric-entity-events-v1, fabric-events-interaction-v0, fabric-game-rule-api-v1, fabric-gametest-api-v1, fabric-item-api-v1, fabric-key-mapping-api-v1, fabric-lifecycle-events-v1, fabric-loot-api-v3, fabric-menu-api-v1, fabric-message-api-v1, fabric-model-loading-api-v1, fabric-networking-api-v1, fabric-object-builder-api-v1, fabric-particles-v1, fabric-permission-api-v1, fabric-recipe-api-v1, fabric-registry-sync-v0, fabric-renderer-api-v1, fabric-renderer-indigo, fabric-rendering-fluids-v1, fabric-rendering-v1, fabric-resource-conditions-api-v1, fabric-resource-loader-v0, fabric-resource-loader-v1, fabric-screen-api-v1, fabric-serialization-api-v1, fabric-sound-api-v1, fabric-tag-api-v1, fabric-transfer-api-v1, fabric-transitive-access-wideners-v1, fabricloader, metalcraft
[00:36:14] [Worker-Main-2/INFO] (Minecraft) Found unifont_pua-17.0.01.hex, loading
[00:36:14] [Worker-Main-1/INFO] (Minecraft) Found unifont_all_no_pua-17.0.01.hex, loading
[00:36:14] [Worker-Main-10/INFO] (Minecraft) Found unifont_jp_patch-17.0.01.hex, loading
[00:36:14] [Server thread/INFO] (Minecraft) Saving and pausing game...
[00:36:14] [Server thread/INFO] (Minecraft) Saving chunks for level 'ServerLevel[New World]'/minecraft:overworld
[00:36:14] [Server thread/INFO] (Minecraft) Saving chunks for level 'ServerLevel[New World]'/minecraft:the_nether
[00:36:14] [Server thread/INFO] (Minecraft) Saving chunks for level 'ServerLevel[New World]'/minecraft:the_end
[00:36:14] [Render thread/INFO] (WorldGeometryAdapter) Shader pack 'metalcraft-standard' leaves 2 pipeline(s) outside the G-buffer: [minecraft:pipeline/translucent_terrain, minecraft:pipeline/entity_translucent]
[00:36:14] [Render thread/INFO] (ShaderPackRuntime) Loaded MetalCraft shader pack 'MetalCraft Standard': 3 pass(es), 4 target(s), 18 option(s), 3686400 bytes
[00:36:16] [Render thread/INFO] (ShaderPackRuntime) Loaded MetalCraft shader pack 'MetalCraft Standard': 3 pass(es), 4 target(s), 18 option(s), 3686400 bytes
[00:36:16] [Render thread/INFO] (Minecraft) OpenAL initialized on device DENON-AVR
[00:36:16] [Render thread/INFO] (Minecraft) Sound engine started
[00:36:16] [Render thread/INFO] (Minecraft) Created: 512x256x0 minecraft:textures/atlas/particles.png-atlas
[00:36:16] [Render thread/INFO] (Minecraft) Created: 128x128x0 minecraft:textures/atlas/decorated_pot.png-atlas
[00:36:16] [Render thread/INFO] (Minecraft) Created: 2048x1024x0 minecraft:textures/atlas/armor_trims.png-atlas
[00:36:16] [Render thread/INFO] (Minecraft) Created: 512x256x0 minecraft:textures/atlas/paintings.png-atlas
[00:36:16] [Render thread/INFO] (Minecraft) Created: 1024x512x0 minecraft:textures/atlas/shield_patterns.png-atlas
[00:36:16] [Render thread/INFO] (Minecraft) Created: 2048x2048x4 minecraft:textures/atlas/blocks.png-atlas
[00:36:16] [Render thread/INFO] (Minecraft) Created: 512x512x0 minecraft:textures/atlas/chest.png-atlas
[00:36:16] [Render thread/INFO] (Minecraft) Created: 256x128x0 minecraft:textures/atlas/celestials.png-atlas
[00:36:16] [Render thread/INFO] (Minecraft) Created: 1024x512x0 minecraft:textures/atlas/banner_patterns.png-atlas
[00:36:16] [Render thread/INFO] (Minecraft) Created: 1024x512x0 minecraft:textures/atlas/items.png-atlas
[00:36:16] [Render thread/INFO] (Minecraft) Created: 1024x1024x0 minecraft:textures/atlas/gui.png-atlas
[00:36:17] [Render thread/INFO] (Minecraft) Created: 128x64x0 minecraft:textures/atlas/map_decorations.png-atlas
[00:36:17] [Render thread/INFO] (Minecraft) Created: 512x512x0 minecraft:textures/atlas/shulker_boxes.png-atlas
[00:36:21] [Render thread/INFO] (Minecraft) Resizing Chunk Sections UBO, capacity limit of 128 reached during a single frame. New capacity will be 256.
[00:36:22] [Server thread/WARN] (Minecraft) Can't keep up! Is the server overloaded? Running 7605ms or 152 ticks behind
[00:36:24] [Render thread/INFO] (Minecraft) Resizing Chunk Sections UBO, capacity limit of 256 reached during a single frame. New capacity will be 512.
[00:36:26] [Test thread/INFO] (MetalLifecycleGameTest) Metal lifecycle validation: resource reload completed
[00:36:26] [Render thread/INFO] (MetalLifecycleGameTest) Metal terrain shadows: 662 draws, 1006 rendered frames
[00:36:26] [Render thread/INFO] (Minecraft) Resizing Chunk Sections UBO, capacity limit of 512 reached during a single frame. New capacity will be 1024.
[00:36:26] [Render thread/INFO] (Minecraft) Resizing Dynamic Transforms UBO, capacity limit of 16 reached during a single frame. New capacity will be 32.
[00:36:26] [Test thread/INFO] (MetalLifecycleGameTest) Metal lifecycle validation: screenshot written to /Users/jackangione/Desktop/VULKAN SHADERS/run/screenshots/0000_metalcraft-world-metal.png
[00:36:26] [Render thread/INFO] (WorldGeometryAdapter) Shader pack 'metalcraft-standard' leaves 2 pipeline(s) outside the G-buffer: [minecraft:pipeline/translucent_terrain, minecraft:pipeline/entity_translucent]
[00:36:26] [Render thread/ERROR] (ShaderPackRuntime) MetalCraft shader pack 'metalcraft-lifecycle-missing-pack': Unknown shader pack 'metalcraft-lifecycle-missing-pack'

dev.metalcraft.client.shader.ShaderPackLoader$LoadException: Unknown shader pack 'metalcraft-lifecycle-missing-pack'
	at knot//dev.metalcraft.client.shader.ShaderPackRuntime.loadById(ShaderPackRuntime.java:447)
	at knot//dev.metalcraft.client.shader.ShaderPackRuntime.loadSelected(ShaderPackRuntime.java:285)
	at knot//dev.metalcraft.client.shader.ShaderPackRuntime.selectPack(ShaderPackRuntime.java:164)
	at knot//dev.metalcraft.client.test.MetalLifecycleGameTest$ShaderLifecycleSelection.lambda$assertFailureRecovery$0(MetalLifecycleGameTest.java:265)
	at knot//net.fabricmc.fabric.impl.client.gametest.context.ClientGameTestContextImpl.lambda$runOnClient$0(ClientGameTestContextImpl.java:536)
	at knot//net.fabricmc.fabric.impl.client.gametest.threading.ThreadingImpl.runTaskOnThisThread(ThreadingImpl.java:229)
	at knot//net.fabricmc.fabric.impl.client.gametest.threading.ThreadingImpl.lambda$runTaskOnOtherThread$0(ThreadingImpl.java:210)
	at knot//net.minecraft.client.Minecraft.postRunTasks(Minecraft.java:6231)
	at knot//net.minecraft.client.Minecraft.handler$zmj000$fabric-client-gametest-api-v1$postRunTasksHook(Minecraft.java:6183)
	at knot//net.minecraft.client.Minecraft.runTick(Minecraft.java:1175)
	at knot//net.minecraft.client.Minecraft.run$mixinextras$wrapped$286(Minecraft.java:899)
	at knot//net.minecraft.client.Minecraft.mixinextras$bridge$run$mixinextras$wrapped$286$287(Minecraft.java)
	at knot//net.minecraft.client.Minecraft.wrapMethod$zmj000$fabric-client-gametest-api-v1$onRun(Minecraft.java:6151)
	at knot//net.minecraft.client.Minecraft.run(Minecraft.java)
	at knot//net.minecraft.client.main.Main.main(Main.java:277)
	at net.fabricmc.loader.impl.game.minecraft.MinecraftGameProvider.launch(MinecraftGameProvider.java:514)
	at net.fabricmc.loader.impl.launch.knot.Knot.launch(Knot.java:72)
	at net.fabricmc.loader.impl.launch.knot.KnotClient.main(KnotClient.java:23)
	at net.fabricmc.devlaunchinjector.Main.main(Main.java:86)
[00:36:26] [Render thread/INFO] (ShaderPackRuntime) Loaded MetalCraft shader pack 'MetalCraft Standard': 3 pass(es), 4 target(s), 18 option(s), 3686400 bytes
[00:36:27] [Render thread/INFO] (MetalLifecycleGameTest) Metal terrain shadows: 698 draws, 31 rendered frames
[00:36:27] [Test thread/INFO] (MetalLifecycleGameTest) Metal shader lifecycle validation: reload, resize, failure fallback and recovery passed
[00:36:30] [Test thread/INFO] (MetalLifecycleGameTest) Metal lifecycle performance: backend=Metal phase=lifecycle frames=138 seconds=2.5 avgFps=54.7 onePercentLow=41.5 pointOnePercentLow=41.5 p50CpuMs=17.135 p95CpuMs=18.764 p99CpuMs=21.469 p50IntervalMs=17.787 p99IntervalMs=24.065 worstIntervalMs=24.076 p50AcquireMs=0.012 p99AcquireMs=0.030 p50OutsideLoopMs=0.039 p99OutsideLoopMs=0.069
[00:36:30] [Test thread/INFO] (MetalLifecycleGameTest) Metal lifecycle stall: phase=lifecycle whole-phase render_frame=2382.610ms/138 gpu_frame=774.492ms/138 command_batch=395.392ms/276 15.3MiB client_post_tasks=93.639ms/138 buffer_create=80.118ms/37275 73.2MiB buffer_map=32.856ms/188952 59.1MiB client_tick=28.834ms/50 jvm_gc=12.000ms/5 client_packets=8.371ms/138 upload_copy=3.405ms/659 21.8MiB submit=2.841ms/138 resource_release=2.529ms/37233 71.4MiB acquire=2.037ms/138 client_post_render=1.899ms/138 client_pre_frame=0.873ms/138 level_end_frame=0.795ms/138 harness_handoff=0.357ms/56 client_pre_render=0.262ms/138 arena_wait=0.151ms/138 present=0.147ms/138 client_gizmos=0.092ms/50 client_tasks=0.067ms/138 task_drain=0.044ms/138 render_pass_merge=0.000ms/827
[00:36:30] [Test thread/INFO] (MetalLifecycleGameTest) Metal lifecycle stall: phase=lifecycle worst-1% render_frame=21.544ms/1 gpu_frame=5.506ms/1 jvm_gc=4.000ms/1 command_batch=2.808ms/2 0.1MiB client_post_tasks=2.002ms/1 buffer_create=0.624ms/259 0.5MiB client_tick=0.488ms/1 buffer_map=0.241ms/1319 0.4MiB submit=0.029ms/1 resource_release=0.023ms/259 0.5MiB upload_copy=0.021ms/2 0.0MiB acquire=0.020ms/1 client_post_render=0.013ms/1 harness_handoff=0.011ms/2 level_end_frame=0.007ms/1 client_pre_frame=0.004ms/1 client_pre_render=0.002ms/1 present=0.001ms/1 client_gizmos=0.001ms/1 arena_wait=0.001ms/1 client_tasks=0.000ms/1 client_packets=0.000ms/1 task_drain=0.000ms/1 render_pass_merge=0.000ms/6
[00:36:30] [Test thread/INFO] (MetalLifecycleGameTest) Metal lifecycle stall: phase=lifecycle tasks total=0.008ms/4 dev.metalcraft.client.test.MetalLifecycleGameTest$$Lambda=0.008ms/4
[00:36:30] [Test thread/INFO] (MetalLifecycleGameTest) Metal lifecycle stall: phase=lifecycle gpuPassSpans sumOfSpans=3699.958ms/2117 MetalCraft shader: shadow_terrain=685.099ms/167 Section layers for opaque=523.592ms/167 Section layers for translucent=503.567ms/167 Immediate draw with minecraft:pipeline/entity_translucent=488.416ms/167 MetalCraft shader: grade=484.056ms/167 (depth clear)=426.888ms/334 Particles - Solid=394.621ms/164 Sky disc=181.071ms/167 Animate minecraft:textures/atlas/blocks.png=5.370ms/300 GUI before blur=5.123ms/167 Animate minecraft:textures/atlas/particles.png=0.994ms/60 Update light=0.769ms/60
[00:36:30] [Test thread/INFO] (MetalLifecycleGameTest) Metal lifecycle stall: phase=lifecycle frame=30 intervalMs=24.076 cpuMs=21.469 outsideLoopMs=0.035 render_frame=21.544ms/1 gpu_frame=5.506ms/1 jvm_gc=4.000ms/1 command_batch=2.808ms/2 0.1MiB client_post_tasks=2.002ms/1 buffer_create=0.624ms/259 0.5MiB client_tick=0.488ms/1 buffer_map=0.241ms/1319 0.4MiB submit=0.029ms/1 resource_release=0.023ms/259 0.5MiB upload_copy=0.021ms/2 0.0MiB acquire=0.020ms/1 client_post_render=0.013ms/1 harness_handoff=0.011ms/2 level_end_frame=0.007ms/1 client_pre_frame=0.004ms/1 client_pre_render=0.002ms/1 present=0.001ms/1 client_gizmos=0.001ms/1 arena_wait=0.001ms/1 client_tasks=0.000ms/1 client_packets=0.000ms/1 task_drain=0.000ms/1 render_pass_merge=0.000ms/6 unphasedMs=-0.013
[00:36:30] [Test thread/INFO] (MetalLifecycleGameTest) Metal lifecycle stall: phase=lifecycle frame=21 intervalMs=24.065 cpuMs=17.003 outsideLoopMs=0.034 render_frame=17.068ms/1 client_post_tasks=6.426ms/1 gpu_frame=5.534ms/1 command_batch=2.873ms/2 0.1MiB buffer_create=0.559ms/259 0.1MiB client_tick=0.526ms/1 buffer_map=0.245ms/1321 0.5MiB submit=0.027ms/1 upload_copy=0.019ms/2 0.0MiB acquire=0.015ms/1 resource_release=0.014ms/257 0.0MiB client_post_render=0.012ms/1 level_end_frame=0.006ms/1 harness_handoff=0.006ms/1 client_pre_frame=0.005ms/1 client_pre_render=0.002ms/1 client_gizmos=0.002ms/1 arena_wait=0.001ms/1 present=0.001ms/1 client_tasks=0.000ms/1 task_drain=0.000ms/1 client_packets=0.000ms/1 render_pass_merge=0.000ms/6 unphasedMs=-0.011
[00:36:30] [Test thread/INFO] (MetalLifecycleGameTest) Metal lifecycle stall: phase=lifecycle frame=71 intervalMs=23.112 cpuMs=21.090 outsideLoopMs=0.039 render_frame=21.168ms/1 gpu_frame=5.447ms/1 buffer_create=3.360ms/266 0.5MiB command_batch=2.914ms/2 0.1MiB jvm_gc=2.000ms/1 client_post_tasks=1.388ms/1 client_tick=0.506ms/1 buffer_map=0.253ms/1350 0.4MiB submit=0.031ms/1 upload_copy=0.024ms/2 0.0MiB resource_release=0.022ms/266 0.5MiB acquire=0.017ms/1 client_post_render=0.015ms/1 harness_handoff=0.008ms/1 client_pre_frame=0.005ms/1 level_end_frame=0.005ms/1 present=0.004ms/1 client_gizmos=0.002ms/1 client_pre_render=0.001ms/1 arena_wait=0.001ms/1 client_tasks=0.001ms/1 task_drain=0.001ms/1 client_packets=0.000ms/1 render_pass_merge=0.000ms/6 unphasedMs=-0.013
[00:36:30] [Test thread/INFO] (MetalLifecycleGameTest) Metal lifecycle stall: phase=lifecycle frame=133 intervalMs=22.323 cpuMs=19.701 outsideLoopMs=0.030 render_frame=19.785ms/1 gpu_frame=6.027ms/1 command_batch=3.392ms/2 0.1MiB client_post_tasks=1.989ms/1 buffer_create=0.662ms/293 0.6MiB client_tick=0.505ms/1 buffer_map=0.274ms/1494 0.5MiB submit=0.031ms/1 upload_copy=0.026ms/2 0.0MiB acquire=0.021ms/1 resource_release=0.020ms/291 0.5MiB client_post_render=0.009ms/1 client_pre_frame=0.009ms/1 level_end_frame=0.009ms/1 harness_handoff=0.007ms/1 arena_wait=0.002ms/1 client_pre_render=0.002ms/1 present=0.001ms/1 client_gizmos=0.001ms/1 client_tasks=0.000ms/1 task_drain=0.000ms/1 client_packets=0.000ms/1 render_pass_merge=0.000ms/6 unphasedMs=-0.008
[00:36:30] [Test thread/INFO] (MetalLifecycleGameTest) Metal lifecycle stall: phase=lifecycle frame=136 intervalMs=22.274 cpuMs=22.131 outsideLoopMs=0.046 render_frame=22.188ms/1 gpu_frame=5.592ms/1 command_batch=3.277ms/2 0.1MiB jvm_gc=3.000ms/1 buffer_create=0.698ms/291 0.5MiB buffer_map=0.258ms/1491 0.4MiB client_packets=0.029ms/1 resource_release=0.024ms/291 0.5MiB submit=0.023ms/1 upload_copy=0.017ms/2 0.0MiB client_post_render=0.012ms/1 acquire=0.009ms/1 client_pre_frame=0.007ms/1 level_end_frame=0.006ms/1 client_pre_render=0.002ms/1 present=0.001ms/1 client_post_tasks=0.001ms/1 arena_wait=0.001ms/1 client_tasks=0.000ms/1 task_drain=0.000ms/1 render_pass_merge=0.000ms/6 unphasedMs=-0.011
[00:36:30] [Test thread/INFO] (MetalLifecycleGameTest) Metal lifecycle stall: phase=lifecycle frame=119 intervalMs=21.592 cpuMs=19.491 outsideLoopMs=0.035 render_frame=19.564ms/1 gpu_frame=5.878ms/1 command_batch=3.248ms/2 0.1MiB client_post_tasks=1.426ms/1 buffer_create=0.672ms/289 0.5MiB client_tick=0.557ms/1 buffer_map=0.279ms/1467 0.4MiB upload_copy=0.031ms/6 0.4MiB submit=0.026ms/1 resource_release=0.022ms/289 0.5MiB acquire=0.021ms/1 client_post_render=0.010ms/1 level_end_frame=0.007ms/1 harness_handoff=0.006ms/1 client_pre_frame=0.005ms/1 client_gizmos=0.002ms/1 client_pre_render=0.001ms/1 arena_wait=0.001ms/1 present=0.001ms/1 client_tasks=0.001ms/1 task_drain=0.001ms/1 client_packets=0.000ms/1 render_pass_merge=0.000ms/6 unphasedMs=-0.009
[00:36:30] [Test thread/INFO] (MetalLifecycleGameTest) Metal lifecycle stall: phase=lifecycle frame=63 intervalMs=21.540 cpuMs=18.595 outsideLoopMs=0.040 render_frame=18.682ms/1 gpu_frame=5.392ms/1 command_batch=3.080ms/2 0.1MiB client_post_tasks=2.267ms/1 buffer_create=0.668ms/266 0.5MiB client_tick=0.542ms/1 buffer_map=0.269ms/1350 0.4MiB upload_copy=0.031ms/2 0.0MiB submit=0.030ms/1 acquire=0.029ms/1 resource_release=0.025ms/266 0.5MiB client_post_render=0.014ms/1 harness_handoff=0.009ms/1 level_end_frame=0.007ms/1 client_pre_frame=0.004ms/1 client_pre_render=0.002ms/1 arena_wait=0.002ms/1 present=0.001ms/1 client_gizmos=0.001ms/1 client_tasks=0.001ms/1 client_packets=0.001ms/1 task_drain=0.000ms/1 render_pass_merge=0.000ms/6 unphasedMs=-0.012
[00:36:30] [Test thread/INFO] (MetalLifecycleGameTest) Metal lifecycle stall: phase=lifecycle frame=74 intervalMs=21.158 cpuMs=18.002 outsideLoopMs=0.037 render_frame=18.080ms/1 gpu_frame=5.438ms/1 command_batch=2.977ms/2 0.1MiB client_post_tasks=2.279ms/1 client_tick=0.749ms/1 buffer_create=0.670ms/266 0.5MiB buffer_map=0.260ms/1350 0.4MiB resource_release=0.045ms/266 0.5MiB upload_copy=0.041ms/2 0.0MiB submit=0.027ms/1 acquire=0.027ms/1 client_post_render=0.013ms/1 harness_handoff=0.008ms/2 client_pre_frame=0.007ms/1 level_end_frame=0.005ms/1 client_gizmos=0.002ms/1 client_pre_render=0.002ms/1 arena_wait=0.001ms/1 present=0.001ms/1 client_tasks=0.000ms/1 task_drain=0.000ms/1 client_packets=0.000ms/1 render_pass_merge=0.000ms/6 unphasedMs=-0.012
[00:36:30] [Server thread/INFO] (Minecraft) Player428 lost connection: Disconnected
[00:36:30] [Server thread/INFO] (Minecraft) Player428 left the game
[00:36:30] [Server thread/INFO] (Minecraft) Stopping singleplayer server as player logged out
[00:36:30] [Server thread/INFO] (Minecraft) Stopping server
[00:36:30] [Server thread/INFO] (Minecraft) Saving players
[00:36:30] [Server thread/INFO] (Minecraft) Saving worlds
[00:36:30] [Server thread/INFO] (Minecraft) Saving chunks for level 'ServerLevel[New World]'/minecraft:overworld
[00:36:31] [Server thread/INFO] (Minecraft) Saving chunks for level 'ServerLevel[New World]'/minecraft:the_nether
[00:36:31] [Server thread/INFO] (Minecraft) Saving chunks for level 'ServerLevel[New World]'/minecraft:the_end
[00:36:31] [Server thread/INFO] (Minecraft) ThreadedAnvilChunkStorage (world): All chunks are saved
[00:36:31] [Server thread/INFO] (Minecraft) ThreadedAnvilChunkStorage (DIM-1): All chunks are saved
[00:36:31] [Server thread/INFO] (Minecraft) ThreadedAnvilChunkStorage (DIM1): All chunks are saved
[00:36:31] [Server thread/INFO] (Minecraft) ThreadedAnvilChunkStorage: All dimensions are saved
[00:36:31] [Render thread/INFO] (WorldGeometryAdapter) Shader pack 'metalcraft-standard' leaves 2 pipeline(s) outside the G-buffer: [minecraft:pipeline/translucent_terrain, minecraft:pipeline/entity_translucent]
[00:36:31] [Render thread/INFO] (ShaderPackRuntime) Loaded MetalCraft shader pack 'MetalCraft Standard': 3 pass(es), 4 target(s), 18 option(s), 3686400 bytes
[00:36:31] [Test thread/INFO] (MetalLifecycleGameTest) Metal lifecycle validation: world closed; clean client shutdown requested
[00:36:31] [Render thread/INFO] (Minecraft) Loaded 1585 recipes
[00:36:31] [Render thread/INFO] (Minecraft) Loaded 1688 advancements
[00:36:31] [Render thread/INFO] (fabric-client-gametest-api-v1) World loading finished: null screen: net.minecraft.client.gui.screens.GenericMessageScreen@20c71aa4
[00:36:31] [Render thread/INFO] (BiomeModificationImpl) Applied 0 biome modifications to 0 of 66 new biomes in 189.0 μs
[00:36:31] [Server thread/INFO] (Minecraft) Starting integrated minecraft server version 26.2
[00:36:31] [Server thread/INFO] (Minecraft) Generating keypair
[00:36:31] [Server thread/INFO] (Minecraft) Selecting global world spawn...
[00:36:31] [Server thread/INFO] (Minecraft) Loading 0 persistent chunks...
[00:36:31] [Server thread/INFO] (Minecraft) Preparing spawn area: 16%
[00:36:31] [Server thread/INFO] (Minecraft) Saving chunks for level 'ServerLevel[New World]'/minecraft:overworld
[00:36:31] [Server thread/INFO] (Minecraft) Saving chunks for level 'ServerLevel[New World]'/minecraft:the_nether
[00:36:31] [Server thread/INFO] (Minecraft) Saving chunks for level 'ServerLevel[New World]'/minecraft:the_end
[00:36:31] [Server thread/INFO] (Minecraft) ThreadedAnvilChunkStorage (world): All chunks are saved
[00:36:31] [Server thread/INFO] (Minecraft) ThreadedAnvilChunkStorage (DIM-1): All chunks are saved
[00:36:31] [Server thread/INFO] (Minecraft) ThreadedAnvilChunkStorage (DIM1): All chunks are saved
[00:36:31] [Server thread/INFO] (Minecraft) ThreadedAnvilChunkStorage: All dimensions are saved
[00:36:32] [Render thread/INFO] (fabric-client-gametest-api-v1) World loading finished: null screen: net.minecraft.client.gui.screens.LevelLoadingScreen@6ac22b6f
[00:36:32] [Render thread/INFO] (fabric-client-gametest-api-v1) World loading finished: null screen: net.minecraft.client.gui.screens.LevelLoadingScreen@6ac22b6f
[00:36:32] [Render thread/INFO] (fabric-client-gametest-api-v1) World loading finished: null screen: net.minecraft.client.gui.screens.LevelLoadingScreen@6ac22b6f
[00:36:32] [Render thread/INFO] (fabric-client-gametest-api-v1) World loading finished: null screen: net.minecraft.client.gui.screens.LevelLoadingScreen@6ac22b6f
[00:36:32] [Server thread/INFO] (Minecraft) Loading 48 chunks for player spawn...
[00:36:32] [Server thread/INFO] (Minecraft) Preparing spawn area: 16%
[00:36:32] [Render thread/INFO] (fabric-client-gametest-api-v1) World loading finished: null screen: net.minecraft.client.gui.screens.LevelLoadingScreen@6ac22b6f
[00:36:32] [Render thread/INFO] (fabric-client-gametest-api-v1) World loading finished: null screen: net.minecraft.client.gui.screens.LevelLoadingScreen@6ac22b6f
[00:36:32] [Render thread/INFO] (fabric-client-gametest-api-v1) World loading finished: null screen: net.minecraft.client.gui.screens.LevelLoadingScreen@6ac22b6f
[00:36:32] [Render thread/INFO] (fabric-client-gametest-api-v1) World loading finished: null screen: net.minecraft.client.gui.screens.LevelLoadingScreen@6ac22b6f
[00:36:32] [Render thread/INFO] (fabric-client-gametest-api-v1) World loading finished: null screen: net.minecraft.client.gui.screens.LevelLoadingScreen@6ac22b6f
[00:36:32] [Render thread/INFO] (fabric-client-gametest-api-v1) World loading finished: null screen: net.minecraft.client.gui.screens.LevelLoadingScreen@6ac22b6f
[00:36:32] [Render thread/INFO] (fabric-client-gametest-api-v1) World loading finished: null screen: net.minecraft.client.gui.screens.LevelLoadingScreen@6ac22b6f
[00:36:32] [Render thread/INFO] (fabric-client-gametest-api-v1) World loading finished: null screen: net.minecraft.client.gui.screens.LevelLoadingScreen@6ac22b6f
[00:36:32] [Render thread/INFO] (fabric-client-gametest-api-v1) World loading finished: null screen: net.minecraft.client.gui.screens.LevelLoadingScreen@6ac22b6f
[00:36:32] [Server thread/INFO] (Minecraft) Preparing spawn area: 58%
[00:36:32] [Render thread/INFO] (fabric-client-gametest-api-v1) World loading finished: null screen: net.minecraft.client.gui.screens.LevelLoadingScreen@6ac22b6f
[00:36:32] [Render thread/INFO] (fabric-client-gametest-api-v1) World loading finished: null screen: net.minecraft.client.gui.screens.LevelLoadingScreen@6ac22b6f
[00:36:32] [Server thread/INFO] (Minecraft) Time elapsed: 1110 ms
[00:36:32] [Render thread/INFO] (fabric-client-gametest-api-v1) World loading finished: null screen: net.minecraft.client.gui.screens.LevelLoadingScreen@6ac22b6f
[00:36:32] [Server thread/INFO] (Minecraft) Player428[local:E:1ee43973] logged in with entity id 268 at (160.5, 70.0, 160.5)
[00:36:32] [Server thread/INFO] (Minecraft) Player428 joined the game
[00:36:32] [Server thread/INFO] (Minecraft) Changing view distance to 16, from 10
[00:36:32] [Server thread/INFO] (Minecraft) Changing simulation distance to 16, from 0
[00:36:32] [Render thread/INFO] (Minecraft) Loaded 2 advancements
[00:36:32] [Render thread/INFO] (fabric-client-gametest-api-v1) World loading finished: ClientLevel screen: net.minecraft.client.gui.screens.LevelLoadingScreen@6ac22b6f
[00:36:32] [Render thread/INFO] (fabric-client-gametest-api-v1) World loading finished: ClientLevel screen: net.minecraft.client.gui.screens.LevelLoadingScreen@6ac22b6f
[00:36:32] [Download-1/ERROR] (Minecraft) Failed to retrieve profile key pair

MinecraftClientHttpException[type=HTTP_ERROR, status=401, response=ErrorResponse[path=/player/certificates, error=null, errorMessage=null, details=null]]
	at knot//com.mojang.authlib.minecraft.client.MinecraftClient.buildHttpException(MinecraftClient.java:170)
	at knot//com.mojang.authlib.minecraft.client.MinecraftClient.readServiceResponse(MinecraftClient.java:147)
	at knot//com.mojang.authlib.minecraft.client.MinecraftClient.post(MinecraftClient.java:89)
	at knot//com.mojang.authlib.yggdrasil.YggdrasilUserApiService.getKeyPair(YggdrasilUserApiService.java:62)
	at knot//net.minecraft.client.multiplayer.AccountProfileKeyPairManager.fetchProfileKeyPair(AccountProfileKeyPairManager.java:119)
	at knot//net.minecraft.client.multiplayer.AccountProfileKeyPairManager.lambda$readOrFetchProfileKeyPair$0(AccountProfileKeyPairManager.java:72)
	at java.base/java.util.concurrent.CompletableFuture$AsyncSupply.run(CompletableFuture.java:1789)
	at java.base/java.util.concurrent.ThreadPoolExecutor.runWorker(ThreadPoolExecutor.java:1090)
	at java.base/java.util.concurrent.ThreadPoolExecutor$Worker.run(ThreadPoolExecutor.java:614)
	at java.base/java.lang.Thread.run(Thread.java:1474)
[00:36:32] [Render thread/INFO] (fabric-client-gametest-api-v1) World loading finished: ClientLevel screen: net.minecraft.client.gui.screens.LevelLoadingScreen@6ac22b6f
[00:36:32] [Render thread/INFO] (fabric-client-gametest-api-v1) World loading finished: ClientLevel screen: net.minecraft.client.gui.screens.LevelLoadingScreen@6ac22b6f
[00:36:33] [Render thread/INFO] (fabric-client-gametest-api-v1) World loading finished: ClientLevel screen: net.minecraft.client.gui.screens.LevelLoadingScreen@6ac22b6f
[00:36:33] [Render thread/INFO] (fabric-client-gametest-api-v1) World loading finished: ClientLevel screen: net.minecraft.client.gui.screens.LevelLoadingScreen@6ac22b6f
[00:36:33] [Render thread/INFO] (fabric-client-gametest-api-v1) World loading finished: ClientLevel screen: net.minecraft.client.gui.screens.LevelLoadingScreen@6ac22b6f
[00:36:33] [Render thread/INFO] (fabric-client-gametest-api-v1) World loading finished: ClientLevel screen: net.minecraft.client.gui.screens.LevelLoadingScreen@6ac22b6f
[00:36:33] [Render thread/INFO] (fabric-client-gametest-api-v1) World loading finished: ClientLevel screen: net.minecraft.client.gui.screens.LevelLoadingScreen@6ac22b6f
[00:36:33] [Render thread/INFO] (fabric-client-gametest-api-v1) World loading finished: ClientLevel screen: net.minecraft.client.gui.screens.LevelLoadingScreen@6ac22b6f
[00:36:33] [Render thread/INFO] (fabric-client-gametest-api-v1) World loading finished: ClientLevel screen: net.minecraft.client.gui.screens.LevelLoadingScreen@6ac22b6f
[00:36:33] [Render thread/INFO] (fabric-client-gametest-api-v1) World loading finished: ClientLevel screen: net.minecraft.client.gui.screens.LevelLoadingScreen@6ac22b6f
[00:36:33] [Render thread/INFO] (fabric-client-gametest-api-v1) World loading finished: ClientLevel screen: net.minecraft.client.gui.screens.LevelLoadingScreen@6ac22b6f
[00:36:33] [Render thread/INFO] (fabric-client-gametest-api-v1) World loading finished: ClientLevel screen: net.minecraft.client.gui.screens.LevelLoadingScreen@6ac22b6f
[00:36:33] [Render thread/INFO] (fabric-client-gametest-api-v1) World loading finished: ClientLevel screen: null
[00:36:34] [Test thread/INFO] (MetalCreativeSearchGameTest) Metal creative search validation: world loaded
[00:36:35] [Test thread/INFO] (MetalCreativeSearchGameTest) Metal creative search validation: creative screen open
[00:36:35] [Test thread/INFO] (MetalCreativeSearchGameTest) Metal creative search validation: search tab selected, rendered clean
[00:36:35] [Test thread/INFO] (MetalCreativeSearchGameTest) Metal creative search validation: rendered results for "s"
[00:36:36] [Test thread/INFO] (MetalCreativeSearchGameTest) Metal creative search validation: rendered results for "st"
[00:36:36] [Test thread/INFO] (MetalCreativeSearchGameTest) Metal creative search validation: rendered results for "sto"
[00:36:36] [Test thread/INFO] (MetalCreativeSearchGameTest) Metal creative search validation: rendered results for "ston"
[00:36:36] [Test thread/INFO] (MetalCreativeSearchGameTest) Metal creative search validation: rendered results for "stone"
[00:36:37] [Test thread/INFO] (MetalCreativeSearchGameTest) Metal creative search validation: item atlas survived a full query
[00:36:37] [Server thread/INFO] (Minecraft) Player428 lost connection: Disconnected
[00:36:37] [Server thread/INFO] (Minecraft) Player428 left the game
[00:36:37] [Server thread/INFO] (Minecraft) Stopping singleplayer server as player logged out
[00:36:37] [Server thread/INFO] (Minecraft) Stopping server
[00:36:37] [Server thread/INFO] (Minecraft) Saving players
[00:36:37] [Server thread/INFO] (Minecraft) Saving worlds
[00:36:37] [Server thread/INFO] (Minecraft) Saving chunks for level 'ServerLevel[New World]'/minecraft:overworld
[00:36:38] [Server thread/INFO] (Minecraft) Saving chunks for level 'ServerLevel[New World]'/minecraft:the_nether
[00:36:38] [Server thread/INFO] (Minecraft) Saving chunks for level 'ServerLevel[New World]'/minecraft:the_end
[00:36:38] [Server thread/INFO] (Minecraft) ThreadedAnvilChunkStorage (world): All chunks are saved
[00:36:38] [Server thread/INFO] (Minecraft) ThreadedAnvilChunkStorage (DIM-1): All chunks are saved
[00:36:38] [Server thread/INFO] (Minecraft) ThreadedAnvilChunkStorage (DIM1): All chunks are saved
[00:36:38] [Server thread/INFO] (Minecraft) ThreadedAnvilChunkStorage: All dimensions are saved
[00:36:38] [Render thread/INFO] (Minecraft) Stopping!
[00:36:38] [Render thread/INFO] (WorldGeometryAdapter) Shader pack 'metalcraft-standard' leaves 3 pipeline(s) outside the G-buffer: [minecraft:pipeline/translucent_terrain, minecraft:pipeline/entity_translucent, minecraft:pipeline/item_cutout]

BUILD SUCCESSFUL in 42s
8 actionable tasks: 1 executed, 7 up-to-date
