
> Configure project :
Fabric Loom: 1.17.21

> Task :compileJava NO-SOURCE
> Task :processResources UP-TO-DATE
> Task :classes UP-TO-DATE
> Task :compileClientJava
> Task :compileMetalNative UP-TO-DATE
> Task :processClientResources UP-TO-DATE
> Task :processIncludeJars UP-TO-DATE
> Task :jar
> Task :sourcesJar
> Task :assemble
> Task :clientClasses
> Task :compileShaderSmokeJava
> Task :processShaderSmokeResources NO-SOURCE
> Task :shaderSmokeClasses

> Task :lodMetalSmoke
WARNING: A restricted method in java.lang.System has been called
WARNING: java.lang.System::load has been called by dev.metalcraft.client.metal.MetalNative in an unnamed module (file:/Users/jackangione/Desktop/VULKAN%20SHADERS/build/classes/java/client/)
WARNING: Use --enable-native-access=ALL-UNNAMED to avoid a warning for callers in this module
WARNING: Restricted methods will be blocked in a future release unless native access is enabled

2026-09-20 10:33:50.130 java[38116:20693950] Metal API Validation Enabled
Metal uniform tails passed: logical 12/56-byte blocks, padded allocation, exact member readback
WARNING: A terminally deprecated method in sun.misc.Unsafe has been called
WARNING: sun.misc.Unsafe::objectFieldOffset has been called by org.joml.MemUtil$MemUtilUnsafe (file:/Users/jackangione/.gradle/caches/modules-2/files-2.1/org.joml/joml/1.10.8/fc0a71dad90a2cf41d82a76156a0e700af8e4f8d/joml-1.10.8.jar)
WARNING: Please consider reporting this to the maintainers of class org.joml.MemUtil$MemUtilUnsafe
WARNING: sun.misc.Unsafe::objectFieldOffset will be removed in a future release
Distance lighting contracts passed: 648 legacy/HDR, debug, fog, unoccluded and threshold cases; max channel error=0.001953125
LOD world-queue timeline passed: active-pass reservations, deferred residency, empty borrows, 20 submissions
[10:33:51] [main/INFO]: Loaded MetalCraft shader pack 'MetalCraft Standard': 3 pass(es), 4 target(s), 18 option(s), 0 bytes
[10:33:51] [main/INFO]: Loaded MetalCraft shader pack 'MetalCraft Standard': 3 pass(es), 4 target(s), 18 option(s), 65536 bytes
[10:33:51] [main/INFO]: Loaded MetalCraft shader pack 'MetalCraft Standard': 3 pass(es), 4 target(s), 18 option(s), 65536 bytes
[10:33:51] [main/WARN]: LOD terrain pipeline declined metalcraft:smoke/lod_world; ordinary geometry remains active
java.lang.IllegalArgumentException: Unsupported linear world shader source: minecraft:core/terrain.fsh
	at dev.metalcraft.client.metal.LinearWorldShaders.verify(LinearWorldShaders.java:70)
	at dev.metalcraft.client.metal.LodShaderSources.fragment(LodShaderSources.java:27)
	at dev.metalcraft.client.metal.MetalGpuDevice.lambda$lodPipeline$0(MetalGpuDevice.java:718)
	at java.base/java.util.HashMap.computeIfAbsent(HashMap.java:1229)
	at dev.metalcraft.client.metal.MetalGpuDevice.lodPipeline(MetalGpuDevice.java:692)
	at dev.metalcraft.client.metal.MetalLodWorldSmoke.run(MetalLodWorldSmoke.java:57)
	at dev.metalcraft.client.lod.LodMetalSmoke.main(LodMetalSmoke.java:19)
LOD world Metal passed: original vs merged BLOCK, no pack/Standard legacy/HDR, atlas mips, depth, odd sizes and reload retirement
LOD Metal prototype passed: tiers 1/4, repeated atlas texture, bounded mips, odd dimensions, reverse-Z coverage and in-flight retirement

> Task :lodSmoke
Solid fixture: 3072 -> 732 triangles; world error 0
Distant cache smoke passed: exact parents, persistence, corruption, global budget/lock, visible priority, stale queues, clear/close races
LOD smoke passed: settings recovery/round trip/gates, exact surface coverage, caves/overhangs/materials/seams, selection and stale/bounded jobs

> Task :metalFrameMetricsSmoke
WARNING: A restricted method in java.lang.System has been called
WARNING: java.lang.System::load has been called by dev.metalcraft.client.metal.MetalNative in an unnamed module (file:/Users/jackangione/Desktop/VULKAN%20SHADERS/build/classes/java/client/)
WARNING: Use --enable-native-access=ALL-UNNAMED to avoid a warning for callers in this module
WARNING: Restricted methods will be blocked in a future release unless native access is enabled

2026-09-20 10:33:57.189 java[38128:20694186] Metal API Validation Enabled
GPU frame capture passed: multi-buffer spans, empty/incomplete frames and phase isolation

> Task :nativeChunkDistanceSmoke
Native chunk distance smoke passed: 33/36/64/127/128/255/256, exact multi-source distances, move/teleport/remove/resize/drain, wire bounds

> Task :nativeTerrainLodSmoke
Compiled native selection passed: 98,304 scalar comparisons, all radii/strengths, zoom/hysteresis and invalid inputs
Native face eligibility passed: 12,000 original-classifier comparisons including custom/malformed inputs
Native quality distance passed: all 256 radii, onset, restoration, zoom, overrides and saved values
Native LOD transitions passed: saturated queues, preemption, deduplication, completion, late uploads and reset
Geometric LOD shape 0 cell 2: 994 -> 252 quads, 3375 moved vertices
Geometric LOD shape 0 cell 4: 994 -> 84 quads, 3712 moved vertices
Geometric LOD shape 0 cell 8: 994 -> 22 quads, 3908 moved vertices
Geometric LOD shape 0 cell 16: 994 -> 6 quads, 3958 moved vertices
Geometric LOD shape 1 cell 2: 980 -> 246 quads, 3361 moved vertices
Geometric LOD shape 1 cell 4: 980 -> 80 quads, 3692 moved vertices
Geometric LOD shape 1 cell 8: 980 -> 20 quads, 3862 moved vertices
Geometric LOD shape 1 cell 16: 980 -> 6 quads, 3905 moved vertices
Geometric LOD shape 2 cell 2: 1336 -> 320 quads, 4729 moved vertices
Geometric LOD shape 2 cell 4: 1336 -> 120 quads, 5056 moved vertices
Geometric LOD shape 2 cell 8: 1336 -> 24 quads, 5280 moved vertices
Geometric LOD shape 3 cell 2: 1078 -> 270 quads, 3796 moved vertices
Geometric LOD shape 3 cell 4: 1078 -> 88 quads, 4046 moved vertices
Geometric LOD shape 3 cell 8: 1078 -> 22 quads, 4240 moved vertices
Geometric LOD shape 3 cell 16: 1078 -> 6 quads, 4300 moved vertices
Geometric LOD shape 4 cell 2: 1080 -> 485 quads, 2899 moved vertices
Geometric LOD shape 4 cell 4: 1080 -> 350 quads, 3072 moved vertices
Geometric LOD shape 4 cell 8: 1080 -> 300 quads, 3236 moved vertices
Geometric LOD shape 4 cell 16: 1080 -> 287 quads, 3282 moved vertices
Geometric LOD smoke passed: actual displacement, large staircase reduction, closed topology, native section perimeter, protected contacts and bounds
Native surface LOD 2: 256 -> 124 quads (51.5625% fewer)
Native surface LOD 4: 256 -> 76 quads (70.3125% fewer)
Native surface LOD 8: 256 -> 64 quads (75.0% fewer)
Native surface LOD 16: 256 -> 61 quads (76.171875% fewer)
Native terrain LOD smoke passed: distance/zoom/hysteresis, 720 randomized tier cases, exact oriented coverage/materials/edges, fallback and bounds

> Task :sectionStorageSmoke
128-distance bookkeeping: logical slots=1585176 native dirty-tracker construction=69747864 allocated bytes lazy construction=25000 bytes resident=4356 move visits=4356 pages=165
128-distance camera reposition (4356 resident slots; 15 samples): native median=4.338 ms lazy median=0.034 ms
128-distance visibility table: dense=6340720 allocated bytes empty paged=24824 bytes
Section storage: native indices, movement/teleport recycling, all bounds, cleanup, concurrent creation, sparse graph parity and allocation checks passed

> Task :shaderTranslationSmoke
[10:33:59] [main/ERROR]: MetalCraft shader extension dev.metalcraft.client.metal.MetalShaderTranslationSmoke$$Lambda/0x00000fc001043618 failed to register; other extensions will still load
java.lang.IllegalStateException: intentional extension failure
	at dev.metalcraft.client.metal.MetalShaderTranslationSmoke.lambda$assertExtensionIsolation$0(MetalShaderTranslationSmoke.java:392)
	at dev.metalcraft.client.MetalCraftClient.registerExtensions(MetalCraftClient.java:52)
	at dev.metalcraft.client.metal.MetalShaderTranslationSmoke.assertExtensionIsolation(MetalShaderTranslationSmoke.java:395)
	at dev.metalcraft.client.metal.MetalShaderTranslationSmoke.main(MetalShaderTranslationSmoke.java:247)
WARNING: A restricted method in java.lang.System has been called
WARNING: java.lang.System::load has been called by dev.metalcraft.client.metal.MetalNative in an unnamed module (file:/Users/jackangione/Desktop/VULKAN%20SHADERS/build/classes/java/client/)
WARNING: Use --enable-native-access=ALL-UNNAMED to avoid a warning for callers in this module
WARNING: Restricted methods will be blocked in a future release unless native access is enabled

2026-09-20 10:33:59.121 java[38132:20694376] Metal API Validation Enabled
[10:33:59] [main/INFO]: Loaded MetalCraft shader pack 'MetalCraft Standard': 3 pass(es), 4 target(s), 18 option(s), 0 bytes
WARNING: A terminally deprecated method in sun.misc.Unsafe has been called
WARNING: sun.misc.Unsafe::objectFieldOffset has been called by org.lwjgl.system.MemoryUtil (file:/Users/jackangione/.gradle/caches/modules-2/files-2.1/org.lwjgl/lwjgl/3.4.1/129e06a04f93992cb2a45172435b21fc4b60dd7d/lwjgl-3.4.1-unsafe.jar)
WARNING: Please consider reporting this to the maintainers of class org.lwjgl.system.MemoryUtil
WARNING: sun.misc.Unsafe::objectFieldOffset will be removed in a future release
Distant Metal mip sampling passed: quarter resolution, mip caps, ordinary restoration and lifetime
[10:34:00] [main/INFO]: Loaded MetalCraft shader pack 'MetalCraft Standard': 3 pass(es), 4 target(s), 18 option(s), 0 bytes
Terrain resolution: vanilla compilation, half/quarter real targets, odd/tiny extents, coarse color reuse, exact sloped depth, missing/wrong-depth fallback and in-flight retirement passed
Walking reconstruction: fixed receivers stable through walking and rotation-only phases at 1–96 blocks
Shadow filtering: continuous horizontal/vertical edge motion across cascade, resolution and both distance settings passed
LOD shadow Metal passed: every texel of 1–4 cascades matches original BLOCK coverage/depth
Terrain shadows: 1–4 cascades, depth draws, cutouts, visibility, split boundaries and PCF edges passed
Shadow resources: 1–4 cascades, named bindings, reconstruction and immutable uploads passed
Host color transfer: SceneColor matches shared/color.metal references
Lighting frame: McFog layout and identity fog upload passed
Color transfer: sRGB reference values, knees, round trips, alpha and HDR readback passed
Standard geometry HDR: actual terrain/block/entity draws, seed transfer, fog, cutout and metadata passed
HDR composition: stored HDR, linear fog, two forward overlaps, coverage alpha and Standard output transfer passed
[10:34:02] [main/INFO]: Loaded MetalCraft shader pack 'MetalCraft Standard': 3 pass(es), 4 target(s), 18 option(s), 0 bytes
[10:34:02] [main/INFO]: Loaded MetalCraft shader pack 'MetalCraft Standard': 3 pass(es), 4 target(s), 18 option(s), 0 bytes
[10:34:02] [main/INFO]: Loaded MetalCraft shader pack 'MetalCraft Standard': 3 pass(es), 4 target(s), 18 option(s), 0 bytes
[10:34:02] [main/INFO]: Loaded MetalCraft shader pack 'MetalCraft Standard': 3 pass(es), 4 target(s), 18 option(s), 108 bytes
HDR host: backend format variants, blending, explicit grade, odd resize, alias rejection and reload passed
Opaque snapshot: stored HDR/D32 copies, odd/native and half extents, reuse, alias fallback, stale invalidation, resize and in-flight retirement passed
[10:34:02] [main/INFO]: Loaded MetalCraft shader pack 'MetalCraft Standard': 3 pass(es), 4 target(s), 18 option(s), 0 bytes
[10:34:02] [main/INFO]: Loaded MetalCraft shader pack 'MetalCraft Standard': 3 pass(es), 4 target(s), 18 option(s), 128 bytes
Water forward: actual adapter pipeline, BLOCK ABI, nonzero base vertex, mixed identity, sorted indices, debug toggle and HDR blend passed
[10:34:02] [main/INFO]: Loaded MetalCraft shader pack 'MetalCraft Standard': 3 pass(es), 4 target(s), 18 option(s), 0 bytes
[10:34:02] [main/INFO]: Loaded MetalCraft shader pack 'MetalCraft Standard': 3 pass(es), 4 target(s), 18 option(s), 0 bytes
Water depth debug: reverse-Z reconstruction, native and odd half extents, clear-zero far fallback, mixed water/glass and CPU references passed
Water surface GPU: normals/reflections, bounded refraction/absorption, and animated contact-foam identity/rejection fixtures passed
Water reflection GPU: disabled/baseline identity, hit refinement, misses, off-screen and foreground rejection, even/odd extents, bounded confidence and cave sun gating passed
[10:34:02] [main/INFO]: Loaded MetalCraft shader pack 'MetalCraft Standard': 3 pass(es), 4 target(s), 18 option(s), 0 bytes
[10:34:02] [main/INFO]: Loaded MetalCraft shader pack 'MetalCraft Standard': 3 pass(es), 4 target(s), 18 option(s), 0 bytes
[10:34:02] [main/WARN]: Resetting invalid persisted value for shader option 'metalcraft-standard.water_reflection_quality'
[10:34:02] [main/INFO]: Loaded MetalCraft shader pack 'MetalCraft Standard': 3 pass(es), 4 target(s), 18 option(s), 0 bytes
[10:34:02] [main/ERROR]: MetalCraft shader pack 'missing-water-test-pack': Unknown shader pack 'missing-water-test-pack'
dev.metalcraft.client.shader.ShaderPackLoader$LoadException: Unknown shader pack 'missing-water-test-pack'
	at dev.metalcraft.client.shader.ShaderPackRuntime.loadById(ShaderPackRuntime.java:447)
	at dev.metalcraft.client.shader.ShaderPackRuntime.loadSelected(ShaderPackRuntime.java:285)
	at dev.metalcraft.client.shader.ShaderPackRuntime.selectPack(ShaderPackRuntime.java:164)
	at dev.metalcraft.client.metal.WaterOptionsPersistenceSmoke.runPersistence(WaterOptionsPersistenceSmoke.java:63)
	at dev.metalcraft.client.metal.WaterOptionsPersistenceSmoke.run(WaterOptionsPersistenceSmoke.java:14)
	at dev.metalcraft.client.metal.MetalShaderTranslationSmoke.main(MetalShaderTranslationSmoke.java:341)
[10:34:02] [main/INFO]: Loaded MetalCraft shader pack 'MetalCraft Standard': 3 pass(es), 4 target(s), 18 option(s), 0 bytes
Water options: fresh-runtime disk restore, rejected option, invalid persisted tier and failed-pack recovery passed
Underwater surface GPU: identity, periodic, bounded odd/native, and edge fixtures passed
Water metadata: packed ABI, mixed non-water gaps, finite face normals and flow passed
[10:34:02] [main/INFO]: Loaded MetalCraft shader pack 'MetalCraft Standard': 3 pass(es), 4 target(s), 18 option(s), 0 bytes
[10:34:02] [main/INFO]: Loaded MetalCraft shader pack 'MetalCraft Standard': 3 pass(es), 4 target(s), 18 option(s), 0 bytes
[10:34:02] [main/ERROR]: Linear world preflight failed; keeping the encoded world path
java.lang.IllegalArgumentException: Missing linear world sources for metalcraft:smoke/linear_session_unsupported
	at dev.metalcraft.client.metal.MetalGpuDevice.compilePipeline(MetalGpuDevice.java:956)
	at dev.metalcraft.client.metal.MetalGpuDevice.lambda$precompileLinearWorldPipeline$0(MetalGpuDevice.java:756)
	at java.base/java.util.Map.computeIfAbsent(Map.java:1067)
	at dev.metalcraft.client.metal.MetalGpuDevice.precompileLinearWorldPipeline(MetalGpuDevice.java:755)
	at dev.metalcraft.client.metal.MetalGpuDevice.beginLinearWorld(MetalGpuDevice.java:271)
	at dev.metalcraft.client.metal.MetalGpuDevice.beginLinearWorld(MetalGpuDevice.java:226)
	at dev.metalcraft.client.metal.LinearWorldSessionSmoke.run(LinearWorldSessionSmoke.java:96)
	at dev.metalcraft.client.metal.MetalShaderTranslationSmoke.main(MetalShaderTranslationSmoke.java:346)
[10:34:02] [main/ERROR]: Unsupported pipeline in an HDR-owned pass; suppressing draws: metalcraft:smoke/linear_session_legacy
java.lang.IllegalArgumentException: Native pipeline does not declare linear-sRGB output: metalcraft:smoke/linear_session_legacy
	at dev.metalcraft.client.metal.MetalGpuDevice.precompileLinearWorldPipeline(MetalGpuDevice.java:752)
	at dev.metalcraft.client.metal.MetalGpuDevice.linearPipelineFor(MetalGpuDevice.java:356)
	at dev.metalcraft.client.metal.MetalRenderPassBackend.setPipeline(MetalRenderPassBackend.java:187)
	at dev.metalcraft.client.metal.LinearWorldSessionSmoke.draw(LinearWorldSessionSmoke.java:206)
	at dev.metalcraft.client.metal.LinearWorldSessionSmoke.draw(LinearWorldSessionSmoke.java:193)
	at dev.metalcraft.client.metal.LinearWorldSessionSmoke.run(LinearWorldSessionSmoke.java:133)
	at dev.metalcraft.client.metal.MetalShaderTranslationSmoke.main(MetalShaderTranslationSmoke.java:346)
[10:34:02] [main/INFO]: Loaded MetalCraft shader pack 'MetalCraft Standard': 3 pass(es), 4 target(s), 18 option(s), 108 bytes
Linear world session: identity routing, fog-clear decode, on-demand compile, linear stand-in admission, legacy discard, poison recovery and replacement guards passed
[10:34:02] [main/INFO]: Loaded MetalCraft shader pack 'MetalCraft Standard': 3 pass(es), 4 target(s), 18 option(s), 0 bytes
Linear world activation: wrap helper, linear geometry, encoded grade, forced-legacy grade and exception-safe close passed
[10:34:02] [main/INFO]: Loaded MetalCraft shader pack 'MetalCraft Standard': 3 pass(es), 4 target(s), 18 option(s), 0 bytes
[10:34:02] [main/INFO]: Loaded MetalCraft shader pack 'MetalCraft Standard': 3 pass(es), 4 target(s), 18 option(s), 0 bytes
Linear world reload source: install, GLSL selection, identity no-op, poison and null fallback passed
Linear forward: 75 actual vanilla pipelines, separate caches, source rejection, particle fog/HDR/alpha/blend, simple producer decoding, sky fog, glint/lightning attenuation, crumbling overlap, text discard/defines, leash/portal fog and retirement passed
Linear post: actual vanilla Fabulous depth ordering/premultiplied alpha, HDR preservation, no extra decode, copy alpha, source rejection and retirement passed
Linear transparency config: vanilla graph accepted; 8 resource graph mutations rejected
Linear transparency config: vanilla graph accepted; 8 resource graph mutations rejected
[10:34:09] [main/INFO]: Loaded MetalCraft shader pack 'MetalCraft Standard': 3 pass(es), 4 target(s), 18 option(s), 0 bytes
[10:34:09] [main/ERROR]: Unsupported pipeline in an HDR-owned pass; suppressing draws: metalcraft:smoke/linear_fabulous_outline_blit
java.lang.IllegalArgumentException: Unsupported linear world shader source: minecraft:core/screenquad.vsh
	at dev.metalcraft.client.metal.LinearWorldShaders.verify(LinearWorldShaders.java:70)
	at dev.metalcraft.client.metal.MetalGpuDevice.compilePipeline(MetalGpuDevice.java:962)
	at dev.metalcraft.client.metal.MetalGpuDevice.lambda$precompileLinearWorldPipeline$0(MetalGpuDevice.java:756)
	at java.base/java.util.Map.computeIfAbsent(Map.java:1067)
	at dev.metalcraft.client.metal.MetalGpuDevice.precompileLinearWorldPipeline(MetalGpuDevice.java:755)
	at dev.metalcraft.client.metal.MetalGpuDevice.linearPipelineFor(MetalGpuDevice.java:356)
	at dev.metalcraft.client.metal.LinearWorldFabulousPromotionSmoke.run(LinearWorldFabulousPromotionSmoke.java:130)
	at dev.metalcraft.client.metal.MetalShaderTranslationSmoke.main(MetalShaderTranslationSmoke.java:352)
Linear Fabulous promotion: HDR RGBA16_FLOAT while a fabulous token is verified, legacy RGBA8 otherwise, outline skipped, post contracts selected passed
[10:34:09] [main/ERROR]: Couldn't compile shader-pack Metal pipeline metalcraft:smoke/native_color_contract
java.lang.IllegalStateException: Metal vertex-shader compilation failed: program_source:1:1: error: expected unqualified-id
not valid MSL
^

	at dev.metalcraft.client.metal.MetalNative.nCreateRenderPipeline(Native Method)
	at dev.metalcraft.client.metal.MetalDevice.createRenderPipeline(MetalDevice.java:236)
	at dev.metalcraft.client.metal.MetalCompiledRenderPipeline.compileVariants(MetalCompiledRenderPipeline.java:37)
	at dev.metalcraft.client.metal.MetalCompiledRenderPipeline.compile(MetalCompiledRenderPipeline.java:32)
	at dev.metalcraft.client.metal.MetalGpuDevice.compileNativePipeline(MetalGpuDevice.java:990)
	at dev.metalcraft.client.metal.MetalGpuDevice.compilePipeline(MetalGpuDevice.java:951)
	at dev.metalcraft.client.metal.MetalGpuDevice.lambda$precompileLinearWorldPipeline$0(MetalGpuDevice.java:756)
	at java.base/java.util.Map.computeIfAbsent(Map.java:1067)
	at dev.metalcraft.client.metal.MetalGpuDevice.precompileLinearWorldPipeline(MetalGpuDevice.java:755)
	at dev.metalcraft.client.metal.NativeColorContractSmoke.lambda$run$2(NativeColorContractSmoke.java:51)
	at dev.metalcraft.client.metal.NativeColorContractSmoke.reject(NativeColorContractSmoke.java:65)
	at dev.metalcraft.client.metal.NativeColorContractSmoke.run(NativeColorContractSmoke.java:51)
	at dev.metalcraft.client.metal.MetalShaderTranslationSmoke.main(MetalShaderTranslationSmoke.java:353)
Native color contract: legacy rejection, explicit linear compile, replacement/forget retirement, and failed-compile recovery passed
[10:34:09] [main/INFO]: Loaded MetalCraft shader pack 'MetalCraft Standard': 3 pass(es), 4 target(s), 18 option(s), 0 bytes
[10:34:09] [main/ERROR]: MetalCraft shader pack 'broken': Metal vertex-shader compilation failed: program_source:7:1: error: expected unqualified-id
this is not valid MSL
^

java.lang.IllegalStateException: Metal vertex-shader compilation failed: program_source:7:1: error: expected unqualified-id
this is not valid MSL
^

	at dev.metalcraft.client.metal.MetalNative.nCreateRenderPipeline(Native Method)
	at dev.metalcraft.client.metal.MetalDevice.createRenderPipeline(MetalDevice.java:236)
	at dev.metalcraft.client.shader.ShaderPassCompiler.compileFullscreen(ShaderPassCompiler.java:87)
	at dev.metalcraft.client.shader.ShaderPassCompiler.compileFullscreen(ShaderPassCompiler.java:73)
	at dev.metalcraft.client.shader.MetalShaderFrameExecutor.compilePass(MetalShaderFrameExecutor.java:442)
	at dev.metalcraft.client.shader.MetalShaderFrameExecutor.<init>(MetalShaderFrameExecutor.java:110)
	at dev.metalcraft.client.shader.ShaderPackRuntime.rebuildExecutor(ShaderPackRuntime.java:330)
	at dev.metalcraft.client.shader.ShaderPackRuntime.loadSelected(ShaderPackRuntime.java:301)
	at dev.metalcraft.client.shader.ShaderPackRuntime.selectPack(ShaderPackRuntime.java:164)
	at dev.metalcraft.client.metal.MetalShaderTranslationSmoke.assertFailedMsl(MetalShaderTranslationSmoke.java:2256)
	at dev.metalcraft.client.metal.MetalShaderTranslationSmoke.assertIdentityGradePack(MetalShaderTranslationSmoke.java:1331)
	at dev.metalcraft.client.metal.MetalShaderTranslationSmoke.main(MetalShaderTranslationSmoke.java:354)
[10:34:09] [main/INFO]: Loaded MetalCraft shader pack 'Mixed Graph': 4 pass(es), 4 target(s), 0 option(s), 0 bytes
[10:34:09] [main/INFO]: Loaded MetalCraft shader pack 'MetalCraft Standard': 3 pass(es), 4 target(s), 18 option(s), 0 bytes
[10:34:09] [main/ERROR]: MetalCraft shader pack 'broken-compute': Metal compute-shader compilation failed: program_source:7:1: error: expected unqualified-id
this is not a Metal kernel
^

java.lang.IllegalStateException: Metal compute-shader compilation failed: program_source:7:1: error: expected unqualified-id
this is not a Metal kernel
^

	at dev.metalcraft.client.metal.MetalNative.nCreateComputePipeline(Native Method)
	at dev.metalcraft.client.metal.MetalDevice.createComputePipeline(MetalDevice.java:278)
	at dev.metalcraft.client.shader.ShaderPassCompiler.compileCompute(ShaderPassCompiler.java:107)
	at dev.metalcraft.client.shader.MetalShaderFrameExecutor.compilePass(MetalShaderFrameExecutor.java:435)
	at dev.metalcraft.client.shader.MetalShaderFrameExecutor.<init>(MetalShaderFrameExecutor.java:110)
	at dev.metalcraft.client.shader.ShaderPackRuntime.rebuildExecutor(ShaderPackRuntime.java:330)
	at dev.metalcraft.client.shader.ShaderPackRuntime.loadSelected(ShaderPackRuntime.java:301)
	at dev.metalcraft.client.shader.ShaderPackRuntime.selectPack(ShaderPackRuntime.java:164)
	at dev.metalcraft.client.metal.MetalShaderTranslationSmoke.assertFailedComputeKernel(MetalShaderTranslationSmoke.java:2554)
	at dev.metalcraft.client.metal.MetalShaderTranslationSmoke.assertIdentityGradePack(MetalShaderTranslationSmoke.java:1335)
	at dev.metalcraft.client.metal.MetalShaderTranslationSmoke.main(MetalShaderTranslationSmoke.java:354)
[10:34:09] [main/ERROR]: MetalCraft shader pack 'shadow-read': Pass 'grade' reads host texture 'shadow_map' that the frame executor cannot bind
dev.metalcraft.client.shader.ShaderPackLoader$LoadException: Pass 'grade' reads host texture 'shadow_map' that the frame executor cannot bind
	at dev.metalcraft.client.shader.MetalShaderFrameExecutor.validateExecutable(MetalShaderFrameExecutor.java:396)
	at dev.metalcraft.client.shader.MetalShaderFrameExecutor.<init>(MetalShaderFrameExecutor.java:106)
	at dev.metalcraft.client.shader.ShaderPackRuntime.rebuildExecutor(ShaderPackRuntime.java:330)
	at dev.metalcraft.client.shader.ShaderPackRuntime.loadSelected(ShaderPackRuntime.java:301)
	at dev.metalcraft.client.shader.ShaderPackRuntime.selectPack(ShaderPackRuntime.java:164)
	at dev.metalcraft.client.metal.MetalShaderTranslationSmoke.assertUnsupportedExecutorBindings(MetalShaderTranslationSmoke.java:2577)
	at dev.metalcraft.client.metal.MetalShaderTranslationSmoke.assertIdentityGradePack(MetalShaderTranslationSmoke.java:1336)
	at dev.metalcraft.client.metal.MetalShaderTranslationSmoke.main(MetalShaderTranslationSmoke.java:354)
[10:34:09] [main/INFO]: Loaded MetalCraft shader pack 'World Depth': 1 pass(es), 1 target(s), 0 option(s), 0 bytes
[10:34:09] [main/INFO]: Loaded MetalCraft shader pack 'MetalCraft Standard': 3 pass(es), 4 target(s), 18 option(s), 0 bytes
World adapter encoding: pending resolve flush, explicit native contract, HDR seed, linear debug, format rejection and legacy restoration passed

> Task :compileTestJava NO-SOURCE
> Task :processTestResources NO-SOURCE
> Task :testClasses UP-TO-DATE
> Task :test NO-SOURCE
> Task :validateAccessWidener NO-SOURCE
> Task :check
> Task :build

[Incubating] Problems report is available at: file:///Users/jackangione/Desktop/VULKAN%20SHADERS/build/reports/problems/problems-report.html

Deprecated Gradle features were used in this build, making it incompatible with Gradle 10.

You can use '--warning-mode all' to show the individual deprecation warnings and determine if they come from your own scripts or plugins.

For more on this, please refer to https://docs.gradle.org/9.5.1/userguide/command_line_interface.html#sec:command_line_warnings in the Gradle documentation.

BUILD SUCCESSFUL in 20s
15 actionable tasks: 11 executed, 4 up-to-date
