[10:28:47] [main/WARN] (FabricLoader/Knot) Class path entries reference missing files: /Users/jackangione/Desktop/METAL MOD/build/classes/java/main - the game may not load properly!
[10:28:47] [main/INFO] (FabricLoader/GameProvider) Loading Minecraft 26.2 with Fabric Loader 0.19.3
[10:28:47] [main/INFO] (FabricLoader/Mappings) Mappings not present!
[10:28:47] [main/INFO] (FabricLoader) Loading 51 mods:
	- fabric-api 0.157.0+26.2
	- fabric-api-base 2.0.4+ece063239e
	- fabric-api-lookup-api-v1 2.0.17+11e1c9a39e
	- fabric-biome-api-v1 18.0.6+c7bd5b8e9e
	- fabric-block-api-v1 3.0.3+ec56b6019e
	- fabric-block-getter-api-v2 2.0.7+ec56b6019e
	- fabric-client-gametest-api-v1 6.0.0+515ac5339e
	- fabric-command-api-v2 3.1.0+00cb03469e
	- fabric-content-registries-v0 11.3.1+37b1aa249e
	- fabric-convention-tags-v2 4.7.0+1f023a9e9e
	- fabric-crash-report-info-v1 1.0.5+086d547a9e
	- fabric-creative-tab-api-v1 5.0.14+d871b99e9e
	- fabric-data-attachment-api-v1 2.2.18+515ac5339e
	- fabric-data-generation-api-v1 25.5.0+aed122aa9e
	- fabric-debug-api-v1 1.0.2+c792624d9e
	- fabric-dimensions-v1 5.1.11+515ac5339e
	- fabric-entity-events-v1 5.0.5+06488ac19e
	- fabric-events-interaction-v0 5.2.7+515ac5339e
	- fabric-game-rule-api-v1 4.0.8+46a6d00c9e
	- fabric-gametest-api-v1 4.0.21+4a7fa0819e
	- fabric-item-api-v1 14.4.0+49a69a7b9e
	- fabric-key-mapping-api-v1 2.0.5+e2bdee789e
	- fabric-lifecycle-events-v1 4.1.3+4575b05f9e
	- fabric-loot-api-v3 3.0.17+06488ac19e
	- fabric-menu-api-v1 2.0.16+086d547a9e
	- fabric-message-api-v1 7.0.8+bb2ed3f79e
	- fabric-model-loading-api-v1 8.0.16+c80601bb9e
	- fabric-networking-api-v1 6.3.3+72073ef09e
	- fabric-object-builder-api-v1 24.1.0+6fcd5f039e
	- fabric-particles-v1 5.0.18+d1756aa99e
	- fabric-permission-api-v1 1.0.5+e442d8d09e
	- fabric-recipe-api-v1 9.0.20+11e1c9a39e
	- fabric-registry-sync-v0 7.1.0+c7bd5b8e9e
	- fabric-renderer-api-v1 14.1.3+2b0d8a229e
	- fabric-renderer-indigo 9.1.3+2b0d8a229e
	- fabric-rendering-fluids-v1 6.0.4+06488ac19e
	- fabric-rendering-v1 25.3.2+515ac5339e
	- fabric-resource-conditions-api-v1 6.1.0+10e9a28b9e
	- fabric-resource-loader-v0 3.3.20+4fc5413f9e
	- fabric-resource-loader-v1 2.0.13+9edec1269e
	- fabric-screen-api-v1 5.2.0+58e078ad9e
	- fabric-serialization-api-v1 2.0.4+11a26f319e
	- fabric-sound-api-v1 2.0.5+11a26f319e
	- fabric-tag-api-v1 2.1.4+515ac5339e
	- fabric-transfer-api-v1 8.0.12+11dbb7d79e
	- fabric-transitive-access-wideners-v1 8.1.4+67c847259e
	- fabricloader 0.19.3
	- java 25
	- metalcraft 0.2.0-dev.1
	- minecraft 26.2
	- mixinextras 0.5.4
[10:28:47] [main/INFO] (FabricLoader/Mixin) SpongePowered MIXIN Subsystem Version=0.8.7 Source=file:/Users/jackangione/.gradle/caches/modules-2/files-2.1/net.fabricmc/sponge-mixin/0.17.3+mixin.0.8.7/41c4a3984a80f4679e759fb9f495587acc5cdac7/sponge-mixin-0.17.3+mixin.0.8.7.jar Service=Knot/Fabric Env=CLIENT
[10:28:47] [main/INFO] (FabricLoader/Mixin) Compatibility level set to JAVA_25
[10:28:47] [main/INFO] (MetalCraftPreLaunch) MetalCraft direct Metal bridge opened an owned device and command queue: Apple M4 Max (recommended working set: 53084 MiB)
[10:28:47] [main/WARN] (MetalCraftPreLaunch) Direct Metal backend selection is active and experimental; Minecraft's OpenGL crash recovery remains available
[10:28:48] [main/INFO] (FabricLoader/MixinExtras|Service) Initializing MixinExtras via com.llamalad7.mixinextras.service.MixinExtrasServiceImpl(version=0.5.4).
[10:28:48] [Datafixer Bootstrap #0/INFO] (Minecraft) 295 Datafixer optimizations took 119 milliseconds
[10:28:48] [main/WARN] (MacOperatingSystem) Unable to parse version 27.0 to a codename.
[10:28:50] [Render thread/INFO] (Minecraft) Environment: Environment[sessionHost=https://sessionserver.mojang.com, servicesHost=https://api.minecraftservices.com, profilesHost=https://api.mojang.com, name=PROD]
[10:28:50] [Render thread/INFO] (Minecraft) Setting user: Player76
[10:28:50] [Render thread/INFO] (Indigo) [Indigo] Registering Indigo renderer!
[10:28:50] [Download-2/ERROR] (Minecraft) Failed to fetch user properties
com.mojang.authlib.exceptions.InvalidCredentialsException: Status: 401
	at knot//com.mojang.authlib.exceptions.MinecraftClientHttpException.toAuthenticationException(MinecraftClientHttpException.java:70)
	at knot//com.mojang.authlib.yggdrasil.YggdrasilUserApiService.fetchProperties(YggdrasilUserApiService.java:173)
	at knot//net.minecraft.client.Minecraft.lambda$new$1(Minecraft.java:418)
	at java.base/java.util.concurrent.CompletableFuture$AsyncSupply.run(CompletableFuture.java:1789)
	at java.base/java.util.concurrent.ThreadPoolExecutor.runWorker(ThreadPoolExecutor.java:1090)
	at java.base/java.util.concurrent.ThreadPoolExecutor$Worker.run(ThreadPoolExecutor.java:614)
	at java.base/java.lang.Thread.run(Thread.java:1474)
Caused by: MinecraftClientHttpException[type=HTTP_ERROR, status=401, response=ErrorResponse[path=/player/attributes, error=null, errorMessage=null, details=null]]
	at knot//com.mojang.authlib.minecraft.client.MinecraftClient.buildHttpException(MinecraftClient.java:170)
	at knot//com.mojang.authlib.minecraft.client.MinecraftClient.readServiceResponse(MinecraftClient.java:147)
	at knot//com.mojang.authlib.minecraft.client.MinecraftClient.getWithEtag(MinecraftClient.java:81)
	at knot//com.mojang.authlib.minecraft.client.MinecraftClient.get(MinecraftClient.java:65)
	at knot//com.mojang.authlib.yggdrasil.YggdrasilUserApiService.fetchProperties(YggdrasilUserApiService.java:123)
	... 5 more
[10:28:50] [Render thread/ERROR] (Minecraft) Illegal option value 0 for Anisotropic Filtering
[10:28:50] [Render thread/INFO] (Minecraft) Backend library: LWJGL version 3.4.1-snapshot
[10:28:50] [Render thread/WARN] (Minecraft) Graphics backend forced to default by launch argument, in-game preferred graphics backend setting is ignored
[10:28:50] [Render thread/INFO] (Minecraft) Using graphics backend Metal, using drivers: Mac OS X 27.0
[10:28:50] [Render thread/INFO] (Minecraft) Using graphics device: Apple M4 Max (Apple)
[10:28:50] [Render thread/INFO] (Minecraft) Using graphics device extensions: Metal
[10:28:51] [Download-2/INFO] (Minecraft) Could not authorize you against Realms server: java.lang.RuntimeException: Failed to parse into SignedJWT: FabricMC
[10:28:51] [Download-2/ERROR] (Minecraft) Failed to fetch Realms feature flags
com.mojang.realmsclient.exception.RealmsServiceException: Realms authentication error with message 'java.lang.RuntimeException: Failed to parse into SignedJWT: FabricMC'
	at knot//com.mojang.realmsclient.client.RealmsClient.execute(RealmsClient.java:509)
	at knot//com.mojang.realmsclient.client.RealmsClient.fetchFeatureFlags(RealmsClient.java:159)
	at java.base/java.util.concurrent.CompletableFuture$AsyncSupply.run(CompletableFuture.java:1789)
	at java.base/java.util.concurrent.ThreadPoolExecutor.runWorker(ThreadPoolExecutor.java:1090)
	at java.base/java.util.concurrent.ThreadPoolExecutor$Worker.run(ThreadPoolExecutor.java:614)
	at java.base/java.lang.Thread.run(Thread.java:1474)
[10:28:51] [Render thread/INFO] (Minecraft) Reloading ResourceManager: vanilla, fabric-api, fabric-api-base, fabric-api-lookup-api-v1, fabric-biome-api-v1, fabric-block-api-v1, fabric-block-getter-api-v2, fabric-client-gametest-api-v1, fabric-command-api-v2, fabric-content-registries-v0, fabric-convention-tags-v2, fabric-crash-report-info-v1, fabric-creative-tab-api-v1, fabric-data-attachment-api-v1, fabric-data-generation-api-v1, fabric-debug-api-v1, fabric-dimensions-v1, fabric-entity-events-v1, fabric-events-interaction-v0, fabric-game-rule-api-v1, fabric-gametest-api-v1, fabric-item-api-v1, fabric-key-mapping-api-v1, fabric-lifecycle-events-v1, fabric-loot-api-v3, fabric-menu-api-v1, fabric-message-api-v1, fabric-model-loading-api-v1, fabric-networking-api-v1, fabric-object-builder-api-v1, fabric-particles-v1, fabric-permission-api-v1, fabric-recipe-api-v1, fabric-registry-sync-v0, fabric-renderer-api-v1, fabric-renderer-indigo, fabric-rendering-fluids-v1, fabric-rendering-v1, fabric-resource-conditions-api-v1, fabric-resource-loader-v0, fabric-resource-loader-v1, fabric-screen-api-v1, fabric-serialization-api-v1, fabric-sound-api-v1, fabric-tag-api-v1, fabric-transfer-api-v1, fabric-transitive-access-wideners-v1, fabricloader, metalcraft
[10:28:51] [Render thread/INFO] (MetalCraftClient) MetalCraft direct renderer active: Apple / Apple M4 Max using Metal
[10:28:51] [Render thread/WARN] (Minecraft) Failed to find suitable monitor for fullscreen mode
[10:28:51] [Render thread/INFO] (MetalGpuSurface) MetalCraft surface configured: 1708x960 presentMode=IMMEDIATE displaySync=false unlockedFrameRate=true
[10:28:51] [Worker-Main-14/INFO] (Minecraft) Found unifont_all_no_pua-17.0.01.hex, loading
[10:28:51] [Worker-Main-3/INFO] (Minecraft) Found unifont_pua-17.0.01.hex, loading
[10:28:51] [Render thread/INFO] (MetalGpuSurface) MetalCraft surface configured: 1708x960 presentMode=IMMEDIATE displaySync=false unlockedFrameRate=true
[10:28:51] [Worker-Main-11/INFO] (Minecraft) Found unifont_jp_patch-17.0.01.hex, loading
[10:28:54] [Render thread/INFO] (Minecraft) OpenAL initialized on device DENON-AVR
[10:28:54] [Render thread/INFO] (Minecraft) Sound engine started
[10:28:54] [Render thread/INFO] (Minecraft) Created: 512x256x0 minecraft:textures/atlas/particles.png-atlas
[10:28:54] [Render thread/INFO] (Minecraft) Created: 128x128x0 minecraft:textures/atlas/decorated_pot.png-atlas
[10:28:54] [Render thread/INFO] (Minecraft) Created: 2048x1024x0 minecraft:textures/atlas/armor_trims.png-atlas
[10:28:54] [Render thread/INFO] (Minecraft) Created: 512x256x0 minecraft:textures/atlas/paintings.png-atlas
[10:28:54] [Render thread/INFO] (Minecraft) Created: 1024x512x0 minecraft:textures/atlas/shield_patterns.png-atlas
[10:28:54] [Render thread/INFO] (Minecraft) Created: 1024x512x0 minecraft:textures/atlas/blocks.png-atlas
[10:28:54] [Render thread/INFO] (Minecraft) Created: 512x512x0 minecraft:textures/atlas/chest.png-atlas
[10:28:54] [Render thread/INFO] (Minecraft) Created: 256x128x0 minecraft:textures/atlas/celestials.png-atlas
[10:28:54] [Render thread/INFO] (Minecraft) Created: 1024x512x0 minecraft:textures/atlas/banner_patterns.png-atlas
[10:28:54] [Render thread/INFO] (Minecraft) Created: 1024x512x0 minecraft:textures/atlas/items.png-atlas
[10:28:54] [Render thread/INFO] (Minecraft) Created: 1024x1024x0 minecraft:textures/atlas/gui.png-atlas
[10:28:54] [Render thread/INFO] (Minecraft) Created: 128x64x0 minecraft:textures/atlas/map_decorations.png-atlas
[10:28:54] [Render thread/INFO] (Minecraft) Created: 512x512x0 minecraft:textures/atlas/shulker_boxes.png-atlas
[10:28:54] [Download-2/INFO] (Minecraft) Could not authorize you against Realms server: java.lang.RuntimeException: Failed to parse into SignedJWT: FabricMC
[10:28:54] [Download-2/ERROR] (Minecraft) Couldn't connect to realms
com.mojang.realmsclient.exception.RealmsServiceException: Realms authentication error with message 'java.lang.RuntimeException: Failed to parse into SignedJWT: FabricMC'
	at knot//com.mojang.realmsclient.client.RealmsClient.execute(RealmsClient.java:509)
	at knot//com.mojang.realmsclient.client.RealmsClient.clientCompatible(RealmsClient.java:281)
	at knot//com.mojang.realmsclient.RealmsAvailability.lambda$check$0(RealmsAvailability.java:47)
	at java.base/java.util.concurrent.CompletableFuture$AsyncSupply.run(CompletableFuture.java:1789)
	at java.base/java.util.concurrent.ThreadPoolExecutor.runWorker(ThreadPoolExecutor.java:1090)
	at java.base/java.util.concurrent.ThreadPoolExecutor$Worker.run(ThreadPoolExecutor.java:614)
	at java.base/java.lang.Thread.run(Thread.java:1474)
[10:28:56] [Render thread/INFO] (ShaderPackRuntime) Loaded MetalCraft shader pack 'MetalCraft Standard': 3 pass(es), 4 target(s), 18 option(s), 6558720 bytes
[10:28:56] [Render thread/INFO] (Minecraft) Loaded 1585 recipes
[10:28:56] [Render thread/INFO] (Minecraft) Loaded 1688 advancements
[10:28:57] [Render thread/INFO] (fabric-client-gametest-api-v1) World loading finished: null screen: net.minecraft.client.gui.screens.GenericMessageScreen@7741d655
[10:28:57] [Render thread/INFO] (BiomeModificationImpl) Applied 0 biome modifications to 0 of 66 new biomes in 739.8 μs
[10:28:57] [Server thread/INFO] (Minecraft) Starting integrated minecraft server version 26.2
[10:28:57] [Server thread/INFO] (Minecraft) Generating keypair
[10:28:57] [Server thread/INFO] (Minecraft) Selecting global world spawn...
[10:28:58] [Server thread/INFO] (Minecraft) Loading 0 persistent chunks...
[10:28:58] [Server thread/INFO] (Minecraft) Preparing spawn area: 16%
[10:28:58] [Server thread/INFO] (Minecraft) Saving chunks for level 'ServerLevel[New World]'/minecraft:overworld
[10:28:58] [Server thread/INFO] (Minecraft) Saving chunks for level 'ServerLevel[New World]'/minecraft:the_end
[10:28:58] [Server thread/INFO] (Minecraft) Saving chunks for level 'ServerLevel[New World]'/minecraft:the_nether
[10:28:58] [Server thread/INFO] (Minecraft) ThreadedAnvilChunkStorage (world): All chunks are saved
[10:28:58] [Server thread/INFO] (Minecraft) ThreadedAnvilChunkStorage (DIM1): All chunks are saved
[10:28:58] [Server thread/INFO] (Minecraft) ThreadedAnvilChunkStorage (DIM-1): All chunks are saved
[10:28:58] [Server thread/INFO] (Minecraft) ThreadedAnvilChunkStorage: All dimensions are saved
[10:28:58] [Render thread/INFO] (fabric-client-gametest-api-v1) World loading finished: null screen: net.minecraft.client.gui.screens.LevelLoadingScreen@12390d5a
[10:28:58] [Render thread/INFO] (fabric-client-gametest-api-v1) World loading finished: null screen: net.minecraft.client.gui.screens.LevelLoadingScreen@12390d5a
[10:28:58] [Render thread/INFO] (fabric-client-gametest-api-v1) World loading finished: null screen: net.minecraft.client.gui.screens.LevelLoadingScreen@12390d5a
[10:28:58] [Render thread/INFO] (fabric-client-gametest-api-v1) World loading finished: null screen: net.minecraft.client.gui.screens.LevelLoadingScreen@12390d5a
[10:28:58] [Render thread/INFO] (fabric-client-gametest-api-v1) World loading finished: null screen: net.minecraft.client.gui.screens.LevelLoadingScreen@12390d5a
[10:28:58] [Render thread/INFO] (fabric-client-gametest-api-v1) World loading finished: null screen: net.minecraft.client.gui.screens.LevelLoadingScreen@12390d5a
[10:28:58] [Render thread/INFO] (fabric-client-gametest-api-v1) World loading finished: null screen: net.minecraft.client.gui.screens.LevelLoadingScreen@12390d5a
[10:28:58] [Server thread/INFO] (Minecraft) Loading 48 chunks for player spawn...
[10:28:58] [Server thread/INFO] (Minecraft) Preparing spawn area: 16%
[10:28:58] [Render thread/INFO] (fabric-client-gametest-api-v1) World loading finished: null screen: net.minecraft.client.gui.screens.LevelLoadingScreen@12390d5a
[10:28:58] [Server thread/INFO] (Minecraft) Preparing spawn area: 16%
[10:28:58] [Render thread/INFO] (fabric-client-gametest-api-v1) World loading finished: null screen: net.minecraft.client.gui.screens.LevelLoadingScreen@12390d5a
[10:28:58] [Render thread/INFO] (fabric-client-gametest-api-v1) World loading finished: null screen: net.minecraft.client.gui.screens.LevelLoadingScreen@12390d5a
[10:28:58] [Render thread/INFO] (fabric-client-gametest-api-v1) World loading finished: null screen: net.minecraft.client.gui.screens.LevelLoadingScreen@12390d5a
[10:28:58] [Server thread/INFO] (Minecraft) Preparing spawn area: 16%
[10:28:58] [Render thread/INFO] (fabric-client-gametest-api-v1) World loading finished: null screen: net.minecraft.client.gui.screens.LevelLoadingScreen@12390d5a
[10:28:58] [Render thread/INFO] (fabric-client-gametest-api-v1) World loading finished: null screen: net.minecraft.client.gui.screens.LevelLoadingScreen@12390d5a
[10:28:58] [Render thread/INFO] (fabric-client-gametest-api-v1) World loading finished: null screen: net.minecraft.client.gui.screens.LevelLoadingScreen@12390d5a
[10:28:58] [Render thread/INFO] (fabric-client-gametest-api-v1) World loading finished: null screen: net.minecraft.client.gui.screens.LevelLoadingScreen@12390d5a
[10:28:58] [Render thread/INFO] (fabric-client-gametest-api-v1) World loading finished: null screen: net.minecraft.client.gui.screens.LevelLoadingScreen@12390d5a
[10:28:59] [Render thread/INFO] (fabric-client-gametest-api-v1) World loading finished: null screen: net.minecraft.client.gui.screens.LevelLoadingScreen@12390d5a
[10:28:59] [Render thread/INFO] (fabric-client-gametest-api-v1) World loading finished: null screen: net.minecraft.client.gui.screens.LevelLoadingScreen@12390d5a
[10:28:59] [Render thread/INFO] (fabric-client-gametest-api-v1) World loading finished: null screen: net.minecraft.client.gui.screens.LevelLoadingScreen@12390d5a
[10:28:59] [Render thread/INFO] (fabric-client-gametest-api-v1) World loading finished: null screen: net.minecraft.client.gui.screens.LevelLoadingScreen@12390d5a
[10:28:59] [Render thread/INFO] (fabric-client-gametest-api-v1) World loading finished: null screen: net.minecraft.client.gui.screens.LevelLoadingScreen@12390d5a
[10:28:59] [Server thread/INFO] (Minecraft) Preparing spawn area: 58%
[10:28:59] [Render thread/INFO] (fabric-client-gametest-api-v1) World loading finished: null screen: net.minecraft.client.gui.screens.LevelLoadingScreen@12390d5a
[10:28:59] [Render thread/INFO] (fabric-client-gametest-api-v1) World loading finished: null screen: net.minecraft.client.gui.screens.LevelLoadingScreen@12390d5a
[10:28:59] [Render thread/INFO] (fabric-client-gametest-api-v1) World loading finished: null screen: net.minecraft.client.gui.screens.LevelLoadingScreen@12390d5a
[10:28:59] [Server thread/INFO] (Minecraft) Time elapsed: 2156 ms
[10:28:59] [Render thread/INFO] (fabric-client-gametest-api-v1) World loading finished: null screen: net.minecraft.client.gui.screens.LevelLoadingScreen@12390d5a
[10:28:59] [Server thread/INFO] (Minecraft) Player76[local:E:3211e08e] logged in with entity id 1 at (0.5, 79.0, 0.5)
[10:28:59] [Server thread/INFO] (Minecraft) Player76 joined the game
[10:28:59] [Server thread/INFO] (Minecraft) Changing view distance to 23, from 10
[10:28:59] [Server thread/INFO] (Minecraft) Changing simulation distance to 16, from 0
[10:28:59] [Download-2/ERROR] (Minecraft) Failed to retrieve profile key pair
MinecraftClientHttpException[type=HTTP_ERROR, status=401, response=ErrorResponse[path=/player/certificates, error=null, errorMessage=null, details=null]]
	at knot//com.mojang.authlib.minecraft.client.MinecraftClient.buildHttpException(MinecraftClient.java:170)
	at knot//com.mojang.authlib.minecraft.client.MinecraftClient.readServiceResponse(MinecraftClient.java:147)
	at knot//com.mojang.authlib.minecraft.client.MinecraftClient.post(MinecraftClient.java:89)
	at knot//com.mojang.authlib.yggdrasil.YggdrasilUserApiService.getKeyPair(YggdrasilUserApiService.java:62)
	at knot//net.minecraft.client.multiplayer.AccountProfileKeyPairManager.fetchProfileKeyPair(AccountProfileKeyPairManager.java:119)
	at knot//net.minecraft.client.multiplayer.AccountProfileKeyPairManager.lambda$readOrFetchProfileKeyPair$0(AccountProfileKeyPairManager.java:72)
	at java.base/java.util.concurrent.CompletableFuture$AsyncSupply.run(CompletableFuture.java:1789)
	at java.base/java.util.concurrent.ThreadPoolExecutor.runWorker(ThreadPoolExecutor.java:1090)
	at java.base/java.util.concurrent.ThreadPoolExecutor$Worker.run(ThreadPoolExecutor.java:614)
	at java.base/java.lang.Thread.run(Thread.java:1474)
[10:29:01] [Render thread/INFO] (Minecraft) Resizing Dynamic Transforms UBO, capacity limit of 2 reached during a single frame. New capacity will be 4.
[10:29:01] [Render thread/INFO] (Minecraft) Loaded 2 advancements
[10:29:01] [Render thread/INFO] (fabric-client-gametest-api-v1) World loading finished: ClientLevel screen: net.minecraft.client.gui.screens.LevelLoadingScreen@12390d5a
[10:29:01] [Render thread/INFO] (Minecraft) Resizing Dynamic Transforms UBO, capacity limit of 4 reached during a single frame. New capacity will be 8.
[10:29:01] [Render thread/INFO] (fabric-client-gametest-api-v1) World loading finished: ClientLevel screen: net.minecraft.client.gui.screens.LevelLoadingScreen@12390d5a
[10:29:01] [Render thread/INFO] (fabric-client-gametest-api-v1) World loading finished: ClientLevel screen: net.minecraft.client.gui.screens.LevelLoadingScreen@12390d5a
[10:29:01] [Render thread/INFO] (fabric-client-gametest-api-v1) World loading finished: ClientLevel screen: net.minecraft.client.gui.screens.LevelLoadingScreen@12390d5a
[10:29:01] [Render thread/INFO] (fabric-client-gametest-api-v1) World loading finished: ClientLevel screen: net.minecraft.client.gui.screens.LevelLoadingScreen@12390d5a
[10:29:01] [Render thread/INFO] (Minecraft) Resizing Chunk Sections UBO, capacity limit of 2 reached during a single frame. New capacity will be 16.
[10:29:01] [Render thread/INFO] (fabric-client-gametest-api-v1) World loading finished: ClientLevel screen: net.minecraft.client.gui.screens.LevelLoadingScreen@12390d5a
[10:29:01] [Render thread/INFO] (fabric-client-gametest-api-v1) World loading finished: ClientLevel screen: net.minecraft.client.gui.screens.LevelLoadingScreen@12390d5a
[10:29:01] [Render thread/INFO] (fabric-client-gametest-api-v1) World loading finished: ClientLevel screen: net.minecraft.client.gui.screens.LevelLoadingScreen@12390d5a
[10:29:01] [Render thread/INFO] (fabric-client-gametest-api-v1) World loading finished: ClientLevel screen: net.minecraft.client.gui.screens.LevelLoadingScreen@12390d5a
[10:29:01] [Render thread/INFO] (fabric-client-gametest-api-v1) World loading finished: ClientLevel screen: net.minecraft.client.gui.screens.LevelLoadingScreen@12390d5a
[10:29:02] [Render thread/INFO] (fabric-client-gametest-api-v1) World loading finished: ClientLevel screen: net.minecraft.client.gui.screens.LevelLoadingScreen@12390d5a
[10:29:02] [Render thread/INFO] (fabric-client-gametest-api-v1) World loading finished: ClientLevel screen: net.minecraft.client.gui.screens.LevelLoadingScreen@12390d5a
[10:29:02] [Render thread/INFO] (fabric-client-gametest-api-v1) World loading finished: ClientLevel screen: net.minecraft.client.gui.screens.LevelLoadingScreen@12390d5a
[10:29:02] [Render thread/INFO] (fabric-client-gametest-api-v1) World loading finished: ClientLevel screen: net.minecraft.client.gui.screens.LevelLoadingScreen@12390d5a
[10:29:02] [Render thread/INFO] (fabric-client-gametest-api-v1) World loading finished: ClientLevel screen: net.minecraft.client.gui.screens.LevelLoadingScreen@12390d5a
[10:29:02] [Render thread/INFO] (fabric-client-gametest-api-v1) World loading finished: ClientLevel screen: null
[10:29:02] [Server thread/INFO] (Minecraft) Set Player76's game mode to Spectator Mode
[10:29:02] [Server thread/INFO] (Minecraft) Teleported Player76 to 8.500000, 210.000000, 8.500000
[10:29:02] [Server thread/INFO] (Minecraft) Set minecraft:overworld to time marker minecraft:noon
[10:29:02] [Server thread/INFO] (Minecraft) Set the weather to clear
[10:29:02] [Render thread/INFO] (Minecraft) [STDOUT]: Detail coverage: 0 / 11840 Diagnostics[meshBuilds=0, meshBuildNanos=0, admissionSkips=0, wantedColumns=0, coarseGroups=0]
[10:29:02] [Render thread/INFO] (Minecraft) [System] [CHAT] Your game mode has been updated to Spectator Mode
[10:29:02] [Render thread/INFO] (Minecraft) [System] [CHAT] [Server: Set Player76's game mode to Spectator Mode]
[10:29:02] [Render thread/INFO] (Minecraft) [System] [CHAT] [Server: Teleported Player76 to 8.500000, 210.000000, 8.500000]
[10:29:02] [Render thread/INFO] (Minecraft) [System] [CHAT] [Server: Set minecraft:overworld to time marker minecraft:noon]
[10:29:02] [Render thread/INFO] (Minecraft) [System] [CHAT] [Server: Set the weather to clear]
[10:29:07] [Render thread/INFO] (Minecraft) Resizing Chunk Sections UBO, capacity limit of 16 reached during a single frame. New capacity will be 32.
[10:29:07] [Server thread/WARN] (Minecraft) Can't keep up! Is the server overloaded? Running 2062ms or 41 ticks behind
[10:29:08] [Render thread/INFO] (Minecraft) Resizing Chunk Sections UBO, capacity limit of 32 reached during a single frame. New capacity will be 64.
[10:29:10] [Render thread/INFO] (Minecraft) Resizing Chunk Sections UBO, capacity limit of 64 reached during a single frame. New capacity will be 128.
[10:29:13] [Render thread/INFO] (Minecraft) Resizing Chunk Sections UBO, capacity limit of 128 reached during a single frame. New capacity will be 256.
[10:29:18] [Render thread/INFO] (Minecraft) Resizing Chunk Sections UBO, capacity limit of 256 reached during a single frame. New capacity will be 512.
[10:29:25] [Render thread/INFO] (Minecraft) Resizing Chunk Sections UBO, capacity limit of 512 reached during a single frame. New capacity will be 1024.
[10:29:29] [Render thread/INFO] (Minecraft) [STDOUT]: Detail coverage: 2000 / 11840 Diagnostics[meshBuilds=826, meshBuildNanos=1172070508, admissionSkips=0, wantedColumns=775, coarseGroups=0]
[10:29:34] [Render thread/INFO] (Minecraft) Resizing Chunk Sections UBO, capacity limit of 1024 reached during a single frame. New capacity will be 2048.
[10:29:54] [Render thread/INFO] (Minecraft) [STDOUT]: Detail coverage: 4000 / 11840 Diagnostics[meshBuilds=1630, meshBuildNanos=2755635978, admissionSkips=0, wantedColumns=1588, coarseGroups=0]
[10:30:17] [Render thread/INFO] (Minecraft) [STDOUT]: Detail coverage: 6002 / 11840 Diagnostics[meshBuilds=2098, meshBuildNanos=3498413040, admissionSkips=15581, wantedColumns=2407, coarseGroups=21]
[10:30:39] [Render thread/INFO] (Minecraft) [STDOUT]: Detail coverage: 8000 / 11840 Diagnostics[meshBuilds=2419, meshBuildNanos=3569471958, admissionSkips=62850, wantedColumns=3159, coarseGroups=31]
[10:31:02] [Render thread/INFO] (Minecraft) [STDOUT]: Detail coverage: 10000 / 11840 Diagnostics[meshBuilds=2699, meshBuildNanos=3620613539, admissionSkips=95100, wantedColumns=4065, coarseGroups=30]
[10:31:33] [Test thread/INFO] (Minecraft) [STDOUT]: Horizon phase legacy-expanded-mesh: {frames=Phase[name=legacy-expanded-mesh, frames=81, durationSeconds=4.100811875, averageFps=19.75218626677431, onePercentLowFps=15.565363256353688, pointOnePercentLowFps=15.565363256353688, p50CpuMs=48.79, p95CpuMs=55.285959, p99CpuMs=63.261833, p50IntervalMs=49.7305, p99IntervalMs=64.245208, worstIntervalMs=64.245208, p50AcquireMs=0.393583, p99AcquireMs=0.465791, p50OutsideLoopMs=0.043833, p99OutsideLoopMs=0.103625, phaseStalls=[StallTotal[source=RENDER_FRAME, totalMs=4059.804621, count=81, bytes=0], StallTotal[source=GPU_FRAME, totalMs=704.802414, count=81, bytes=0], StallTotal[source=UPLOAD_COPY, totalMs=84.658637, count=1134, bytes=4079194344], StallTotal[source=BUFFER_CREATE, totalMs=73.178896, count=39042, bytes=4083465312], StallTotal[source=BUFFER_MAP, totalMs=44.697354, count=290870, bytes=106472784], StallTotal[source=COMMAND_BATCH, totalMs=37.416661, count=243, bytes=31764960], StallTotal[source=ACQUIRE, totalMs=31.946662, count=81, bytes=0], StallTotal[source=JVM_GC, totalMs=28.0, count=9, bytes=0], StallTotal[source=CLIENT_TICK, totalMs=22.810126, count=80, bytes=0], StallTotal[source=CLIENT_POST_TASKS, totalMs=10.209836, count=81, bytes=0], StallTotal[source=CLIENT_TASKS, totalMs=2.469084, count=81, bytes=0], StallTotal[source=CLIENT_POST_RENDER, totalMs=1.29942, count=81, bytes=0], StallTotal[source=RESOURCE_RELEASE, totalMs=1.29621, count=39042, bytes=4083465312], StallTotal[source=SUBMIT, totalMs=1.066624, count=81, bytes=0], StallTotal[source=CLIENT_PACKETS, totalMs=0.620498, count=81, bytes=0], StallTotal[source=LEVEL_END_FRAME, totalMs=0.562831, count=81, bytes=0], StallTotal[source=HARNESS_HANDOFF, totalMs=0.493462, count=89, bytes=0], StallTotal[source=CLIENT_PRE_FRAME, totalMs=0.30958, count=81, bytes=0], StallTotal[source=CLIENT_PRE_RENDER, totalMs=0.296873, count=81, bytes=0], StallTotal[source=CLIENT_GIZMOS, totalMs=0.173293, count=80, bytes=0], StallTotal[source=ARENA_WAIT, totalMs=0.16025, count=81, bytes=0], StallTotal[source=PRESENT, totalMs=0.067963, count=81, bytes=0], StallTotal[source=TASK_DRAIN, totalMs=0.010627, count=81, bytes=0], StallTotal[source=RENDER_PASS_MERGE, totalMs=0.0, count=81, bytes=0]], tailStalls=[StallTotal[source=RENDER_FRAME, totalMs=63.718208, count=1, bytes=0], StallTotal[source=JVM_GC, totalMs=9.0, count=2, bytes=0], StallTotal[source=GPU_FRAME, totalMs=7.976625, count=1, bytes=0], StallTotal[source=UPLOAD_COPY, totalMs=1.2155, count=14, bytes=50360424], StallTotal[source=BUFFER_CREATE, totalMs=1.064004, count=482, bytes=50413152], StallTotal[source=BUFFER_MAP, totalMs=0.618731, count=3591, bytes=1314480], StallTotal[source=COMMAND_BATCH, totalMs=0.480334, count=3, bytes=392160], StallTotal[source=ACQUIRE, totalMs=0.399375, count=1, bytes=0], StallTotal[source=CLIENT_TICK, totalMs=0.285625, count=1, bytes=0], StallTotal[source=CLIENT_POST_TASKS, totalMs=0.131083, count=1, bytes=0], StallTotal[source=RESOURCE_RELEASE, totalMs=0.031256, count=482, bytes=50413152], StallTotal[source=CLIENT_TASKS, totalMs=0.020083, count=1, bytes=0], StallTotal[source=CLIENT_PACKETS, totalMs=0.0195, count=1, bytes=0], StallTotal[source=CLIENT_POST_RENDER, totalMs=0.018709, count=1, bytes=0], StallTotal[source=SUBMIT, totalMs=0.017375, count=1, bytes=0], StallTotal[source=LEVEL_END_FRAME, totalMs=0.007917, count=1, bytes=0], StallTotal[source=HARNESS_HANDOFF, totalMs=0.00525, count=1, bytes=0], StallTotal[source=CLIENT_PRE_FRAME, totalMs=0.005042, count=1, bytes=0], StallTotal[source=CLIENT_PRE_RENDER, totalMs=0.004459, count=1, bytes=0], StallTotal[source=CLIENT_GIZMOS, totalMs=0.00225, count=1, bytes=0], StallTotal[source=PRESENT, totalMs=0.001958, count=1, bytes=0], StallTotal[source=ARENA_WAIT, totalMs=0.001875, count=1, bytes=0], StallTotal[source=TASK_DRAIN, totalMs=1.25E-4, count=1, bytes=0], StallTotal[source=RENDER_PASS_MERGE, totalMs=0.0, count=1, bytes=0]], worstFrames=[FrameDetail[index=16, intervalMs=64.245208, cpuMs=63.261833, outsideLoopMs=0.051708, stalls=[StallTotal[source=RENDER_FRAME, totalMs=63.718208, count=1, bytes=0], StallTotal[source=JVM_GC, totalMs=9.0, count=2, bytes=0], StallTotal[source=GPU_FRAME, totalMs=7.976625, count=1, bytes=0], StallTotal[source=UPLOAD_COPY, totalMs=1.2155, count=14, bytes=50360424], StallTotal[source=BUFFER_CREATE, totalMs=1.064004, count=482, bytes=50413152], StallTotal[source=BUFFER_MAP, totalMs=0.618731, count=3591, bytes=1314480], StallTotal[source=COMMAND_BATCH, totalMs=0.480334, count=3, bytes=392160], StallTotal[source=ACQUIRE, totalMs=0.399375, count=1, bytes=0], StallTotal[source=CLIENT_TICK, totalMs=0.285625, count=1, bytes=0], StallTotal[source=CLIENT_POST_TASKS, totalMs=0.131083, count=1, bytes=0], StallTotal[source=RESOURCE_RELEASE, totalMs=0.031256, count=482, bytes=50413152], StallTotal[source=CLIENT_TASKS, totalMs=0.020083, count=1, bytes=0], StallTotal[source=CLIENT_PACKETS, totalMs=0.0195, count=1, bytes=0], StallTotal[source=CLIENT_POST_RENDER, totalMs=0.018709, count=1, bytes=0], StallTotal[source=SUBMIT, totalMs=0.017375, count=1, bytes=0], StallTotal[source=LEVEL_END_FRAME, totalMs=0.007917, count=1, bytes=0], StallTotal[source=HARNESS_HANDOFF, totalMs=0.00525, count=1, bytes=0], StallTotal[source=CLIENT_PRE_FRAME, totalMs=0.005042, count=1, bytes=0], StallTotal[source=CLIENT_PRE_RENDER, totalMs=0.004459, count=1, bytes=0], StallTotal[source=CLIENT_GIZMOS, totalMs=0.00225, count=1, bytes=0], StallTotal[source=PRESENT, totalMs=0.001958, count=1, bytes=0], StallTotal[source=ARENA_WAIT, totalMs=0.001875, count=1, bytes=0], StallTotal[source=TASK_DRAIN, totalMs=1.25E-4, count=1, bytes=0], StallTotal[source=RENDER_PASS_MERGE, totalMs=0.0, count=1, bytes=0]]], FrameDetail[index=60, intervalMs=57.738166, cpuMs=56.863041, outsideLoopMs=0.042333, stalls=[StallTotal[source=RENDER_FRAME, totalMs=57.290917, count=1, bytes=0], StallTotal[source=GPU_FRAME, totalMs=9.178374, count=1, bytes=0], StallTotal[source=JVM_GC, totalMs=7.0, count=1, bytes=0], StallTotal[source=UPLOAD_COPY, totalMs=1.058123, count=14, bytes=50360424], StallTotal[source=BUFFER_CREATE, totalMs=0.891705, count=482, bytes=50413152], StallTotal[source=BUFFER_MAP, totalMs=0.520368, count=3591, bytes=1314480], StallTotal[source=COMMAND_BATCH, totalMs=0.511167, count=3, bytes=392160], StallTotal[source=ACQUIRE, totalMs=0.383917, count=1, bytes=0], StallTotal[source=CLIENT_TICK, totalMs=0.247875, count=1, bytes=0], StallTotal[source=CLIENT_POST_TASKS, totalMs=0.10375, count=1, bytes=0], StallTotal[source=CLIENT_TASKS, totalMs=0.031292, count=1, bytes=0], StallTotal[source=CLIENT_POST_RENDER, totalMs=0.016208, count=1, bytes=0], StallTotal[source=RESOURCE_RELEASE, totalMs=0.015291, count=482, bytes=50413152], StallTotal[source=SUBMIT, totalMs=0.013375, count=1, bytes=0], StallTotal[source=CLIENT_PACKETS, totalMs=0.013041, count=1, bytes=0], StallTotal[source=LEVEL_END_FRAME, totalMs=0.006833, count=1, bytes=0], StallTotal[source=HARNESS_HANDOFF, totalMs=0.005417, count=1, bytes=0], StallTotal[source=CLIENT_PRE_FRAME, totalMs=0.002166, count=1, bytes=0], StallTotal[source=CLIENT_PRE_RENDER, totalMs=0.00175, count=1, bytes=0], StallTotal[source=ARENA_WAIT, totalMs=0.001208, count=1, bytes=0], StallTotal[source=CLIENT_GIZMOS, totalMs=9.17E-4, count=1, bytes=0], StallTotal[source=PRESENT, totalMs=7.5E-4, count=1, bytes=0], StallTotal[source=TASK_DRAIN, totalMs=1.66E-4, count=1, bytes=0], StallTotal[source=RENDER_PASS_MERGE, totalMs=0.0, count=1, bytes=0]]], FrameDetail[index=64, intervalMs=57.318166, cpuMs=56.408042, outsideLoopMs=0.043791, stalls=[StallTotal[source=RENDER_FRAME, totalMs=56.848208, count=1, bytes=0], StallTotal[source=GPU_FRAME, totalMs=7.328458, count=1, bytes=0], StallTotal[source=JVM_GC, totalMs=3.0, count=1, bytes=0], StallTotal[source=UPLOAD_COPY, totalMs=1.214167, count=14, bytes=50360424], StallTotal[source=BUFFER_CREATE, totalMs=1.026162, count=482, bytes=50413152], StallTotal[source=COMMAND_BATCH, totalMs=0.615334, count=3, bytes=392160], StallTotal[source=BUFFER_MAP, totalMs=0.596266, count=3591, bytes=1314480], StallTotal[source=ACQUIRE, totalMs=0.391, count=1, bytes=0], StallTotal[source=CLIENT_TICK, totalMs=0.274167, count=1, bytes=0], StallTotal[source=CLIENT_POST_TASKS, totalMs=0.105958, count=1, bytes=0], StallTotal[source=CLIENT_TASKS, totalMs=0.027875, count=1, bytes=0], StallTotal[source=RESOURCE_RELEASE, totalMs=0.017947, count=482, bytes=50413152], StallTotal[source=CLIENT_POST_RENDER, totalMs=0.01375, count=1, bytes=0], StallTotal[source=SUBMIT, totalMs=0.013666, count=1, bytes=0], StallTotal[source=LEVEL_END_FRAME, totalMs=0.006666, count=1, bytes=0], StallTotal[source=HARNESS_HANDOFF, totalMs=0.006375, count=1, bytes=0], StallTotal[source=CLIENT_PACKETS, totalMs=0.006167, count=1, bytes=0], StallTotal[source=CLIENT_PRE_FRAME, totalMs=0.003375, count=1, bytes=0], StallTotal[source=PRESENT, totalMs=0.001709, count=1, bytes=0], StallTotal[source=CLIENT_PRE_RENDER, totalMs=0.001667, count=1, bytes=0], StallTotal[source=ARENA_WAIT, totalMs=0.00125, count=1, bytes=0], StallTotal[source=CLIENT_GIZMOS, totalMs=0.001, count=1, bytes=0], StallTotal[source=TASK_DRAIN, totalMs=4.2E-5, count=1, bytes=0], StallTotal[source=RENDER_PASS_MERGE, totalMs=0.0, count=1, bytes=0]]], FrameDetail[index=19, intervalMs=56.739542, cpuMs=55.816458, outsideLoopMs=0.045875, stalls=[StallTotal[source=RENDER_FRAME, totalMs=56.259208, count=1, bytes=0], StallTotal[source=GPU_FRAME, totalMs=7.3065, count=1, bytes=0], StallTotal[source=JVM_GC, totalMs=3.0, count=1, bytes=0], StallTotal[source=UPLOAD_COPY, totalMs=1.161164, count=14, bytes=50360424], StallTotal[source=BUFFER_CREATE, totalMs=1.031621, count=482, bytes=50413152], StallTotal[source=BUFFER_MAP, totalMs=0.587158, count=3591, bytes=1314480], StallTotal[source=COMMAND_BATCH, totalMs=0.474416, count=3, bytes=392160], StallTotal[source=ACQUIRE, totalMs=0.394041, count=1, bytes=0], StallTotal[source=CLIENT_TICK, totalMs=0.259792, count=1, bytes=0], StallTotal[source=CLIENT_POST_TASKS, totalMs=0.11275, count=1, bytes=0], StallTotal[source=CLIENT_TASKS, totalMs=0.032708, count=1, bytes=0], StallTotal[source=RESOURCE_RELEASE, totalMs=0.016754, count=482, bytes=50413152], StallTotal[source=CLIENT_POST_RENDER, totalMs=0.015458, count=1, bytes=0], StallTotal[source=SUBMIT, totalMs=0.013958, count=1, bytes=0], StallTotal[source=CLIENT_PACKETS, totalMs=0.008834, count=1, bytes=0], StallTotal[source=HARNESS_HANDOFF, totalMs=0.007542, count=1, bytes=0], StallTotal[source=LEVEL_END_FRAME, totalMs=0.005625, count=1, bytes=0], StallTotal[source=CLIENT_PRE_FRAME, totalMs=0.005292, count=1, bytes=0], StallTotal[source=CLIENT_PRE_RENDER, totalMs=0.004583, count=1, bytes=0], StallTotal[source=CLIENT_GIZMOS, totalMs=0.002416, count=1, bytes=0], StallTotal[source=ARENA_WAIT, totalMs=0.001958, count=1, bytes=0], StallTotal[source=PRESENT, totalMs=0.001792, count=1, bytes=0], StallTotal[source=TASK_DRAIN, totalMs=1.67E-4, count=1, bytes=0], StallTotal[source=RENDER_PASS_MERGE, totalMs=0.0, count=1, bytes=0]]], FrameDetail[index=61, intervalMs=56.223375, cpuMs=55.285959, outsideLoopMs=0.042125, stalls=[StallTotal[source=RENDER_FRAME, totalMs=55.743959, count=1, bytes=0], StallTotal[source=GPU_FRAME, totalMs=9.842, count=1, bytes=0], StallTotal[source=JVM_GC, totalMs=2.0, count=1, bytes=0], StallTotal[source=UPLOAD_COPY, totalMs=1.199585, count=14, bytes=50360424], StallTotal[source=BUFFER_CREATE, totalMs=1.046791, count=482, bytes=50413152], StallTotal[source=BUFFER_MAP, totalMs=0.620601, count=3591, bytes=1314480], StallTotal[source=COMMAND_BATCH, totalMs=0.484208, count=3, bytes=392160], StallTotal[source=ACQUIRE, totalMs=0.400042, count=1, bytes=0], StallTotal[source=CLIENT_TICK, totalMs=0.261625, count=1, bytes=0], StallTotal[source=CLIENT_POST_TASKS, totalMs=0.127083, count=1, bytes=0], StallTotal[source=CLIENT_TASKS, totalMs=0.032208, count=1, bytes=0], StallTotal[source=RESOURCE_RELEASE, totalMs=0.027793, count=482, bytes=50413152], StallTotal[source=SUBMIT, totalMs=0.0195, count=1, bytes=0], StallTotal[source=CLIENT_POST_RENDER, totalMs=0.014917, count=1, bytes=0], StallTotal[source=CLIENT_PACKETS, totalMs=0.006584, count=1, bytes=0], StallTotal[source=LEVEL_END_FRAME, totalMs=0.006291, count=1, bytes=0], StallTotal[source=HARNESS_HANDOFF, totalMs=0.005209, count=1, bytes=0], StallTotal[source=ARENA_WAIT, totalMs=0.003, count=1, bytes=0], StallTotal[source=PRESENT, totalMs=0.001917, count=1, bytes=0], StallTotal[source=CLIENT_PRE_FRAME, totalMs=0.001791, count=1, bytes=0], StallTotal[source=CLIENT_PRE_RENDER, totalMs=0.001708, count=1, bytes=0], StallTotal[source=CLIENT_GIZMOS, totalMs=7.09E-4, count=1, bytes=0], StallTotal[source=TASK_DRAIN, totalMs=0.0, count=1, bytes=0], StallTotal[source=RENDER_PASS_MERGE, totalMs=0.0, count=1, bytes=0]]], FrameDetail[index=38, intervalMs=55.447375, cpuMs=54.508791, outsideLoopMs=0.043833, stalls=[StallTotal[source=RENDER_FRAME, totalMs=54.947833, count=1, bytes=0], StallTotal[source=GPU_FRAME, totalMs=7.904958, count=1, bytes=0], StallTotal[source=JVM_GC, totalMs=4.0, count=1, bytes=0], StallTotal[source=UPLOAD_COPY, totalMs=1.072332, count=14, bytes=50360424], StallTotal[source=BUFFER_CREATE, totalMs=0.889131, count=482, bytes=50413152], StallTotal[source=BUFFER_MAP, totalMs=0.544131, count=3591, bytes=1314480], StallTotal[source=COMMAND_BATCH, totalMs=0.434208, count=3, bytes=392160], StallTotal[source=ACQUIRE, totalMs=0.390583, count=1, bytes=0], StallTotal[source=CLIENT_TICK, totalMs=0.278625, count=1, bytes=0], StallTotal[source=CLIENT_POST_TASKS, totalMs=0.141375, count=1, bytes=0], StallTotal[source=CLIENT_TASKS, totalMs=0.026709, count=1, bytes=0], StallTotal[source=RESOURCE_RELEASE, totalMs=0.016169, count=482, bytes=50413152], StallTotal[source=CLIENT_POST_RENDER, totalMs=0.014791, count=1, bytes=0], StallTotal[source=SUBMIT, totalMs=0.012875, count=1, bytes=0], StallTotal[source=LEVEL_END_FRAME, totalMs=0.008375, count=1, bytes=0], StallTotal[source=HARNESS_HANDOFF, totalMs=0.005208, count=1, bytes=0], StallTotal[source=CLIENT_PRE_FRAME, totalMs=0.001875, count=1, bytes=0], StallTotal[source=CLIENT_PRE_RENDER, totalMs=0.0015, count=1, bytes=0], StallTotal[source=CLIENT_GIZMOS, totalMs=0.001083, count=1, bytes=0], StallTotal[source=ARENA_WAIT, totalMs=9.17E-4, count=1, bytes=0], StallTotal[source=PRESENT, totalMs=7.08E-4, count=1, bytes=0], StallTotal[source=CLIENT_PACKETS, totalMs=3.75E-4, count=1, bytes=0], StallTotal[source=TASK_DRAIN, totalMs=1.25E-4, count=1, bytes=0], StallTotal[source=RENDER_PASS_MERGE, totalMs=0.0, count=1, bytes=0]]], FrameDetail[index=65, intervalMs=54.475042, cpuMs=53.306833, outsideLoopMs=0.045834, stalls=[StallTotal[source=RENDER_FRAME, totalMs=53.770375, count=1, bytes=0], StallTotal[source=GPU_FRAME, totalMs=7.716875, count=1, bytes=0], StallTotal[source=UPLOAD_COPY, totalMs=1.250668, count=14, bytes=50360424], StallTotal[source=BUFFER_CREATE, totalMs=1.099529, count=482, bytes=50413152], StallTotal[source=BUFFER_MAP, totalMs=0.575012, count=3591, bytes=1314480], StallTotal[source=COMMAND_BATCH, totalMs=0.497208, count=3, bytes=392160], StallTotal[source=CLIENT_TICK, totalMs=0.445208, count=1, bytes=0], StallTotal[source=ACQUIRE, totalMs=0.402958, count=1, bytes=0], StallTotal[source=CLIENT_POST_TASKS, totalMs=0.150875, count=1, bytes=0], StallTotal[source=CLIENT_TASKS, totalMs=0.0305, count=1, bytes=0], StallTotal[source=SUBMIT, totalMs=0.018417, count=1, bytes=0], StallTotal[source=RESOURCE_RELEASE, totalMs=0.016456, count=482, bytes=50413152], StallTotal[source=CLIENT_POST_RENDER, totalMs=0.015333, count=1, bytes=0], StallTotal[source=CLIENT_PACKETS, totalMs=0.014292, count=1, bytes=0], StallTotal[source=LEVEL_END_FRAME, totalMs=0.00775, count=1, bytes=0], StallTotal[source=HARNESS_HANDOFF, totalMs=0.006208, count=1, bytes=0], StallTotal[source=CLIENT_PRE_RENDER, totalMs=0.004542, count=1, bytes=0], StallTotal[source=CLIENT_PRE_FRAME, totalMs=0.004208, count=1, bytes=0], StallTotal[source=ARENA_WAIT, totalMs=0.0025, count=1, bytes=0], StallTotal[source=CLIENT_GIZMOS, totalMs=0.001625, count=1, bytes=0], StallTotal[source=PRESENT, totalMs=0.001, count=1, bytes=0], StallTotal[source=TASK_DRAIN, totalMs=1.25E-4, count=1, bytes=0], StallTotal[source=RENDER_PASS_MERGE, totalMs=0.0, count=1, bytes=0], StallTotal[source=JVM_GC, totalMs=0.0, count=1, bytes=0]]], FrameDetail[index=62, intervalMs=54.173084, cpuMs=52.885083, outsideLoopMs=0.054334, stalls=[StallTotal[source=RENDER_FRAME, totalMs=53.394625, count=1, bytes=0], StallTotal[source=GPU_FRAME, totalMs=11.212749, count=1, bytes=0], StallTotal[source=UPLOAD_COPY, totalMs=1.252208, count=14, bytes=50360424], StallTotal[source=BUFFER_CREATE, totalMs=1.002675, count=482, bytes=50413152], StallTotal[source=BUFFER_MAP, totalMs=0.607606, count=3591, bytes=1314480], StallTotal[source=CLIENT_TICK, totalMs=0.481166, count=1, bytes=0], StallTotal[source=COMMAND_BATCH, totalMs=0.458166, count=3, bytes=392160], StallTotal[source=ACQUIRE, totalMs=0.443208, count=1, bytes=0], StallTotal[source=CLIENT_POST_TASKS, totalMs=0.133584, count=1, bytes=0], StallTotal[source=CLIENT_TASKS, totalMs=0.061291, count=1, bytes=0], StallTotal[source=RESOURCE_RELEASE, totalMs=0.02855, count=482, bytes=50413152], StallTotal[source=CLIENT_PACKETS, totalMs=0.023875, count=1, bytes=0], StallTotal[source=SUBMIT, totalMs=0.017417, count=1, bytes=0], StallTotal[source=CLIENT_POST_RENDER, totalMs=0.016541, count=1, bytes=0], StallTotal[source=CLIENT_PRE_RENDER, totalMs=0.009375, count=1, bytes=0], StallTotal[source=HARNESS_HANDOFF, totalMs=0.007, count=1, bytes=0], StallTotal[source=LEVEL_END_FRAME, totalMs=0.00625, count=1, bytes=0], StallTotal[source=CLIENT_PRE_FRAME, totalMs=0.004875, count=1, bytes=0], StallTotal[source=ARENA_WAIT, totalMs=0.002333, count=1, bytes=0], StallTotal[source=CLIENT_GIZMOS, totalMs=0.001959, count=1, bytes=0], StallTotal[source=PRESENT, totalMs=0.001292, count=1, bytes=0], StallTotal[source=TASK_DRAIN, totalMs=1.25E-4, count=1, bytes=0], StallTotal[source=RENDER_PASS_MERGE, totalMs=0.0, count=1, bytes=0]]]], taskKinds=[TaskKind[name=total, totalMs=0.0, count=0, timed=true]], passKinds=[PassKind[name=sumOfSpans, totalMs=1612.329039, count=1347], PassKind[name=MetalCraft shader: shadow_terrain, totalMs=344.947294, count=100], PassKind[name=Section layers for translucent, totalMs=334.988249, count=100], PassKind[name=Section layers for opaque, totalMs=261.628253, count=100], PassKind[name=3d crosshair, totalMs=238.074412, count=100], PassKind[name=MetalCraft shader: grade, totalMs=234.853332, count=100], PassKind[name=(depth clear), totalMs=137.845828, count=200], PassKind[name=MetalCraft sky: sun and moon, totalMs=35.218046, count=100], PassKind[name=MetalCraft sky: atmosphere, totalMs=16.689084, count=100], PassKind[name=GUI before blur, totalMs=3.886832, count=100], PassKind[name=Animate minecraft:textures/atlas/blocks.png, totalMs=1.580752, count=99], PassKind[name=Animate minecraft:textures/atlas/particles.png, totalMs=1.03883, count=99], PassKind[name=Update light, totalMs=1.011749, count=99]], lod=LodPhase[start=Stats[uploads=0, uploadedBytes=0, draws=0, originalTriangles=0, replacementTriangles=0, staleFallbacks=0, uploadFailures=0, chargedBytes=0, residentMeshes=0, retiredMeshes=0, frameUploadBytes=0, prepareNanos=0, frameSelected=0, tier1Draws=0, tier2Draws=0, tier3Draws=0, tier4Draws=0, shadowDraws=0, shadowOriginalTriangles=0, shadowReplacementTriangles=0, terrainDraws=0, terrainInputTriangles=0, terrainRenderedTriangles=0, distantDraws=0, distantInputTriangles=0, distantRenderedTriangles=0], end=Stats[uploads=0, uploadedBytes=0, draws=0, originalTriangles=0, replacementTriangles=0, staleFallbacks=0, uploadFailures=0, chargedBytes=0, residentMeshes=0, retiredMeshes=0, frameUploadBytes=0, prepareNanos=0, frameSelected=0, tier1Draws=0, tier2Draws=0, tier3Draws=0, tier4Draws=0, shadowDraws=0, shadowOriginalTriangles=0, shadowReplacementTriangles=0, terrainDraws=0, terrainInputTriangles=0, terrainRenderedTriangles=0, distantDraws=0, distantInputTriangles=0, distantRenderedTriangles=0], p50PrepareMs=0.0, p95PrepareMs=0.0, p99PrepareMs=0.0], gpuFrame=Result[begunFrames=82, pendingFrames=2, invalidFrames=0, emptyFrames=0, overflowFrames=0, samplesMs=[D@2bb05d79, commandBuffers=[J@20124f1b, p50Ms=7.976625, p95Ms=11.924584, p99Ms=12.232791]], allocatedMiBPerSecond=2899.5557350081363, meshBuilds=404, meshBuildMs=4124.861958, renderer=Stats[cachedColumns=11840, groups=220, selectedGroups=24, frameColumns=736, gpuBytes=266524856, uploads=2784, draws=1324952, nativeDistance=23, horizon=64, streaming=Stats[tickets=0, pendingSnapshots=0, columns=12050, failures=0, serverLoadedChunks=5329]], diagnostics=Diagnostics[meshBuilds=3496, meshBuildNanos=11124208911, admissionSkips=138459, wantedColumns=9399, coarseGroups=0]}
[10:31:33] [Render thread/INFO] (Minecraft) Resizing Chunk Sections UBO, capacity limit of 2048 reached during a single frame. New capacity will be 4096.
[10:32:04] [Server thread/INFO] (Minecraft) Player76 lost connection: Disconnected
[10:32:04] [Server thread/INFO] (Minecraft) Player76 left the game
[10:32:04] [Server thread/INFO] (Minecraft) Stopping singleplayer server as player logged out
[10:32:04] [Server thread/INFO] (Minecraft) Changing view distance to 64, from 23
[10:32:04] [Server thread/INFO] (Minecraft) Stopping server
[10:32:04] [Server thread/INFO] (Minecraft) Saving players
[10:32:04] [Server thread/INFO] (Minecraft) Saving worlds
[10:32:04] [Server thread/INFO] (Minecraft) Saving chunks for level 'ServerLevel[New World]'/minecraft:overworld
[10:32:05] [Server thread/INFO] (Minecraft) Saving chunks for level 'ServerLevel[New World]'/minecraft:the_end
[10:32:05] [Server thread/INFO] (Minecraft) Saving chunks for level 'ServerLevel[New World]'/minecraft:the_nether
[10:32:05] [Server thread/INFO] (Minecraft) ThreadedAnvilChunkStorage (world): All chunks are saved
[10:32:05] [Server thread/INFO] (Minecraft) ThreadedAnvilChunkStorage (DIM1): All chunks are saved
[10:32:05] [Server thread/INFO] (Minecraft) ThreadedAnvilChunkStorage (DIM-1): All chunks are saved
[10:32:05] [Server thread/INFO] (Minecraft) ThreadedAnvilChunkStorage: All dimensions are saved
[10:32:05] [Render thread/INFO] (WorldGeometryAdapter) Shader pack 'metalcraft-standard' leaves 3 pipeline(s) outside the G-buffer: [minecraft:pipeline/translucent_terrain, minecraft:pipeline/entity_translucent, minecraft:pipeline/lines]
[10:32:05] [Test thread/ERROR] (fabric-client-gametest-api-v1) Client gametests failed with an exception
java.lang.AssertionError: Timed out waiting for predicate
	at knot//net.fabricmc.fabric.impl.client.gametest.context.ClientGameTestContextImpl.waitFor(ClientGameTestContextImpl.java:200)
	at knot//dev.metalcraft.client.test.MetalHorizonDetailGameTest.run(MetalHorizonDetailGameTest.java:62)
	at knot//dev.metalcraft.client.test.MetalLifecycleGameTest.runConfiguredTest(MetalLifecycleGameTest.java:82)
	at knot//dev.metalcraft.client.test.MetalLifecycleGameTest.runTest(MetalLifecycleGameTest.java:71)
	at knot//net.fabricmc.fabric.impl.client.gametest.FabricClientGameTestRunner.lambda$start$0(FabricClientGameTestRunner.java:54)
	at knot//net.fabricmc.fabric.impl.client.gametest.threading.ThreadingImpl.lambda$runTestThread$0(ThreadingImpl.java:139)
	at java.base/java.lang.Thread.run(Thread.java:1474)
[10:32:05] [Render thread/ERROR] (FabricLoader) Minecraft has crashed!
net.fabricmc.loader.impl.FormattedException: java.lang.AssertionError: Timed out waiting for predicate
	at net.fabricmc.loader.impl.FormattedException.ofLocalized(FormattedException.java:63)
	at net.fabricmc.loader.impl.game.minecraft.MinecraftGameProvider.launch(MinecraftGameProvider.java:516)
	at net.fabricmc.loader.impl.launch.knot.Knot.launch(Knot.java:72)
	at net.fabricmc.loader.impl.launch.knot.KnotClient.main(KnotClient.java:23)
	at net.fabricmc.devlaunchinjector.Main.main(Main.java:86)
Caused by: java.lang.AssertionError: Timed out waiting for predicate
	at knot//net.fabricmc.fabric.impl.client.gametest.context.ClientGameTestContextImpl.waitFor(ClientGameTestContextImpl.java:200)
	at knot//dev.metalcraft.client.test.MetalHorizonDetailGameTest.run(MetalHorizonDetailGameTest.java:62)
	at knot//dev.metalcraft.client.test.MetalLifecycleGameTest.runConfiguredTest(MetalLifecycleGameTest.java:82)
	at knot//dev.metalcraft.client.test.MetalLifecycleGameTest.runTest(MetalLifecycleGameTest.java:71)
	at knot//net.fabricmc.fabric.impl.client.gametest.FabricClientGameTestRunner.lambda$start$0(FabricClientGameTestRunner.java:54)
	at knot//net.fabricmc.fabric.impl.client.gametest.threading.ThreadingImpl.lambda$runTestThread$0(ThreadingImpl.java:139)
	at java.base/java.lang.Thread.run(Thread.java:1474)
