[16:49:04] [main/WARN] (FabricLoader/Knot) Class path entries reference missing files: /Users/jackangione/Desktop/VULKAN SHADERS/build/classes/java/main - the game may not load properly!
[16:49:04] [main/INFO] (FabricLoader/GameProvider) Loading Minecraft 26.2 with Fabric Loader 0.19.3
[16:49:04] [main/INFO] (FabricLoader/Mappings) Mappings not present!
[16:49:04] [main/INFO] (FabricLoader) Loading 51 mods:
	- fabric-api 0.157.0+26.2
	- fabric-api-base 2.0.4+ece063239e
	- fabric-api-lookup-api-v1 2.0.17+11e1c9a39e
	- fabric-biome-api-v1 18.0.6+c7bd5b8e9e
	- fabric-block-api-v1 3.0.3+ec56b6019e
	- fabric-block-getter-api-v2 2.0.7+ec56b6019e
	- fabric-client-gametest-api-v1 6.0.0+515ac5339e
	- fabric-command-api-v2 3.1.0+00cb03469e
	- fabric-content-registries-v0 11.3.1+37b1aa249e
	- fabric-convention-tags-v2 4.7.0+1f023a9e9e
	- fabric-crash-report-info-v1 1.0.5+086d547a9e
	- fabric-creative-tab-api-v1 5.0.14+d871b99e9e
	- fabric-data-attachment-api-v1 2.2.18+515ac5339e
	- fabric-data-generation-api-v1 25.5.0+aed122aa9e
	- fabric-debug-api-v1 1.0.2+c792624d9e
	- fabric-dimensions-v1 5.1.11+515ac5339e
	- fabric-entity-events-v1 5.0.5+06488ac19e
	- fabric-events-interaction-v0 5.2.7+515ac5339e
	- fabric-game-rule-api-v1 4.0.8+46a6d00c9e
	- fabric-gametest-api-v1 4.0.21+4a7fa0819e
	- fabric-item-api-v1 14.4.0+49a69a7b9e
	- fabric-key-mapping-api-v1 2.0.5+e2bdee789e
	- fabric-lifecycle-events-v1 4.1.3+4575b05f9e
	- fabric-loot-api-v3 3.0.17+06488ac19e
	- fabric-menu-api-v1 2.0.16+086d547a9e
	- fabric-message-api-v1 7.0.8+bb2ed3f79e
	- fabric-model-loading-api-v1 8.0.16+c80601bb9e
	- fabric-networking-api-v1 6.3.3+72073ef09e
	- fabric-object-builder-api-v1 24.1.0+6fcd5f039e
	- fabric-particles-v1 5.0.18+d1756aa99e
	- fabric-permission-api-v1 1.0.5+e442d8d09e
	- fabric-recipe-api-v1 9.0.20+11e1c9a39e
	- fabric-registry-sync-v0 7.1.0+c7bd5b8e9e
	- fabric-renderer-api-v1 14.1.3+2b0d8a229e
	- fabric-renderer-indigo 9.1.3+2b0d8a229e
	- fabric-rendering-fluids-v1 6.0.4+06488ac19e
	- fabric-rendering-v1 25.3.2+515ac5339e
	- fabric-resource-conditions-api-v1 6.1.0+10e9a28b9e
	- fabric-resource-loader-v0 3.3.20+4fc5413f9e
	- fabric-resource-loader-v1 2.0.13+9edec1269e
	- fabric-screen-api-v1 5.2.0+58e078ad9e
	- fabric-serialization-api-v1 2.0.4+11a26f319e
	- fabric-sound-api-v1 2.0.5+11a26f319e
	- fabric-tag-api-v1 2.1.4+515ac5339e
	- fabric-transfer-api-v1 8.0.12+11dbb7d79e
	- fabric-transitive-access-wideners-v1 8.1.4+67c847259e
	- fabricloader 0.19.3
	- java 25
	- metalcraft 0.2.0-dev.1
	- minecraft 26.2
	- mixinextras 0.5.4
[16:49:04] [main/INFO] (FabricLoader/Mixin) SpongePowered MIXIN Subsystem Version=0.8.7 Source=file:/Users/jackangione/.gradle/caches/modules-2/files-2.1/net.fabricmc/sponge-mixin/0.17.3+mixin.0.8.7/41c4a3984a80f4679e759fb9f495587acc5cdac7/sponge-mixin-0.17.3+mixin.0.8.7.jar Service=Knot/Fabric Env=CLIENT
[16:49:04] [main/INFO] (FabricLoader/Mixin) Compatibility level set to JAVA_25
[16:49:05] [main/INFO] (MetalCraftPreLaunch) MetalCraft direct Metal bridge opened an owned device and command queue: Apple M4 Max (recommended working set: 53084 MiB)
[16:49:05] [main/WARN] (MetalCraftPreLaunch) Direct Metal backend selection is active and experimental; Minecraft's OpenGL crash recovery remains available
[16:49:05] [main/INFO] (FabricLoader/MixinExtras|Service) Initializing MixinExtras via com.llamalad7.mixinextras.service.MixinExtrasServiceImpl(version=0.5.4).
[16:49:05] [Datafixer Bootstrap #0/INFO] (Minecraft) 295 Datafixer optimizations took 122 milliseconds
[16:49:06] [main/WARN] (MacOperatingSystem) Unable to parse version 27.0 to a codename.
[16:49:07] [Render thread/INFO] (Minecraft) Environment: Environment[sessionHost=https://sessionserver.mojang.com, servicesHost=https://api.minecraftservices.com, profilesHost=https://api.mojang.com, name=PROD]
[16:49:07] [Render thread/INFO] (Minecraft) Setting user: Player323
[16:49:07] [Render thread/INFO] (Indigo) [Indigo] Registering Indigo renderer!
[16:49:07] [Download-2/ERROR] (Minecraft) Failed to fetch user properties
com.mojang.authlib.exceptions.InvalidCredentialsException: Status: 401
	at knot//com.mojang.authlib.exceptions.MinecraftClientHttpException.toAuthenticationException(MinecraftClientHttpException.java:70)
	at knot//com.mojang.authlib.yggdrasil.YggdrasilUserApiService.fetchProperties(YggdrasilUserApiService.java:173)
	at knot//net.minecraft.client.Minecraft.lambda$new$1(Minecraft.java:418)
	at java.base/java.util.concurrent.CompletableFuture$AsyncSupply.run(CompletableFuture.java:1789)
	at java.base/java.util.concurrent.ThreadPoolExecutor.runWorker(ThreadPoolExecutor.java:1090)
	at java.base/java.util.concurrent.ThreadPoolExecutor$Worker.run(ThreadPoolExecutor.java:614)
	at java.base/java.lang.Thread.run(Thread.java:1474)
Caused by: MinecraftClientHttpException[type=HTTP_ERROR, status=401, response=ErrorResponse[path=/player/attributes, error=null, errorMessage=null, details=null]]
	at knot//com.mojang.authlib.minecraft.client.MinecraftClient.buildHttpException(MinecraftClient.java:170)
	at knot//com.mojang.authlib.minecraft.client.MinecraftClient.readServiceResponse(MinecraftClient.java:147)
	at knot//com.mojang.authlib.minecraft.client.MinecraftClient.getWithEtag(MinecraftClient.java:81)
	at knot//com.mojang.authlib.minecraft.client.MinecraftClient.get(MinecraftClient.java:65)
	at knot//com.mojang.authlib.yggdrasil.YggdrasilUserApiService.fetchProperties(YggdrasilUserApiService.java:123)
	... 5 more
[16:49:08] [Render thread/ERROR] (Minecraft) Illegal option value 0 for Anisotropic Filtering
[16:49:08] [Render thread/INFO] (Minecraft) Backend library: LWJGL version 3.4.1-snapshot
[16:49:08] [Render thread/WARN] (Minecraft) Graphics backend forced to default by launch argument, in-game preferred graphics backend setting is ignored
[16:49:08] [Render thread/INFO] (Minecraft) Using graphics backend Metal, using drivers: Mac OS X 27.0
[16:49:08] [Render thread/INFO] (Minecraft) Using graphics device: Apple M4 Max (Apple)
[16:49:08] [Render thread/INFO] (Minecraft) Using graphics device extensions: Metal
[16:49:08] [Download-2/INFO] (Minecraft) Could not authorize you against Realms server: java.lang.RuntimeException: Failed to parse into SignedJWT: FabricMC
[16:49:08] [Download-2/ERROR] (Minecraft) Failed to fetch Realms feature flags
com.mojang.realmsclient.exception.RealmsServiceException: Realms authentication error with message 'java.lang.RuntimeException: Failed to parse into SignedJWT: FabricMC'
	at knot//com.mojang.realmsclient.client.RealmsClient.execute(RealmsClient.java:509)
	at knot//com.mojang.realmsclient.client.RealmsClient.fetchFeatureFlags(RealmsClient.java:159)
	at java.base/java.util.concurrent.CompletableFuture$AsyncSupply.run(CompletableFuture.java:1789)
	at java.base/java.util.concurrent.ThreadPoolExecutor.runWorker(ThreadPoolExecutor.java:1090)
	at java.base/java.util.concurrent.ThreadPoolExecutor$Worker.run(ThreadPoolExecutor.java:614)
	at java.base/java.lang.Thread.run(Thread.java:1474)
[16:49:08] [Render thread/INFO] (Minecraft) Reloading ResourceManager: vanilla, fabric-api, fabric-api-base, fabric-api-lookup-api-v1, fabric-biome-api-v1, fabric-block-api-v1, fabric-block-getter-api-v2, fabric-client-gametest-api-v1, fabric-command-api-v2, fabric-content-registries-v0, fabric-convention-tags-v2, fabric-crash-report-info-v1, fabric-creative-tab-api-v1, fabric-data-attachment-api-v1, fabric-data-generation-api-v1, fabric-debug-api-v1, fabric-dimensions-v1, fabric-entity-events-v1, fabric-events-interaction-v0, fabric-game-rule-api-v1, fabric-gametest-api-v1, fabric-item-api-v1, fabric-key-mapping-api-v1, fabric-lifecycle-events-v1, fabric-loot-api-v3, fabric-menu-api-v1, fabric-message-api-v1, fabric-model-loading-api-v1, fabric-networking-api-v1, fabric-object-builder-api-v1, fabric-particles-v1, fabric-permission-api-v1, fabric-recipe-api-v1, fabric-registry-sync-v0, fabric-renderer-api-v1, fabric-renderer-indigo, fabric-rendering-fluids-v1, fabric-rendering-v1, fabric-resource-conditions-api-v1, fabric-resource-loader-v0, fabric-resource-loader-v1, fabric-screen-api-v1, fabric-serialization-api-v1, fabric-sound-api-v1, fabric-tag-api-v1, fabric-transfer-api-v1, fabric-transitive-access-wideners-v1, fabricloader, metalcraft
[16:49:08] [Render thread/INFO] (MetalCraftClient) MetalCraft direct renderer active: Apple / Apple M4 Max using Metal
[16:49:08] [Render thread/WARN] (Minecraft) Failed to find suitable monitor for fullscreen mode
[16:49:08] [Render thread/INFO] (MetalGpuSurface) MetalCraft surface configured: 1708x960 presentMode=IMMEDIATE displaySync=false unlockedFrameRate=true
[16:49:08] [Worker-Main-9/INFO] (Minecraft) Found unifont_pua-17.0.01.hex, loading
[16:49:08] [Worker-Main-4/INFO] (Minecraft) Found unifont_all_no_pua-17.0.01.hex, loading
[16:49:08] [Render thread/INFO] (MetalGpuSurface) MetalCraft surface configured: 1708x960 presentMode=IMMEDIATE displaySync=false unlockedFrameRate=true
[16:49:08] [Worker-Main-3/INFO] (Minecraft) Found unifont_jp_patch-17.0.01.hex, loading
[16:49:11] [Render thread/INFO] (Minecraft) OpenAL initialized on device DENON-AVR
[16:49:11] [Render thread/INFO] (Minecraft) Sound engine started
[16:49:11] [Render thread/INFO] (Minecraft) Created: 512x256x0 minecraft:textures/atlas/particles.png-atlas
[16:49:11] [Render thread/INFO] (Minecraft) Created: 128x128x0 minecraft:textures/atlas/decorated_pot.png-atlas
[16:49:11] [Render thread/INFO] (Minecraft) Created: 2048x1024x0 minecraft:textures/atlas/armor_trims.png-atlas
[16:49:11] [Render thread/INFO] (Minecraft) Created: 512x256x0 minecraft:textures/atlas/paintings.png-atlas
[16:49:11] [Render thread/INFO] (Minecraft) Created: 1024x512x0 minecraft:textures/atlas/shield_patterns.png-atlas
[16:49:11] [Render thread/INFO] (Minecraft) Created: 2048x2048x4 minecraft:textures/atlas/blocks.png-atlas
[16:49:11] [Render thread/INFO] (Minecraft) Created: 512x512x0 minecraft:textures/atlas/chest.png-atlas
[16:49:11] [Render thread/INFO] (Minecraft) Created: 256x128x0 minecraft:textures/atlas/celestials.png-atlas
[16:49:11] [Render thread/INFO] (Minecraft) Created: 1024x512x0 minecraft:textures/atlas/banner_patterns.png-atlas
[16:49:11] [Render thread/INFO] (Minecraft) Created: 1024x512x0 minecraft:textures/atlas/items.png-atlas
[16:49:11] [Render thread/INFO] (Minecraft) Created: 1024x1024x0 minecraft:textures/atlas/gui.png-atlas
[16:49:11] [Render thread/INFO] (Minecraft) Created: 128x64x0 minecraft:textures/atlas/map_decorations.png-atlas
[16:49:11] [Render thread/INFO] (Minecraft) Created: 512x512x0 minecraft:textures/atlas/shulker_boxes.png-atlas
[16:49:11] [Download-2/INFO] (Minecraft) Could not authorize you against Realms server: java.lang.RuntimeException: Failed to parse into SignedJWT: FabricMC
[16:49:11] [Download-2/ERROR] (Minecraft) Couldn't connect to realms
com.mojang.realmsclient.exception.RealmsServiceException: Realms authentication error with message 'java.lang.RuntimeException: Failed to parse into SignedJWT: FabricMC'
	at knot//com.mojang.realmsclient.client.RealmsClient.execute(RealmsClient.java:509)
	at knot//com.mojang.realmsclient.client.RealmsClient.clientCompatible(RealmsClient.java:281)
	at knot//com.mojang.realmsclient.RealmsAvailability.lambda$check$0(RealmsAvailability.java:47)
	at java.base/java.util.concurrent.CompletableFuture$AsyncSupply.run(CompletableFuture.java:1789)
	at java.base/java.util.concurrent.ThreadPoolExecutor.runWorker(ThreadPoolExecutor.java:1090)
	at java.base/java.util.concurrent.ThreadPoolExecutor$Worker.run(ThreadPoolExecutor.java:614)
	at java.base/java.lang.Thread.run(Thread.java:1474)
[16:49:13] [Test thread/INFO] (MetalLifecycleGameTest) Metal lifecycle validation: Metal backend selected
[16:49:14] [Render thread/INFO] (Minecraft) Loaded 1585 recipes
[16:49:14] [Render thread/INFO] (Minecraft) Loaded 1688 advancements
[16:49:14] [Render thread/INFO] (fabric-client-gametest-api-v1) World loading finished: null screen: net.minecraft.client.gui.screens.GenericMessageScreen@2cdae9e1
[16:49:14] [Render thread/INFO] (BiomeModificationImpl) Applied 0 biome modifications to 0 of 66 new biomes in 696.1 μs
[16:49:14] [Server thread/INFO] (Minecraft) Starting integrated minecraft server version 26.2
[16:49:14] [Server thread/INFO] (Minecraft) Generating keypair
[16:49:14] [Server thread/INFO] (Minecraft) Selecting global world spawn...
[16:49:15] [Server thread/INFO] (Minecraft) Loading 0 persistent chunks...
[16:49:15] [Server thread/INFO] (Minecraft) Preparing spawn area: 16%
[16:49:15] [Server thread/INFO] (Minecraft) Saving chunks for level 'ServerLevel[New World]'/minecraft:overworld
[16:49:15] [Server thread/INFO] (Minecraft) Saving chunks for level 'ServerLevel[New World]'/minecraft:the_end
[16:49:15] [Server thread/INFO] (Minecraft) Saving chunks for level 'ServerLevel[New World]'/minecraft:the_nether
[16:49:15] [Server thread/INFO] (Minecraft) ThreadedAnvilChunkStorage (world): All chunks are saved
[16:49:15] [Server thread/INFO] (Minecraft) ThreadedAnvilChunkStorage (DIM1): All chunks are saved
[16:49:15] [Server thread/INFO] (Minecraft) ThreadedAnvilChunkStorage (DIM-1): All chunks are saved
[16:49:15] [Server thread/INFO] (Minecraft) ThreadedAnvilChunkStorage: All dimensions are saved
[16:49:15] [Render thread/INFO] (fabric-client-gametest-api-v1) World loading finished: null screen: net.minecraft.client.gui.screens.LevelLoadingScreen@40400a5d
[16:49:15] [Render thread/INFO] (fabric-client-gametest-api-v1) World loading finished: null screen: net.minecraft.client.gui.screens.LevelLoadingScreen@40400a5d
[16:49:15] [Render thread/INFO] (fabric-client-gametest-api-v1) World loading finished: null screen: net.minecraft.client.gui.screens.LevelLoadingScreen@40400a5d
[16:49:15] [Render thread/INFO] (fabric-client-gametest-api-v1) World loading finished: null screen: net.minecraft.client.gui.screens.LevelLoadingScreen@40400a5d
[16:49:15] [Render thread/INFO] (fabric-client-gametest-api-v1) World loading finished: null screen: net.minecraft.client.gui.screens.LevelLoadingScreen@40400a5d
[16:49:15] [Render thread/INFO] (fabric-client-gametest-api-v1) World loading finished: null screen: net.minecraft.client.gui.screens.LevelLoadingScreen@40400a5d
[16:49:15] [Server thread/INFO] (Minecraft) Loading 48 chunks for player spawn...
[16:49:15] [Server thread/INFO] (Minecraft) Preparing spawn area: 16%
[16:49:15] [Render thread/INFO] (fabric-client-gametest-api-v1) World loading finished: null screen: net.minecraft.client.gui.screens.LevelLoadingScreen@40400a5d
[16:49:15] [Server thread/INFO] (Minecraft) Preparing spawn area: 16%
[16:49:15] [Render thread/INFO] (fabric-client-gametest-api-v1) World loading finished: null screen: net.minecraft.client.gui.screens.LevelLoadingScreen@40400a5d
[16:49:15] [Render thread/INFO] (fabric-client-gametest-api-v1) World loading finished: null screen: net.minecraft.client.gui.screens.LevelLoadingScreen@40400a5d
[16:49:15] [Render thread/INFO] (fabric-client-gametest-api-v1) World loading finished: null screen: net.minecraft.client.gui.screens.LevelLoadingScreen@40400a5d
[16:49:15] [Render thread/INFO] (fabric-client-gametest-api-v1) World loading finished: null screen: net.minecraft.client.gui.screens.LevelLoadingScreen@40400a5d
[16:49:16] [Render thread/INFO] (fabric-client-gametest-api-v1) World loading finished: null screen: net.minecraft.client.gui.screens.LevelLoadingScreen@40400a5d
[16:49:16] [Render thread/INFO] (fabric-client-gametest-api-v1) World loading finished: null screen: net.minecraft.client.gui.screens.LevelLoadingScreen@40400a5d
[16:49:16] [Server thread/INFO] (Minecraft) Preparing spawn area: 16%
[16:49:16] [Render thread/INFO] (fabric-client-gametest-api-v1) World loading finished: null screen: net.minecraft.client.gui.screens.LevelLoadingScreen@40400a5d
[16:49:16] [Render thread/INFO] (fabric-client-gametest-api-v1) World loading finished: null screen: net.minecraft.client.gui.screens.LevelLoadingScreen@40400a5d
[16:49:16] [Render thread/INFO] (fabric-client-gametest-api-v1) World loading finished: null screen: net.minecraft.client.gui.screens.LevelLoadingScreen@40400a5d
[16:49:16] [Render thread/INFO] (fabric-client-gametest-api-v1) World loading finished: null screen: net.minecraft.client.gui.screens.LevelLoadingScreen@40400a5d
[16:49:16] [Render thread/INFO] (fabric-client-gametest-api-v1) World loading finished: null screen: net.minecraft.client.gui.screens.LevelLoadingScreen@40400a5d
[16:49:16] [Render thread/INFO] (fabric-client-gametest-api-v1) World loading finished: null screen: net.minecraft.client.gui.screens.LevelLoadingScreen@40400a5d
[16:49:16] [Render thread/INFO] (fabric-client-gametest-api-v1) World loading finished: null screen: net.minecraft.client.gui.screens.LevelLoadingScreen@40400a5d
[16:49:16] [Render thread/INFO] (fabric-client-gametest-api-v1) World loading finished: null screen: net.minecraft.client.gui.screens.LevelLoadingScreen@40400a5d
[16:49:16] [Render thread/INFO] (fabric-client-gametest-api-v1) World loading finished: null screen: net.minecraft.client.gui.screens.LevelLoadingScreen@40400a5d
[16:49:16] [Render thread/INFO] (fabric-client-gametest-api-v1) World loading finished: null screen: net.minecraft.client.gui.screens.LevelLoadingScreen@40400a5d
[16:49:16] [Server thread/INFO] (Minecraft) Preparing spawn area: 58%
[16:49:16] [Render thread/INFO] (fabric-client-gametest-api-v1) World loading finished: null screen: net.minecraft.client.gui.screens.LevelLoadingScreen@40400a5d
[16:49:16] [Render thread/INFO] (fabric-client-gametest-api-v1) World loading finished: null screen: net.minecraft.client.gui.screens.LevelLoadingScreen@40400a5d
[16:49:16] [Server thread/INFO] (Minecraft) Time elapsed: 2117 ms
[16:49:16] [Render thread/INFO] (fabric-client-gametest-api-v1) World loading finished: null screen: net.minecraft.client.gui.screens.LevelLoadingScreen@40400a5d
[16:49:16] [Server thread/INFO] (Minecraft) Player323[local:E:2a37fa93] logged in with entity id 1 at (0.5, 79.0, 0.5)
[16:49:16] [Server thread/INFO] (Minecraft) Player323 joined the game
[16:49:16] [Server thread/INFO] (Minecraft) Changing view distance to 16, from 10
[16:49:16] [Server thread/INFO] (Minecraft) Changing simulation distance to 16, from 0
[16:49:16] [Render thread/INFO] (fabric-client-gametest-api-v1) World loading finished: ClientLevel screen: net.minecraft.client.gui.screens.LevelLoadingScreen@40400a5d
[16:49:16] [Download-2/ERROR] (Minecraft) Failed to retrieve profile key pair
MinecraftClientHttpException[type=HTTP_ERROR, status=401, response=ErrorResponse[path=/player/certificates, error=null, errorMessage=null, details=null]]
	at knot//com.mojang.authlib.minecraft.client.MinecraftClient.buildHttpException(MinecraftClient.java:170)
	at knot//com.mojang.authlib.minecraft.client.MinecraftClient.readServiceResponse(MinecraftClient.java:147)
	at knot//com.mojang.authlib.minecraft.client.MinecraftClient.post(MinecraftClient.java:89)
	at knot//com.mojang.authlib.yggdrasil.YggdrasilUserApiService.getKeyPair(YggdrasilUserApiService.java:62)
	at knot//net.minecraft.client.multiplayer.AccountProfileKeyPairManager.fetchProfileKeyPair(AccountProfileKeyPairManager.java:119)
	at knot//net.minecraft.client.multiplayer.AccountProfileKeyPairManager.lambda$readOrFetchProfileKeyPair$0(AccountProfileKeyPairManager.java:72)
	at java.base/java.util.concurrent.CompletableFuture$AsyncSupply.run(CompletableFuture.java:1789)
	at java.base/java.util.concurrent.ThreadPoolExecutor.runWorker(ThreadPoolExecutor.java:1090)
	at java.base/java.util.concurrent.ThreadPoolExecutor$Worker.run(ThreadPoolExecutor.java:614)
	at java.base/java.lang.Thread.run(Thread.java:1474)
[16:49:18] [Render thread/INFO] (Minecraft) Resizing Dynamic Transforms UBO, capacity limit of 2 reached during a single frame. New capacity will be 4.
[16:49:18] [Render thread/INFO] (Minecraft) Loaded 2 advancements
[16:49:18] [Render thread/INFO] (fabric-client-gametest-api-v1) World loading finished: ClientLevel screen: net.minecraft.client.gui.screens.LevelLoadingScreen@40400a5d
[16:49:18] [Render thread/INFO] (Minecraft) Resizing Dynamic Transforms UBO, capacity limit of 4 reached during a single frame. New capacity will be 8.
[16:49:18] [Render thread/INFO] (fabric-client-gametest-api-v1) World loading finished: ClientLevel screen: net.minecraft.client.gui.screens.LevelLoadingScreen@40400a5d
[16:49:18] [Render thread/INFO] (Minecraft) Resizing Dynamic Transforms UBO, capacity limit of 8 reached during a single frame. New capacity will be 16.
[16:49:18] [Render thread/INFO] (fabric-client-gametest-api-v1) World loading finished: ClientLevel screen: net.minecraft.client.gui.screens.LevelLoadingScreen@40400a5d
[16:49:18] [Render thread/INFO] (fabric-client-gametest-api-v1) World loading finished: ClientLevel screen: net.minecraft.client.gui.screens.LevelLoadingScreen@40400a5d
[16:49:19] [Render thread/INFO] (Minecraft) Resizing Chunk Sections UBO, capacity limit of 2 reached during a single frame. New capacity will be 4.
[16:49:19] [Render thread/INFO] (fabric-client-gametest-api-v1) World loading finished: ClientLevel screen: net.minecraft.client.gui.screens.LevelLoadingScreen@40400a5d
[16:49:19] [Render thread/INFO] (Minecraft) Resizing Chunk Sections UBO, capacity limit of 4 reached during a single frame. New capacity will be 16.
[16:49:19] [Render thread/INFO] (fabric-client-gametest-api-v1) World loading finished: ClientLevel screen: net.minecraft.client.gui.screens.LevelLoadingScreen@40400a5d
[16:49:19] [Render thread/INFO] (fabric-client-gametest-api-v1) World loading finished: ClientLevel screen: net.minecraft.client.gui.screens.LevelLoadingScreen@40400a5d
[16:49:19] [Render thread/INFO] (fabric-client-gametest-api-v1) World loading finished: ClientLevel screen: net.minecraft.client.gui.screens.LevelLoadingScreen@40400a5d
[16:49:19] [Render thread/INFO] (fabric-client-gametest-api-v1) World loading finished: ClientLevel screen: net.minecraft.client.gui.screens.LevelLoadingScreen@40400a5d
[16:49:19] [Render thread/INFO] (fabric-client-gametest-api-v1) World loading finished: ClientLevel screen: net.minecraft.client.gui.screens.LevelLoadingScreen@40400a5d
[16:49:19] [Render thread/INFO] (fabric-client-gametest-api-v1) World loading finished: ClientLevel screen: net.minecraft.client.gui.screens.LevelLoadingScreen@40400a5d
[16:49:19] [Render thread/INFO] (fabric-client-gametest-api-v1) World loading finished: ClientLevel screen: net.minecraft.client.gui.screens.LevelLoadingScreen@40400a5d
[16:49:19] [Render thread/INFO] (Minecraft) Resizing Chunk Sections UBO, capacity limit of 16 reached during a single frame. New capacity will be 32.
[16:49:19] [Render thread/INFO] (fabric-client-gametest-api-v1) World loading finished: ClientLevel screen: net.minecraft.client.gui.screens.LevelLoadingScreen@40400a5d
[16:49:19] [Render thread/INFO] (fabric-client-gametest-api-v1) World loading finished: ClientLevel screen: net.minecraft.client.gui.screens.LevelLoadingScreen@40400a5d
[16:49:19] [Render thread/INFO] (fabric-client-gametest-api-v1) World loading finished: ClientLevel screen: net.minecraft.client.gui.screens.LevelLoadingScreen@40400a5d
[16:49:19] [Render thread/INFO] (fabric-client-gametest-api-v1) World loading finished: ClientLevel screen: null
[16:49:19] [Server thread/INFO] (Minecraft) Set Player323's game mode to Spectator Mode
[16:49:19] [Server thread/INFO] (Minecraft) Teleported Player323 to -1535.500000, 236.000000, -127.500000
[16:49:19] [Server thread/INFO] (Minecraft) Set minecraft:overworld to time marker minecraft:noon
[16:49:19] [Server thread/INFO] (Minecraft) Set the weather to clear
[16:49:19] [Render thread/INFO] (ShaderPackRuntime) Loaded MetalCraft shader pack 'MetalCraft Standard': 3 pass(es), 4 target(s), 18 option(s), 6558720 bytes
[16:49:19] [Render thread/INFO] (Minecraft) [System] [CHAT] Your game mode has been updated to Spectator Mode
[16:49:19] [Render thread/INFO] (Minecraft) [System] [CHAT] [Server: Set Player323's game mode to Spectator Mode]
[16:49:19] [Render thread/INFO] (Minecraft) [System] [CHAT] [Server: Teleported Player323 to -1535.500000, 236.000000, -127.500000]
[16:49:19] [Render thread/INFO] (Minecraft) [System] [CHAT] [Server: Set minecraft:overworld to time marker minecraft:noon]
[16:49:19] [Render thread/INFO] (Minecraft) [System] [CHAT] [Server: Set the weather to clear]
[16:49:21] [Render thread/INFO] (Minecraft) Resizing Chunk Sections UBO, capacity limit of 32 reached during a single frame. New capacity will be 64.
[16:49:22] [Render thread/INFO] (Minecraft) Resizing Chunk Sections UBO, capacity limit of 64 reached during a single frame. New capacity will be 128.
[16:49:23] [Render thread/INFO] (Minecraft) Resizing Chunk Sections UBO, capacity limit of 128 reached during a single frame. New capacity will be 256.
[16:49:25] [Server thread/WARN] (Minecraft) Can't keep up! Is the server overloaded? Running 2686ms or 53 ticks behind
[16:49:25] [Render thread/INFO] (Minecraft) Resizing Chunk Sections UBO, capacity limit of 256 reached during a single frame. New capacity will be 512.
[16:49:26] [Render thread/INFO] (Minecraft) Resizing Chunk Sections UBO, capacity limit of 512 reached during a single frame. New capacity will be 1024.
[16:49:28] [Worker-Main-14/ERROR] (Minecraft) Detected unsafe terrain read during worldgen: reading from chunk [-109, -9] while generating chunk [-108, -11] (distance: 2, write radius: 1), step: minecraft:features, currently generating: ResourceKey[minecraft:worldgen/placed_feature / minecraft:sculk_patch_deep_dark]
[16:49:28] [Worker-Main-14/ERROR] (Minecraft) Detected unsafe terrain read during worldgen: reading from chunk [-109, -9] while generating chunk [-108, -11] (distance: 2, write radius: 1), step: minecraft:features, currently generating: ResourceKey[minecraft:worldgen/placed_feature / minecraft:sculk_patch_deep_dark]
[16:49:28] [Worker-Main-14/ERROR] (Minecraft) Detected unsafe terrain read during worldgen: reading from chunk [-109, -9] while generating chunk [-108, -11] (distance: 2, write radius: 1), step: minecraft:features, currently generating: ResourceKey[minecraft:worldgen/placed_feature / minecraft:sculk_patch_deep_dark]
[16:49:28] [Worker-Main-14/ERROR] (Minecraft) Detected unsafe terrain read during worldgen: reading from chunk [-108, -9] while generating chunk [-108, -11] (distance: 2, write radius: 1), step: minecraft:features, currently generating: ResourceKey[minecraft:worldgen/placed_feature / minecraft:sculk_patch_deep_dark]
[16:49:28] [Worker-Main-14/ERROR] (Minecraft) Detected unsafe terrain read during worldgen: reading from chunk [-108, -9] while generating chunk [-108, -11] (distance: 2, write radius: 1), step: minecraft:features, currently generating: ResourceKey[minecraft:worldgen/placed_feature / minecraft:sculk_patch_deep_dark]
[16:49:28] [Worker-Main-14/ERROR] (Minecraft) Detected unsafe terrain read during worldgen: reading from chunk [-108, -9] while generating chunk [-108, -11] (distance: 2, write radius: 1), step: minecraft:features, currently generating: ResourceKey[minecraft:worldgen/placed_feature / minecraft:sculk_patch_deep_dark]
[16:49:28] [Worker-Main-14/ERROR] (Minecraft) Detected unsafe terrain read during worldgen: reading from chunk [-108, -9] while generating chunk [-108, -11] (distance: 2, write radius: 1), step: minecraft:features, currently generating: ResourceKey[minecraft:worldgen/placed_feature / minecraft:sculk_patch_deep_dark]
[16:49:28] [Worker-Main-14/ERROR] (Minecraft) Detected unsafe terrain read during worldgen: reading from chunk [-108, -9] while generating chunk [-108, -11] (distance: 2, write radius: 1), step: minecraft:features, currently generating: ResourceKey[minecraft:worldgen/placed_feature / minecraft:sculk_patch_deep_dark]
[16:49:28] [Worker-Main-14/ERROR] (Minecraft) Detected unsafe terrain read during worldgen: reading from chunk [-108, -9] while generating chunk [-108, -11] (distance: 2, write radius: 1), step: minecraft:features, currently generating: ResourceKey[minecraft:worldgen/placed_feature / minecraft:sculk_patch_deep_dark]
[16:49:28] [Worker-Main-14/ERROR] (Minecraft) Detected unsafe terrain read during worldgen: reading from chunk [-109, -9] while generating chunk [-108, -11] (distance: 2, write radius: 1), step: minecraft:features, currently generating: ResourceKey[minecraft:worldgen/placed_feature / minecraft:sculk_patch_deep_dark]
[16:49:28] [Worker-Main-14/ERROR] (Minecraft) Detected unsafe terrain read during worldgen: reading from chunk [-109, -9] while generating chunk [-108, -11] (distance: 2, write radius: 1), step: minecraft:features, currently generating: ResourceKey[minecraft:worldgen/placed_feature / minecraft:sculk_patch_deep_dark]
[16:49:28] [Worker-Main-14/ERROR] (Minecraft) Detected unsafe terrain read during worldgen: reading from chunk [-109, -9] while generating chunk [-108, -11] (distance: 2, write radius: 1), step: minecraft:features, currently generating: ResourceKey[minecraft:worldgen/placed_feature / minecraft:sculk_patch_deep_dark]
[16:49:28] [Worker-Main-14/ERROR] (Minecraft) Detected unsafe terrain read during worldgen: reading from chunk [-108, -9] while generating chunk [-108, -11] (distance: 2, write radius: 1), step: minecraft:features, currently generating: ResourceKey[minecraft:worldgen/placed_feature / minecraft:sculk_patch_deep_dark]
[16:49:28] [Worker-Main-14/ERROR] (Minecraft) Detected unsafe terrain read during worldgen: reading from chunk [-108, -9] while generating chunk [-108, -11] (distance: 2, write radius: 1), step: minecraft:features, currently generating: ResourceKey[minecraft:worldgen/placed_feature / minecraft:sculk_patch_deep_dark]
[16:49:28] [Worker-Main-14/ERROR] (Minecraft) Detected unsafe terrain read during worldgen: reading from chunk [-108, -9] while generating chunk [-108, -11] (distance: 2, write radius: 1), step: minecraft:features, currently generating: ResourceKey[minecraft:worldgen/placed_feature / minecraft:sculk_patch_deep_dark]
[16:49:28] [Worker-Main-14/ERROR] (Minecraft) Detected unsafe terrain read during worldgen: reading from chunk [-108, -9] while generating chunk [-108, -11] (distance: 2, write radius: 1), step: minecraft:features, currently generating: ResourceKey[minecraft:worldgen/placed_feature / minecraft:sculk_patch_deep_dark]
[16:49:28] [Worker-Main-14/ERROR] (Minecraft) Detected unsafe terrain read during worldgen: reading from chunk [-108, -9] while generating chunk [-108, -11] (distance: 2, write radius: 1), step: minecraft:features, currently generating: ResourceKey[minecraft:worldgen/placed_feature / minecraft:sculk_patch_deep_dark]
[16:49:28] [Worker-Main-14/ERROR] (Minecraft) Detected unsafe terrain read during worldgen: reading from chunk [-108, -9] while generating chunk [-108, -11] (distance: 2, write radius: 1), step: minecraft:features, currently generating: ResourceKey[minecraft:worldgen/placed_feature / minecraft:sculk_patch_deep_dark]
[16:49:28] [Worker-Main-14/ERROR] (Minecraft) Detected unsafe terrain read during worldgen: reading from chunk [-109, -9] while generating chunk [-108, -11] (distance: 2, write radius: 1), step: minecraft:features, currently generating: ResourceKey[minecraft:worldgen/placed_feature / minecraft:sculk_patch_deep_dark]
[16:49:28] [Worker-Main-14/ERROR] (Minecraft) Detected unsafe terrain read during worldgen: reading from chunk [-109, -9] while generating chunk [-108, -11] (distance: 2, write radius: 1), step: minecraft:features, currently generating: ResourceKey[minecraft:worldgen/placed_feature / minecraft:sculk_patch_deep_dark]
[16:49:28] [Worker-Main-14/ERROR] (Minecraft) Detected unsafe terrain read during worldgen: reading from chunk [-109, -9] while generating chunk [-108, -11] (distance: 2, write radius: 1), step: minecraft:features, currently generating: ResourceKey[minecraft:worldgen/placed_feature / minecraft:sculk_patch_deep_dark]
[16:49:28] [Worker-Main-14/ERROR] (Minecraft) Detected unsafe terrain read during worldgen: reading from chunk [-108, -9] while generating chunk [-108, -11] (distance: 2, write radius: 1), step: minecraft:features, currently generating: ResourceKey[minecraft:worldgen/placed_feature / minecraft:sculk_patch_deep_dark]
[16:49:28] [Worker-Main-14/ERROR] (Minecraft) Detected unsafe terrain read during worldgen: reading from chunk [-108, -9] while generating chunk [-108, -11] (distance: 2, write radius: 1), step: minecraft:features, currently generating: ResourceKey[minecraft:worldgen/placed_feature / minecraft:sculk_patch_deep_dark]
[16:49:28] [Worker-Main-14/ERROR] (Minecraft) Detected unsafe terrain read during worldgen: reading from chunk [-108, -9] while generating chunk [-108, -11] (distance: 2, write radius: 1), step: minecraft:features, currently generating: ResourceKey[minecraft:worldgen/placed_feature / minecraft:sculk_patch_deep_dark]
[16:49:28] [Worker-Main-14/ERROR] (Minecraft) Detected unsafe terrain read during worldgen: reading from chunk [-108, -9] while generating chunk [-108, -11] (distance: 2, write radius: 1), step: minecraft:features, currently generating: ResourceKey[minecraft:worldgen/placed_feature / minecraft:sculk_patch_deep_dark]
[16:49:28] [Worker-Main-14/ERROR] (Minecraft) Detected unsafe terrain read during worldgen: reading from chunk [-108, -9] while generating chunk [-108, -11] (distance: 2, write radius: 1), step: minecraft:features, currently generating: ResourceKey[minecraft:worldgen/placed_feature / minecraft:sculk_patch_deep_dark]
[16:49:28] [Worker-Main-14/ERROR] (Minecraft) Detected unsafe terrain read during worldgen: reading from chunk [-108, -9] while generating chunk [-108, -11] (distance: 2, write radius: 1), step: minecraft:features, currently generating: ResourceKey[minecraft:worldgen/placed_feature / minecraft:sculk_patch_deep_dark]
[16:49:28] [Worker-Main-14/ERROR] (Minecraft) Detected unsafe terrain read during worldgen: reading from chunk [-109, -9] while generating chunk [-108, -11] (distance: 2, write radius: 1), step: minecraft:features, currently generating: ResourceKey[minecraft:worldgen/placed_feature / minecraft:sculk_patch_deep_dark]
[16:49:28] [Worker-Main-14/ERROR] (Minecraft) Detected unsafe terrain read during worldgen: reading from chunk [-109, -9] while generating chunk [-108, -11] (distance: 2, write radius: 1), step: minecraft:features, currently generating: ResourceKey[minecraft:worldgen/placed_feature / minecraft:sculk_patch_deep_dark]
[16:49:28] [Worker-Main-14/ERROR] (Minecraft) Detected unsafe terrain read during worldgen: reading from chunk [-108, -9] while generating chunk [-108, -11] (distance: 2, write radius: 1), step: minecraft:features, currently generating: ResourceKey[minecraft:worldgen/placed_feature / minecraft:sculk_patch_deep_dark]
[16:49:28] [Worker-Main-14/ERROR] (Minecraft) Detected unsafe terrain read during worldgen: reading from chunk [-108, -9] while generating chunk [-108, -11] (distance: 2, write radius: 1), step: minecraft:features, currently generating: ResourceKey[minecraft:worldgen/placed_feature / minecraft:sculk_patch_deep_dark]
[16:49:28] [Worker-Main-14/ERROR] (Minecraft) Detected unsafe terrain read during worldgen: reading from chunk [-108, -9] while generating chunk [-108, -11] (distance: 2, write radius: 1), step: minecraft:features, currently generating: ResourceKey[minecraft:worldgen/placed_feature / minecraft:sculk_patch_deep_dark]
[16:49:28] [Worker-Main-14/ERROR] (Minecraft) Detected unsafe terrain read during worldgen: reading from chunk [-108, -9] while generating chunk [-108, -11] (distance: 2, write radius: 1), step: minecraft:features, currently generating: ResourceKey[minecraft:worldgen/placed_feature / minecraft:sculk_patch_deep_dark]
[16:49:28] [Worker-Main-14/ERROR] (Minecraft) Detected unsafe terrain read during worldgen: reading from chunk [-108, -9] while generating chunk [-108, -11] (distance: 2, write radius: 1), step: minecraft:features, currently generating: ResourceKey[minecraft:worldgen/placed_feature / minecraft:sculk_patch_deep_dark]
[16:49:28] [Worker-Main-14/ERROR] (Minecraft) Detected unsafe terrain read during worldgen: reading from chunk [-108, -9] while generating chunk [-108, -11] (distance: 2, write radius: 1), step: minecraft:features, currently generating: ResourceKey[minecraft:worldgen/placed_feature / minecraft:sculk_patch_deep_dark]
[16:49:28] [Worker-Main-14/ERROR] (Minecraft) Detected unsafe terrain read during worldgen: reading from chunk [-108, -9] while generating chunk [-108, -11] (distance: 2, write radius: 1), step: minecraft:features, currently generating: ResourceKey[minecraft:worldgen/placed_feature / minecraft:sculk_patch_deep_dark]
[16:49:28] [Worker-Main-14/ERROR] (Minecraft) Detected unsafe terrain read during worldgen: reading from chunk [-109, -9] while generating chunk [-108, -11] (distance: 2, write radius: 1), step: minecraft:features, currently generating: ResourceKey[minecraft:worldgen/placed_feature / minecraft:sculk_patch_deep_dark]
[16:49:28] [Worker-Main-14/ERROR] (Minecraft) Detected unsafe terrain read during worldgen: reading from chunk [-109, -9] while generating chunk [-108, -11] (distance: 2, write radius: 1), step: minecraft:features, currently generating: ResourceKey[minecraft:worldgen/placed_feature / minecraft:sculk_patch_deep_dark]
[16:49:28] [Worker-Main-14/ERROR] (Minecraft) Detected unsafe terrain read during worldgen: reading from chunk [-108, -9] while generating chunk [-108, -11] (distance: 2, write radius: 1), step: minecraft:features, currently generating: ResourceKey[minecraft:worldgen/placed_feature / minecraft:sculk_patch_deep_dark]
[16:49:28] [Worker-Main-14/ERROR] (Minecraft) Detected unsafe terrain read during worldgen: reading from chunk [-108, -9] while generating chunk [-108, -11] (distance: 2, write radius: 1), step: minecraft:features, currently generating: ResourceKey[minecraft:worldgen/placed_feature / minecraft:sculk_patch_deep_dark]
[16:49:28] [Worker-Main-14/ERROR] (Minecraft) Detected unsafe terrain read during worldgen: reading from chunk [-108, -9] while generating chunk [-108, -11] (distance: 2, write radius: 1), step: minecraft:features, currently generating: ResourceKey[minecraft:worldgen/placed_feature / minecraft:sculk_patch_deep_dark]
[16:49:28] [Worker-Main-14/ERROR] (Minecraft) Detected unsafe terrain read during worldgen: reading from chunk [-108, -9] while generating chunk [-108, -11] (distance: 2, write radius: 1), step: minecraft:features, currently generating: ResourceKey[minecraft:worldgen/placed_feature / minecraft:sculk_patch_deep_dark]
[16:49:28] [Worker-Main-14/ERROR] (Minecraft) Detected unsafe terrain read during worldgen: reading from chunk [-108, -9] while generating chunk [-108, -11] (distance: 2, write radius: 1), step: minecraft:features, currently generating: ResourceKey[minecraft:worldgen/placed_feature / minecraft:sculk_patch_deep_dark]
[16:49:28] [Worker-Main-14/ERROR] (Minecraft) Detected unsafe terrain read during worldgen: reading from chunk [-108, -9] while generating chunk [-108, -11] (distance: 2, write radius: 1), step: minecraft:features, currently generating: ResourceKey[minecraft:worldgen/placed_feature / minecraft:sculk_patch_deep_dark]
[16:49:28] [Worker-Main-14/ERROR] (Minecraft) Detected unsafe terrain read during worldgen: reading from chunk [-108, -9] while generating chunk [-108, -11] (distance: 2, write radius: 1), step: minecraft:features, currently generating: ResourceKey[minecraft:worldgen/placed_feature / minecraft:sculk_patch_deep_dark]
[16:49:28] [Worker-Main-14/ERROR] (Minecraft) Detected unsafe terrain read during worldgen: reading from chunk [-109, -9] while generating chunk [-108, -11] (distance: 2, write radius: 1), step: minecraft:features, currently generating: ResourceKey[minecraft:worldgen/placed_feature / minecraft:sculk_patch_deep_dark]
[16:49:28] [Worker-Main-14/ERROR] (Minecraft) Detected unsafe terrain read during worldgen: reading from chunk [-109, -9] while generating chunk [-108, -11] (distance: 2, write radius: 1), step: minecraft:features, currently generating: ResourceKey[minecraft:worldgen/placed_feature / minecraft:sculk_patch_deep_dark]
[16:49:28] [Worker-Main-14/ERROR] (Minecraft) Detected unsafe terrain read during worldgen: reading from chunk [-108, -9] while generating chunk [-108, -11] (distance: 2, write radius: 1), step: minecraft:features, currently generating: ResourceKey[minecraft:worldgen/placed_feature / minecraft:sculk_patch_deep_dark]
[16:49:28] [Worker-Main-14/ERROR] (Minecraft) Detected unsafe terrain read during worldgen: reading from chunk [-108, -9] while generating chunk [-108, -11] (distance: 2, write radius: 1), step: minecraft:features, currently generating: ResourceKey[minecraft:worldgen/placed_feature / minecraft:sculk_patch_deep_dark]
[16:49:28] [Worker-Main-14/ERROR] (Minecraft) Detected unsafe terrain read during worldgen: reading from chunk [-108, -9] while generating chunk [-108, -11] (distance: 2, write radius: 1), step: minecraft:features, currently generating: ResourceKey[minecraft:worldgen/placed_feature / minecraft:sculk_patch_deep_dark]
[16:49:28] [Worker-Main-14/ERROR] (Minecraft) Detected unsafe terrain read during worldgen: reading from chunk [-108, -9] while generating chunk [-108, -11] (distance: 2, write radius: 1), step: minecraft:features, currently generating: ResourceKey[minecraft:worldgen/placed_feature / minecraft:sculk_patch_deep_dark]
[16:49:28] [Worker-Main-14/ERROR] (Minecraft) Detected unsafe terrain read during worldgen: reading from chunk [-108, -9] while generating chunk [-108, -11] (distance: 2, write radius: 1), step: minecraft:features, currently generating: ResourceKey[minecraft:worldgen/placed_feature / minecraft:sculk_patch_deep_dark]
[16:49:28] [Worker-Main-14/ERROR] (Minecraft) Detected unsafe terrain read during worldgen: reading from chunk [-108, -9] while generating chunk [-108, -11] (distance: 2, write radius: 1), step: minecraft:features, currently generating: ResourceKey[minecraft:worldgen/placed_feature / minecraft:sculk_patch_deep_dark]
[16:49:28] [Worker-Main-14/ERROR] (Minecraft) Detected unsafe terrain read during worldgen: reading from chunk [-108, -9] while generating chunk [-108, -11] (distance: 2, write radius: 1), step: minecraft:features, currently generating: ResourceKey[minecraft:worldgen/placed_feature / minecraft:sculk_patch_deep_dark]
[16:49:28] [Server thread/INFO] (Minecraft) Teleported Player323 to -1535.500000, 236.000000, -127.500000
[16:49:28] [Render thread/INFO] (Minecraft) [System] [CHAT] [Server: Teleported Player323 to -1535.500000, 236.000000, -127.500000]
[16:49:30] [Render thread/INFO] (Minecraft) Resizing Chunk Sections UBO, capacity limit of 1024 reached during a single frame. New capacity will be 2048.
[16:49:30] [Server thread/INFO] (Minecraft) Teleported Player323 to -1511.500000, 236.000000, -115.500000
[16:49:30] [Render thread/INFO] (Minecraft) [System] [CHAT] [Server: Teleported Player323 to -1511.500000, 236.000000, -115.500000]
[16:49:32] [Server thread/INFO] (Minecraft) Teleported Player323 to -1487.500000, 236.000000, -103.500000
[16:49:32] [Render thread/INFO] (Minecraft) [System] [CHAT] [Server: Teleported Player323 to -1487.500000, 236.000000, -103.500000]
[16:49:35] [Server thread/INFO] (Minecraft) Teleported Player323 to -1535.500000, 236.000000, -127.500000
[16:49:35] [Render thread/INFO] (WorldGeometryAdapter) Shader pack 'metalcraft-standard' leaves 1 pipeline(s) outside the G-buffer: [minecraft:pipeline/translucent_terrain]
[16:49:35] [Render thread/INFO] (Minecraft) [System] [CHAT] [Server: Teleported Player323 to -1535.500000, 236.000000, -127.500000]
[16:49:40] [Render thread/INFO] (Minecraft) Resizing Chunk Sections UBO, capacity limit of 2048 reached during a single frame. New capacity will be 4096.
[16:49:42] [Server thread/INFO] (Minecraft) Teleported Player323 to -1535.500000, 236.000000, -127.500000
[16:49:42] [Render thread/INFO] (Minecraft) [System] [CHAT] [Server: Teleported Player323 to -1535.500000, 236.000000, -127.500000]
[16:49:45] [Server thread/INFO] (Minecraft) Teleported Player323 to -1511.500000, 236.000000, -115.500000
[16:49:45] [Render thread/INFO] (Minecraft) [System] [CHAT] [Server: Teleported Player323 to -1511.500000, 236.000000, -115.500000]
[16:49:47] [Server thread/INFO] (Minecraft) Teleported Player323 to -1487.500000, 236.000000, -103.500000
[16:49:47] [Render thread/INFO] (Minecraft) [System] [CHAT] [Server: Teleported Player323 to -1487.500000, 236.000000, -103.500000]
[16:49:50] [Server thread/INFO] (Minecraft) Teleported Player323 to -1535.500000, 236.000000, -127.500000
[16:49:50] [Render thread/INFO] (Minecraft) [System] [CHAT] [Server: Teleported Player323 to -1535.500000, 236.000000, -127.500000]
[16:49:57] [Render thread/WARN] (Minecraft) Failed to find suitable monitor for fullscreen mode
[16:49:57] [Render thread/INFO] (MetalGpuSurface) MetalCraft surface configured: 2558x1438 presentMode=IMMEDIATE displaySync=false unlockedFrameRate=true
[16:49:58] [Render thread/INFO] (MetalGpuSurface) MetalCraft surface configured: 2558x1438 presentMode=IMMEDIATE displaySync=false unlockedFrameRate=true
[16:49:58] [Render thread/WARN] (Minecraft) Failed to find suitable monitor for fullscreen mode
[16:49:58] [Render thread/INFO] (MetalGpuSurface) MetalCraft surface configured: 2558x1438 presentMode=IMMEDIATE displaySync=false unlockedFrameRate=true
[16:49:58] [Render thread/INFO] (MetalGpuSurface) MetalCraft surface configured: 2558x1438 presentMode=IMMEDIATE displaySync=false unlockedFrameRate=true
[16:49:59] [Server thread/INFO] (Minecraft) Teleported Player323 to -1535.500000, 236.000000, -127.500000
[16:49:59] [Server thread/INFO] (Minecraft) Changed the block at -1540, 175, -128
[16:49:59] [Render thread/INFO] (Minecraft) [System] [CHAT] [Server: Teleported Player323 to -1535.500000, 236.000000, -127.500000]
[16:49:59] [Render thread/INFO] (Minecraft) [System] [CHAT] [Server: Changed the block at -1540, 175, -128]
[16:49:59] [Server thread/INFO] (Minecraft) Changed the block at -1540, 175, -128
[16:49:59] [Render thread/INFO] (Minecraft) [System] [CHAT] [Server: Changed the block at -1540, 175, -128]
[16:49:59] [Render thread/INFO] (Minecraft) Reloading ResourceManager: vanilla, fabric-api, fabric-api-base, fabric-api-lookup-api-v1, fabric-biome-api-v1, fabric-block-api-v1, fabric-block-getter-api-v2, fabric-client-gametest-api-v1, fabric-command-api-v2, fabric-content-registries-v0, fabric-convention-tags-v2, fabric-crash-report-info-v1, fabric-creative-tab-api-v1, fabric-data-attachment-api-v1, fabric-data-generation-api-v1, fabric-debug-api-v1, fabric-dimensions-v1, fabric-entity-events-v1, fabric-events-interaction-v0, fabric-game-rule-api-v1, fabric-gametest-api-v1, fabric-item-api-v1, fabric-key-mapping-api-v1, fabric-lifecycle-events-v1, fabric-loot-api-v3, fabric-menu-api-v1, fabric-message-api-v1, fabric-model-loading-api-v1, fabric-networking-api-v1, fabric-object-builder-api-v1, fabric-particles-v1, fabric-permission-api-v1, fabric-recipe-api-v1, fabric-registry-sync-v0, fabric-renderer-api-v1, fabric-renderer-indigo, fabric-rendering-fluids-v1, fabric-rendering-v1, fabric-resource-conditions-api-v1, fabric-resource-loader-v0, fabric-resource-loader-v1, fabric-screen-api-v1, fabric-serialization-api-v1, fabric-sound-api-v1, fabric-tag-api-v1, fabric-transfer-api-v1, fabric-transitive-access-wideners-v1, fabricloader, metalcraft
[16:49:59] [Worker-Main-14/INFO] (Minecraft) Found unifont_all_no_pua-17.0.01.hex, loading
[16:49:59] [Worker-Main-11/INFO] (Minecraft) Found unifont_pua-17.0.01.hex, loading
[16:49:59] [Worker-Main-13/INFO] (Minecraft) Found unifont_jp_patch-17.0.01.hex, loading
[16:49:59] [Server thread/INFO] (Minecraft) Saving and pausing game...
[16:49:59] [Server thread/INFO] (Minecraft) Saving chunks for level 'ServerLevel[New World]'/minecraft:overworld
[16:49:59] [Server thread/INFO] (Minecraft) Saving chunks for level 'ServerLevel[New World]'/minecraft:the_end
[16:49:59] [Server thread/INFO] (Minecraft) Saving chunks for level 'ServerLevel[New World]'/minecraft:the_nether
[16:50:01] [Render thread/INFO] (Minecraft) OpenAL initialized on device DENON-AVR
[16:50:01] [Render thread/INFO] (Minecraft) Sound engine started
[16:50:01] [Render thread/INFO] (Minecraft) Created: 512x256x0 minecraft:textures/atlas/particles.png-atlas
[16:50:01] [Render thread/INFO] (Minecraft) Created: 128x128x0 minecraft:textures/atlas/decorated_pot.png-atlas
[16:50:01] [Render thread/INFO] (Minecraft) Created: 2048x1024x0 minecraft:textures/atlas/armor_trims.png-atlas
[16:50:01] [Render thread/INFO] (Minecraft) Created: 512x256x0 minecraft:textures/atlas/paintings.png-atlas
[16:50:01] [Render thread/INFO] (Minecraft) Created: 1024x512x0 minecraft:textures/atlas/shield_patterns.png-atlas
[16:50:01] [Render thread/INFO] (Minecraft) Created: 2048x2048x4 minecraft:textures/atlas/blocks.png-atlas
[16:50:02] [Render thread/INFO] (Minecraft) Created: 512x512x0 minecraft:textures/atlas/chest.png-atlas
[16:50:02] [Render thread/INFO] (Minecraft) Created: 256x128x0 minecraft:textures/atlas/celestials.png-atlas
[16:50:02] [Render thread/INFO] (Minecraft) Created: 1024x512x0 minecraft:textures/atlas/banner_patterns.png-atlas
[16:50:02] [Render thread/INFO] (Minecraft) Created: 1024x512x0 minecraft:textures/atlas/items.png-atlas
[16:50:02] [Render thread/INFO] (Minecraft) Created: 1024x1024x0 minecraft:textures/atlas/gui.png-atlas
[16:50:02] [Render thread/INFO] (Minecraft) Created: 128x64x0 minecraft:textures/atlas/map_decorations.png-atlas
[16:50:02] [Render thread/INFO] (Minecraft) Created: 512x512x0 minecraft:textures/atlas/shulker_boxes.png-atlas
[16:50:04] [Server thread/WARN] (Minecraft) Can't keep up! Is the server overloaded? Running 5503ms or 110 ticks behind
[16:50:04] [Server thread/INFO] (Minecraft) Teleported Player323 to 4096.500000, 173.000000, 4096.500000
[16:50:04] [Render thread/INFO] (Minecraft) [System] [CHAT] [Server: Teleported Player323 to 4096.500000, 173.000000, 4096.500000]
[16:50:09] [Render thread/INFO] (ShaderPackRuntime) Loaded MetalCraft shader pack 'MetalCraft Standard': 3 pass(es), 4 target(s), 18 option(s), 14713616 bytes
[16:50:09] [Server thread/INFO] (Minecraft) Player323 has made the advancement [We Need to Go Deeper]
[16:50:09] [Server thread/INFO] (Minecraft) Teleported Player323 to 0.500000, 80.000000, 0.500000
[16:50:09] [Render thread/INFO] (Minecraft) [System] [CHAT] Player323 has made the advancement [We Need to Go Deeper]
[16:50:09] [Render thread/INFO] (Minecraft) [System] [CHAT] [Player323: Teleported Player323 to 0.500000, 80.000000, 0.500000]
[16:50:09] [Render thread/INFO] (Minecraft) Loaded 29 advancements
[16:50:10] [Render thread/INFO] (Minecraft) Loaded 29 advancements
[16:50:13] [Server thread/INFO] (Minecraft) Player323 has completed the challenge [Subspace Bubble]
[16:50:13] [Server thread/INFO] (Minecraft) Teleported Player323 to -1535.500000, 236.000000, -127.500000
[16:50:13] [Render thread/INFO] (Minecraft) [System] [CHAT] Player323 has completed the challenge [Subspace Bubble]
[16:50:13] [Render thread/INFO] (Minecraft) [System] [CHAT] [Player323: Teleported Player323 to -1535.500000, 236.000000, -127.500000]
[16:50:13] [Render thread/INFO] (Minecraft) Loaded 29 advancements
[16:50:13] [Server thread/INFO] (Minecraft) Player323 lost connection: Disconnected
[16:50:13] [Server thread/INFO] (Minecraft) Player323 left the game
[16:50:13] [Server thread/INFO] (Minecraft) Stopping singleplayer server as player logged out
[16:50:13] [Server thread/INFO] (Minecraft) Stopping server
[16:50:13] [Server thread/INFO] (Minecraft) Saving players
[16:50:13] [Server thread/INFO] (Minecraft) Saving worlds
[16:50:14] [Server thread/INFO] (Minecraft) Saving chunks for level 'ServerLevel[New World]'/minecraft:overworld
[16:50:14] [Server thread/INFO] (Minecraft) Saving chunks for level 'ServerLevel[New World]'/minecraft:the_end
[16:50:14] [Server thread/INFO] (Minecraft) Saving chunks for level 'ServerLevel[New World]'/minecraft:the_nether
[16:50:14] [Server thread/INFO] (Minecraft) ThreadedAnvilChunkStorage (world): All chunks are saved
[16:50:14] [Server thread/INFO] (Minecraft) ThreadedAnvilChunkStorage (DIM1): All chunks are saved
[16:50:14] [Server thread/INFO] (Minecraft) ThreadedAnvilChunkStorage (DIM-1): All chunks are saved
[16:50:14] [Server thread/INFO] (Minecraft) ThreadedAnvilChunkStorage: All dimensions are saved
[16:50:14] [Render thread/INFO] (fabric-client-gametest-api-v1) World loading finished: null screen: net.minecraft.client.gui.screens.GenericMessageScreen@1f15ca71
[16:50:15] [Render thread/INFO] (Minecraft) Loaded 1585 recipes
[16:50:15] [Render thread/INFO] (Minecraft) Loaded 1688 advancements
[16:50:15] [Render thread/INFO] (BiomeModificationImpl) Applied 0 biome modifications to 0 of 66 new biomes in 184.8 μs
[16:50:15] [Server thread/INFO] (Minecraft) Starting integrated minecraft server version 26.2
[16:50:15] [Server thread/INFO] (Minecraft) Generating keypair
[16:50:15] [Server thread/INFO] (Minecraft) Loading 0 persistent chunks...
[16:50:15] [Server thread/INFO] (Minecraft) Saving chunks for level 'ServerLevel[New World]'/minecraft:overworld
[16:50:15] [Server thread/INFO] (Minecraft) Saving chunks for level 'ServerLevel[New World]'/minecraft:the_end
[16:50:15] [Server thread/INFO] (Minecraft) Saving chunks for level 'ServerLevel[New World]'/minecraft:the_nether
[16:50:15] [Server thread/INFO] (Minecraft) ThreadedAnvilChunkStorage (world): All chunks are saved
[16:50:15] [Server thread/INFO] (Minecraft) ThreadedAnvilChunkStorage (DIM1): All chunks are saved
[16:50:15] [Server thread/INFO] (Minecraft) ThreadedAnvilChunkStorage (DIM-1): All chunks are saved
[16:50:15] [Server thread/INFO] (Minecraft) ThreadedAnvilChunkStorage: All dimensions are saved
[16:50:15] [Render thread/INFO] (fabric-client-gametest-api-v1) World loading finished: null screen: net.minecraft.client.gui.screens.LevelLoadingScreen@392c3129
[16:50:15] [Render thread/INFO] (fabric-client-gametest-api-v1) World loading finished: null screen: net.minecraft.client.gui.screens.LevelLoadingScreen@392c3129
[16:50:15] [Render thread/INFO] (fabric-client-gametest-api-v1) World loading finished: null screen: net.minecraft.client.gui.screens.LevelLoadingScreen@392c3129
[16:50:15] [Server thread/INFO] (Minecraft) Loading 49 chunks for player spawn...
[16:50:15] [Server thread/INFO] (Minecraft) Preparing spawn area: 16%
[16:50:15] [Render thread/INFO] (fabric-client-gametest-api-v1) World loading finished: null screen: net.minecraft.client.gui.screens.LevelLoadingScreen@392c3129
[16:50:15] [Render thread/INFO] (fabric-client-gametest-api-v1) World loading finished: null screen: net.minecraft.client.gui.screens.LevelLoadingScreen@392c3129
[16:50:15] [Server thread/INFO] (Minecraft) Time elapsed: 289 ms
[16:50:15] [Render thread/INFO] (fabric-client-gametest-api-v1) World loading finished: null screen: net.minecraft.client.gui.screens.LevelLoadingScreen@392c3129
[16:50:15] [Server thread/INFO] (Minecraft) Player323[local:E:728bcd60] logged in with entity id 441 at (-1535.5, 236.0, -127.5)
[16:50:15] [Server thread/INFO] (Minecraft) Player323 joined the game
[16:50:15] [Server thread/INFO] (Minecraft) Changing view distance to 16, from 10
[16:50:15] [Server thread/INFO] (Minecraft) Changing simulation distance to 16, from 0
[16:50:15] [Render thread/INFO] (fabric-client-gametest-api-v1) World loading finished: null screen: net.minecraft.client.gui.screens.LevelLoadingScreen@392c3129
[16:50:15] [Render thread/INFO] (Minecraft) Loaded 29 advancements
[16:50:15] [Render thread/INFO] (fabric-client-gametest-api-v1) World loading finished: ClientLevel screen: net.minecraft.client.gui.screens.LevelLoadingScreen@392c3129
[16:50:15] [Render thread/INFO] (fabric-client-gametest-api-v1) World loading finished: ClientLevel screen: null
[16:50:15] [Download-2/ERROR] (Minecraft) Failed to retrieve profile key pair
MinecraftClientHttpException[type=HTTP_ERROR, status=401, response=ErrorResponse[path=/player/certificates, error=null, errorMessage=null, details=null]]
	at knot//com.mojang.authlib.minecraft.client.MinecraftClient.buildHttpException(MinecraftClient.java:170)
	at knot//com.mojang.authlib.minecraft.client.MinecraftClient.readServiceResponse(MinecraftClient.java:147)
	at knot//com.mojang.authlib.minecraft.client.MinecraftClient.post(MinecraftClient.java:89)
	at knot//com.mojang.authlib.yggdrasil.YggdrasilUserApiService.getKeyPair(YggdrasilUserApiService.java:62)
	at knot//net.minecraft.client.multiplayer.AccountProfileKeyPairManager.fetchProfileKeyPair(AccountProfileKeyPairManager.java:119)
	at knot//net.minecraft.client.multiplayer.AccountProfileKeyPairManager.lambda$readOrFetchProfileKeyPair$0(AccountProfileKeyPairManager.java:72)
	at java.base/java.util.concurrent.CompletableFuture$AsyncSupply.run(CompletableFuture.java:1789)
	at java.base/java.util.concurrent.ThreadPoolExecutor.runWorker(ThreadPoolExecutor.java:1090)
	at java.base/java.util.concurrent.ThreadPoolExecutor$Worker.run(ThreadPoolExecutor.java:614)
	at java.base/java.lang.Thread.run(Thread.java:1474)
[16:50:16] [Server thread/INFO] (Minecraft) Player323 lost connection: Disconnected
[16:50:16] [Server thread/INFO] (Minecraft) Player323 left the game
[16:50:16] [Server thread/INFO] (Minecraft) Stopping singleplayer server as player logged out
[16:50:16] [Server thread/INFO] (Minecraft) Stopping server
[16:50:16] [Server thread/INFO] (Minecraft) Saving players
[16:50:16] [Server thread/INFO] (Minecraft) Saving worlds
[16:50:16] [Server thread/INFO] (Minecraft) Saving chunks for level 'ServerLevel[New World]'/minecraft:overworld
[16:50:17] [Server thread/INFO] (Minecraft) Saving chunks for level 'ServerLevel[New World]'/minecraft:the_end
[16:50:17] [Server thread/INFO] (Minecraft) Saving chunks for level 'ServerLevel[New World]'/minecraft:the_nether
[16:50:17] [Server thread/INFO] (Minecraft) ThreadedAnvilChunkStorage (world): All chunks are saved
[16:50:17] [Server thread/INFO] (Minecraft) ThreadedAnvilChunkStorage (DIM1): All chunks are saved
[16:50:17] [Server thread/INFO] (Minecraft) ThreadedAnvilChunkStorage (DIM-1): All chunks are saved
[16:50:17] [Server thread/INFO] (Minecraft) ThreadedAnvilChunkStorage: All dimensions are saved
[16:50:17] [Test thread/INFO] (Minecraft) [STDOUT]: LOD live render passed: {metalcraft-standard=Stats[uploads=256, uploadedBytes=44264832, draws=200717, originalTriangles=221500538, replacementTriangles=214961756, staleFallbacks=8, uploadFailures=0, chargedBytes=26418512, residentMeshes=167, retiredMeshes=0, frameUploadBytes=0, prepareNanos=57625, frameSelected=125, tier1Draws=146025, tier2Draws=46440, tier3Draws=8252, tier4Draws=0, shadowDraws=200548, shadowOriginalTriangles=221360172, shadowReplacementTriangles=214747406, terrainDraws=743274, terrainInputTriangles=489816798, terrainRenderedTriangles=483278016, distantDraws=730546, distantInputTriangles=478070280, distantRenderedTriangles=471531498], metalcraft-standard-route-0=Stats[uploads=430, uploadedBytes=67271552, draws=289407, originalTriangles=302613432, replacementTriangles=293865904, staleFallbacks=8, uploadFailures=0, chargedBytes=20607552, residentMeshes=160, retiredMeshes=0, frameUploadBytes=0, prepareNanos=89124, frameSelected=145, tier1Draws=226433, tier2Draws=54080, tier3Draws=8894, tier4Draws=0, shadowDraws=289238, shadowOriginalTriangles=302473066, shadowReplacementTriangles=293650728, terrainDraws=1938311, terrainInputTriangles=1300671938, terrainRenderedTriangles=1291924410, distantDraws=1920958, distantInputTriangles=1287307290, distantRenderedTriangles=1278559762], metalcraft-standard-camera-0={"x":-1535.5,"y":236.0,"z":-127.5,"yaw":22.5,"pitch":35.0}, metalcraft-standard-route-1=Stats[uploads=441, uploadedBytes=68950544, draws=334796, originalTriangles=343645732, replacementTriangles=333999412, staleFallbacks=8, uploadFailures=0, chargedBytes=20327568, residentMeshes=159, retiredMeshes=0, frameUploadBytes=0, prepareNanos=59166, frameSelected=59, tier1Draws=271030, tier2Draws=54872, tier3Draws=8894, tier4Draws=0, shadowDraws=389714, shadowOriginalTriangles=395166052, shadowReplacementTriangles=383927838, terrainDraws=2495009, terrainInputTriangles=1750865786, terrainRenderedTriangles=1741219466, distantDraws=2477653, distantInputTriangles=1737500088, distantRenderedTriangles=1727853768], metalcraft-standard-camera-1={"x":-1511.5,"y":236.0,"z":-115.5,"yaw":67.5,"pitch":35.0}, metalcraft-standard-route-2=Stats[uploads=445, uploadedBytes=69356080, draws=369551, originalTriangles=374944514, replacementTriangles=364538460, staleFallbacks=8, uploadFailures=0, chargedBytes=20384112, residentMeshes=161, retiredMeshes=0, frameUploadBytes=0, prepareNanos=176541, frameSelected=87, tier1Draws=303785, tier2Draws=56872, tier3Draws=8894, tier4Draws=0, shadowDraws=448614, shadowOriginalTriangles=447320636, shadowReplacementTriangles=434624692, terrainDraws=3213535, terrainInputTriangles=2280264274, terrainRenderedTriangles=2269858220, distantDraws=3196179, distantInputTriangles=2266898576, distantRenderedTriangles=2256492522], metalcraft-standard-camera-2={"x":-1487.5,"y":236.0,"z":-103.5,"yaw":112.5,"pitch":35.0}, metalcraft-standard-radius12=Stats[uploads=448, uploadedBytes=69408672, draws=377376, originalTriangles=381916084, replacementTriangles=371337562, staleFallbacks=8, uploadFailures=0, chargedBytes=20436704, residentMeshes=164, retiredMeshes=0, frameUploadBytes=0, prepareNanos=87958, frameSelected=42, tier1Draws=311605, tier2Draws=56877, tier3Draws=8894, tier4Draws=0, shadowDraws=477127, shadowOriginalTriangles=472211676, shadowReplacementTriangles=458817426, terrainDraws=3573955, terrainInputTriangles=2544506236, terrainRenderedTriangles=2533927714, distantDraws=3420798, distantInputTriangles=2448562824, distantRenderedTriangles=2437984302], none=Stats[uploads=478, uploadedBytes=72396688, draws=942316, originalTriangles=864932076, replacementTriangles=840217236, staleFallbacks=8, uploadFailures=0, chargedBytes=20571680, residentMeshes=173, retiredMeshes=0, frameUploadBytes=0, prepareNanos=102916, frameSelected=152, tier1Draws=836033, tier2Draws=93627, tier3Draws=12656, tier4Draws=0, shadowDraws=477127, shadowOriginalTriangles=472211676, shadowReplacementTriangles=458817426, terrainDraws=11899099, terrainInputTriangles=8624840344, terrainRenderedTriangles=8600125504, distantDraws=11734207, distantInputTriangles=8524670644, distantRenderedTriangles=8499955804], none-route-0=Stats[uploads=614, uploadedBytes=92288320, draws=1147067, originalTriangles=1067615852, replacementTriangles=1036490320, staleFallbacks=8, uploadFailures=0, chargedBytes=19567872, residentMeshes=134, retiredMeshes=0, frameUploadBytes=0, prepareNanos=94458, frameSelected=131, tier1Draws=1036031, tier2Draws=98366, tier3Draws=12670, tier4Draws=0, shadowDraws=477127, shadowOriginalTriangles=472211676, shadowReplacementTriangles=458817426, terrainDraws=20001434, terrainInputTriangles=14683637610, terrainRenderedTriangles=14652512078, distantDraws=19826028, distantInputTriangles=14579788630, distantRenderedTriangles=14548663098], none-camera-0={"x":-1535.5,"y":236.0,"z":-127.5,"yaw":22.5,"pitch":35.0}, none-route-1=Stats[uploads=619, uploadedBytes=92930672, draws=1264408, originalTriangles=1178452568, replacementTriangles=1145138146, staleFallbacks=8, uploadFailures=0, chargedBytes=19732032, residentMeshes=136, retiredMeshes=0, frameUploadBytes=0, prepareNanos=57124, frameSelected=46, tier1Draws=1150757, tier2Draws=100980, tier3Draws=12671, tier4Draws=0, shadowDraws=477127, shadowOriginalTriangles=472211676, shadowReplacementTriangles=458817426, terrainDraws=23167872, terrainInputTriangles=17476513902, terrainRenderedTriangles=17443199480, distantDraws=22992463, distantInputTriangles=17372663872, distantRenderedTriangles=17339349450], none-camera-1={"x":-1511.5,"y":236.0,"z":-115.5,"yaw":67.5,"pitch":35.0}, none-route-2=Stats[uploads=628, uploadedBytes=93186640, draws=1386929, originalTriangles=1293919600, replacementTriangles=1257768132, staleFallbacks=8, uploadFailures=0, chargedBytes=19855760, residentMeshes=140, retiredMeshes=0, frameUploadBytes=0, prepareNanos=94876, frameSelected=76, tier1Draws=1271665, tier2Draws=102593, tier3Draws=12671, tier4Draws=0, shadowDraws=477127, shadowOriginalTriangles=472211676, shadowReplacementTriangles=458817426, terrainDraws=26771679, terrainInputTriangles=20220091674, terrainRenderedTriangles=20183940206, distantDraws=26596270, distantInputTriangles=20116241644, distantRenderedTriangles=20080090176], none-camera-2={"x":-1487.5,"y":236.0,"z":-103.5,"yaw":112.5,"pitch":35.0}, none-radius12=Stats[uploads=628, uploadedBytes=93186640, draws=1419570, originalTriangles=1325813066, replacementTriangles=1288971798, staleFallbacks=8, uploadFailures=0, chargedBytes=19830224, residentMeshes=139, retiredMeshes=0, frameUploadBytes=0, prepareNanos=88916, frameSelected=39, tier1Draws=1303470, tier2Draws=103429, tier3Draws=12671, tier4Draws=0, shadowDraws=477127, shadowOriginalTriangles=472211676, shadowReplacementTriangles=458817426, terrainDraws=28649335, terrainInputTriangles=21648298332, terrainRenderedTriangles=21611457064, distantDraws=27875231, distantInputTriangles=21181962208, distantRenderedTriangles=21145120940], tiers=Stats[uploads=628, uploadedBytes=93186640, draws=1419570, originalTriangles=1325813066, replacementTriangles=1288971798, staleFallbacks=8, uploadFailures=0, chargedBytes=19830224, residentMeshes=139, retiredMeshes=0, frameUploadBytes=0, prepareNanos=88916, frameSelected=39, tier1Draws=1303470, tier2Draws=103429, tier3Draws=12671, tier4Draws=0, shadowDraws=477127, shadowOriginalTriangles=472211676, shadowReplacementTriangles=458817426, terrainDraws=28649335, terrainInputTriangles=21648298332, terrainRenderedTriangles=21611457064, distantDraws=27875231, distantInputTriangles=21181962208, distantRenderedTriangles=21145120940], afterFlight=Stats[uploads=665, uploadedBytes=96046064, draws=1605957, originalTriangles=1492664494, replacementTriangles=1451558032, staleFallbacks=8, uploadFailures=0, chargedBytes=21629600, residentMeshes=167, retiredMeshes=0, frameUploadBytes=0, prepareNanos=74500, frameSelected=18, tier1Draws=1483215, tier2Draws=109890, tier3Draws=12712, tier4Draws=140, shadowDraws=477127, shadowOriginalTriangles=472211676, shadowReplacementTriangles=458817426, terrainDraws=35762958, terrainInputTriangles=27895862210, terrainRenderedTriangles=27854755748, distantDraws=34965360, distantInputTriangles=27417827128, distantRenderedTriangles=27376720666], afterReloadTeleport=Stats[uploads=890, uploadedBytes=128103776, draws=2343455, originalTriangles=2131373868, replacementTriangles=2065699880, staleFallbacks=8, uploadFailures=0, chargedBytes=19979184, residentMeshes=151, retiredMeshes=0, frameUploadBytes=0, prepareNanos=51291, frameSelected=129, tier1Draws=2117526, tier2Draws=200760, tier3Draws=19967, tier4Draws=5202, shadowDraws=477127, shadowOriginalTriangles=472211676, shadowReplacementTriangles=458817426, terrainDraws=46668518, terrainInputTriangles=36100968084, terrainRenderedTriangles=36035294096, distantDraws=45809803, distantInputTriangles=35586876940, distantRenderedTriangles=35521202952], capture=Stats[sections=7762, supportedSections=4461, rejectedSections=1297, originalQuads=1951014, simplifiedQuads=1890372, budgetMisses=1996, reservedBytes=0, allSolidQuads=3451640, materialRejects=254, geometryRejects=1043, retainedBytes=67037184, retainedCandidates=144, transferredCandidates=916, closedCandidates=772, staleCandidates=39, retentionMisses=2471, trackedSections=706, mixedSupportedSections=3796], afterDimensionReturn=Stats[uploads=982, uploadedBytes=147481952, draws=2535201, originalTriangles=2381141184, replacementTriangles=2308200138, staleFallbacks=8, uploadFailures=0, chargedBytes=4586448, residentMeshes=22, retiredMeshes=0, frameUploadBytes=0, prepareNanos=10833, frameSelected=16, tier1Draws=2309091, tier2Draws=200906, tier3Draws=20001, tier4Draws=5203, shadowDraws=477875, shadowOriginalTriangles=473166864, shadowReplacementTriangles=459746028, terrainDraws=48665805, terrainInputTriangles=38005982216, terrainRenderedTriangles=37933041170, distantDraws=47260726, distantInputTriangles=37105637388, distantRenderedTriangles=37032696342], afterClose=Stats[uploads=982, uploadedBytes=147481952, draws=2535201, originalTriangles=2381141184, replacementTriangles=2308200138, staleFallbacks=8, uploadFailures=0, chargedBytes=0, residentMeshes=0, retiredMeshes=0, frameUploadBytes=0, prepareNanos=1375, frameSelected=0, tier1Draws=2309091, tier2Draws=200906, tier3Draws=20001, tier4Draws=5203, shadowDraws=477875, shadowOriginalTriangles=473166864, shadowReplacementTriangles=459746028, terrainDraws=48665805, terrainInputTriangles=38005982216, terrainRenderedTriangles=37933041170, distantDraws=47260726, distantInputTriangles=37105637388, distantRenderedTriangles=37032696342], afterReopen=Stats[uploads=1018, uploadedBytes=151717280, draws=2535368, originalTriangles=2381277776, replacementTriangles=2308333642, staleFallbacks=8, uploadFailures=0, chargedBytes=4235328, residentMeshes=36, retiredMeshes=0, frameUploadBytes=1027520, prepareNanos=651125, frameSelected=33, tier1Draws=2309250, tier2Draws=200914, tier3Draws=20001, tier4Draws=5203, shadowDraws=478042, shadowOriginalTriangles=473303456, shadowReplacementTriangles=459879530, terrainDraws=48668711, terrainInputTriangles=38007838396, terrainRenderedTriangles=37934894262, distantDraws=47263603, distantInputTriangles=37107484038, distantRenderedTriangles=37034539904], afterReopenClose=Stats[uploads=1018, uploadedBytes=151717280, draws=2535368, originalTriangles=2381277776, replacementTriangles=2308333642, staleFallbacks=8, uploadFailures=0, chargedBytes=0, residentMeshes=0, retiredMeshes=0, frameUploadBytes=0, prepareNanos=180458, frameSelected=0, tier1Draws=2309250, tier2Draws=200914, tier3Draws=20001, tier4Draws=5203, shadowDraws=478042, shadowOriginalTriangles=473303456, shadowReplacementTriangles=459879530, terrainDraws=48668711, terrainInputTriangles=38007838396, terrainRenderedTriangles=37934894262, distantDraws=47263603, distantInputTriangles=37107484038, distantRenderedTriangles=37034539904]}
[16:50:17] [Render thread/INFO] (WorldGeometryAdapter) Shader pack 'metalcraft-standard' leaves 1 pipeline(s) outside the G-buffer: [minecraft:pipeline/translucent_terrain]
[16:50:17] [Render thread/INFO] (Minecraft) Stopping!
