
> Configure project :
Fabric Loom: 1.17.20

> Task :compileJava NO-SOURCE
> Task :processResources UP-TO-DATE
> Task :classes UP-TO-DATE
> Task :compileClientJava UP-TO-DATE
> Task :compileMetalNative UP-TO-DATE
> Task :processClientResources UP-TO-DATE
> Task :clientClasses UP-TO-DATE
> Task :generateLog4jConfig UP-TO-DATE
> Task :generateDLIConfig UP-TO-DATE
> Task :configureLaunch UP-TO-DATE
> Task :downloadAssets UP-TO-DATE
> Task :configureClientLaunch UP-TO-DATE

> Task :runClient
[00:21:12] [main/WARN] (FabricLoader/Knot) Class path entries reference missing files: /Users/jackangione/Desktop/VULKAN SHADERS/build/classes/java/main - the game may not load properly!
[00:21:12] [main/INFO] (FabricLoader/GameProvider) Loading Minecraft 26.2 with Fabric Loader 0.19.3
[00:21:12] [main/INFO] (FabricLoader/Mappings) Mappings not present!
[00:21:12] [main/INFO] (FabricLoader) Loading 51 mods:
	- fabric-api 0.157.0+26.2
	- fabric-api-base 2.0.4+ece063239e
	- fabric-api-lookup-api-v1 2.0.17+11e1c9a39e
	- fabric-biome-api-v1 18.0.6+c7bd5b8e9e
	- fabric-block-api-v1 3.0.3+ec56b6019e
	- fabric-block-getter-api-v2 2.0.7+ec56b6019e
	- fabric-client-gametest-api-v1 6.0.0+515ac5339e
	- fabric-command-api-v2 3.1.0+00cb03469e
	- fabric-content-registries-v0 11.3.1+37b1aa249e
	- fabric-convention-tags-v2 4.7.0+1f023a9e9e
	- fabric-crash-report-info-v1 1.0.5+086d547a9e
	- fabric-creative-tab-api-v1 5.0.14+d871b99e9e
	- fabric-data-attachment-api-v1 2.2.18+515ac5339e
	- fabric-data-generation-api-v1 25.5.0+aed122aa9e
	- fabric-debug-api-v1 1.0.2+c792624d9e
	- fabric-dimensions-v1 5.1.11+515ac5339e
	- fabric-entity-events-v1 5.0.5+06488ac19e
	- fabric-events-interaction-v0 5.2.7+515ac5339e
	- fabric-game-rule-api-v1 4.0.8+46a6d00c9e
	- fabric-gametest-api-v1 4.0.21+4a7fa0819e
	- fabric-item-api-v1 14.4.0+49a69a7b9e
	- fabric-key-mapping-api-v1 2.0.5+e2bdee789e
	- fabric-lifecycle-events-v1 4.1.3+4575b05f9e
	- fabric-loot-api-v3 3.0.17+06488ac19e
	- fabric-menu-api-v1 2.0.16+086d547a9e
	- fabric-message-api-v1 7.0.8+bb2ed3f79e
	- fabric-model-loading-api-v1 8.0.16+c80601bb9e
	- fabric-networking-api-v1 6.3.3+72073ef09e
	- fabric-object-builder-api-v1 24.1.0+6fcd5f039e
	- fabric-particles-v1 5.0.18+d1756aa99e
	- fabric-permission-api-v1 1.0.5+e442d8d09e
	- fabric-recipe-api-v1 9.0.20+11e1c9a39e
	- fabric-registry-sync-v0 7.1.0+c7bd5b8e9e
	- fabric-renderer-api-v1 14.1.3+2b0d8a229e
	- fabric-renderer-indigo 9.1.3+2b0d8a229e
	- fabric-rendering-fluids-v1 6.0.4+06488ac19e
	- fabric-rendering-v1 25.3.2+515ac5339e
	- fabric-resource-conditions-api-v1 6.1.0+10e9a28b9e
	- fabric-resource-loader-v0 3.3.20+4fc5413f9e
	- fabric-resource-loader-v1 2.0.13+9edec1269e
	- fabric-screen-api-v1 5.2.0+58e078ad9e
	- fabric-serialization-api-v1 2.0.4+11a26f319e
	- fabric-sound-api-v1 2.0.5+11a26f319e
	- fabric-tag-api-v1 2.1.4+515ac5339e
	- fabric-transfer-api-v1 8.0.12+11dbb7d79e
	- fabric-transitive-access-wideners-v1 8.1.4+67c847259e
	- fabricloader 0.19.3
	- java 25
	- metalcraft 0.2.0-dev.1
	- minecraft 26.2
	- mixinextras 0.5.4
[00:21:12] [main/INFO] (FabricLoader/Mixin) SpongePowered MIXIN Subsystem Version=0.8.7 Source=file:/Users/jackangione/.gradle/caches/modules-2/files-2.1/net.fabricmc/sponge-mixin/0.17.3+mixin.0.8.7/41c4a3984a80f4679e759fb9f495587acc5cdac7/sponge-mixin-0.17.3+mixin.0.8.7.jar Service=Knot/Fabric Env=CLIENT
[00:21:12] [main/INFO] (FabricLoader/Mixin) Compatibility level set to JAVA_25
2026-09-12 00:21:13.153 java[45850:3568218] Metal API Validation Enabled
[00:21:13] [main/INFO] (MetalCraftPreLaunch) MetalCraft direct Metal bridge opened an owned device and command queue: Apple M4 Max (recommended working set: 53084 MiB)
[00:21:13] [main/WARN] (MetalCraftPreLaunch) Direct Metal backend selection is active and experimental; Minecraft's OpenGL crash recovery remains available
[00:21:13] [main/INFO] (FabricLoader/MixinExtras|Service) Initializing MixinExtras via com.llamalad7.mixinextras.service.MixinExtrasServiceImpl(version=0.5.4).
[00:21:13] [Datafixer Bootstrap #0/INFO] (Minecraft) 295 Datafixer optimizations took 124 milliseconds
[00:21:14] [main/WARN] (MacOperatingSystem) Unable to parse version 27.0 to a codename.
[00:21:15] [Render thread/INFO] (Minecraft) Environment: Environment[sessionHost=https://sessionserver.mojang.com, servicesHost=https://api.minecraftservices.com, profilesHost=https://api.mojang.com, name=PROD]
[00:21:15] [Render thread/INFO] (Minecraft) Setting user: Player269
[00:21:15] [Render thread/INFO] (Indigo) [Indigo] Registering Indigo renderer!
[00:21:15] [Render thread/ERROR] (Minecraft) Illegal option value 0 for Anisotropic Filtering
[00:21:16] [Render thread/INFO] (Minecraft) Backend library: LWJGL version 3.4.1-snapshot
[00:21:16] [Render thread/WARN] (Minecraft) Graphics backend forced to default by launch argument, in-game preferred graphics backend setting is ignored
[00:21:16] [Render thread/INFO] (ShaderPackRuntime) Loaded MetalCraft shader pack 'MetalCraft Standard': 3 pass(es), 4 target(s), 18 option(s), 0 bytes
[00:21:16] [Render thread/INFO] (Minecraft) Using graphics backend Metal, using drivers: Mac OS X 27.0
[00:21:16] [Render thread/INFO] (Minecraft) Using graphics device: Apple M4 Max (Apple)
[00:21:16] [Render thread/INFO] (Minecraft) Using graphics device extensions: Metal
[00:21:16] [Download-1/INFO] (Minecraft) Could not authorize you against Realms server: java.lang.RuntimeException: Failed to parse into SignedJWT: FabricMC
[00:21:16] [Render thread/INFO] (Minecraft) Reloading ResourceManager: vanilla, fabric-api, fabric-api-base, fabric-api-lookup-api-v1, fabric-biome-api-v1, fabric-block-api-v1, fabric-block-getter-api-v2, fabric-client-gametest-api-v1, fabric-command-api-v2, fabric-content-registries-v0, fabric-convention-tags-v2, fabric-crash-report-info-v1, fabric-creative-tab-api-v1, fabric-data-attachment-api-v1, fabric-data-generation-api-v1, fabric-debug-api-v1, fabric-dimensions-v1, fabric-entity-events-v1, fabric-events-interaction-v0, fabric-game-rule-api-v1, fabric-gametest-api-v1, fabric-item-api-v1, fabric-key-mapping-api-v1, fabric-lifecycle-events-v1, fabric-loot-api-v3, fabric-menu-api-v1, fabric-message-api-v1, fabric-model-loading-api-v1, fabric-networking-api-v1, fabric-object-builder-api-v1, fabric-particles-v1, fabric-permission-api-v1, fabric-recipe-api-v1, fabric-registry-sync-v0, fabric-renderer-api-v1, fabric-renderer-indigo, fabric-rendering-fluids-v1, fabric-rendering-v1, fabric-resource-conditions-api-v1, fabric-resource-loader-v0, fabric-resource-loader-v1, fabric-screen-api-v1, fabric-serialization-api-v1, fabric-sound-api-v1, fabric-tag-api-v1, fabric-transfer-api-v1, fabric-transitive-access-wideners-v1, fabricloader, metalcraft
[00:21:16] [Render thread/INFO] (MetalCraftClient) MetalCraft direct renderer active: Apple / Apple M4 Max using Metal
[00:21:16] [Render thread/WARN] (Minecraft) Failed to find suitable monitor for fullscreen mode
[00:21:16] [Render thread/INFO] (MetalGpuSurface) MetalCraft surface configured: 1708x960 presentMode=IMMEDIATE displaySync=false unlockedFrameRate=true
[00:21:16] [Worker-Main-15/INFO] (Minecraft) Found unifont_all_no_pua-17.0.01.hex, loading
[00:21:16] [Worker-Main-3/INFO] (Minecraft) Found unifont_pua-17.0.01.hex, loading
[00:21:16] [Worker-Main-8/INFO] (Minecraft) Found unifont_jp_patch-17.0.01.hex, loading
[00:21:16] [Render thread/INFO] (MetalGpuSurface) MetalCraft surface configured: 1708x960 presentMode=IMMEDIATE displaySync=false unlockedFrameRate=true
[00:21:17] [Render thread/INFO] (ShaderPackRuntime) Loaded MetalCraft shader pack 'MetalCraft Standard': 3 pass(es), 4 target(s), 18 option(s), 6558720 bytes
[00:21:19] [Render thread/INFO] (ShaderPackRuntime) Loaded MetalCraft shader pack 'MetalCraft Standard': 3 pass(es), 4 target(s), 18 option(s), 6558720 bytes
[00:21:19] [Render thread/INFO] (Minecraft) OpenAL initialized on device DENON-AVR
[00:21:19] [Render thread/INFO] (Minecraft) Sound engine started
[00:21:19] [Render thread/INFO] (Minecraft) Created: 512x256x0 minecraft:textures/atlas/particles.png-atlas
[00:21:19] [Render thread/INFO] (Minecraft) Created: 128x128x0 minecraft:textures/atlas/decorated_pot.png-atlas
[00:21:19] [Render thread/INFO] (Minecraft) Created: 2048x1024x0 minecraft:textures/atlas/armor_trims.png-atlas
[00:21:19] [Render thread/INFO] (Minecraft) Created: 512x256x0 minecraft:textures/atlas/paintings.png-atlas
[00:21:19] [Render thread/INFO] (Minecraft) Created: 1024x512x0 minecraft:textures/atlas/shield_patterns.png-atlas
[00:21:19] [Render thread/INFO] (Minecraft) Created: 2048x2048x4 minecraft:textures/atlas/blocks.png-atlas
[00:21:19] [Render thread/INFO] (Minecraft) Created: 512x512x0 minecraft:textures/atlas/chest.png-atlas
[00:21:19] [Render thread/INFO] (Minecraft) Created: 256x128x0 minecraft:textures/atlas/celestials.png-atlas
[00:21:19] [Render thread/INFO] (Minecraft) Created: 1024x512x0 minecraft:textures/atlas/banner_patterns.png-atlas
[00:21:19] [Render thread/INFO] (Minecraft) Created: 1024x512x0 minecraft:textures/atlas/items.png-atlas
[00:21:19] [Render thread/INFO] (Minecraft) Created: 1024x1024x0 minecraft:textures/atlas/gui.png-atlas
[00:21:19] [Render thread/INFO] (Minecraft) Created: 128x64x0 minecraft:textures/atlas/map_decorations.png-atlas
[00:21:19] [Render thread/INFO] (Minecraft) Created: 512x512x0 minecraft:textures/atlas/shulker_boxes.png-atlas
[00:21:19] [Download-1/INFO] (Minecraft) Could not authorize you against Realms server: java.lang.RuntimeException: Failed to parse into SignedJWT: FabricMC
[00:21:21] [Test thread/INFO] (MetalLifecycleGameTest) Metal lifecycle validation: Metal backend selected
[00:21:22] [Render thread/INFO] (Minecraft) Loaded 1585 recipes
[00:21:22] [Render thread/INFO] (Minecraft) Loaded 1688 advancements
[00:21:22] [Render thread/INFO] (fabric-client-gametest-api-v1) World loading finished: null screen: net.minecraft.client.gui.screens.GenericMessageScreen@4766c69d
[00:21:22] [Render thread/INFO] (BiomeModificationImpl) Applied 0 biome modifications to 0 of 66 new biomes in 609.4 μs
[00:21:22] [Server thread/INFO] (Minecraft) Starting integrated minecraft server version 26.2
[00:21:22] [Server thread/INFO] (Minecraft) Generating keypair
[00:21:22] [Server thread/INFO] (Minecraft) Selecting global world spawn...
[00:21:23] [Server thread/INFO] (Minecraft) Loading 0 persistent chunks...
[00:21:23] [Server thread/INFO] (Minecraft) Preparing spawn area: 16%
[00:21:23] [Server thread/INFO] (Minecraft) Saving chunks for level 'ServerLevel[New World]'/minecraft:overworld
[00:21:23] [Server thread/INFO] (Minecraft) Saving chunks for level 'ServerLevel[New World]'/minecraft:the_end
[00:21:23] [Server thread/INFO] (Minecraft) Saving chunks for level 'ServerLevel[New World]'/minecraft:the_nether
[00:21:23] [Server thread/INFO] (Minecraft) ThreadedAnvilChunkStorage (world): All chunks are saved
[00:21:23] [Server thread/INFO] (Minecraft) ThreadedAnvilChunkStorage (DIM1): All chunks are saved
[00:21:23] [Server thread/INFO] (Minecraft) ThreadedAnvilChunkStorage (DIM-1): All chunks are saved
[00:21:23] [Server thread/INFO] (Minecraft) ThreadedAnvilChunkStorage: All dimensions are saved
[00:21:23] [Render thread/INFO] (fabric-client-gametest-api-v1) World loading finished: null screen: net.minecraft.client.gui.screens.LevelLoadingScreen@7b68b7a9
[00:21:23] [Render thread/INFO] (fabric-client-gametest-api-v1) World loading finished: null screen: net.minecraft.client.gui.screens.LevelLoadingScreen@7b68b7a9
[00:21:23] [Render thread/INFO] (fabric-client-gametest-api-v1) World loading finished: null screen: net.minecraft.client.gui.screens.LevelLoadingScreen@7b68b7a9
[00:21:23] [Render thread/INFO] (fabric-client-gametest-api-v1) World loading finished: null screen: net.minecraft.client.gui.screens.LevelLoadingScreen@7b68b7a9
[00:21:23] [Render thread/INFO] (fabric-client-gametest-api-v1) World loading finished: null screen: net.minecraft.client.gui.screens.LevelLoadingScreen@7b68b7a9
[00:21:23] [Server thread/INFO] (Minecraft) Loading 48 chunks for player spawn...
[00:21:23] [Server thread/INFO] (Minecraft) Preparing spawn area: 16%
[00:21:23] [Render thread/INFO] (fabric-client-gametest-api-v1) World loading finished: null screen: net.minecraft.client.gui.screens.LevelLoadingScreen@7b68b7a9
[00:21:23] [Server thread/INFO] (Minecraft) Preparing spawn area: 16%
[00:21:24] [Render thread/INFO] (fabric-client-gametest-api-v1) World loading finished: null screen: net.minecraft.client.gui.screens.LevelLoadingScreen@7b68b7a9
[00:21:24] [Render thread/INFO] (fabric-client-gametest-api-v1) World loading finished: null screen: net.minecraft.client.gui.screens.LevelLoadingScreen@7b68b7a9
[00:21:24] [Render thread/INFO] (fabric-client-gametest-api-v1) World loading finished: null screen: net.minecraft.client.gui.screens.LevelLoadingScreen@7b68b7a9
[00:21:24] [Render thread/INFO] (fabric-client-gametest-api-v1) World loading finished: null screen: net.minecraft.client.gui.screens.LevelLoadingScreen@7b68b7a9
[00:21:24] [Server thread/INFO] (Minecraft) Preparing spawn area: 16%
[00:21:24] [Render thread/INFO] (fabric-client-gametest-api-v1) World loading finished: null screen: net.minecraft.client.gui.screens.LevelLoadingScreen@7b68b7a9
[00:21:24] [Render thread/INFO] (fabric-client-gametest-api-v1) World loading finished: null screen: net.minecraft.client.gui.screens.LevelLoadingScreen@7b68b7a9
[00:21:24] [Render thread/INFO] (fabric-client-gametest-api-v1) World loading finished: null screen: net.minecraft.client.gui.screens.LevelLoadingScreen@7b68b7a9
[00:21:24] [Render thread/INFO] (fabric-client-gametest-api-v1) World loading finished: null screen: net.minecraft.client.gui.screens.LevelLoadingScreen@7b68b7a9
[00:21:24] [Render thread/INFO] (fabric-client-gametest-api-v1) World loading finished: null screen: net.minecraft.client.gui.screens.LevelLoadingScreen@7b68b7a9
[00:21:24] [Render thread/INFO] (fabric-client-gametest-api-v1) World loading finished: null screen: net.minecraft.client.gui.screens.LevelLoadingScreen@7b68b7a9
[00:21:24] [Render thread/INFO] (fabric-client-gametest-api-v1) World loading finished: null screen: net.minecraft.client.gui.screens.LevelLoadingScreen@7b68b7a9
[00:21:24] [Render thread/INFO] (fabric-client-gametest-api-v1) World loading finished: null screen: net.minecraft.client.gui.screens.LevelLoadingScreen@7b68b7a9
[00:21:24] [Render thread/INFO] (fabric-client-gametest-api-v1) World loading finished: null screen: net.minecraft.client.gui.screens.LevelLoadingScreen@7b68b7a9
[00:21:24] [Render thread/INFO] (fabric-client-gametest-api-v1) World loading finished: null screen: net.minecraft.client.gui.screens.LevelLoadingScreen@7b68b7a9
[00:21:24] [Server thread/INFO] (Minecraft) Preparing spawn area: 30%
[00:21:24] [Render thread/INFO] (fabric-client-gametest-api-v1) World loading finished: null screen: net.minecraft.client.gui.screens.LevelLoadingScreen@7b68b7a9
[00:21:24] [Render thread/INFO] (fabric-client-gametest-api-v1) World loading finished: null screen: net.minecraft.client.gui.screens.LevelLoadingScreen@7b68b7a9
[00:21:24] [Render thread/INFO] (fabric-client-gametest-api-v1) World loading finished: null screen: net.minecraft.client.gui.screens.LevelLoadingScreen@7b68b7a9
[00:21:24] [Render thread/INFO] (fabric-client-gametest-api-v1) World loading finished: null screen: net.minecraft.client.gui.screens.LevelLoadingScreen@7b68b7a9
[00:21:24] [Render thread/INFO] (fabric-client-gametest-api-v1) World loading finished: null screen: net.minecraft.client.gui.screens.LevelLoadingScreen@7b68b7a9
[00:21:24] [Render thread/INFO] (fabric-client-gametest-api-v1) World loading finished: null screen: net.minecraft.client.gui.screens.LevelLoadingScreen@7b68b7a9
[00:21:25] [Render thread/INFO] (fabric-client-gametest-api-v1) World loading finished: null screen: net.minecraft.client.gui.screens.LevelLoadingScreen@7b68b7a9
[00:21:25] [Render thread/INFO] (fabric-client-gametest-api-v1) World loading finished: null screen: net.minecraft.client.gui.screens.LevelLoadingScreen@7b68b7a9
[00:21:25] [Render thread/INFO] (fabric-client-gametest-api-v1) World loading finished: null screen: net.minecraft.client.gui.screens.LevelLoadingScreen@7b68b7a9
[00:21:25] [Server thread/INFO] (Minecraft) Time elapsed: 2485 ms
[00:21:25] [Render thread/INFO] (fabric-client-gametest-api-v1) World loading finished: null screen: net.minecraft.client.gui.screens.LevelLoadingScreen@7b68b7a9
[00:21:25] [Server thread/INFO] (Minecraft) Player269[local:E:9789fce4] logged in with entity id 1 at (96.5, 136.0, -31.5)
[00:21:25] [Server thread/INFO] (Minecraft) Player269 joined the game
[00:21:25] [Server thread/INFO] (Minecraft) Changing view distance to 16, from 10
[00:21:25] [Server thread/INFO] (Minecraft) Changing simulation distance to 16, from 0
[00:21:25] [Render thread/INFO] (fabric-client-gametest-api-v1) World loading finished: ClientLevel screen: net.minecraft.client.gui.screens.LevelLoadingScreen@7b68b7a9
[00:21:25] [Download-1/ERROR] (Minecraft) Failed to retrieve profile key pair

MinecraftClientHttpException[type=HTTP_ERROR, status=401, response=ErrorResponse[path=/player/certificates, error=null, errorMessage=null, details=null]]
	at knot//com.mojang.authlib.minecraft.client.MinecraftClient.buildHttpException(MinecraftClient.java:170)
	at knot//com.mojang.authlib.minecraft.client.MinecraftClient.readServiceResponse(MinecraftClient.java:147)
	at knot//com.mojang.authlib.minecraft.client.MinecraftClient.post(MinecraftClient.java:89)
	at knot//com.mojang.authlib.yggdrasil.YggdrasilUserApiService.getKeyPair(YggdrasilUserApiService.java:62)
	at knot//net.minecraft.client.multiplayer.AccountProfileKeyPairManager.fetchProfileKeyPair(AccountProfileKeyPairManager.java:119)
	at knot//net.minecraft.client.multiplayer.AccountProfileKeyPairManager.lambda$readOrFetchProfileKeyPair$0(AccountProfileKeyPairManager.java:72)
	at java.base/java.util.concurrent.CompletableFuture$AsyncSupply.run(CompletableFuture.java:1789)
	at java.base/java.util.concurrent.ThreadPoolExecutor.runWorker(ThreadPoolExecutor.java:1090)
	at java.base/java.util.concurrent.ThreadPoolExecutor$Worker.run(ThreadPoolExecutor.java:614)
	at java.base/java.lang.Thread.run(Thread.java:1474)
[00:21:27] [Render thread/INFO] (Minecraft) Resizing Dynamic Transforms UBO, capacity limit of 2 reached during a single frame. New capacity will be 4.
[00:21:27] [Render thread/INFO] (Minecraft) Loaded 2 advancements
[00:21:27] [Render thread/INFO] (fabric-client-gametest-api-v1) World loading finished: ClientLevel screen: net.minecraft.client.gui.screens.LevelLoadingScreen@7b68b7a9
[00:21:27] [Render thread/INFO] (Minecraft) Resizing Dynamic Transforms UBO, capacity limit of 4 reached during a single frame. New capacity will be 8.
[00:21:27] [Render thread/INFO] (fabric-client-gametest-api-v1) World loading finished: ClientLevel screen: net.minecraft.client.gui.screens.LevelLoadingScreen@7b68b7a9
[00:21:27] [Render thread/INFO] (Minecraft) Resizing Dynamic Transforms UBO, capacity limit of 8 reached during a single frame. New capacity will be 16.
[00:21:27] [Render thread/INFO] (fabric-client-gametest-api-v1) World loading finished: ClientLevel screen: net.minecraft.client.gui.screens.LevelLoadingScreen@7b68b7a9
[00:21:27] [Render thread/INFO] (fabric-client-gametest-api-v1) World loading finished: ClientLevel screen: net.minecraft.client.gui.screens.LevelLoadingScreen@7b68b7a9
[00:21:27] [Render thread/INFO] (Minecraft) Resizing Chunk Sections UBO, capacity limit of 2 reached during a single frame. New capacity will be 4.
[00:21:27] [Render thread/INFO] (fabric-client-gametest-api-v1) World loading finished: ClientLevel screen: net.minecraft.client.gui.screens.LevelLoadingScreen@7b68b7a9
[00:21:27] [Render thread/INFO] (Minecraft) Resizing Chunk Sections UBO, capacity limit of 4 reached during a single frame. New capacity will be 8.
[00:21:27] [Render thread/INFO] (Minecraft) Resizing Chunk Sections UBO, capacity limit of 8 reached during a single frame. New capacity will be 16.
[00:21:27] [Render thread/INFO] (fabric-client-gametest-api-v1) World loading finished: ClientLevel screen: net.minecraft.client.gui.screens.LevelLoadingScreen@7b68b7a9
[00:21:27] [Render thread/INFO] (fabric-client-gametest-api-v1) World loading finished: ClientLevel screen: net.minecraft.client.gui.screens.LevelLoadingScreen@7b68b7a9
[00:21:27] [Render thread/INFO] (Minecraft) Resizing Chunk Sections UBO, capacity limit of 16 reached during a single frame. New capacity will be 32.
[00:21:27] [Render thread/INFO] (fabric-client-gametest-api-v1) World loading finished: ClientLevel screen: net.minecraft.client.gui.screens.LevelLoadingScreen@7b68b7a9
[00:21:27] [Render thread/INFO] (fabric-client-gametest-api-v1) World loading finished: ClientLevel screen: net.minecraft.client.gui.screens.LevelLoadingScreen@7b68b7a9
[00:21:27] [Render thread/INFO] (fabric-client-gametest-api-v1) World loading finished: ClientLevel screen: net.minecraft.client.gui.screens.LevelLoadingScreen@7b68b7a9
[00:21:27] [Render thread/INFO] (fabric-client-gametest-api-v1) World loading finished: ClientLevel screen: net.minecraft.client.gui.screens.LevelLoadingScreen@7b68b7a9
[00:21:27] [Render thread/INFO] (fabric-client-gametest-api-v1) World loading finished: ClientLevel screen: net.minecraft.client.gui.screens.LevelLoadingScreen@7b68b7a9
[00:21:27] [Render thread/INFO] (fabric-client-gametest-api-v1) World loading finished: ClientLevel screen: net.minecraft.client.gui.screens.LevelLoadingScreen@7b68b7a9
[00:21:28] [Render thread/INFO] (fabric-client-gametest-api-v1) World loading finished: ClientLevel screen: net.minecraft.client.gui.screens.LevelLoadingScreen@7b68b7a9
[00:21:28] [Render thread/INFO] (fabric-client-gametest-api-v1) World loading finished: ClientLevel screen: net.minecraft.client.gui.screens.LevelLoadingScreen@7b68b7a9
[00:21:28] [Render thread/INFO] (fabric-client-gametest-api-v1) World loading finished: ClientLevel screen: net.minecraft.client.gui.screens.LevelLoadingScreen@7b68b7a9
[00:21:28] [Render thread/INFO] (fabric-client-gametest-api-v1) World loading finished: ClientLevel screen: null
[00:21:28] [Server thread/INFO] (Minecraft) Set Player269's game mode to Spectator Mode
[00:21:28] [Render thread/INFO] (WorldGeometryAdapter) Shader pack 'metalcraft-standard' leaves 2 pipeline(s) outside the G-buffer: [minecraft:pipeline/translucent_terrain, minecraft:pipeline/entity_translucent]
[00:21:28] [Render thread/INFO] (ShaderPackRuntime) Loaded MetalCraft shader pack 'MetalCraft Standard': 3 pass(es), 4 target(s), 18 option(s), 1639680 bytes
[00:21:28] [Server thread/INFO] (Minecraft) Teleported Player269 to 0.500000, 210.000000, -639.500000
[00:21:28] [Render thread/INFO] (Minecraft) [System] [CHAT] Your game mode has been updated to Spectator Mode
[00:21:28] [Render thread/INFO] (Minecraft) [System] [CHAT] [Server: Set Player269's game mode to Spectator Mode]
[00:21:28] [Render thread/INFO] (Minecraft) [System] [CHAT] [Server: Teleported Player269 to 0.500000, 210.000000, -639.500000]
[00:21:33] [Server thread/WARN] (Minecraft) Can't keep up! Is the server overloaded? Running 2841ms or 56 ticks behind
[00:21:34] [Render thread/INFO] (Minecraft) Resizing Chunk Sections UBO, capacity limit of 32 reached during a single frame. New capacity will be 64.
[00:21:35] [Render thread/INFO] (Minecraft) Resizing Chunk Sections UBO, capacity limit of 64 reached during a single frame. New capacity will be 128.
[00:21:36] [Render thread/INFO] (Minecraft) Resizing Chunk Sections UBO, capacity limit of 128 reached during a single frame. New capacity will be 256.
[00:21:38] [Render thread/INFO] (Minecraft) [STDOUT]: LOD horizon awaiting water terrain exploration: Stats[cache=Stats[ready=true, captured=368, saved=179, cacheReads=0, dropped=0, failures=0, queuedBytes=1600341, queuedNodes=58, diskBytes=14547578, corrupt=0, evictions=0, indexedNodes=245], draws=0, triangles=0, uploads=0, uploadBytes=0, uploadFailures=0, gpuBytes=0, residentNodes=0, frameDraws=0, frameSections=0, frameFarthestBlocks=0.0]
[00:21:39] [Render thread/INFO] (Minecraft) Resizing Chunk Sections UBO, capacity limit of 256 reached during a single frame. New capacity will be 512.
[00:21:44] [Render thread/INFO] (Minecraft) Resizing Chunk Sections UBO, capacity limit of 512 reached during a single frame. New capacity will be 1024.
[00:21:48] [Render thread/INFO] (Minecraft) [STDOUT]: LOD horizon awaiting water terrain exploration: Stats[cache=Stats[ready=true, captured=1147, saved=579, cacheReads=0, dropped=0, failures=0, queuedBytes=2696272, queuedNodes=122, diskBytes=38650000, corrupt=0, evictions=0, indexedNodes=753], draws=0, triangles=0, uploads=0, uploadBytes=0, uploadFailures=0, gpuBytes=0, residentNodes=0, frameDraws=0, frameSections=0, frameFarthestBlocks=0.0]
[00:21:58] [Render thread/INFO] (Minecraft) [STDOUT]: LOD horizon awaiting water terrain exploration: Stats[cache=Stats[ready=true, captured=1863, saved=924, cacheReads=0, dropped=0, failures=0, queuedBytes=233909, queuedNodes=13, diskBytes=52294991, corrupt=0, evictions=0, indexedNodes=1078], draws=0, triangles=0, uploads=0, uploadBytes=0, uploadFailures=0, gpuBytes=0, residentNodes=0, frameDraws=0, frameSections=0, frameFarthestBlocks=0.0]
[00:22:09] [Render thread/INFO] (Minecraft) Resizing Chunk Sections UBO, capacity limit of 1024 reached during a single frame. New capacity will be 2048.
[00:22:09] [Test thread/INFO] (Minecraft) [STDOUT]: Distant water exploration: Stats[cache=Stats[ready=true, captured=2125, saved=1106, cacheReads=0, dropped=0, failures=0, queuedBytes=16751, queuedNodes=1, diskBytes=52950137, corrupt=0, evictions=0, indexedNodes=1089], draws=0, triangles=0, uploads=0, uploadBytes=0, uploadFailures=0, gpuBytes=0, residentNodes=0, frameDraws=0, frameSections=0, frameFarthestBlocks=0.0]
[00:22:09] [Server thread/INFO] (Minecraft) Teleported Player269 to 0.500000, 193.000000, 18.500000
[00:22:09] [Render thread/INFO] (Minecraft) [System] [CHAT] [Server: Teleported Player269 to 0.500000, 193.000000, 18.500000]
[00:22:13] [Server thread/INFO] (Minecraft) Successfully filled 609 block(s)
[00:22:13] [Server thread/INFO] (Minecraft) Successfully filled 180 block(s)
[00:22:13] [Server thread/INFO] (Minecraft) Successfully filled 56 block(s)
[00:22:13] [Server thread/INFO] (Minecraft) Successfully filled 56 block(s)
[00:22:13] [Server thread/INFO] (Minecraft) Changed the block at -8, 185, -4
[00:22:13] [Server thread/INFO] (Minecraft) Successfully filled 50 block(s)
[00:22:13] [Server thread/INFO] (Minecraft) Successfully filled 50 block(s)
[00:22:13] [Server thread/INFO] (Minecraft) Successfully filled 50 block(s)
[00:22:13] [Server thread/INFO] (Minecraft) Successfully filled 50 block(s)
[00:22:13] [Server thread/INFO] (Minecraft) Successfully filled 9 block(s)
[00:22:13] [Server thread/INFO] (Minecraft) Changed the block at -5, 181, 4
[00:22:13] [Server thread/INFO] (Minecraft) Set minecraft:overworld to time marker minecraft:noon
[00:22:13] [Server thread/INFO] (Minecraft) Set the weather to clear
[00:22:13] [Render thread/INFO] (WorldGeometryAdapter) Shader pack 'metalcraft-standard' leaves 2 pipeline(s) outside the G-buffer: [minecraft:pipeline/translucent_terrain, minecraft:pipeline/entity_translucent]
[00:22:13] [Render thread/INFO] (ShaderPackRuntime) Loaded MetalCraft shader pack 'MetalCraft Standard': 3 pass(es), 4 target(s), 18 option(s), 1639680 bytes
[00:22:13] [Render thread/INFO] (Minecraft) [System] [CHAT] [Server: Successfully filled 609 block(s)]
[00:22:13] [Render thread/INFO] (Minecraft) [System] [CHAT] [Server: Successfully filled 180 block(s)]
[00:22:13] [Render thread/INFO] (Minecraft) [System] [CHAT] [Server: Successfully filled 56 block(s)]
[00:22:13] [Render thread/INFO] (Minecraft) [System] [CHAT] [Server: Successfully filled 56 block(s)]
[00:22:13] [Render thread/INFO] (Minecraft) [System] [CHAT] [Server: Changed the block at -8, 185, -4]
[00:22:13] [Render thread/INFO] (Minecraft) [System] [CHAT] [Server: Successfully filled 50 block(s)]
[00:22:13] [Render thread/INFO] (Minecraft) [System] [CHAT] [Server: Successfully filled 50 block(s)]
[00:22:13] [Render thread/INFO] (Minecraft) [System] [CHAT] [Server: Successfully filled 50 block(s)]
[00:22:13] [Render thread/INFO] (Minecraft) [System] [CHAT] [Server: Successfully filled 50 block(s)]
[00:22:13] [Render thread/INFO] (Minecraft) [System] [CHAT] [Server: Successfully filled 9 block(s)]
[00:22:13] [Render thread/INFO] (Minecraft) [System] [CHAT] [Server: Changed the block at -5, 181, 4]
[00:22:13] [Render thread/INFO] (Minecraft) [System] [CHAT] [Server: Set minecraft:overworld to time marker minecraft:noon]
[00:22:13] [Render thread/INFO] (Minecraft) [System] [CHAT] [Server: Set the weather to clear]
[00:22:14] [Render thread/INFO] (WorldGeometryAdapter) Shader pack 'metalcraft-standard' leaves 1 pipeline(s) outside the G-buffer: [minecraft:pipeline/translucent_terrain]
[00:22:14] [Render thread/INFO] (WorldGeometryAdapter) Shader pack 'metalcraft-standard' leaves 1 pipeline(s) outside the G-buffer: [minecraft:pipeline/translucent_terrain]
[00:22:15] [Render thread/INFO] (WorldGeometryAdapter) Shader pack 'metalcraft-standard' leaves 1 pipeline(s) outside the G-buffer: [minecraft:pipeline/translucent_terrain]
[00:22:15] [Render thread/INFO] (WorldGeometryAdapter) Shader pack 'metalcraft-standard' leaves 1 pipeline(s) outside the G-buffer: [minecraft:pipeline/translucent_terrain]
[00:22:16] [Render thread/INFO] (WorldGeometryAdapter) Shader pack 'metalcraft-standard' leaves 1 pipeline(s) outside the G-buffer: [minecraft:pipeline/translucent_terrain]
[00:22:16] [Render thread/INFO] (WorldGeometryAdapter) Shader pack 'metalcraft-standard' leaves 1 pipeline(s) outside the G-buffer: [minecraft:pipeline/translucent_terrain]
[00:22:17] [Render thread/INFO] (WorldGeometryAdapter) Shader pack 'metalcraft-standard' leaves 1 pipeline(s) outside the G-buffer: [minecraft:pipeline/translucent_terrain]
[00:22:17] [Render thread/INFO] (WorldGeometryAdapter) Shader pack 'metalcraft-standard' leaves 1 pipeline(s) outside the G-buffer: [minecraft:pipeline/translucent_terrain]
[00:22:24] [Test thread/INFO] (Minecraft) [STDOUT]: Water capture: /Users/jackangione/Desktop/VULKAN SHADERS/run/screenshots/0001_metalcraft-water-identity-baseline.png
[00:22:25] [Test thread/INFO] (Minecraft) [STDOUT]: Water capture: /Users/jackangione/Desktop/VULKAN SHADERS/run/screenshots/0002_metalcraft-water-identity-water.png
[00:22:25] [Test thread/INFO] (Minecraft) [STDOUT]: Water capture: /Users/jackangione/Desktop/VULKAN SHADERS/run/screenshots/0003_metalcraft-water-identity-restored.png
[00:22:26] [Render thread/INFO] (Minecraft) Resizing Chunk Sections UBO, capacity limit of 2048 reached during a single frame. New capacity will be 4096.
[00:22:26] [Test thread/INFO] (Minecraft) [STDOUT]: Water capture: /Users/jackangione/Desktop/VULKAN SHADERS/run/screenshots/0004_metalcraft-water-surface-depth.png
[00:22:27] [Test thread/INFO] (Minecraft) [STDOUT]: Water capture: /Users/jackangione/Desktop/VULKAN SHADERS/run/screenshots/0005_metalcraft-water-opaque-depth.png
[00:22:28] [Server thread/INFO] (Minecraft) Changed title display times for Player269
[00:22:28] [Server thread/INFO] (Minecraft) Showing new title for Player269
[00:22:28] [Render thread/INFO] (Minecraft) [System] [CHAT] [Server: Changed title display times for Player269]
[00:22:28] [Render thread/INFO] (Minecraft) [System] [CHAT] [Server: Showing new title for Player269]
[00:22:28] [Render thread/INFO] (MetalGpuSurface) MetalCraft surface configured: 1708x960 presentMode=IMMEDIATE displaySync=false unlockedFrameRate=true
[00:22:30] [Test thread/INFO] (Minecraft) [STDOUT]: Water capture: /Users/jackangione/Desktop/VULKAN SHADERS/run/screenshots/0008_metalcraft-water-identity-native.png
[00:22:30] [Render thread/INFO] (MetalGpuSurface) MetalCraft surface configured: 1708x960 presentMode=IMMEDIATE displaySync=false unlockedFrameRate=true
[00:22:32] [Test thread/INFO] (Minecraft) [STDOUT]: Water capture: /Users/jackangione/Desktop/VULKAN SHADERS/run/screenshots/0009_metalcraft-water-identity-half.png
[00:22:32] [Render thread/INFO] (MetalGpuSurface) MetalCraft surface configured: 1708x960 presentMode=IMMEDIATE displaySync=false unlockedFrameRate=true
[00:22:34] [Test thread/INFO] (Minecraft) [STDOUT]: Water capture: /Users/jackangione/Desktop/VULKAN SHADERS/run/screenshots/0010_metalcraft-water-identity-native-restored.png
[00:22:36] [Test thread/INFO] (Minecraft) [STDOUT]: Water capture: /Users/jackangione/Desktop/VULKAN SHADERS/run/screenshots/0011_metalcraft-water-identity-resized.png
[00:22:36] [Server thread/INFO] (Minecraft) Successfully filled 9 block(s)
[00:22:36] [Render thread/INFO] (Minecraft) [System] [CHAT] [Server: Successfully filled 9 block(s)]
[00:22:39] [Test thread/INFO] (Minecraft) [STDOUT]: Water capture: /Users/jackangione/Desktop/VULKAN SHADERS/run/screenshots/0012_metalcraft-water-identity-world-change.png
[00:22:39] [Server thread/INFO] (Minecraft) Successfully filled 825 block(s)
[00:22:39] [Server thread/INFO] (Minecraft) Successfully filled 450 block(s)
[00:22:39] [Server thread/INFO] (Minecraft) Successfully filled 169 block(s)
[00:22:39] [Server thread/INFO] (Minecraft) Successfully filled 169 block(s)
[00:22:39] [Server thread/INFO] (Minecraft) Successfully filled 264 block(s)
[00:22:39] [Server thread/INFO] (Minecraft) Successfully filled 22 block(s)
[00:22:39] [Server thread/INFO] (Minecraft) Successfully filled 22 block(s)
[00:22:39] [Server thread/INFO] (Minecraft) Successfully filled 4 block(s)
[00:22:39] [Server thread/INFO] (Minecraft) Successfully filled 4 block(s)
[00:22:39] [Server thread/INFO] (Minecraft) Successfully filled 1602 block(s)
[00:22:39] [Server thread/INFO] (Minecraft) Successfully filled 289 block(s)
[00:22:39] [Server thread/INFO] (Minecraft) No blocks were filled
[00:22:39] [Server thread/INFO] (Minecraft) Changed the block at 48, 182, 25
[00:22:39] [Server thread/INFO] (Minecraft) Set minecraft:overworld to 6000 tick(s)
[00:22:39] [Server thread/INFO] (Minecraft) Set the weather to clear
[00:22:39] [Server thread/INFO] (Minecraft) Teleported Player269 to 16.500000, 194.000000, 52.500000
[00:22:39] [Server thread/WARN] (Minecraft) Can't keep up! Is the server overloaded? Running 2025ms or 40 ticks behind
[00:22:40] [Render thread/INFO] (Minecraft) [System] [CHAT] [Server: Successfully filled 825 block(s)]
[00:22:40] [Render thread/INFO] (Minecraft) [System] [CHAT] [Server: Successfully filled 450 block(s)]
[00:22:40] [Render thread/INFO] (Minecraft) [System] [CHAT] [Server: Successfully filled 169 block(s)]
[00:22:40] [Render thread/INFO] (Minecraft) [System] [CHAT] [Server: Successfully filled 169 block(s)]
[00:22:40] [Render thread/INFO] (Minecraft) [System] [CHAT] [Server: Successfully filled 264 block(s)]
[00:22:40] [Render thread/INFO] (Minecraft) [System] [CHAT] [Server: Successfully filled 22 block(s)]
[00:22:40] [Render thread/INFO] (Minecraft) [System] [CHAT] [Server: Successfully filled 22 block(s)]
[00:22:40] [Render thread/INFO] (Minecraft) [System] [CHAT] [Server: Successfully filled 4 block(s)]
[00:22:40] [Render thread/INFO] (Minecraft) [System] [CHAT] [Server: Successfully filled 4 block(s)]
[00:22:40] [Render thread/INFO] (Minecraft) [System] [CHAT] [Server: Successfully filled 1602 block(s)]
[00:22:40] [Render thread/INFO] (Minecraft) [System] [CHAT] [Server: Successfully filled 289 block(s)]
[00:22:40] [Render thread/INFO] (Minecraft) [System] [CHAT] [Server: Changed the block at 48, 182, 25]
[00:22:40] [Render thread/INFO] (Minecraft) [System] [CHAT] [Server: Set minecraft:overworld to 6000 tick(s)]
[00:22:40] [Render thread/INFO] (Minecraft) [System] [CHAT] [Server: Set the weather to clear]
[00:22:40] [Render thread/INFO] (Minecraft) [System] [CHAT] [Server: Teleported Player269 to 16.500000, 194.000000, 52.500000]
[00:22:44] [Server thread/INFO] (Minecraft) The game is frozen
[00:22:44] [Render thread/INFO] (Minecraft) [System] [CHAT] [Server: The game is frozen]
[00:22:45] [Test thread/INFO] (Minecraft) [STDOUT]: Water capture: /Users/jackangione/Desktop/VULKAN SHADERS/run/screenshots/0013_metalcraft-water-w4-noon-baseline.png
[00:22:46] [Test thread/INFO] (Minecraft) [STDOUT]: Water capture: /Users/jackangione/Desktop/VULKAN SHADERS/run/screenshots/0014_metalcraft-water-w4-noon-effect-t0.png
[00:22:47] [Test thread/INFO] (Minecraft) [STDOUT]: Water capture: /Users/jackangione/Desktop/VULKAN SHADERS/run/screenshots/0015_metalcraft-water-w4-noon-normals-t0.png
[00:22:47] [Server thread/INFO] (Minecraft) Stepping 40 tick(s)
[00:22:47] [Render thread/INFO] (Minecraft) [System] [CHAT] [Server: Stepping 40 tick(s)]
[00:22:50] [Test thread/INFO] (Minecraft) [STDOUT]: Water capture: /Users/jackangione/Desktop/VULKAN SHADERS/run/screenshots/0016_metalcraft-water-w4-noon-effect-t1.png
[00:22:51] [Test thread/INFO] (Minecraft) [STDOUT]: Water capture: /Users/jackangione/Desktop/VULKAN SHADERS/run/screenshots/0017_metalcraft-water-w4-noon-normals-t1.png
[00:22:51] [Server thread/INFO] (Minecraft) Teleported Player269 to 20.500000, 194.000000, 52.500000
[00:22:51] [Render thread/INFO] (Minecraft) [System] [CHAT] [Server: Teleported Player269 to 20.500000, 194.000000, 52.500000]
[00:22:53] [Test thread/INFO] (Minecraft) [STDOUT]: Water capture: /Users/jackangione/Desktop/VULKAN SHADERS/run/screenshots/0018_metalcraft-water-w4-camera-translated.png
[00:22:54] [Test thread/INFO] (Minecraft) [STDOUT]: Water capture: /Users/jackangione/Desktop/VULKAN SHADERS/run/screenshots/0019_metalcraft-water-w4-camera-translated-normals.png
[00:22:54] [Server thread/INFO] (Minecraft) Teleported Player269 to 16.500000, 183.000000, 48.500000
[00:22:54] [Render thread/INFO] (Minecraft) [System] [CHAT] [Server: Teleported Player269 to 16.500000, 183.000000, 48.500000]
[00:22:56] [Test thread/INFO] (Minecraft) [STDOUT]: Water capture: /Users/jackangione/Desktop/VULKAN SHADERS/run/screenshots/0020_metalcraft-water-w4-grazing-baseline.png
[00:22:57] [Test thread/INFO] (Minecraft) [STDOUT]: Water capture: /Users/jackangione/Desktop/VULKAN SHADERS/run/screenshots/0021_metalcraft-water-w4-grazing-effect.png
[00:22:57] [Server thread/INFO] (Minecraft) Set minecraft:overworld to 18000 tick(s)
[00:22:57] [Server thread/INFO] (Minecraft) Teleported Player269 to 16.500000, 194.000000, 52.500000
[00:22:57] [Server thread/WARN] (Minecraft) Can't keep up! Is the server overloaded? Running 2316ms or 46 ticks behind
[00:22:57] [Render thread/INFO] (Minecraft) [System] [CHAT] [Server: Set minecraft:overworld to 18000 tick(s)]
[00:22:57] [Render thread/INFO] (Minecraft) [System] [CHAT] [Server: Teleported Player269 to 16.500000, 194.000000, 52.500000]
[00:22:59] [Test thread/INFO] (Minecraft) [STDOUT]: Water capture: /Users/jackangione/Desktop/VULKAN SHADERS/run/screenshots/0022_metalcraft-water-w4-night-baseline.png
[00:22:59] [Test thread/INFO] (Minecraft) [STDOUT]: Water capture: /Users/jackangione/Desktop/VULKAN SHADERS/run/screenshots/0023_metalcraft-water-w4-night-effect.png
[00:22:59] [Server thread/INFO] (Minecraft) Set minecraft:overworld to 6000 tick(s)
[00:22:59] [Server thread/INFO] (Minecraft) Teleported Player269 to 48.500000, 184.000000, 39.500000
[00:22:59] [Render thread/INFO] (Minecraft) [System] [CHAT] [Server: Set minecraft:overworld to 6000 tick(s)]
[00:22:59] [Render thread/INFO] (Minecraft) [System] [CHAT] [Server: Teleported Player269 to 48.500000, 184.000000, 39.500000]
[00:23:03] [Test thread/INFO] (Minecraft) [STDOUT]: Water capture: /Users/jackangione/Desktop/VULKAN SHADERS/run/screenshots/0024_metalcraft-water-w4-cave-baseline.png
[00:23:04] [Test thread/INFO] (Minecraft) [STDOUT]: Water capture: /Users/jackangione/Desktop/VULKAN SHADERS/run/screenshots/0025_metalcraft-water-w4-cave-effect.png
[00:23:04] [Server thread/INFO] (Minecraft) The game is running normally
[00:23:04] [Server thread/INFO] (Minecraft) Teleported Player269 to 0.500000, 193.000000, 18.500000
[00:23:04] [Render thread/INFO] (Minecraft) [System] [CHAT] [Server: The game is running normally]
[00:23:04] [Render thread/INFO] (Minecraft) [System] [CHAT] [Server: Teleported Player269 to 0.500000, 193.000000, 18.500000]
[00:23:05] [Server thread/INFO] (Minecraft) No blocks were filled
[00:23:05] [Server thread/INFO] (Minecraft) Successfully filled 898 block(s)
[00:23:05] [Server thread/INFO] (Minecraft) Successfully filled 225 block(s)
[00:23:05] [Server thread/INFO] (Minecraft) Successfully filled 1125 block(s)
[00:23:05] [Server thread/INFO] (Minecraft) Successfully filled 642 block(s)
[00:23:05] [Server thread/INFO] (Minecraft) Successfully filled 225 block(s)
[00:23:05] [Server thread/INFO] (Minecraft) Successfully filled 225 block(s)
[00:23:05] [Server thread/INFO] (Minecraft) Successfully filled 39 block(s)
[00:23:05] [Server thread/INFO] (Minecraft) Successfully filled 39 block(s)
[00:23:05] [Server thread/INFO] (Minecraft) Successfully filled 15 block(s)
[00:23:05] [Server thread/INFO] (Minecraft) Successfully filled 15 block(s)
[00:23:05] [Server thread/INFO] (Minecraft) Set minecraft:overworld to 6000 tick(s)
[00:23:05] [Server thread/INFO] (Minecraft) Set the weather to clear
[00:23:05] [Server thread/INFO] (Minecraft) Teleported Player269 to 0.500000, 194.000000, 84.500000
[00:23:05] [Render thread/INFO] (Minecraft) [System] [CHAT] [Server: Successfully filled 898 block(s)]
[00:23:05] [Render thread/INFO] (Minecraft) [System] [CHAT] [Server: Successfully filled 225 block(s)]
[00:23:05] [Render thread/INFO] (Minecraft) [System] [CHAT] [Server: Successfully filled 1125 block(s)]
[00:23:05] [Render thread/INFO] (Minecraft) [System] [CHAT] [Server: Successfully filled 642 block(s)]
[00:23:05] [Render thread/INFO] (Minecraft) [System] [CHAT] [Server: Successfully filled 225 block(s)]
[00:23:05] [Render thread/INFO] (Minecraft) [System] [CHAT] [Server: Successfully filled 225 block(s)]
[00:23:05] [Render thread/INFO] (Minecraft) [System] [CHAT] [Server: Successfully filled 39 block(s)]
[00:23:05] [Render thread/INFO] (Minecraft) [System] [CHAT] [Server: Successfully filled 39 block(s)]
[00:23:05] [Render thread/INFO] (Minecraft) [System] [CHAT] [Server: Successfully filled 15 block(s)]
[00:23:05] [Render thread/INFO] (Minecraft) [System] [CHAT] [Server: Successfully filled 15 block(s)]
[00:23:05] [Render thread/INFO] (Minecraft) [System] [CHAT] [Server: Set minecraft:overworld to 6000 tick(s)]
[00:23:05] [Render thread/INFO] (Minecraft) [System] [CHAT] [Server: Set the weather to clear]
[00:23:05] [Render thread/INFO] (Minecraft) [System] [CHAT] [Server: Teleported Player269 to 0.500000, 194.000000, 84.500000]
[00:23:10] [Server thread/INFO] (Minecraft) The game is frozen
[00:23:10] [Render thread/INFO] (Minecraft) [System] [CHAT] [Server: The game is frozen]
[00:23:11] [Test thread/INFO] (Minecraft) [STDOUT]: Water capture: /Users/jackangione/Desktop/VULKAN SHADERS/run/screenshots/0026_metalcraft-water-w5-refraction-off.png
[00:23:12] [Test thread/INFO] (Minecraft) [STDOUT]: Water capture: /Users/jackangione/Desktop/VULKAN SHADERS/run/screenshots/0027_metalcraft-water-w5-refraction-absorption.png
[00:23:12] [Server thread/INFO] (Minecraft) Teleported Player269 to 0.500000, 183.000000, 82.500000
[00:23:12] [Render thread/INFO] (Minecraft) [System] [CHAT] [Server: Teleported Player269 to 0.500000, 183.000000, 82.500000]
[00:23:14] [Test thread/INFO] (Minecraft) [STDOUT]: Water capture: /Users/jackangione/Desktop/VULKAN SHADERS/run/screenshots/0028_metalcraft-water-w5-steep-border-sky.png
[00:23:14] [Server thread/INFO] (Minecraft) Teleported Player269 to -9.500000, 180.000000, 68.500000
[00:23:14] [Render thread/INFO] (Minecraft) [System] [CHAT] [Server: Teleported Player269 to -9.500000, 180.000000, 68.500000]
[00:23:18] [Test thread/INFO] (Minecraft) [STDOUT]: Water capture: /Users/jackangione/Desktop/VULKAN SHADERS/run/screenshots/0029_metalcraft-water-w5-underwater-refraction-off.png
[00:23:18] [Server thread/WARN] (Minecraft) Can't keep up! Is the server overloaded? Running 2011ms or 40 ticks behind
[00:23:19] [Test thread/INFO] (Minecraft) [STDOUT]: Water capture: /Users/jackangione/Desktop/VULKAN SHADERS/run/screenshots/0030_metalcraft-water-w5-underwater-fallback.png
[00:23:19] [Server thread/INFO] (Minecraft) Teleported Player269 to 0.500000, 194.000000, 84.500000
[00:23:19] [Render thread/INFO] (Minecraft) [System] [CHAT] [Server: Teleported Player269 to 0.500000, 194.000000, 84.500000]
[00:23:23] [Test thread/INFO] (Minecraft) [STDOUT]: Water capture: /Users/jackangione/Desktop/VULKAN SHADERS/run/screenshots/0031_metalcraft-water-w5-fabulous-refraction-off.png
[00:23:24] [Test thread/INFO] (Minecraft) [STDOUT]: Water capture: /Users/jackangione/Desktop/VULKAN SHADERS/run/screenshots/0032_metalcraft-water-w5-fabulous-fallback.png
[00:23:26] [Server thread/INFO] (Minecraft) The game is running normally
[00:23:26] [Server thread/INFO] (Minecraft) Too many blocks in the specified area (maximum 32768, but specified 58425)
[00:23:26] [Server thread/INFO] (Minecraft) Successfully filled 3186 block(s)
[00:23:26] [Server thread/INFO] (Minecraft) Successfully filled 1161 block(s)
[00:23:26] [Server thread/INFO] (Minecraft) Successfully filled 387 block(s)
[00:23:26] [Server thread/INFO] (Minecraft) Successfully filled 344 block(s)
[00:23:26] [Server thread/INFO] (Minecraft) Successfully filled 430 block(s)
[00:23:26] [Server thread/INFO] (Minecraft) Successfully filled 2193 block(s)
[00:23:26] [Server thread/INFO] (Minecraft) Successfully filled 430 block(s)
[00:23:26] [Server thread/INFO] (Minecraft) Successfully filled 7 block(s)
[00:23:26] [Server thread/INFO] (Minecraft) Successfully filled 7 block(s)
[00:23:26] [Server thread/INFO] (Minecraft) Successfully filled 65 block(s)
[00:23:26] [Server thread/INFO] (Minecraft) Successfully filled 26 block(s)
[00:23:26] [Server thread/INFO] (Minecraft) Successfully filled 35 block(s)
[00:23:26] [Server thread/INFO] (Minecraft) Successfully filled 1958 block(s)
[00:23:26] [Server thread/INFO] (Minecraft) Successfully filled 1890 block(s)
[00:23:26] [Server thread/INFO] (Minecraft) No blocks were filled
[00:23:26] [Server thread/INFO] (Minecraft) Changed the block at 34, 185, 101
[00:23:26] [Server thread/INFO] (Minecraft) Set minecraft:overworld to 6000 tick(s)
[00:23:26] [Server thread/INFO] (Minecraft) Set the weather to clear
[00:23:26] [Server thread/INFO] (Minecraft) Teleported Player269 to 0.500000, 193.000000, 130.500000
[00:23:26] [Render thread/INFO] (Minecraft) [System] [CHAT] [Server: The game is running normally]
[00:23:26] [Render thread/INFO] (Minecraft) [System] [CHAT] [Server: Successfully filled 3186 block(s)]
[00:23:26] [Render thread/INFO] (Minecraft) [System] [CHAT] [Server: Successfully filled 1161 block(s)]
[00:23:26] [Render thread/INFO] (Minecraft) [System] [CHAT] [Server: Successfully filled 387 block(s)]
[00:23:26] [Render thread/INFO] (Minecraft) [System] [CHAT] [Server: Successfully filled 344 block(s)]
[00:23:26] [Render thread/INFO] (Minecraft) [System] [CHAT] [Server: Successfully filled 430 block(s)]
[00:23:26] [Render thread/INFO] (Minecraft) [System] [CHAT] [Server: Successfully filled 2193 block(s)]
[00:23:26] [Render thread/INFO] (Minecraft) [System] [CHAT] [Server: Successfully filled 430 block(s)]
[00:23:26] [Render thread/INFO] (Minecraft) [System] [CHAT] [Server: Successfully filled 7 block(s)]
[00:23:26] [Render thread/INFO] (Minecraft) [System] [CHAT] [Server: Successfully filled 7 block(s)]
[00:23:26] [Render thread/INFO] (Minecraft) [System] [CHAT] [Server: Successfully filled 65 block(s)]
[00:23:26] [Render thread/INFO] (Minecraft) [System] [CHAT] [Server: Successfully filled 26 block(s)]
[00:23:26] [Render thread/INFO] (Minecraft) [System] [CHAT] [Server: Successfully filled 35 block(s)]
[00:23:26] [Render thread/INFO] (Minecraft) [System] [CHAT] [Server: Successfully filled 1958 block(s)]
[00:23:26] [Render thread/INFO] (Minecraft) [System] [CHAT] [Server: Successfully filled 1890 block(s)]
[00:23:26] [Render thread/INFO] (Minecraft) [System] [CHAT] [Server: Changed the block at 34, 185, 101]
[00:23:26] [Render thread/INFO] (Minecraft) [System] [CHAT] [Server: Set minecraft:overworld to 6000 tick(s)]
[00:23:26] [Render thread/INFO] (Minecraft) [System] [CHAT] [Server: Set the weather to clear]
[00:23:26] [Render thread/INFO] (Minecraft) [System] [CHAT] [Server: Teleported Player269 to 0.500000, 193.000000, 130.500000]
[00:23:31] [Server thread/INFO] (Minecraft) The game is frozen
[00:23:32] [Render thread/INFO] (Minecraft) [System] [CHAT] [Server: The game is frozen]
[00:23:32] [Test thread/INFO] (Minecraft) [STDOUT]: Water capture: /Users/jackangione/Desktop/VULKAN SHADERS/run/screenshots/0033_metalcraft-water-w6-contact-foam-off.png
[00:23:33] [Test thread/INFO] (Minecraft) [STDOUT]: Water capture: /Users/jackangione/Desktop/VULKAN SHADERS/run/screenshots/0034_metalcraft-water-w6-contact-foam-on.png
[00:23:33] [Test thread/INFO] (Minecraft) [STDOUT]: W6 foam coverage: left=348 center=145 right=366 sky=0 dryFence=0
[00:23:33] [Server thread/INFO] (Minecraft) Teleported Player269 to 0.500000, 182.400000, 109.500000
[00:23:34] [Render thread/INFO] (Minecraft) [System] [CHAT] [Server: Teleported Player269 to 0.500000, 182.400000, 109.500000]
[00:23:35] [Test thread/INFO] (Minecraft) [STDOUT]: Water capture: /Users/jackangione/Desktop/VULKAN SHADERS/run/screenshots/0035_metalcraft-water-w6-entry-air.png
[00:23:35] [Server thread/INFO] (Minecraft) Teleported Player269 to 0.500000, 182.250000, 109.500000
[00:23:35] [Server thread/WARN] (Minecraft) Can't keep up! Is the server overloaded? Running 2038ms or 40 ticks behind
[00:23:35] [Render thread/INFO] (Minecraft) [System] [CHAT] [Server: Teleported Player269 to 0.500000, 182.250000, 109.500000]
[00:23:37] [Test thread/INFO] (Minecraft) [STDOUT]: Water capture: /Users/jackangione/Desktop/VULKAN SHADERS/run/screenshots/0036_metalcraft-water-w6-partial-submersion.png
[00:23:37] [Server thread/INFO] (Minecraft) Teleported Player269 to 0.500000, 181.800000, 109.500000
[00:23:37] [Render thread/INFO] (Minecraft) [System] [CHAT] [Server: Teleported Player269 to 0.500000, 181.800000, 109.500000]
[00:23:39] [Test thread/INFO] (Minecraft) [STDOUT]: Water capture: /Users/jackangione/Desktop/VULKAN SHADERS/run/screenshots/0037_metalcraft-water-w6-underwater-distortion-off.png
[00:23:40] [Test thread/INFO] (Minecraft) [STDOUT]: Water capture: /Users/jackangione/Desktop/VULKAN SHADERS/run/screenshots/0038_metalcraft-water-w6-underwater-entry.png
[00:23:41] [Render thread/INFO] (WorldGeometryAdapter) Shader pack 'metalcraft-standard' leaves 1 pipeline(s) outside the G-buffer: [minecraft:pipeline/translucent_terrain]
[00:23:42] [Test thread/INFO] (Minecraft) [STDOUT]: Water capture: /Users/jackangione/Desktop/VULKAN SHADERS/run/screenshots/0039_metalcraft-water-wu-vanilla-bed.png
[00:23:42] [Render thread/INFO] (WorldGeometryAdapter) Shader pack 'metalcraft-standard' leaves 1 pipeline(s) outside the G-buffer: [minecraft:pipeline/translucent_terrain]
[00:23:43] [Test thread/INFO] (Minecraft) [STDOUT]: Water capture: /Users/jackangione/Desktop/VULKAN SHADERS/run/screenshots/0040_metalcraft-water-wu-clear-bed.png
[00:23:45] [Test thread/INFO] (Minecraft) [STDOUT]: Water capture: /Users/jackangione/Desktop/VULKAN SHADERS/run/screenshots/0041_metalcraft-water-w6-underwater-looking-up.png
[00:23:45] [Server thread/INFO] (Minecraft) Teleported Player269 to 0.500000, 182.400000, 109.500000
[00:23:45] [Render thread/INFO] (Minecraft) [System] [CHAT] [Server: Teleported Player269 to 0.500000, 182.400000, 109.500000]
[00:23:47] [Test thread/INFO] (Minecraft) [STDOUT]: Water capture: /Users/jackangione/Desktop/VULKAN SHADERS/run/screenshots/0042_metalcraft-water-w6-exit-air.png
[00:23:47] [Server thread/INFO] (Minecraft) Set Player269's game mode to Creative Mode
[00:23:47] [Server thread/INFO] (Minecraft) Replaced a slot on Player269 with [Prismarine Shard]
[00:23:47] [Server thread/INFO] (Minecraft) Teleported Player269 to 34.500000, 182.000000, 110.500000
[00:23:47] [Render thread/INFO] (Minecraft) [System] [CHAT] Your game mode has been updated to Creative Mode
[00:23:47] [Render thread/INFO] (Minecraft) [System] [CHAT] [Server: Set Player269's game mode to Creative Mode]
[00:23:47] [Render thread/INFO] (Minecraft) [System] [CHAT] [Server: Replaced a slot on Player269 with [Prismarine Shard]]
[00:23:47] [Render thread/INFO] (Minecraft) [System] [CHAT] [Server: Teleported Player269 to 34.500000, 182.000000, 110.500000]
[00:23:47] [Render thread/INFO] (Minecraft) Loaded 5 advancements
[00:23:47] [Render thread/INFO] (Minecraft) Loaded 15 advancements
[00:23:50] [Server thread/INFO] (Minecraft) Changed title display times for Player269
[00:23:50] [Server thread/INFO] (Minecraft) Showing new title for Player269
[00:23:50] [Render thread/INFO] (Minecraft) [System] [CHAT] [Server: Changed title display times for Player269]
[00:23:50] [Render thread/INFO] (Minecraft) [System] [CHAT] [Server: Showing new title for Player269]
[00:23:51] [Test thread/INFO] (Minecraft) [STDOUT]: Water capture: /Users/jackangione/Desktop/VULKAN SHADERS/run/screenshots/0043_metalcraft-water-w6-underwater-cave-hud.png
[00:23:51] [Server thread/INFO] (Minecraft) The game is running normally
[00:23:51] [Server thread/INFO] (Minecraft) Set Player269's game mode to Spectator Mode
[00:23:51] [Server thread/INFO] (Minecraft) Teleported Player269 to 0.500000, 193.000000, 130.500000
[00:23:51] [Render thread/INFO] (Minecraft) [System] [CHAT] [Server: The game is running normally]
[00:23:51] [Render thread/INFO] (Minecraft) [System] [CHAT] Your game mode has been updated to Spectator Mode
[00:23:51] [Render thread/INFO] (Minecraft) [System] [CHAT] [Server: Set Player269's game mode to Spectator Mode]
[00:23:51] [Render thread/INFO] (Minecraft) [System] [CHAT] [Server: Teleported Player269 to 0.500000, 193.000000, 130.500000]
[00:23:52] [Server thread/INFO] (Minecraft) No blocks were filled
[00:23:52] [Server thread/INFO] (Minecraft) No blocks were filled
[00:23:52] [Server thread/INFO] (Minecraft) No blocks were filled
[00:23:52] [Server thread/INFO] (Minecraft) Successfully filled 5634 block(s)
[00:23:52] [Server thread/INFO] (Minecraft) Successfully filled 2145 block(s)
[00:23:52] [Server thread/INFO] (Minecraft) Successfully filled 10725 block(s)
[00:23:52] [Server thread/INFO] (Minecraft) Successfully filled 147 block(s)
[00:23:52] [Server thread/INFO] (Minecraft) Successfully filled 78 block(s)
[00:23:52] [Server thread/INFO] (Minecraft) Successfully filled 112 block(s)
[00:23:52] [Server thread/INFO] (Minecraft) Successfully filled 28 block(s)
[00:23:52] [Server thread/INFO] (Minecraft) Set minecraft:overworld to 6000 tick(s)
[00:23:52] [Server thread/INFO] (Minecraft) Set the weather to clear
[00:23:52] [Server thread/INFO] (Minecraft) Teleported Player269 to 0.500000, 193.000000, 193.500000
[00:23:52] [Render thread/INFO] (Minecraft) [System] [CHAT] [Server: Successfully filled 5634 block(s)]
[00:23:52] [Render thread/INFO] (Minecraft) [System] [CHAT] [Server: Successfully filled 2145 block(s)]
[00:23:52] [Render thread/INFO] (Minecraft) [System] [CHAT] [Server: Successfully filled 10725 block(s)]
[00:23:52] [Render thread/INFO] (Minecraft) [System] [CHAT] [Server: Successfully filled 147 block(s)]
[00:23:52] [Render thread/INFO] (Minecraft) [System] [CHAT] [Server: Successfully filled 78 block(s)]
[00:23:52] [Render thread/INFO] (Minecraft) [System] [CHAT] [Server: Successfully filled 112 block(s)]
[00:23:52] [Render thread/INFO] (Minecraft) [System] [CHAT] [Server: Successfully filled 28 block(s)]
[00:23:52] [Render thread/INFO] (Minecraft) [System] [CHAT] [Server: Set minecraft:overworld to 6000 tick(s)]
[00:23:52] [Render thread/INFO] (Minecraft) [System] [CHAT] [Server: Set the weather to clear]
[00:23:52] [Render thread/INFO] (Minecraft) [System] [CHAT] [Server: Teleported Player269 to 0.500000, 193.000000, 193.500000]
[00:23:56] [Server thread/WARN] (Minecraft) Can't keep up! Is the server overloaded? Running 2000ms or 40 ticks behind
[00:23:56] [Server thread/INFO] (Minecraft) The game is frozen
[00:23:57] [Render thread/INFO] (WorldGeometryAdapter) Shader pack 'metalcraft-standard' leaves 3 pipeline(s) outside the G-buffer: [minecraft:pipeline/translucent_terrain, minecraft:pipeline/entity_translucent, minecraft:pipeline/item_cutout]
[00:23:57] [Render thread/INFO] (Minecraft) [System] [CHAT] [Server: The game is frozen]
[00:23:57] [Render thread/INFO] (WorldGeometryAdapter) Shader pack 'metalcraft-standard' leaves 1 pipeline(s) outside the G-buffer: [minecraft:pipeline/translucent_terrain]
[00:23:58] [Render thread/INFO] (WorldGeometryAdapter) Shader pack 'metalcraft-standard' leaves 1 pipeline(s) outside the G-buffer: [minecraft:pipeline/translucent_terrain]
[00:23:58] [Render thread/INFO] (WorldGeometryAdapter) Shader pack 'metalcraft-standard' leaves 1 pipeline(s) outside the G-buffer: [minecraft:pipeline/translucent_terrain]
[00:23:59] [Render thread/INFO] (WorldGeometryAdapter) Shader pack 'metalcraft-standard' leaves 1 pipeline(s) outside the G-buffer: [minecraft:pipeline/translucent_terrain]
[00:23:59] [Render thread/INFO] (WorldGeometryAdapter) Shader pack 'metalcraft-standard' leaves 1 pipeline(s) outside the G-buffer: [minecraft:pipeline/translucent_terrain]
[00:24:00] [Render thread/INFO] (WorldGeometryAdapter) Shader pack 'metalcraft-standard' leaves 1 pipeline(s) outside the G-buffer: [minecraft:pipeline/translucent_terrain]
[00:24:01] [Render thread/INFO] (WorldGeometryAdapter) Shader pack 'metalcraft-standard' leaves 1 pipeline(s) outside the G-buffer: [minecraft:pipeline/translucent_terrain]
[00:24:01] [Render thread/INFO] (WorldGeometryAdapter) Shader pack 'metalcraft-standard' leaves 1 pipeline(s) outside the G-buffer: [minecraft:pipeline/translucent_terrain]
[00:24:02] [Render thread/INFO] (WorldGeometryAdapter) Shader pack 'metalcraft-standard' leaves 1 pipeline(s) outside the G-buffer: [minecraft:pipeline/translucent_terrain]
[00:24:03] [Test thread/INFO] (Minecraft) [STDOUT]: Water capture: /Users/jackangione/Desktop/VULKAN SHADERS/run/screenshots/0044_metalcraft-water-detail-0.png
[00:24:03] [Render thread/INFO] (WorldGeometryAdapter) Shader pack 'metalcraft-standard' leaves 1 pipeline(s) outside the G-buffer: [minecraft:pipeline/translucent_terrain]
[00:24:05] [Test thread/INFO] (Minecraft) [STDOUT]: Water capture: /Users/jackangione/Desktop/VULKAN SHADERS/run/screenshots/0045_metalcraft-water-detail-1.png
[00:24:05] [Test thread/INFO] (Minecraft) [STDOUT]: Water detail tier 1: changed=62051 sky=0
[00:24:05] [Render thread/INFO] (WorldGeometryAdapter) Shader pack 'metalcraft-standard' leaves 1 pipeline(s) outside the G-buffer: [minecraft:pipeline/translucent_terrain]
[00:24:06] [Test thread/INFO] (Minecraft) [STDOUT]: Water capture: /Users/jackangione/Desktop/VULKAN SHADERS/run/screenshots/0046_metalcraft-water-detail-2.png
[00:24:07] [Test thread/INFO] (Minecraft) [STDOUT]: Water detail tier 2: changed=19956 sky=0
[00:24:07] [Render thread/INFO] (WorldGeometryAdapter) Shader pack 'metalcraft-standard' leaves 1 pipeline(s) outside the G-buffer: [minecraft:pipeline/translucent_terrain]
[00:24:08] [Test thread/INFO] (Minecraft) [STDOUT]: Water capture: /Users/jackangione/Desktop/VULKAN SHADERS/run/screenshots/0047_metalcraft-water-detail-3.png
[00:24:08] [Test thread/INFO] (Minecraft) [STDOUT]: Water detail tier 3: changed=4 sky=0
[00:24:08] [Server thread/INFO] (Minecraft) Teleported Player269 to 0.500000, 184.000000, 180.500000
[00:24:08] [Render thread/INFO] (Minecraft) [System] [CHAT] [Server: Teleported Player269 to 0.500000, 184.000000, 180.500000]
[00:24:09] [Render thread/INFO] (WorldGeometryAdapter) Shader pack 'metalcraft-standard' leaves 1 pipeline(s) outside the G-buffer: [minecraft:pipeline/translucent_terrain]
[00:24:11] [Test thread/INFO] (Minecraft) [STDOUT]: Water capture: /Users/jackangione/Desktop/VULKAN SHADERS/run/screenshots/0048_metalcraft-water-micro-close-0.png
[00:24:12] [Test thread/INFO] (Minecraft) [STDOUT]: Water capture: /Users/jackangione/Desktop/VULKAN SHADERS/run/screenshots/0049_metalcraft-water-detail-route-0.png
[00:24:12] [Render thread/INFO] (WorldGeometryAdapter) Shader pack 'metalcraft-standard' leaves 1 pipeline(s) outside the G-buffer: [minecraft:pipeline/translucent_terrain]
[00:24:14] [Test thread/INFO] (Minecraft) [STDOUT]: Water capture: /Users/jackangione/Desktop/VULKAN SHADERS/run/screenshots/0050_metalcraft-water-micro-close-1.png
[00:24:14] [Render thread/INFO] (WorldGeometryAdapter) Shader pack 'metalcraft-standard' leaves 1 pipeline(s) outside the G-buffer: [minecraft:pipeline/translucent_terrain]
[00:24:15] [Server thread/WARN] (Minecraft) Can't keep up! Is the server overloaded? Running 3979ms or 79 ticks behind
[00:24:16] [Test thread/INFO] (Minecraft) [STDOUT]: Water capture: /Users/jackangione/Desktop/VULKAN SHADERS/run/screenshots/0051_metalcraft-water-micro-close-2.png
[00:24:16] [Render thread/INFO] (WorldGeometryAdapter) Shader pack 'metalcraft-standard' leaves 1 pipeline(s) outside the G-buffer: [minecraft:pipeline/translucent_terrain]
[00:24:17] [Test thread/INFO] (Minecraft) [STDOUT]: Water capture: /Users/jackangione/Desktop/VULKAN SHADERS/run/screenshots/0052_metalcraft-water-micro-close-3.png
[00:24:19] [Test thread/INFO] (Minecraft) [STDOUT]: Water capture: /Users/jackangione/Desktop/VULKAN SHADERS/run/screenshots/0053_metalcraft-water-detail-route-3.png
[00:24:19] [Test thread/INFO] (Minecraft) [STDOUT]: Water detail route: None/High normal changes=118230
[00:24:20] [Test thread/INFO] (Minecraft) [STDOUT]: Water capture: /Users/jackangione/Desktop/VULKAN SHADERS/run/screenshots/0054_metalcraft-water-micro-close-normals-t0.png
[00:24:20] [Server thread/INFO] (Minecraft) Stepping 10 tick(s)
[00:24:20] [Render thread/INFO] (Minecraft) [System] [CHAT] [Server: Stepping 10 tick(s)]
[00:24:22] [Test thread/INFO] (Minecraft) [STDOUT]: Water capture: /Users/jackangione/Desktop/VULKAN SHADERS/run/screenshots/0055_metalcraft-water-micro-close-normals-t1.png
[00:24:23] [Test thread/INFO] (Minecraft) [STDOUT]: Water capture: /Users/jackangione/Desktop/VULKAN SHADERS/run/screenshots/0056_metalcraft-water-micro-close-moving.png
[00:24:24] [Test thread/INFO] (Minecraft) [STDOUT]: Water capture: /Users/jackangione/Desktop/VULKAN SHADERS/run/screenshots/0057_metalcraft-water-micro-grazing.png
[00:24:24] [Render thread/INFO] (MetalGpuSurface) MetalCraft surface configured: 2560x1440 presentMode=IMMEDIATE displaySync=false unlockedFrameRate=true
[00:24:27] [Test thread/INFO] (Minecraft) [STDOUT]: Water capture: /Users/jackangione/Desktop/VULKAN SHADERS/run/screenshots/0058_metalcraft-water-micro-grazing-half.png
[00:24:27] [Render thread/INFO] (MetalGpuSurface) MetalCraft surface configured: 2560x1440 presentMode=IMMEDIATE displaySync=false unlockedFrameRate=true
[00:24:28] [Server thread/INFO] (Minecraft) Teleported Player269 to 0.500000, 193.000000, 193.500000
[00:24:28] [Render thread/INFO] (Minecraft) [System] [CHAT] [Server: Teleported Player269 to 0.500000, 193.000000, 193.500000]
[00:24:29] [Render thread/INFO] (WorldGeometryAdapter) Shader pack 'metalcraft-standard' leaves 1 pipeline(s) outside the G-buffer: [minecraft:pipeline/translucent_terrain]
[00:24:31] [Test thread/INFO] (Minecraft) [STDOUT]: Water capture: /Users/jackangione/Desktop/VULKAN SHADERS/run/screenshots/0059_metalcraft-water-w7-enabled.png
[00:24:31] [Render thread/INFO] (WorldGeometryAdapter) Shader pack 'metalcraft-standard' leaves 1 pipeline(s) outside the G-buffer: [minecraft:pipeline/translucent_terrain]
[00:24:33] [Test thread/INFO] (Minecraft) [STDOUT]: Water capture: /Users/jackangione/Desktop/VULKAN SHADERS/run/screenshots/0060_metalcraft-water-w7-disabled-first.png
[00:24:34] [Test thread/INFO] (Minecraft) [STDOUT]: Water capture: /Users/jackangione/Desktop/VULKAN SHADERS/run/screenshots/0061_metalcraft-water-w7-vanilla-baseline.png
[00:24:34] [Render thread/INFO] (WorldGeometryAdapter) Shader pack 'metalcraft-standard' leaves 1 pipeline(s) outside the G-buffer: [minecraft:pipeline/translucent_terrain]
[00:24:36] [Test thread/INFO] (Minecraft) [STDOUT]: Water capture: /Users/jackangione/Desktop/VULKAN SHADERS/run/screenshots/0062_metalcraft-water-w7-enabled-again.png
[00:24:36] [Render thread/INFO] (WorldGeometryAdapter) Shader pack 'metalcraft-standard' leaves 1 pipeline(s) outside the G-buffer: [minecraft:pipeline/translucent_terrain]
[00:24:37] [Server thread/WARN] (Minecraft) Can't keep up! Is the server overloaded? Running 6818ms or 136 ticks behind
[00:24:38] [Test thread/INFO] (Minecraft) [STDOUT]: Water capture: /Users/jackangione/Desktop/VULKAN SHADERS/run/screenshots/0063_metalcraft-water-w7-disabled-again.png
[00:24:39] [Test thread/INFO] (Minecraft) [STDOUT]: Water capture: /Users/jackangione/Desktop/VULKAN SHADERS/run/screenshots/0064_metalcraft-water-w7-vanilla-baseline-again.png
[00:24:39] [Render thread/INFO] (WorldGeometryAdapter) Shader pack 'metalcraft-standard' leaves 1 pipeline(s) outside the G-buffer: [minecraft:pipeline/translucent_terrain]
[00:24:40] [Render thread/INFO] (WorldGeometryAdapter) Shader pack 'metalcraft-standard' leaves 1 pipeline(s) outside the G-buffer: [minecraft:pipeline/translucent_terrain]
[00:24:40] [Render thread/INFO] (WorldGeometryAdapter) Shader pack 'metalcraft-standard' leaves 1 pipeline(s) outside the G-buffer: [minecraft:pipeline/translucent_terrain]
[00:24:41] [Render thread/INFO] (WorldGeometryAdapter) Shader pack 'metalcraft-standard' leaves 1 pipeline(s) outside the G-buffer: [minecraft:pipeline/translucent_terrain]
[00:24:42] [Render thread/INFO] (WorldGeometryAdapter) Shader pack 'metalcraft-standard' leaves 1 pipeline(s) outside the G-buffer: [minecraft:pipeline/translucent_terrain]
[00:24:42] [Render thread/INFO] (WorldGeometryAdapter) Shader pack 'metalcraft-standard' leaves 1 pipeline(s) outside the G-buffer: [minecraft:pipeline/translucent_terrain]
[00:24:43] [Render thread/INFO] (WorldGeometryAdapter) Shader pack 'metalcraft-standard' leaves 1 pipeline(s) outside the G-buffer: [minecraft:pipeline/translucent_terrain]
[00:24:45] [Test thread/INFO] (Minecraft) [STDOUT]: Water capture: /Users/jackangione/Desktop/VULKAN SHADERS/run/screenshots/0065_metalcraft-water-w7-zero-strengths.png
[00:24:46] [Test thread/INFO] (Minecraft) [STDOUT]: Water capture: /Users/jackangione/Desktop/VULKAN SHADERS/run/screenshots/0066_metalcraft-water-w7-zero-strengths-repeat.png
[00:24:46] [Render thread/INFO] (WorldGeometryAdapter) Shader pack 'metalcraft-standard' leaves 1 pipeline(s) outside the G-buffer: [minecraft:pipeline/translucent_terrain]
[00:24:47] [Render thread/INFO] (WorldGeometryAdapter) Shader pack 'metalcraft-standard' leaves 1 pipeline(s) outside the G-buffer: [minecraft:pipeline/translucent_terrain]
[00:24:47] [Render thread/INFO] (WorldGeometryAdapter) Shader pack 'metalcraft-standard' leaves 1 pipeline(s) outside the G-buffer: [minecraft:pipeline/translucent_terrain]
[00:24:48] [Render thread/INFO] (WorldGeometryAdapter) Shader pack 'metalcraft-standard' leaves 1 pipeline(s) outside the G-buffer: [minecraft:pipeline/translucent_terrain]
[00:24:48] [Render thread/INFO] (WorldGeometryAdapter) Shader pack 'metalcraft-standard' leaves 1 pipeline(s) outside the G-buffer: [minecraft:pipeline/translucent_terrain]
[00:24:49] [Render thread/INFO] (WorldGeometryAdapter) Shader pack 'metalcraft-standard' leaves 1 pipeline(s) outside the G-buffer: [minecraft:pipeline/translucent_terrain]
[00:24:50] [Render thread/INFO] (WorldGeometryAdapter) Shader pack 'metalcraft-standard' leaves 1 pipeline(s) outside the G-buffer: [minecraft:pipeline/translucent_terrain]
[00:24:50] [Render thread/INFO] (WorldGeometryAdapter) Shader pack 'metalcraft-standard' leaves 1 pipeline(s) outside the G-buffer: [minecraft:pipeline/translucent_terrain]
[00:24:51] [Render thread/INFO] (WorldGeometryAdapter) Shader pack 'metalcraft-standard' leaves 1 pipeline(s) outside the G-buffer: [minecraft:pipeline/translucent_terrain]
[00:24:52] [Render thread/INFO] (Minecraft) Reloading ResourceManager: vanilla, fabric-api, fabric-api-base, fabric-api-lookup-api-v1, fabric-biome-api-v1, fabric-block-api-v1, fabric-block-getter-api-v2, fabric-client-gametest-api-v1, fabric-command-api-v2, fabric-content-registries-v0, fabric-convention-tags-v2, fabric-crash-report-info-v1, fabric-creative-tab-api-v1, fabric-data-attachment-api-v1, fabric-data-generation-api-v1, fabric-debug-api-v1, fabric-dimensions-v1, fabric-entity-events-v1, fabric-events-interaction-v0, fabric-game-rule-api-v1, fabric-gametest-api-v1, fabric-item-api-v1, fabric-key-mapping-api-v1, fabric-lifecycle-events-v1, fabric-loot-api-v3, fabric-menu-api-v1, fabric-message-api-v1, fabric-model-loading-api-v1, fabric-networking-api-v1, fabric-object-builder-api-v1, fabric-particles-v1, fabric-permission-api-v1, fabric-recipe-api-v1, fabric-registry-sync-v0, fabric-renderer-api-v1, fabric-renderer-indigo, fabric-rendering-fluids-v1, fabric-rendering-v1, fabric-resource-conditions-api-v1, fabric-resource-loader-v0, fabric-resource-loader-v1, fabric-screen-api-v1, fabric-serialization-api-v1, fabric-sound-api-v1, fabric-tag-api-v1, fabric-transfer-api-v1, fabric-transitive-access-wideners-v1, fabricloader, metalcraft
[00:24:52] [Worker-Main-4/INFO] (Minecraft) Found unifont_all_no_pua-17.0.01.hex, loading
[00:24:52] [Worker-Main-14/INFO] (Minecraft) Found unifont_pua-17.0.01.hex, loading
[00:24:52] [Worker-Main-6/INFO] (Minecraft) Found unifont_jp_patch-17.0.01.hex, loading
[00:24:52] [Server thread/INFO] (Minecraft) Saving and pausing game...
[00:24:52] [Server thread/INFO] (Minecraft) Saving chunks for level 'ServerLevel[New World]'/minecraft:overworld
[00:24:52] [Server thread/INFO] (Minecraft) Saving chunks for level 'ServerLevel[New World]'/minecraft:the_end
[00:24:52] [Server thread/INFO] (Minecraft) Saving chunks for level 'ServerLevel[New World]'/minecraft:the_nether
[00:24:52] [Render thread/INFO] (WorldGeometryAdapter) Shader pack 'metalcraft-standard' leaves 1 pipeline(s) outside the G-buffer: [minecraft:pipeline/translucent_terrain]
[00:24:52] [Render thread/INFO] (ShaderPackRuntime) Loaded MetalCraft shader pack 'MetalCraft Standard': 3 pass(es), 4 target(s), 18 option(s), 14745600 bytes
[00:24:54] [Render thread/INFO] (ShaderPackRuntime) Loaded MetalCraft shader pack 'MetalCraft Standard': 3 pass(es), 4 target(s), 18 option(s), 14745600 bytes
[00:24:54] [Render thread/INFO] (Minecraft) OpenAL initialized on device DENON-AVR
[00:24:54] [Render thread/INFO] (Minecraft) Sound engine started
[00:24:54] [Render thread/INFO] (Minecraft) Created: 512x256x0 minecraft:textures/atlas/particles.png-atlas
[00:24:54] [Render thread/INFO] (Minecraft) Created: 128x128x0 minecraft:textures/atlas/decorated_pot.png-atlas
[00:24:54] [Render thread/INFO] (Minecraft) Created: 2048x1024x0 minecraft:textures/atlas/armor_trims.png-atlas
[00:24:54] [Render thread/INFO] (Minecraft) Created: 512x256x0 minecraft:textures/atlas/paintings.png-atlas
[00:24:54] [Render thread/INFO] (Minecraft) Created: 1024x512x0 minecraft:textures/atlas/shield_patterns.png-atlas
[00:24:54] [Render thread/INFO] (Minecraft) Created: 2048x2048x4 minecraft:textures/atlas/blocks.png-atlas
[00:24:54] [Render thread/INFO] (Minecraft) Created: 512x512x0 minecraft:textures/atlas/chest.png-atlas
[00:24:54] [Render thread/INFO] (Minecraft) Created: 256x128x0 minecraft:textures/atlas/celestials.png-atlas
[00:24:54] [Render thread/INFO] (Minecraft) Created: 1024x512x0 minecraft:textures/atlas/banner_patterns.png-atlas
[00:24:54] [Render thread/INFO] (Minecraft) Created: 1024x512x0 minecraft:textures/atlas/items.png-atlas
[00:24:54] [Render thread/INFO] (Minecraft) Created: 1024x1024x0 minecraft:textures/atlas/gui.png-atlas
[00:24:54] [Render thread/INFO] (Minecraft) Created: 128x64x0 minecraft:textures/atlas/map_decorations.png-atlas
[00:24:54] [Render thread/INFO] (Minecraft) Created: 512x512x0 minecraft:textures/atlas/shulker_boxes.png-atlas
[00:25:00] [Test thread/INFO] (Minecraft) [STDOUT]: Water capture: /Users/jackangione/Desktop/VULKAN SHADERS/run/screenshots/0067_metalcraft-water-w7-ssr-low.png
[00:25:00] [Render thread/INFO] (WorldGeometryAdapter) Shader pack 'metalcraft-standard' leaves 1 pipeline(s) outside the G-buffer: [minecraft:pipeline/translucent_terrain]
[00:25:01] [Server thread/WARN] (Minecraft) Can't keep up! Is the server overloaded? Running 9159ms or 183 ticks behind
[00:25:02] [Test thread/INFO] (Minecraft) [STDOUT]: Water capture: /Users/jackangione/Desktop/VULKAN SHADERS/run/screenshots/0068_metalcraft-water-w7-reflection-baseline.png
[00:25:02] [Render thread/INFO] (WorldGeometryAdapter) Shader pack 'metalcraft-standard' leaves 1 pipeline(s) outside the G-buffer: [minecraft:pipeline/translucent_terrain]
[00:25:03] [Test thread/INFO] (Minecraft) [STDOUT]: Water capture: /Users/jackangione/Desktop/VULKAN SHADERS/run/screenshots/0069_metalcraft-water-w7-ssr-high.png
[00:25:03] [Server thread/INFO] (Minecraft) Teleported Player269 to 25.500000, 186.000000, 190.500000
[00:25:03] [Render thread/INFO] (Minecraft) [System] [CHAT] [Server: Teleported Player269 to 25.500000, 186.000000, 190.500000]
[00:25:05] [Test thread/INFO] (Minecraft) [STDOUT]: Water capture: /Users/jackangione/Desktop/VULKAN SHADERS/run/screenshots/0070_metalcraft-water-w7-ssr-high-edge-offscreen.png
[00:25:05] [Server thread/INFO] (Minecraft) Teleported Player269 to 7.500000, 193.000000, 193.500000
[00:25:06] [Render thread/INFO] (Minecraft) [System] [CHAT] [Server: Teleported Player269 to 7.500000, 193.000000, 193.500000]
[00:25:08] [Test thread/INFO] (Minecraft) [STDOUT]: Water capture: /Users/jackangione/Desktop/VULKAN SHADERS/run/screenshots/0071_metalcraft-water-w7-ssr-high-camera-moved.png
[00:25:08] [Render thread/INFO] (MetalGpuSurface) MetalCraft surface configured: 2560x1440 presentMode=IMMEDIATE displaySync=false unlockedFrameRate=true
[00:25:10] [Test thread/INFO] (Minecraft) [STDOUT]: Water capture: /Users/jackangione/Desktop/VULKAN SHADERS/run/screenshots/0072_metalcraft-water-w7-ssr-high-half-resolution.png
[00:25:10] [Render thread/INFO] (MetalGpuSurface) MetalCraft surface configured: 2560x1440 presentMode=IMMEDIATE displaySync=false unlockedFrameRate=true
[00:25:11] [Render thread/INFO] (WorldGeometryAdapter) Shader pack 'metalcraft-standard' leaves 1 pipeline(s) outside the G-buffer: [minecraft:pipeline/translucent_terrain]
[00:25:11] [Render thread/ERROR] (ShaderPackRuntime) MetalCraft shader pack 'metalcraft-water-w7-missing-pack': Unknown shader pack 'metalcraft-water-w7-missing-pack'

dev.metalcraft.client.shader.ShaderPackLoader$LoadException: Unknown shader pack 'metalcraft-water-w7-missing-pack'
	at knot//dev.metalcraft.client.shader.ShaderPackRuntime.loadById(ShaderPackRuntime.java:447)
	at knot//dev.metalcraft.client.shader.ShaderPackRuntime.loadSelected(ShaderPackRuntime.java:285)
	at knot//dev.metalcraft.client.shader.ShaderPackRuntime.selectPack(ShaderPackRuntime.java:164)
	at knot//dev.metalcraft.client.test.MetalWaterIdentityGameTest.lambda$captureW7Comparisons$3(MetalWaterIdentityGameTest.java:375)
	at knot//net.fabricmc.fabric.impl.client.gametest.context.ClientGameTestContextImpl.lambda$runOnClient$0(ClientGameTestContextImpl.java:536)
	at knot//net.fabricmc.fabric.impl.client.gametest.threading.ThreadingImpl.runTaskOnThisThread(ThreadingImpl.java:229)
	at knot//net.fabricmc.fabric.impl.client.gametest.threading.ThreadingImpl.lambda$runTaskOnOtherThread$0(ThreadingImpl.java:210)
	at knot//net.minecraft.client.Minecraft.postRunTasks(Minecraft.java:4731)
	at knot//net.minecraft.client.Minecraft.handler$zga000$fabric-client-gametest-api-v1$postRunTasksHook(Minecraft.java:4683)
	at knot//net.minecraft.client.Minecraft.runTick(Minecraft.java:1175)
	at knot//net.minecraft.client.Minecraft.run$mixinextras$wrapped$286(Minecraft.java:899)
	at knot//net.minecraft.client.Minecraft.mixinextras$bridge$run$mixinextras$wrapped$286$287(Minecraft.java)
	at knot//net.minecraft.client.Minecraft.wrapMethod$zga000$fabric-client-gametest-api-v1$onRun(Minecraft.java:4651)
	at knot//net.minecraft.client.Minecraft.run(Minecraft.java)
	at knot//net.minecraft.client.main.Main.main(Main.java:277)
	at net.fabricmc.loader.impl.game.minecraft.MinecraftGameProvider.launch(MinecraftGameProvider.java:514)
	at net.fabricmc.loader.impl.launch.knot.Knot.launch(Knot.java:72)
	at net.fabricmc.loader.impl.launch.knot.KnotClient.main(KnotClient.java:23)
	at net.fabricmc.devlaunchinjector.Main.main(Main.java:86)
[00:25:11] [Render thread/INFO] (ShaderPackRuntime) Loaded MetalCraft shader pack 'MetalCraft Standard': 3 pass(es), 4 target(s), 18 option(s), 14745600 bytes
[00:25:13] [Test thread/INFO] (Minecraft) [STDOUT]: Water capture: /Users/jackangione/Desktop/VULKAN SHADERS/run/screenshots/0073_metalcraft-water-w7-failure-recovered.png
[00:25:13] [Server thread/INFO] (Minecraft) The game is running normally
[00:25:13] [Server thread/INFO] (Minecraft) The game is running normally
[00:25:13] [Server thread/INFO] (Minecraft) Teleported Player269 to -223.500000, 63.150000, -31.500000
[00:25:13] [Server thread/INFO] (Minecraft) Set minecraft:overworld to time marker minecraft:noon
[00:25:13] [Render thread/INFO] (Minecraft) [System] [CHAT] [Server: The game is running normally]
[00:25:13] [Render thread/INFO] (Minecraft) [System] [CHAT] [Server: The game is running normally]
[00:25:13] [Render thread/INFO] (Minecraft) [System] [CHAT] [Server: Teleported Player269 to -223.500000, 63.150000, -31.500000]
[00:25:13] [Render thread/INFO] (Minecraft) [System] [CHAT] [Server: Set minecraft:overworld to time marker minecraft:noon]
[00:25:17] [Server thread/INFO] (Minecraft) The game is frozen
[00:25:17] [Render thread/INFO] (WorldGeometryAdapter) Shader pack 'metalcraft-standard' leaves 1 pipeline(s) outside the G-buffer: [minecraft:pipeline/translucent_terrain]
[00:25:17] [Render thread/INFO] (Minecraft) [System] [CHAT] [Server: The game is frozen]
[00:25:18] [Render thread/INFO] (WorldGeometryAdapter) Shader pack 'metalcraft-standard' leaves 1 pipeline(s) outside the G-buffer: [minecraft:pipeline/translucent_terrain]
[00:25:18] [Render thread/INFO] (WorldGeometryAdapter) Shader pack 'metalcraft-standard' leaves 1 pipeline(s) outside the G-buffer: [minecraft:pipeline/translucent_terrain]
[00:25:19] [Server thread/WARN] (Minecraft) Can't keep up! Is the server overloaded? Running 2929ms or 58 ticks behind
[00:25:19] [Render thread/INFO] (WorldGeometryAdapter) Shader pack 'metalcraft-standard' leaves 1 pipeline(s) outside the G-buffer: [minecraft:pipeline/translucent_terrain]
[00:25:19] [Render thread/INFO] (WorldGeometryAdapter) Shader pack 'metalcraft-standard' leaves 1 pipeline(s) outside the G-buffer: [minecraft:pipeline/translucent_terrain]
[00:25:20] [Render thread/INFO] (WorldGeometryAdapter) Shader pack 'metalcraft-standard' leaves 1 pipeline(s) outside the G-buffer: [minecraft:pipeline/translucent_terrain]
[00:25:20] [Render thread/INFO] (WorldGeometryAdapter) Shader pack 'metalcraft-standard' leaves 1 pipeline(s) outside the G-buffer: [minecraft:pipeline/translucent_terrain]
[00:25:21] [Render thread/INFO] (WorldGeometryAdapter) Shader pack 'metalcraft-standard' leaves 1 pipeline(s) outside the G-buffer: [minecraft:pipeline/translucent_terrain]
[00:25:21] [Render thread/INFO] (WorldGeometryAdapter) Shader pack 'metalcraft-standard' leaves 1 pipeline(s) outside the G-buffer: [minecraft:pipeline/translucent_terrain]
[00:25:22] [Render thread/INFO] (WorldGeometryAdapter) Shader pack 'metalcraft-standard' leaves 1 pipeline(s) outside the G-buffer: [minecraft:pipeline/translucent_terrain]
[00:25:23] [Test thread/INFO] (Minecraft) [STDOUT]: Water capture: /Users/jackangione/Desktop/VULKAN SHADERS/run/screenshots/0074_metalcraft-water-natural-none.png
[00:25:23] [Render thread/INFO] (WorldGeometryAdapter) Shader pack 'metalcraft-standard' leaves 1 pipeline(s) outside the G-buffer: [minecraft:pipeline/translucent_terrain]
[00:25:25] [Test thread/INFO] (Minecraft) [STDOUT]: Water capture: /Users/jackangione/Desktop/VULKAN SHADERS/run/screenshots/0075_metalcraft-water-natural-high.png
[00:25:25] [Test thread/INFO] (Minecraft) [STDOUT]: Natural water detail: camera=[-224, 63, -32, 1] changed=272539
[00:25:26] [Test thread/INFO] (Minecraft) [STDOUT]: Water capture: /Users/jackangione/Desktop/VULKAN SHADERS/run/screenshots/0076_metalcraft-water-natural-grazing.png
[00:25:26] [Render thread/INFO] (WorldGeometryAdapter) Shader pack 'metalcraft-standard' leaves 1 pipeline(s) outside the G-buffer: [minecraft:pipeline/translucent_terrain]
[00:25:28] [Test thread/INFO] (Minecraft) [STDOUT]: Water capture: /Users/jackangione/Desktop/VULKAN SHADERS/run/screenshots/0077_metalcraft-water-distance-2.png
[00:25:28] [Render thread/INFO] (WorldGeometryAdapter) Shader pack 'metalcraft-standard' leaves 1 pipeline(s) outside the G-buffer: [minecraft:pipeline/translucent_terrain]
[00:25:29] [Test thread/INFO] (Minecraft) [STDOUT]: Water capture: /Users/jackangione/Desktop/VULKAN SHADERS/run/screenshots/0078_metalcraft-water-distance-16.png
[00:25:31] [Test thread/INFO] (Minecraft) [STDOUT]: Water capture: /Users/jackangione/Desktop/VULKAN SHADERS/run/screenshots/0079_metalcraft-water-crossing-0.png
[00:25:31] [Server thread/INFO] (Minecraft) Stepping 8 tick(s)
[00:25:31] [Render thread/INFO] (Minecraft) [System] [CHAT] [Server: Stepping 8 tick(s)]
[00:25:32] [Test thread/INFO] (Minecraft) [STDOUT]: Water capture: /Users/jackangione/Desktop/VULKAN SHADERS/run/screenshots/0080_metalcraft-water-crossing-1.png
[00:25:32] [Server thread/INFO] (Minecraft) Stepping 8 tick(s)
[00:25:32] [Render thread/INFO] (Minecraft) [System] [CHAT] [Server: Stepping 8 tick(s)]
[00:25:34] [Test thread/INFO] (Minecraft) [STDOUT]: Water capture: /Users/jackangione/Desktop/VULKAN SHADERS/run/screenshots/0081_metalcraft-water-crossing-2.png
[00:25:34] [Server thread/INFO] (Minecraft) Stepping 8 tick(s)
[00:25:34] [Render thread/INFO] (Minecraft) [System] [CHAT] [Server: Stepping 8 tick(s)]
[00:25:36] [Test thread/INFO] (Minecraft) [STDOUT]: Water capture: /Users/jackangione/Desktop/VULKAN SHADERS/run/screenshots/0082_metalcraft-water-crossing-3.png
[00:25:36] [Server thread/INFO] (Minecraft) Set minecraft:overworld to 11000 tick(s)
[00:25:36] [Render thread/INFO] (Minecraft) [System] [CHAT] [Server: Set minecraft:overworld to 11000 tick(s)]
[00:25:36] [Render thread/INFO] (WorldGeometryAdapter) Shader pack 'metalcraft-standard' leaves 1 pipeline(s) outside the G-buffer: [minecraft:pipeline/translucent_terrain]
[00:25:37] [Server thread/WARN] (Minecraft) Can't keep up! Is the server overloaded? Running 3666ms or 73 ticks behind
[00:25:38] [Test thread/INFO] (Minecraft) [STDOUT]: Water capture: /Users/jackangione/Desktop/VULKAN SHADERS/run/screenshots/0083_metalcraft-water-glints-flat.png
[00:25:38] [Render thread/INFO] (WorldGeometryAdapter) Shader pack 'metalcraft-standard' leaves 1 pipeline(s) outside the G-buffer: [minecraft:pipeline/translucent_terrain]
[00:25:40] [Test thread/INFO] (Minecraft) [STDOUT]: Water capture: /Users/jackangione/Desktop/VULKAN SHADERS/run/screenshots/0084_metalcraft-water-glints-waves.png
[00:25:40] [Server thread/INFO] (Minecraft) The game is running normally
[00:25:40] [Render thread/INFO] (Minecraft) [System] [CHAT] [Server: The game is running normally]
[00:25:43] [Test thread/INFO] (Minecraft) [STDOUT]: Water capture: /Users/jackangione/Desktop/VULKAN SHADERS/run/screenshots/0085_metalcraft-water-identity-fabulous.png
[00:25:45] [Server thread/INFO] (Minecraft) Player269 lost connection: Disconnected
[00:25:45] [Server thread/INFO] (Minecraft) Player269 left the game
[00:25:45] [Server thread/INFO] (Minecraft) Stopping singleplayer server as player logged out
[00:25:45] [Server thread/INFO] (Minecraft) Stopping server
[00:25:45] [Server thread/INFO] (Minecraft) Saving players
[00:25:45] [Server thread/INFO] (Minecraft) Saving worlds
[00:25:45] [Server thread/INFO] (Minecraft) Saving chunks for level 'ServerLevel[New World]'/minecraft:overworld
[00:25:46] [Server thread/INFO] (Minecraft) Saving chunks for level 'ServerLevel[New World]'/minecraft:the_end
[00:25:46] [Server thread/INFO] (Minecraft) Saving chunks for level 'ServerLevel[New World]'/minecraft:the_nether
[00:25:46] [Server thread/INFO] (Minecraft) ThreadedAnvilChunkStorage (world): All chunks are saved
[00:25:46] [Server thread/INFO] (Minecraft) ThreadedAnvilChunkStorage (DIM1): All chunks are saved
[00:25:46] [Server thread/INFO] (Minecraft) ThreadedAnvilChunkStorage (DIM-1): All chunks are saved
[00:25:46] [Server thread/INFO] (Minecraft) ThreadedAnvilChunkStorage: All dimensions are saved
[00:25:46] [Render thread/INFO] (WorldGeometryAdapter) Shader pack 'metalcraft-standard' leaves 1 pipeline(s) outside the G-buffer: [minecraft:pipeline/translucent_terrain]
[00:25:46] [Render thread/INFO] (ShaderPackRuntime) Loaded MetalCraft shader pack 'MetalCraft Standard': 3 pass(es), 4 target(s), 18 option(s), 14745600 bytes
[00:25:46] [Render thread/INFO] (ShaderPackRuntime) Loaded MetalCraft shader pack 'MetalCraft Standard': 3 pass(es), 4 target(s), 18 option(s), 14745600 bytes
[00:25:46] [Test thread/INFO] (Minecraft) [STDOUT]: LOD compatibility ownership passed: Stats[uploads=1893, uploadedBytes=201762368, draws=733501, originalTriangles=595822880, replacementTriangles=553863308, staleFallbacks=0, uploadFailures=0, chargedBytes=0, residentMeshes=0, retiredMeshes=0, frameUploadBytes=0, prepareNanos=2334, frameSelected=0, tier1Draws=678432, tier2Draws=53710, tier3Draws=1359, tier4Draws=0, shadowDraws=858664, shadowOriginalTriangles=691550848, shadowReplacementTriangles=638022346, terrainDraws=11244147, terrainInputTriangles=9409631922, terrainRenderedTriangles=9367672350, distantDraws=11139856, distantInputTriangles=9312217214, distantRenderedTriangles=9270257642]
[00:25:46] [Test thread/INFO] (Minecraft) [STDOUT]: Distant composition ownership passed: Stats[cache=null, draws=675629, triangles=5319305026, uploads=498, uploadBytes=219499728, uploadFailures=0, gpuBytes=0, residentNodes=0, frameDraws=0, frameSections=0, frameFarthestBlocks=0.0]
[00:25:46] [Render thread/INFO] (MetalGpuSurface) MetalCraft surface configured: 1708x960 presentMode=IMMEDIATE displaySync=false unlockedFrameRate=true
[00:25:46] [Render thread/INFO] (Minecraft) Stopping!

BUILD SUCCESSFUL in 4m 34s
8 actionable tasks: 1 executed, 7 up-to-date
