
> Configure project :
Fabric Loom: 1.17.20

> Task :compileJava NO-SOURCE
> Task :processResources UP-TO-DATE
> Task :classes UP-TO-DATE
> Task :compileClientJava UP-TO-DATE
> Task :compileMetalNative UP-TO-DATE
> Task :processClientResources UP-TO-DATE
> Task :clientClasses UP-TO-DATE
> Task :generateLog4jConfig UP-TO-DATE
> Task :generateDLIConfig UP-TO-DATE
> Task :configureLaunch UP-TO-DATE
> Task :downloadAssets UP-TO-DATE
> Task :configureClientLaunch UP-TO-DATE

> Task :runClient
[00:26:27] [main/WARN] (FabricLoader/Knot) Class path entries reference missing files: /Users/jackangione/Desktop/VULKAN SHADERS/build/classes/java/main - the game may not load properly!
[00:26:27] [main/INFO] (FabricLoader/GameProvider) Loading Minecraft 26.2 with Fabric Loader 0.19.3
[00:26:27] [main/INFO] (FabricLoader/Mappings) Mappings not present!
[00:26:27] [main/INFO] (FabricLoader) Loading 51 mods:
	- fabric-api 0.157.0+26.2
	- fabric-api-base 2.0.4+ece063239e
	- fabric-api-lookup-api-v1 2.0.17+11e1c9a39e
	- fabric-biome-api-v1 18.0.6+c7bd5b8e9e
	- fabric-block-api-v1 3.0.3+ec56b6019e
	- fabric-block-getter-api-v2 2.0.7+ec56b6019e
	- fabric-client-gametest-api-v1 6.0.0+515ac5339e
	- fabric-command-api-v2 3.1.0+00cb03469e
	- fabric-content-registries-v0 11.3.1+37b1aa249e
	- fabric-convention-tags-v2 4.7.0+1f023a9e9e
	- fabric-crash-report-info-v1 1.0.5+086d547a9e
	- fabric-creative-tab-api-v1 5.0.14+d871b99e9e
	- fabric-data-attachment-api-v1 2.2.18+515ac5339e
	- fabric-data-generation-api-v1 25.5.0+aed122aa9e
	- fabric-debug-api-v1 1.0.2+c792624d9e
	- fabric-dimensions-v1 5.1.11+515ac5339e
	- fabric-entity-events-v1 5.0.5+06488ac19e
	- fabric-events-interaction-v0 5.2.7+515ac5339e
	- fabric-game-rule-api-v1 4.0.8+46a6d00c9e
	- fabric-gametest-api-v1 4.0.21+4a7fa0819e
	- fabric-item-api-v1 14.4.0+49a69a7b9e
	- fabric-key-mapping-api-v1 2.0.5+e2bdee789e
	- fabric-lifecycle-events-v1 4.1.3+4575b05f9e
	- fabric-loot-api-v3 3.0.17+06488ac19e
	- fabric-menu-api-v1 2.0.16+086d547a9e
	- fabric-message-api-v1 7.0.8+bb2ed3f79e
	- fabric-model-loading-api-v1 8.0.16+c80601bb9e
	- fabric-networking-api-v1 6.3.3+72073ef09e
	- fabric-object-builder-api-v1 24.1.0+6fcd5f039e
	- fabric-particles-v1 5.0.18+d1756aa99e
	- fabric-permission-api-v1 1.0.5+e442d8d09e
	- fabric-recipe-api-v1 9.0.20+11e1c9a39e
	- fabric-registry-sync-v0 7.1.0+c7bd5b8e9e
	- fabric-renderer-api-v1 14.1.3+2b0d8a229e
	- fabric-renderer-indigo 9.1.3+2b0d8a229e
	- fabric-rendering-fluids-v1 6.0.4+06488ac19e
	- fabric-rendering-v1 25.3.2+515ac5339e
	- fabric-resource-conditions-api-v1 6.1.0+10e9a28b9e
	- fabric-resource-loader-v0 3.3.20+4fc5413f9e
	- fabric-resource-loader-v1 2.0.13+9edec1269e
	- fabric-screen-api-v1 5.2.0+58e078ad9e
	- fabric-serialization-api-v1 2.0.4+11a26f319e
	- fabric-sound-api-v1 2.0.5+11a26f319e
	- fabric-tag-api-v1 2.1.4+515ac5339e
	- fabric-transfer-api-v1 8.0.12+11dbb7d79e
	- fabric-transitive-access-wideners-v1 8.1.4+67c847259e
	- fabricloader 0.19.3
	- java 25
	- metalcraft 0.2.0-dev.1
	- minecraft 26.2
	- mixinextras 0.5.4
[00:26:27] [main/INFO] (FabricLoader/Mixin) SpongePowered MIXIN Subsystem Version=0.8.7 Source=file:/Users/jackangione/.gradle/caches/modules-2/files-2.1/net.fabricmc/sponge-mixin/0.17.3+mixin.0.8.7/41c4a3984a80f4679e759fb9f495587acc5cdac7/sponge-mixin-0.17.3+mixin.0.8.7.jar Service=Knot/Fabric Env=CLIENT
[00:26:27] [main/INFO] (FabricLoader/Mixin) Compatibility level set to JAVA_25
2026-09-12 00:26:28.362 java[49101:3578862] Metal API Validation Enabled
[00:26:28] [main/INFO] (MetalCraftPreLaunch) MetalCraft direct Metal bridge opened an owned device and command queue: Apple M4 Max (recommended working set: 53084 MiB)
[00:26:28] [main/WARN] (MetalCraftPreLaunch) Direct Metal backend selection is active and experimental; Minecraft's OpenGL crash recovery remains available
[00:26:28] [main/INFO] (FabricLoader/MixinExtras|Service) Initializing MixinExtras via com.llamalad7.mixinextras.service.MixinExtrasServiceImpl(version=0.5.4).
[00:26:28] [Datafixer Bootstrap #0/INFO] (Minecraft) 295 Datafixer optimizations took 123 milliseconds
[00:26:29] [main/WARN] (MacOperatingSystem) Unable to parse version 27.0 to a codename.
[00:26:30] [Render thread/INFO] (Minecraft) Environment: Environment[sessionHost=https://sessionserver.mojang.com, servicesHost=https://api.minecraftservices.com, profilesHost=https://api.mojang.com, name=PROD]
[00:26:30] [Render thread/INFO] (Minecraft) Setting user: Player482
[00:26:31] [Render thread/INFO] (Indigo) [Indigo] Registering Indigo renderer!
[00:26:31] [Render thread/ERROR] (Minecraft) Illegal option value 0 for Anisotropic Filtering
[00:26:31] [Render thread/INFO] (Minecraft) Backend library: LWJGL version 3.4.1-snapshot
[00:26:31] [Render thread/WARN] (Minecraft) Graphics backend forced to default by launch argument, in-game preferred graphics backend setting is ignored
[00:26:31] [Render thread/INFO] (ShaderPackRuntime) Loaded MetalCraft shader pack 'MetalCraft Standard': 3 pass(es), 4 target(s), 18 option(s), 0 bytes
[00:26:31] [Render thread/INFO] (Minecraft) Using graphics backend Metal, using drivers: Mac OS X 27.0
[00:26:31] [Render thread/INFO] (Minecraft) Using graphics device: Apple M4 Max (Apple)
[00:26:31] [Render thread/INFO] (Minecraft) Using graphics device extensions: Metal
[00:26:31] [Download-1/INFO] (Minecraft) Could not authorize you against Realms server: java.lang.RuntimeException: Failed to parse into SignedJWT: FabricMC
[00:26:31] [Render thread/INFO] (Minecraft) Reloading ResourceManager: vanilla, fabric-api, fabric-api-base, fabric-api-lookup-api-v1, fabric-biome-api-v1, fabric-block-api-v1, fabric-block-getter-api-v2, fabric-client-gametest-api-v1, fabric-command-api-v2, fabric-content-registries-v0, fabric-convention-tags-v2, fabric-crash-report-info-v1, fabric-creative-tab-api-v1, fabric-data-attachment-api-v1, fabric-data-generation-api-v1, fabric-debug-api-v1, fabric-dimensions-v1, fabric-entity-events-v1, fabric-events-interaction-v0, fabric-game-rule-api-v1, fabric-gametest-api-v1, fabric-item-api-v1, fabric-key-mapping-api-v1, fabric-lifecycle-events-v1, fabric-loot-api-v3, fabric-menu-api-v1, fabric-message-api-v1, fabric-model-loading-api-v1, fabric-networking-api-v1, fabric-object-builder-api-v1, fabric-particles-v1, fabric-permission-api-v1, fabric-recipe-api-v1, fabric-registry-sync-v0, fabric-renderer-api-v1, fabric-renderer-indigo, fabric-rendering-fluids-v1, fabric-rendering-v1, fabric-resource-conditions-api-v1, fabric-resource-loader-v0, fabric-resource-loader-v1, fabric-screen-api-v1, fabric-serialization-api-v1, fabric-sound-api-v1, fabric-tag-api-v1, fabric-transfer-api-v1, fabric-transitive-access-wideners-v1, fabricloader, metalcraft
[00:26:31] [Render thread/INFO] (MetalCraftClient) MetalCraft direct renderer active: Apple / Apple M4 Max using Metal
[00:26:32] [Render thread/WARN] (Minecraft) Failed to find suitable monitor for fullscreen mode
[00:26:32] [Render thread/INFO] (MetalGpuSurface) MetalCraft surface configured: 1708x960 presentMode=IMMEDIATE displaySync=false unlockedFrameRate=true
[00:26:32] [Worker-Main-4/INFO] (Minecraft) Found unifont_pua-17.0.01.hex, loading
[00:26:32] [Worker-Main-8/INFO] (Minecraft) Found unifont_all_no_pua-17.0.01.hex, loading
[00:26:32] [Worker-Main-2/INFO] (Minecraft) Found unifont_jp_patch-17.0.01.hex, loading
[00:26:32] [Render thread/INFO] (MetalGpuSurface) MetalCraft surface configured: 1708x960 presentMode=IMMEDIATE displaySync=false unlockedFrameRate=true
[00:26:32] [Render thread/INFO] (ShaderPackRuntime) Loaded MetalCraft shader pack 'MetalCraft Standard': 3 pass(es), 4 target(s), 18 option(s), 6558720 bytes
[00:26:34] [Render thread/INFO] (ShaderPackRuntime) Loaded MetalCraft shader pack 'MetalCraft Standard': 3 pass(es), 4 target(s), 18 option(s), 6558720 bytes
[00:26:34] [Render thread/INFO] (Minecraft) OpenAL initialized on device DENON-AVR
[00:26:34] [Render thread/INFO] (Minecraft) Sound engine started
[00:26:34] [Render thread/INFO] (Minecraft) Created: 512x256x0 minecraft:textures/atlas/particles.png-atlas
[00:26:34] [Render thread/INFO] (Minecraft) Created: 128x128x0 minecraft:textures/atlas/decorated_pot.png-atlas
[00:26:34] [Render thread/INFO] (Minecraft) Created: 2048x1024x0 minecraft:textures/atlas/armor_trims.png-atlas
[00:26:34] [Render thread/INFO] (Minecraft) Created: 512x256x0 minecraft:textures/atlas/paintings.png-atlas
[00:26:34] [Render thread/INFO] (Minecraft) Created: 1024x512x0 minecraft:textures/atlas/shield_patterns.png-atlas
[00:26:34] [Render thread/INFO] (Minecraft) Created: 2048x2048x4 minecraft:textures/atlas/blocks.png-atlas
[00:26:34] [Render thread/INFO] (Minecraft) Created: 512x512x0 minecraft:textures/atlas/chest.png-atlas
[00:26:34] [Render thread/INFO] (Minecraft) Created: 256x128x0 minecraft:textures/atlas/celestials.png-atlas
[00:26:34] [Render thread/INFO] (Minecraft) Created: 1024x512x0 minecraft:textures/atlas/banner_patterns.png-atlas
[00:26:34] [Render thread/INFO] (Minecraft) Created: 1024x512x0 minecraft:textures/atlas/items.png-atlas
[00:26:34] [Render thread/INFO] (Minecraft) Created: 1024x1024x0 minecraft:textures/atlas/gui.png-atlas
[00:26:34] [Render thread/INFO] (Minecraft) Created: 128x64x0 minecraft:textures/atlas/map_decorations.png-atlas
[00:26:34] [Render thread/INFO] (Minecraft) Created: 512x512x0 minecraft:textures/atlas/shulker_boxes.png-atlas
[00:26:35] [Download-1/INFO] (Minecraft) Could not authorize you against Realms server: java.lang.RuntimeException: Failed to parse into SignedJWT: FabricMC
[00:26:37] [Test thread/INFO] (MetalLifecycleGameTest) Metal lifecycle validation: Metal backend selected
[00:26:37] [Render thread/INFO] (Minecraft) Loaded 1585 recipes
[00:26:37] [Render thread/INFO] (Minecraft) Loaded 1688 advancements
[00:26:37] [Render thread/INFO] (fabric-client-gametest-api-v1) World loading finished: null screen: net.minecraft.client.gui.screens.GenericMessageScreen@65ae85f3
[00:26:37] [Render thread/INFO] (BiomeModificationImpl) Applied 0 biome modifications to 0 of 66 new biomes in 602.0 μs
[00:26:37] [Server thread/INFO] (Minecraft) Starting integrated minecraft server version 26.2
[00:26:37] [Server thread/INFO] (Minecraft) Generating keypair
[00:26:37] [Server thread/INFO] (Minecraft) Selecting global world spawn...
[00:26:38] [Server thread/INFO] (Minecraft) Loading 0 persistent chunks...
[00:26:38] [Server thread/INFO] (Minecraft) Preparing spawn area: 16%
[00:26:38] [Server thread/INFO] (Minecraft) Saving chunks for level 'ServerLevel[New World]'/minecraft:overworld
[00:26:38] [Server thread/INFO] (Minecraft) Saving chunks for level 'ServerLevel[New World]'/minecraft:the_nether
[00:26:38] [Server thread/INFO] (Minecraft) Saving chunks for level 'ServerLevel[New World]'/minecraft:the_end
[00:26:38] [Server thread/INFO] (Minecraft) ThreadedAnvilChunkStorage (world): All chunks are saved
[00:26:38] [Server thread/INFO] (Minecraft) ThreadedAnvilChunkStorage (DIM-1): All chunks are saved
[00:26:38] [Server thread/INFO] (Minecraft) ThreadedAnvilChunkStorage (DIM1): All chunks are saved
[00:26:38] [Server thread/INFO] (Minecraft) ThreadedAnvilChunkStorage: All dimensions are saved
[00:26:39] [Render thread/INFO] (fabric-client-gametest-api-v1) World loading finished: null screen: net.minecraft.client.gui.screens.LevelLoadingScreen@56541c34
[00:26:39] [Render thread/INFO] (fabric-client-gametest-api-v1) World loading finished: null screen: net.minecraft.client.gui.screens.LevelLoadingScreen@56541c34
[00:26:39] [Render thread/INFO] (fabric-client-gametest-api-v1) World loading finished: null screen: net.minecraft.client.gui.screens.LevelLoadingScreen@56541c34
[00:26:39] [Render thread/INFO] (fabric-client-gametest-api-v1) World loading finished: null screen: net.minecraft.client.gui.screens.LevelLoadingScreen@56541c34
[00:26:39] [Render thread/INFO] (fabric-client-gametest-api-v1) World loading finished: null screen: net.minecraft.client.gui.screens.LevelLoadingScreen@56541c34
[00:26:39] [Server thread/INFO] (Minecraft) Loading 48 chunks for player spawn...
[00:26:39] [Server thread/INFO] (Minecraft) Preparing spawn area: 16%
[00:26:39] [Render thread/INFO] (fabric-client-gametest-api-v1) World loading finished: null screen: net.minecraft.client.gui.screens.LevelLoadingScreen@56541c34
[00:26:39] [Server thread/INFO] (Minecraft) Preparing spawn area: 16%
[00:26:39] [Render thread/INFO] (fabric-client-gametest-api-v1) World loading finished: null screen: net.minecraft.client.gui.screens.LevelLoadingScreen@56541c34
[00:26:39] [Render thread/INFO] (fabric-client-gametest-api-v1) World loading finished: null screen: net.minecraft.client.gui.screens.LevelLoadingScreen@56541c34
[00:26:39] [Render thread/INFO] (fabric-client-gametest-api-v1) World loading finished: null screen: net.minecraft.client.gui.screens.LevelLoadingScreen@56541c34
[00:26:39] [Server thread/INFO] (Minecraft) Preparing spawn area: 16%
[00:26:39] [Render thread/INFO] (fabric-client-gametest-api-v1) World loading finished: null screen: net.minecraft.client.gui.screens.LevelLoadingScreen@56541c34
[00:26:39] [Render thread/INFO] (fabric-client-gametest-api-v1) World loading finished: null screen: net.minecraft.client.gui.screens.LevelLoadingScreen@56541c34
[00:26:39] [Render thread/INFO] (fabric-client-gametest-api-v1) World loading finished: null screen: net.minecraft.client.gui.screens.LevelLoadingScreen@56541c34
[00:26:39] [Render thread/INFO] (fabric-client-gametest-api-v1) World loading finished: null screen: net.minecraft.client.gui.screens.LevelLoadingScreen@56541c34
[00:26:39] [Render thread/INFO] (fabric-client-gametest-api-v1) World loading finished: null screen: net.minecraft.client.gui.screens.LevelLoadingScreen@56541c34
[00:26:39] [Render thread/INFO] (fabric-client-gametest-api-v1) World loading finished: null screen: net.minecraft.client.gui.screens.LevelLoadingScreen@56541c34
[00:26:39] [Render thread/INFO] (fabric-client-gametest-api-v1) World loading finished: null screen: net.minecraft.client.gui.screens.LevelLoadingScreen@56541c34
[00:26:39] [Render thread/INFO] (fabric-client-gametest-api-v1) World loading finished: null screen: net.minecraft.client.gui.screens.LevelLoadingScreen@56541c34
[00:26:39] [Render thread/INFO] (fabric-client-gametest-api-v1) World loading finished: null screen: net.minecraft.client.gui.screens.LevelLoadingScreen@56541c34
[00:26:39] [Render thread/INFO] (fabric-client-gametest-api-v1) World loading finished: null screen: net.minecraft.client.gui.screens.LevelLoadingScreen@56541c34
[00:26:39] [Server thread/INFO] (Minecraft) Preparing spawn area: 30%
[00:26:40] [Render thread/INFO] (fabric-client-gametest-api-v1) World loading finished: null screen: net.minecraft.client.gui.screens.LevelLoadingScreen@56541c34
[00:26:40] [Render thread/INFO] (fabric-client-gametest-api-v1) World loading finished: null screen: net.minecraft.client.gui.screens.LevelLoadingScreen@56541c34
[00:26:40] [Render thread/INFO] (fabric-client-gametest-api-v1) World loading finished: null screen: net.minecraft.client.gui.screens.LevelLoadingScreen@56541c34
[00:26:40] [Render thread/INFO] (fabric-client-gametest-api-v1) World loading finished: null screen: net.minecraft.client.gui.screens.LevelLoadingScreen@56541c34
[00:26:40] [Render thread/INFO] (fabric-client-gametest-api-v1) World loading finished: null screen: net.minecraft.client.gui.screens.LevelLoadingScreen@56541c34
[00:26:40] [Render thread/INFO] (fabric-client-gametest-api-v1) World loading finished: null screen: net.minecraft.client.gui.screens.LevelLoadingScreen@56541c34
[00:26:40] [Render thread/INFO] (fabric-client-gametest-api-v1) World loading finished: null screen: net.minecraft.client.gui.screens.LevelLoadingScreen@56541c34
[00:26:40] [Render thread/INFO] (fabric-client-gametest-api-v1) World loading finished: null screen: net.minecraft.client.gui.screens.LevelLoadingScreen@56541c34
[00:26:40] [Render thread/INFO] (fabric-client-gametest-api-v1) World loading finished: null screen: net.minecraft.client.gui.screens.LevelLoadingScreen@56541c34
[00:26:40] [Server thread/INFO] (Minecraft) Time elapsed: 2489 ms
[00:26:40] [Render thread/INFO] (fabric-client-gametest-api-v1) World loading finished: null screen: net.minecraft.client.gui.screens.LevelLoadingScreen@56541c34
[00:26:40] [Server thread/INFO] (Minecraft) Player482[local:E:6d7bfddb] logged in with entity id 1 at (96.5, 136.0, -31.5)
[00:26:40] [Server thread/INFO] (Minecraft) Player482 joined the game
[00:26:40] [Server thread/INFO] (Minecraft) Changing view distance to 16, from 10
[00:26:40] [Server thread/INFO] (Minecraft) Changing simulation distance to 16, from 0
[00:26:40] [Download-1/ERROR] (Minecraft) Failed to retrieve profile key pair

MinecraftClientHttpException[type=HTTP_ERROR, status=401, response=ErrorResponse[path=/player/certificates, error=null, errorMessage=null, details=null]]
	at knot//com.mojang.authlib.minecraft.client.MinecraftClient.buildHttpException(MinecraftClient.java:170)
	at knot//com.mojang.authlib.minecraft.client.MinecraftClient.readServiceResponse(MinecraftClient.java:147)
	at knot//com.mojang.authlib.minecraft.client.MinecraftClient.post(MinecraftClient.java:89)
	at knot//com.mojang.authlib.yggdrasil.YggdrasilUserApiService.getKeyPair(YggdrasilUserApiService.java:62)
	at knot//net.minecraft.client.multiplayer.AccountProfileKeyPairManager.fetchProfileKeyPair(AccountProfileKeyPairManager.java:119)
	at knot//net.minecraft.client.multiplayer.AccountProfileKeyPairManager.lambda$readOrFetchProfileKeyPair$0(AccountProfileKeyPairManager.java:72)
	at java.base/java.util.concurrent.CompletableFuture$AsyncSupply.run(CompletableFuture.java:1789)
	at java.base/java.util.concurrent.ThreadPoolExecutor.runWorker(ThreadPoolExecutor.java:1090)
	at java.base/java.util.concurrent.ThreadPoolExecutor$Worker.run(ThreadPoolExecutor.java:614)
	at java.base/java.lang.Thread.run(Thread.java:1474)
[00:26:42] [Render thread/INFO] (Minecraft) Resizing Dynamic Transforms UBO, capacity limit of 2 reached during a single frame. New capacity will be 4.
[00:26:42] [Render thread/INFO] (Minecraft) Loaded 2 advancements
[00:26:42] [Render thread/INFO] (fabric-client-gametest-api-v1) World loading finished: ClientLevel screen: net.minecraft.client.gui.screens.LevelLoadingScreen@56541c34
[00:26:42] [Render thread/INFO] (Minecraft) Resizing Dynamic Transforms UBO, capacity limit of 4 reached during a single frame. New capacity will be 8.
[00:26:42] [Render thread/INFO] (fabric-client-gametest-api-v1) World loading finished: ClientLevel screen: net.minecraft.client.gui.screens.LevelLoadingScreen@56541c34
[00:26:42] [Render thread/INFO] (Minecraft) Resizing Dynamic Transforms UBO, capacity limit of 8 reached during a single frame. New capacity will be 16.
[00:26:42] [Render thread/INFO] (fabric-client-gametest-api-v1) World loading finished: ClientLevel screen: net.minecraft.client.gui.screens.LevelLoadingScreen@56541c34
[00:26:42] [Render thread/INFO] (fabric-client-gametest-api-v1) World loading finished: ClientLevel screen: net.minecraft.client.gui.screens.LevelLoadingScreen@56541c34
[00:26:42] [Render thread/INFO] (Minecraft) Resizing Chunk Sections UBO, capacity limit of 2 reached during a single frame. New capacity will be 4.
[00:26:42] [Render thread/INFO] (Minecraft) Resizing Chunk Sections UBO, capacity limit of 4 reached during a single frame. New capacity will be 8.
[00:26:42] [Render thread/INFO] (Minecraft) Resizing Chunk Sections UBO, capacity limit of 8 reached during a single frame. New capacity will be 16.
[00:26:42] [Render thread/INFO] (fabric-client-gametest-api-v1) World loading finished: ClientLevel screen: net.minecraft.client.gui.screens.LevelLoadingScreen@56541c34
[00:26:42] [Render thread/INFO] (fabric-client-gametest-api-v1) World loading finished: ClientLevel screen: net.minecraft.client.gui.screens.LevelLoadingScreen@56541c34
[00:26:42] [Render thread/INFO] (fabric-client-gametest-api-v1) World loading finished: ClientLevel screen: net.minecraft.client.gui.screens.LevelLoadingScreen@56541c34
[00:26:42] [Render thread/INFO] (Minecraft) Resizing Chunk Sections UBO, capacity limit of 16 reached during a single frame. New capacity will be 32.
[00:26:43] [Render thread/INFO] (fabric-client-gametest-api-v1) World loading finished: ClientLevel screen: net.minecraft.client.gui.screens.LevelLoadingScreen@56541c34
[00:26:43] [Render thread/INFO] (fabric-client-gametest-api-v1) World loading finished: ClientLevel screen: net.minecraft.client.gui.screens.LevelLoadingScreen@56541c34
[00:26:43] [Render thread/INFO] (fabric-client-gametest-api-v1) World loading finished: ClientLevel screen: net.minecraft.client.gui.screens.LevelLoadingScreen@56541c34
[00:26:43] [Render thread/INFO] (fabric-client-gametest-api-v1) World loading finished: ClientLevel screen: net.minecraft.client.gui.screens.LevelLoadingScreen@56541c34
[00:26:43] [Render thread/INFO] (fabric-client-gametest-api-v1) World loading finished: ClientLevel screen: net.minecraft.client.gui.screens.LevelLoadingScreen@56541c34
[00:26:43] [Render thread/INFO] (fabric-client-gametest-api-v1) World loading finished: ClientLevel screen: net.minecraft.client.gui.screens.LevelLoadingScreen@56541c34
[00:26:43] [Render thread/INFO] (fabric-client-gametest-api-v1) World loading finished: ClientLevel screen: net.minecraft.client.gui.screens.LevelLoadingScreen@56541c34
[00:26:43] [Render thread/INFO] (fabric-client-gametest-api-v1) World loading finished: ClientLevel screen: net.minecraft.client.gui.screens.LevelLoadingScreen@56541c34
[00:26:43] [Render thread/INFO] (fabric-client-gametest-api-v1) World loading finished: ClientLevel screen: net.minecraft.client.gui.screens.LevelLoadingScreen@56541c34
[00:26:43] [Render thread/INFO] (fabric-client-gametest-api-v1) World loading finished: ClientLevel screen: net.minecraft.client.gui.screens.LevelLoadingScreen@56541c34
[00:26:43] [Render thread/INFO] (fabric-client-gametest-api-v1) World loading finished: ClientLevel screen: net.minecraft.client.gui.screens.LevelLoadingScreen@56541c34
[00:26:43] [Render thread/INFO] (fabric-client-gametest-api-v1) World loading finished: ClientLevel screen: null
[00:26:43] [Server thread/INFO] (Minecraft) Set Player482's game mode to Spectator Mode
[00:26:43] [Render thread/INFO] (WorldGeometryAdapter) Shader pack 'metalcraft-standard' leaves 2 pipeline(s) outside the G-buffer: [minecraft:pipeline/translucent_terrain, minecraft:pipeline/entity_translucent]
[00:26:43] [Render thread/INFO] (ShaderPackRuntime) Loaded MetalCraft shader pack 'MetalCraft Standard': 3 pass(es), 4 target(s), 18 option(s), 1639680 bytes
[00:26:43] [Server thread/INFO] (Minecraft) Teleported Player482 to 0.500000, 210.000000, -639.500000
[00:26:43] [Render thread/INFO] (Minecraft) [System] [CHAT] Your game mode has been updated to Spectator Mode
[00:26:43] [Render thread/INFO] (Minecraft) [System] [CHAT] [Server: Set Player482's game mode to Spectator Mode]
[00:26:43] [Render thread/INFO] (Minecraft) [System] [CHAT] [Server: Teleported Player482 to 0.500000, 210.000000, -639.500000]
[00:26:48] [Server thread/WARN] (Minecraft) Can't keep up! Is the server overloaded? Running 2519ms or 50 ticks behind
[00:26:49] [Render thread/INFO] (Minecraft) Resizing Chunk Sections UBO, capacity limit of 32 reached during a single frame. New capacity will be 64.
[00:26:50] [Render thread/INFO] (Minecraft) Resizing Chunk Sections UBO, capacity limit of 64 reached during a single frame. New capacity will be 128.
[00:26:50] [Render thread/INFO] (Minecraft) Resizing Chunk Sections UBO, capacity limit of 128 reached during a single frame. New capacity will be 256.
[00:26:52] [Render thread/INFO] (Minecraft) Resizing Chunk Sections UBO, capacity limit of 256 reached during a single frame. New capacity will be 512.
[00:26:53] [Render thread/INFO] (Minecraft) [STDOUT]: LOD horizon awaiting water terrain exploration: Stats[cache=Stats[ready=true, captured=563, saved=191, cacheReads=0, dropped=0, failures=0, queuedBytes=4749411, queuedNodes=162, diskBytes=131724867, corrupt=0, evictions=0, indexedNodes=257], draws=0, triangles=0, uploads=0, uploadBytes=0, uploadFailures=0, gpuBytes=0, residentNodes=0, frameDraws=0, frameSections=0, frameFarthestBlocks=0.0]
[00:26:55] [Render thread/INFO] (Minecraft) Resizing Chunk Sections UBO, capacity limit of 512 reached during a single frame. New capacity will be 1024.
[00:27:03] [Render thread/INFO] (Minecraft) [STDOUT]: LOD horizon awaiting water terrain exploration: Stats[cache=Stats[ready=true, captured=1691, saved=575, cacheReads=0, dropped=0, failures=0, queuedBytes=6613815, queuedNodes=285, diskBytes=154450124, corrupt=0, evictions=0, indexedNodes=760], draws=0, triangles=0, uploads=0, uploadBytes=0, uploadFailures=0, gpuBytes=0, residentNodes=0, frameDraws=0, frameSections=0, frameFarthestBlocks=0.0]
[00:27:17] [Render thread/INFO] (Minecraft) Resizing Chunk Sections UBO, capacity limit of 1024 reached during a single frame. New capacity will be 2048.
[00:27:17] [Test thread/INFO] (Minecraft) [STDOUT]: Distant water exploration: Stats[cache=Stats[ready=true, captured=2145, saved=986, cacheReads=0, dropped=0, failures=0, queuedBytes=24345, queuedNodes=2, diskBytes=169504432, corrupt=0, evictions=0, indexedNodes=1110], draws=0, triangles=0, uploads=0, uploadBytes=0, uploadFailures=0, gpuBytes=0, residentNodes=0, frameDraws=0, frameSections=0, frameFarthestBlocks=0.0]
[00:27:17] [Server thread/INFO] (Minecraft) Teleported Player482 to 0.500000, 193.000000, 18.500000
[00:27:17] [Render thread/INFO] (Minecraft) [System] [CHAT] [Server: Teleported Player482 to 0.500000, 193.000000, 18.500000]
[00:27:22] [Server thread/INFO] (Minecraft) Successfully filled 609 block(s)
[00:27:22] [Server thread/INFO] (Minecraft) Successfully filled 180 block(s)
[00:27:22] [Server thread/INFO] (Minecraft) Successfully filled 56 block(s)
[00:27:22] [Server thread/INFO] (Minecraft) Successfully filled 56 block(s)
[00:27:22] [Server thread/INFO] (Minecraft) Changed the block at -8, 185, -4
[00:27:22] [Server thread/INFO] (Minecraft) Successfully filled 50 block(s)
[00:27:22] [Server thread/INFO] (Minecraft) Successfully filled 50 block(s)
[00:27:22] [Server thread/INFO] (Minecraft) Successfully filled 50 block(s)
[00:27:22] [Server thread/INFO] (Minecraft) Successfully filled 50 block(s)
[00:27:22] [Server thread/INFO] (Minecraft) Successfully filled 9 block(s)
[00:27:22] [Server thread/INFO] (Minecraft) Changed the block at -5, 181, 4
[00:27:22] [Server thread/INFO] (Minecraft) Set minecraft:overworld to time marker minecraft:noon
[00:27:22] [Server thread/INFO] (Minecraft) Set the weather to clear
[00:27:22] [Render thread/INFO] (WorldGeometryAdapter) Shader pack 'metalcraft-standard' leaves 2 pipeline(s) outside the G-buffer: [minecraft:pipeline/translucent_terrain, minecraft:pipeline/entity_translucent]
[00:27:22] [Render thread/INFO] (ShaderPackRuntime) Loaded MetalCraft shader pack 'MetalCraft Standard': 3 pass(es), 4 target(s), 18 option(s), 1639680 bytes
[00:27:22] [Render thread/INFO] (Minecraft) [System] [CHAT] [Server: Successfully filled 609 block(s)]
[00:27:22] [Render thread/INFO] (Minecraft) [System] [CHAT] [Server: Successfully filled 180 block(s)]
[00:27:22] [Render thread/INFO] (Minecraft) [System] [CHAT] [Server: Successfully filled 56 block(s)]
[00:27:22] [Render thread/INFO] (Minecraft) [System] [CHAT] [Server: Successfully filled 56 block(s)]
[00:27:22] [Render thread/INFO] (Minecraft) [System] [CHAT] [Server: Changed the block at -8, 185, -4]
[00:27:22] [Render thread/INFO] (Minecraft) [System] [CHAT] [Server: Successfully filled 50 block(s)]
[00:27:22] [Render thread/INFO] (Minecraft) [System] [CHAT] [Server: Successfully filled 50 block(s)]
[00:27:22] [Render thread/INFO] (Minecraft) [System] [CHAT] [Server: Successfully filled 50 block(s)]
[00:27:22] [Render thread/INFO] (Minecraft) [System] [CHAT] [Server: Successfully filled 50 block(s)]
[00:27:22] [Render thread/INFO] (Minecraft) [System] [CHAT] [Server: Successfully filled 9 block(s)]
[00:27:22] [Render thread/INFO] (Minecraft) [System] [CHAT] [Server: Changed the block at -5, 181, 4]
[00:27:22] [Render thread/INFO] (Minecraft) [System] [CHAT] [Server: Set minecraft:overworld to time marker minecraft:noon]
[00:27:22] [Render thread/INFO] (Minecraft) [System] [CHAT] [Server: Set the weather to clear]
[00:27:22] [Render thread/INFO] (WorldGeometryAdapter) Shader pack 'metalcraft-standard' leaves 1 pipeline(s) outside the G-buffer: [minecraft:pipeline/translucent_terrain]
[00:27:23] [Render thread/INFO] (WorldGeometryAdapter) Shader pack 'metalcraft-standard' leaves 1 pipeline(s) outside the G-buffer: [minecraft:pipeline/translucent_terrain]
[00:27:23] [Render thread/INFO] (WorldGeometryAdapter) Shader pack 'metalcraft-standard' leaves 1 pipeline(s) outside the G-buffer: [minecraft:pipeline/translucent_terrain]
[00:27:24] [Render thread/INFO] (WorldGeometryAdapter) Shader pack 'metalcraft-standard' leaves 1 pipeline(s) outside the G-buffer: [minecraft:pipeline/translucent_terrain]
[00:27:24] [Render thread/INFO] (WorldGeometryAdapter) Shader pack 'metalcraft-standard' leaves 1 pipeline(s) outside the G-buffer: [minecraft:pipeline/translucent_terrain]
[00:27:25] [Render thread/INFO] (WorldGeometryAdapter) Shader pack 'metalcraft-standard' leaves 1 pipeline(s) outside the G-buffer: [minecraft:pipeline/translucent_terrain]
[00:27:25] [Render thread/INFO] (WorldGeometryAdapter) Shader pack 'metalcraft-standard' leaves 1 pipeline(s) outside the G-buffer: [minecraft:pipeline/translucent_terrain]
[00:27:26] [Render thread/INFO] (WorldGeometryAdapter) Shader pack 'metalcraft-standard' leaves 1 pipeline(s) outside the G-buffer: [minecraft:pipeline/translucent_terrain]
[00:27:32] [Test thread/INFO] (Minecraft) [STDOUT]: Water capture: /Users/jackangione/Desktop/VULKAN SHADERS/run/screenshots/0001_metalcraft-water-identity-baseline.png
[00:27:33] [Test thread/INFO] (Minecraft) [STDOUT]: Water capture: /Users/jackangione/Desktop/VULKAN SHADERS/run/screenshots/0002_metalcraft-water-identity-water.png
[00:27:34] [Test thread/INFO] (Minecraft) [STDOUT]: Water capture: /Users/jackangione/Desktop/VULKAN SHADERS/run/screenshots/0003_metalcraft-water-identity-restored.png
[00:27:34] [Render thread/INFO] (Minecraft) Resizing Chunk Sections UBO, capacity limit of 2048 reached during a single frame. New capacity will be 4096.
[00:27:34] [Test thread/INFO] (Minecraft) [STDOUT]: Water capture: /Users/jackangione/Desktop/VULKAN SHADERS/run/screenshots/0004_metalcraft-water-surface-depth.png
[00:27:35] [Test thread/INFO] (Minecraft) [STDOUT]: Water capture: /Users/jackangione/Desktop/VULKAN SHADERS/run/screenshots/0005_metalcraft-water-opaque-depth.png
[00:27:36] [Server thread/INFO] (Minecraft) Changed title display times for Player482
[00:27:36] [Server thread/INFO] (Minecraft) Showing new title for Player482
[00:27:36] [Render thread/INFO] (Minecraft) [System] [CHAT] [Server: Changed title display times for Player482]
[00:27:36] [Render thread/INFO] (Minecraft) [System] [CHAT] [Server: Showing new title for Player482]
[00:27:37] [Render thread/INFO] (MetalGpuSurface) MetalCraft surface configured: 1708x960 presentMode=IMMEDIATE displaySync=false unlockedFrameRate=true
[00:27:39] [Test thread/INFO] (Minecraft) [STDOUT]: Water capture: /Users/jackangione/Desktop/VULKAN SHADERS/run/screenshots/0008_metalcraft-water-identity-native.png
[00:27:39] [Render thread/INFO] (MetalGpuSurface) MetalCraft surface configured: 1708x960 presentMode=IMMEDIATE displaySync=false unlockedFrameRate=true
[00:27:41] [Test thread/INFO] (Minecraft) [STDOUT]: Water capture: /Users/jackangione/Desktop/VULKAN SHADERS/run/screenshots/0009_metalcraft-water-identity-half.png
[00:27:41] [Server thread/INFO] (Minecraft) Player482 lost connection: Disconnected
[00:27:41] [Server thread/INFO] (Minecraft) Player482 left the game
[00:27:41] [Server thread/INFO] (Minecraft) Stopping singleplayer server as player logged out
[00:27:41] [Server thread/INFO] (Minecraft) Stopping server
[00:27:41] [Server thread/INFO] (Minecraft) Saving players
[00:27:41] [Server thread/INFO] (Minecraft) Saving worlds
[00:27:41] [Server thread/INFO] (Minecraft) Saving chunks for level 'ServerLevel[New World]'/minecraft:overworld
[00:27:43] [Server thread/INFO] (Minecraft) Saving chunks for level 'ServerLevel[New World]'/minecraft:the_nether
[00:27:43] [Server thread/INFO] (Minecraft) Saving chunks for level 'ServerLevel[New World]'/minecraft:the_end
[00:27:43] [Server thread/INFO] (Minecraft) ThreadedAnvilChunkStorage (world): All chunks are saved
[00:27:43] [Server thread/INFO] (Minecraft) ThreadedAnvilChunkStorage (DIM-1): All chunks are saved
[00:27:43] [Server thread/INFO] (Minecraft) ThreadedAnvilChunkStorage (DIM1): All chunks are saved
[00:27:43] [Server thread/INFO] (Minecraft) ThreadedAnvilChunkStorage: All dimensions are saved
[00:27:43] [Render thread/INFO] (WorldGeometryAdapter) Shader pack 'metalcraft-standard' leaves 1 pipeline(s) outside the G-buffer: [minecraft:pipeline/translucent_terrain]
[00:27:43] [Render thread/INFO] (ShaderPackRuntime) Loaded MetalCraft shader pack 'MetalCraft Standard': 3 pass(es), 4 target(s), 18 option(s), 1639680 bytes
[00:27:43] [Render thread/INFO] (ShaderPackRuntime) Loaded MetalCraft shader pack 'MetalCraft Standard': 3 pass(es), 4 target(s), 18 option(s), 1639680 bytes
[00:27:43] [Test thread/INFO] (Minecraft) [STDOUT]: LOD compatibility ownership passed: Stats[uploads=676, uploadedBytes=86273984, draws=253856, originalTriangles=227788064, replacementTriangles=217629596, staleFallbacks=0, uploadFailures=0, chargedBytes=0, residentMeshes=0, retiredMeshes=0, frameUploadBytes=0, prepareNanos=4042, frameSelected=0, tier1Draws=210544, tier2Draws=39831, tier3Draws=3481, tier4Draws=0, shadowDraws=253856, shadowOriginalTriangles=227788064, shadowReplacementTriangles=217507856, terrainDraws=2297908, terrainInputTriangles=2277640184, terrainRenderedTriangles=2267481716, distantDraws=2289903, distantInputTriangles=2270273244, distantRenderedTriangles=2260114776]
[00:27:43] [Test thread/INFO] (Minecraft) [STDOUT]: Distant composition ownership passed: Stats[cache=null, draws=167327, triangles=1474353546, uploads=73, uploadBytes=67108048, uploadFailures=0, gpuBytes=0, residentNodes=0, frameDraws=0, frameSections=0, frameFarthestBlocks=0.0]
[00:27:43] [Test thread/ERROR] (fabric-client-gametest-api-v1) Client gametests failed with an exception

java.lang.AssertionError: Water identity diagnostic did not cover water: 37
	at knot//dev.metalcraft.client.test.MetalWaterIdentityGameTest.assertWaterIdentity(MetalWaterIdentityGameTest.java:957)
	at knot//dev.metalcraft.client.test.MetalWaterIdentityGameTest.run(MetalWaterIdentityGameTest.java:157)
	at knot//dev.metalcraft.client.test.MetalLifecycleGameTest.runConfiguredTest(MetalLifecycleGameTest.java:108)
	at knot//dev.metalcraft.client.test.MetalLifecycleGameTest.runTest(MetalLifecycleGameTest.java:74)
	at knot//net.fabricmc.fabric.impl.client.gametest.FabricClientGameTestRunner.lambda$start$0(FabricClientGameTestRunner.java:54)
	at knot//net.fabricmc.fabric.impl.client.gametest.threading.ThreadingImpl.lambda$runTestThread$0(ThreadingImpl.java:139)
	at java.base/java.lang.Thread.run(Thread.java:1474)
[00:27:43] [Render thread/INFO] (MetalGpuSurface) MetalCraft surface configured: 1708x960 presentMode=IMMEDIATE displaySync=false unlockedFrameRate=true
[00:27:43] [Render thread/ERROR] (FabricLoader) Minecraft has crashed!

net.fabricmc.loader.impl.FormattedException: java.lang.AssertionError: Water identity diagnostic did not cover water: 37
	at net.fabricmc.loader.impl.FormattedException.ofLocalized(FormattedException.java:63)
	at net.fabricmc.loader.impl.game.minecraft.MinecraftGameProvider.launch(MinecraftGameProvider.java:516)
	at net.fabricmc.loader.impl.launch.knot.Knot.launch(Knot.java:72)
	at net.fabricmc.loader.impl.launch.knot.KnotClient.main(KnotClient.java:23)
	at net.fabricmc.devlaunchinjector.Main.main(Main.java:86)
Caused by: java.lang.AssertionError: Water identity diagnostic did not cover water: 37
	at knot//dev.metalcraft.client.test.MetalWaterIdentityGameTest.assertWaterIdentity(MetalWaterIdentityGameTest.java:957)
	at knot//dev.metalcraft.client.test.MetalWaterIdentityGameTest.run(MetalWaterIdentityGameTest.java:157)
	at knot//dev.metalcraft.client.test.MetalLifecycleGameTest.runConfiguredTest(MetalLifecycleGameTest.java:108)
	at knot//dev.metalcraft.client.test.MetalLifecycleGameTest.runTest(MetalLifecycleGameTest.java:74)
	at knot//net.fabricmc.fabric.impl.client.gametest.FabricClientGameTestRunner.lambda$start$0(FabricClientGameTestRunner.java:54)
	at knot//net.fabricmc.fabric.impl.client.gametest.threading.ThreadingImpl.lambda$runTestThread$0(ThreadingImpl.java:139)
	at java.base/java.lang.Thread.run(Thread.java:1474)

> Task :runClient FAILED

FAILURE: Build failed with an exception.

* What went wrong:
Execution failed for task ':runClient' (registered by plugin 'fabric-loom').
> Process 'command '/Library/Java/JavaVirtualMachines/temurin-25.jdk/Contents/Home/bin/java'' finished with non-zero exit value 1

* Try:
> Run with --stacktrace option to get the stack trace.
> Run with --info or --debug option to get more log output.
> Run with --scan to get full insights from a Build Scan (powered by Develocity).
> Get more help at https://help.gradle.org.

BUILD FAILED in 1m 16s
8 actionable tasks: 1 executed, 7 up-to-date
