[16:58:36] [main/WARN] (FabricLoader/Knot) Class path entries reference missing files: /Users/jackangione/Desktop/VULKAN SHADERS/build/classes/java/main - the game may not load properly!
[16:58:36] [main/INFO] (FabricLoader/GameProvider) Loading Minecraft 26.2 with Fabric Loader 0.19.3
[16:58:36] [main/INFO] (FabricLoader/Mappings) Mappings not present!
[16:58:36] [main/INFO] (FabricLoader) Loading 51 mods:
	- fabric-api 0.157.0+26.2
	- fabric-api-base 2.0.4+ece063239e
	- fabric-api-lookup-api-v1 2.0.17+11e1c9a39e
	- fabric-biome-api-v1 18.0.6+c7bd5b8e9e
	- fabric-block-api-v1 3.0.3+ec56b6019e
	- fabric-block-getter-api-v2 2.0.7+ec56b6019e
	- fabric-client-gametest-api-v1 6.0.0+515ac5339e
	- fabric-command-api-v2 3.1.0+00cb03469e
	- fabric-content-registries-v0 11.3.1+37b1aa249e
	- fabric-convention-tags-v2 4.7.0+1f023a9e9e
	- fabric-crash-report-info-v1 1.0.5+086d547a9e
	- fabric-creative-tab-api-v1 5.0.14+d871b99e9e
	- fabric-data-attachment-api-v1 2.2.18+515ac5339e
	- fabric-data-generation-api-v1 25.5.0+aed122aa9e
	- fabric-debug-api-v1 1.0.2+c792624d9e
	- fabric-dimensions-v1 5.1.11+515ac5339e
	- fabric-entity-events-v1 5.0.5+06488ac19e
	- fabric-events-interaction-v0 5.2.7+515ac5339e
	- fabric-game-rule-api-v1 4.0.8+46a6d00c9e
	- fabric-gametest-api-v1 4.0.21+4a7fa0819e
	- fabric-item-api-v1 14.4.0+49a69a7b9e
	- fabric-key-mapping-api-v1 2.0.5+e2bdee789e
	- fabric-lifecycle-events-v1 4.1.3+4575b05f9e
	- fabric-loot-api-v3 3.0.17+06488ac19e
	- fabric-menu-api-v1 2.0.16+086d547a9e
	- fabric-message-api-v1 7.0.8+bb2ed3f79e
	- fabric-model-loading-api-v1 8.0.16+c80601bb9e
	- fabric-networking-api-v1 6.3.3+72073ef09e
	- fabric-object-builder-api-v1 24.1.0+6fcd5f039e
	- fabric-particles-v1 5.0.18+d1756aa99e
	- fabric-permission-api-v1 1.0.5+e442d8d09e
	- fabric-recipe-api-v1 9.0.20+11e1c9a39e
	- fabric-registry-sync-v0 7.1.0+c7bd5b8e9e
	- fabric-renderer-api-v1 14.1.3+2b0d8a229e
	- fabric-renderer-indigo 9.1.3+2b0d8a229e
	- fabric-rendering-fluids-v1 6.0.4+06488ac19e
	- fabric-rendering-v1 25.3.2+515ac5339e
	- fabric-resource-conditions-api-v1 6.1.0+10e9a28b9e
	- fabric-resource-loader-v0 3.3.20+4fc5413f9e
	- fabric-resource-loader-v1 2.0.13+9edec1269e
	- fabric-screen-api-v1 5.2.0+58e078ad9e
	- fabric-serialization-api-v1 2.0.4+11a26f319e
	- fabric-sound-api-v1 2.0.5+11a26f319e
	- fabric-tag-api-v1 2.1.4+515ac5339e
	- fabric-transfer-api-v1 8.0.12+11dbb7d79e
	- fabric-transitive-access-wideners-v1 8.1.4+67c847259e
	- fabricloader 0.19.3
	- java 25
	- metalcraft 0.2.0-dev.1
	- minecraft 26.2
	- mixinextras 0.5.4
[16:58:36] [main/INFO] (FabricLoader/Mixin) SpongePowered MIXIN Subsystem Version=0.8.7 Source=file:/Users/jackangione/.gradle/caches/modules-2/files-2.1/net.fabricmc/sponge-mixin/0.17.3+mixin.0.8.7/41c4a3984a80f4679e759fb9f495587acc5cdac7/sponge-mixin-0.17.3+mixin.0.8.7.jar Service=Knot/Fabric Env=CLIENT
[16:58:36] [main/INFO] (FabricLoader/Mixin) Compatibility level set to JAVA_25
[16:58:36] [main/INFO] (MetalCraftPreLaunch) MetalCraft direct Metal bridge opened an owned device and command queue: Apple M4 Max (recommended working set: 53084 MiB)
[16:58:36] [main/WARN] (MetalCraftPreLaunch) Direct Metal backend selection is active and experimental; Minecraft's OpenGL crash recovery remains available
[16:58:36] [main/INFO] (FabricLoader/MixinExtras|Service) Initializing MixinExtras via com.llamalad7.mixinextras.service.MixinExtrasServiceImpl(version=0.5.4).
[16:58:37] [Datafixer Bootstrap #0/INFO] (Minecraft) 295 Datafixer optimizations took 128 milliseconds
[16:58:37] [main/WARN] (MacOperatingSystem) Unable to parse version 27.0 to a codename.
[16:58:39] [Render thread/INFO] (Minecraft) Environment: Environment[sessionHost=https://sessionserver.mojang.com, servicesHost=https://api.minecraftservices.com, profilesHost=https://api.mojang.com, name=PROD]
[16:58:39] [Render thread/INFO] (Minecraft) Setting user: Player870
[16:58:39] [Render thread/INFO] (Indigo) [Indigo] Registering Indigo renderer!
[16:58:39] [Download-2/ERROR] (Minecraft) Failed to fetch user properties
com.mojang.authlib.exceptions.InvalidCredentialsException: Status: 401
	at knot//com.mojang.authlib.exceptions.MinecraftClientHttpException.toAuthenticationException(MinecraftClientHttpException.java:70)
	at knot//com.mojang.authlib.yggdrasil.YggdrasilUserApiService.fetchProperties(YggdrasilUserApiService.java:173)
	at knot//net.minecraft.client.Minecraft.lambda$new$1(Minecraft.java:418)
	at java.base/java.util.concurrent.CompletableFuture$AsyncSupply.run(CompletableFuture.java:1789)
	at java.base/java.util.concurrent.ThreadPoolExecutor.runWorker(ThreadPoolExecutor.java:1090)
	at java.base/java.util.concurrent.ThreadPoolExecutor$Worker.run(ThreadPoolExecutor.java:614)
	at java.base/java.lang.Thread.run(Thread.java:1474)
Caused by: MinecraftClientHttpException[type=HTTP_ERROR, status=401, response=ErrorResponse[path=/player/attributes, error=null, errorMessage=null, details=null]]
	at knot//com.mojang.authlib.minecraft.client.MinecraftClient.buildHttpException(MinecraftClient.java:170)
	at knot//com.mojang.authlib.minecraft.client.MinecraftClient.readServiceResponse(MinecraftClient.java:147)
	at knot//com.mojang.authlib.minecraft.client.MinecraftClient.getWithEtag(MinecraftClient.java:81)
	at knot//com.mojang.authlib.minecraft.client.MinecraftClient.get(MinecraftClient.java:65)
	at knot//com.mojang.authlib.yggdrasil.YggdrasilUserApiService.fetchProperties(YggdrasilUserApiService.java:123)
	... 5 more
[16:58:39] [Render thread/ERROR] (Minecraft) Illegal option value 0 for Anisotropic Filtering
[16:58:39] [Render thread/INFO] (Minecraft) Backend library: LWJGL version 3.4.1-snapshot
[16:58:39] [Render thread/WARN] (Minecraft) Graphics backend forced to default by launch argument, in-game preferred graphics backend setting is ignored
[16:58:39] [Render thread/INFO] (Minecraft) Using graphics backend Metal, using drivers: Mac OS X 27.0
[16:58:39] [Render thread/INFO] (Minecraft) Using graphics device: Apple M4 Max (Apple)
[16:58:39] [Render thread/INFO] (Minecraft) Using graphics device extensions: Metal
[16:58:40] [Download-2/INFO] (Minecraft) Could not authorize you against Realms server: java.lang.RuntimeException: Failed to parse into SignedJWT: FabricMC
[16:58:40] [Download-2/ERROR] (Minecraft) Failed to fetch Realms feature flags
com.mojang.realmsclient.exception.RealmsServiceException: Realms authentication error with message 'java.lang.RuntimeException: Failed to parse into SignedJWT: FabricMC'
	at knot//com.mojang.realmsclient.client.RealmsClient.execute(RealmsClient.java:509)
	at knot//com.mojang.realmsclient.client.RealmsClient.fetchFeatureFlags(RealmsClient.java:159)
	at java.base/java.util.concurrent.CompletableFuture$AsyncSupply.run(CompletableFuture.java:1789)
	at java.base/java.util.concurrent.ThreadPoolExecutor.runWorker(ThreadPoolExecutor.java:1090)
	at java.base/java.util.concurrent.ThreadPoolExecutor$Worker.run(ThreadPoolExecutor.java:614)
	at java.base/java.lang.Thread.run(Thread.java:1474)
[16:58:40] [Render thread/INFO] (Minecraft) Reloading ResourceManager: vanilla, fabric-api, fabric-api-base, fabric-api-lookup-api-v1, fabric-biome-api-v1, fabric-block-api-v1, fabric-block-getter-api-v2, fabric-client-gametest-api-v1, fabric-command-api-v2, fabric-content-registries-v0, fabric-convention-tags-v2, fabric-crash-report-info-v1, fabric-creative-tab-api-v1, fabric-data-attachment-api-v1, fabric-data-generation-api-v1, fabric-debug-api-v1, fabric-dimensions-v1, fabric-entity-events-v1, fabric-events-interaction-v0, fabric-game-rule-api-v1, fabric-gametest-api-v1, fabric-item-api-v1, fabric-key-mapping-api-v1, fabric-lifecycle-events-v1, fabric-loot-api-v3, fabric-menu-api-v1, fabric-message-api-v1, fabric-model-loading-api-v1, fabric-networking-api-v1, fabric-object-builder-api-v1, fabric-particles-v1, fabric-permission-api-v1, fabric-recipe-api-v1, fabric-registry-sync-v0, fabric-renderer-api-v1, fabric-renderer-indigo, fabric-rendering-fluids-v1, fabric-rendering-v1, fabric-resource-conditions-api-v1, fabric-resource-loader-v0, fabric-resource-loader-v1, fabric-screen-api-v1, fabric-serialization-api-v1, fabric-sound-api-v1, fabric-tag-api-v1, fabric-transfer-api-v1, fabric-transitive-access-wideners-v1, fabricloader, metalcraft
[16:58:40] [Render thread/INFO] (MetalCraftClient) MetalCraft direct renderer active: Apple / Apple M4 Max using Metal
[16:58:40] [Render thread/WARN] (Minecraft) Failed to find suitable monitor for fullscreen mode
[16:58:40] [Render thread/INFO] (MetalGpuSurface) MetalCraft surface configured: 1708x960 presentMode=IMMEDIATE displaySync=false unlockedFrameRate=true
[16:58:40] [Worker-Main-2/INFO] (Minecraft) Found unifont_pua-17.0.01.hex, loading
[16:58:40] [Worker-Main-11/INFO] (Minecraft) Found unifont_all_no_pua-17.0.01.hex, loading
[16:58:40] [Worker-Main-12/INFO] (Minecraft) Found unifont_jp_patch-17.0.01.hex, loading
[16:58:40] [Render thread/INFO] (MetalGpuSurface) MetalCraft surface configured: 1708x960 presentMode=IMMEDIATE displaySync=false unlockedFrameRate=true
[16:58:42] [Render thread/INFO] (Minecraft) OpenAL initialized on device DENON-AVR
[16:58:42] [Render thread/INFO] (Minecraft) Sound engine started
[16:58:42] [Render thread/INFO] (Minecraft) Created: 512x256x0 minecraft:textures/atlas/particles.png-atlas
[16:58:42] [Render thread/INFO] (Minecraft) Created: 128x128x0 minecraft:textures/atlas/decorated_pot.png-atlas
[16:58:42] [Render thread/INFO] (Minecraft) Created: 2048x1024x0 minecraft:textures/atlas/armor_trims.png-atlas
[16:58:42] [Render thread/INFO] (Minecraft) Created: 512x256x0 minecraft:textures/atlas/paintings.png-atlas
[16:58:42] [Render thread/INFO] (Minecraft) Created: 1024x512x0 minecraft:textures/atlas/shield_patterns.png-atlas
[16:58:42] [Render thread/INFO] (Minecraft) Created: 2048x2048x4 minecraft:textures/atlas/blocks.png-atlas
[16:58:43] [Render thread/INFO] (Minecraft) Created: 512x512x0 minecraft:textures/atlas/chest.png-atlas
[16:58:43] [Render thread/INFO] (Minecraft) Created: 256x128x0 minecraft:textures/atlas/celestials.png-atlas
[16:58:43] [Render thread/INFO] (Minecraft) Created: 1024x512x0 minecraft:textures/atlas/banner_patterns.png-atlas
[16:58:43] [Render thread/INFO] (Minecraft) Created: 1024x512x0 minecraft:textures/atlas/items.png-atlas
[16:58:43] [Render thread/INFO] (Minecraft) Created: 1024x1024x0 minecraft:textures/atlas/gui.png-atlas
[16:58:43] [Render thread/INFO] (Minecraft) Created: 128x64x0 minecraft:textures/atlas/map_decorations.png-atlas
[16:58:43] [Render thread/INFO] (Minecraft) Created: 512x512x0 minecraft:textures/atlas/shulker_boxes.png-atlas
[16:58:43] [Download-2/INFO] (Minecraft) Could not authorize you against Realms server: java.lang.RuntimeException: Failed to parse into SignedJWT: FabricMC
[16:58:43] [Download-2/ERROR] (Minecraft) Couldn't connect to realms
com.mojang.realmsclient.exception.RealmsServiceException: Realms authentication error with message 'java.lang.RuntimeException: Failed to parse into SignedJWT: FabricMC'
	at knot//com.mojang.realmsclient.client.RealmsClient.execute(RealmsClient.java:509)
	at knot//com.mojang.realmsclient.client.RealmsClient.clientCompatible(RealmsClient.java:281)
	at knot//com.mojang.realmsclient.RealmsAvailability.lambda$check$0(RealmsAvailability.java:47)
	at java.base/java.util.concurrent.CompletableFuture$AsyncSupply.run(CompletableFuture.java:1789)
	at java.base/java.util.concurrent.ThreadPoolExecutor.runWorker(ThreadPoolExecutor.java:1090)
	at java.base/java.util.concurrent.ThreadPoolExecutor$Worker.run(ThreadPoolExecutor.java:614)
	at java.base/java.lang.Thread.run(Thread.java:1474)
[16:58:45] [Test thread/INFO] (MetalLifecycleGameTest) Metal lifecycle validation: Metal backend selected
[16:58:45] [Render thread/INFO] (Minecraft) Loaded 1585 recipes
[16:58:45] [Render thread/INFO] (Minecraft) Loaded 1688 advancements
[16:58:45] [Render thread/INFO] (fabric-client-gametest-api-v1) World loading finished: null screen: net.minecraft.client.gui.screens.GenericMessageScreen@3275401a
[16:58:45] [Render thread/INFO] (BiomeModificationImpl) Applied 0 biome modifications to 0 of 66 new biomes in 661.7 μs
[16:58:45] [Server thread/INFO] (Minecraft) Starting integrated minecraft server version 26.2
[16:58:45] [Server thread/INFO] (Minecraft) Generating keypair
[16:58:46] [Server thread/INFO] (Minecraft) Selecting global world spawn...
[16:58:46] [Server thread/INFO] (Minecraft) Loading 0 persistent chunks...
[16:58:46] [Server thread/INFO] (Minecraft) Preparing spawn area: 16%
[16:58:46] [Server thread/INFO] (Minecraft) Saving chunks for level 'ServerLevel[New World]'/minecraft:overworld
[16:58:46] [Server thread/INFO] (Minecraft) Saving chunks for level 'ServerLevel[New World]'/minecraft:the_end
[16:58:46] [Server thread/INFO] (Minecraft) Saving chunks for level 'ServerLevel[New World]'/minecraft:the_nether
[16:58:46] [Server thread/INFO] (Minecraft) ThreadedAnvilChunkStorage (world): All chunks are saved
[16:58:46] [Server thread/INFO] (Minecraft) ThreadedAnvilChunkStorage (DIM1): All chunks are saved
[16:58:46] [Server thread/INFO] (Minecraft) ThreadedAnvilChunkStorage (DIM-1): All chunks are saved
[16:58:46] [Server thread/INFO] (Minecraft) ThreadedAnvilChunkStorage: All dimensions are saved
[16:58:47] [Render thread/INFO] (fabric-client-gametest-api-v1) World loading finished: null screen: net.minecraft.client.gui.screens.LevelLoadingScreen@1993597d
[16:58:47] [Render thread/INFO] (fabric-client-gametest-api-v1) World loading finished: null screen: net.minecraft.client.gui.screens.LevelLoadingScreen@1993597d
[16:58:47] [Render thread/INFO] (fabric-client-gametest-api-v1) World loading finished: null screen: net.minecraft.client.gui.screens.LevelLoadingScreen@1993597d
[16:58:47] [Render thread/INFO] (fabric-client-gametest-api-v1) World loading finished: null screen: net.minecraft.client.gui.screens.LevelLoadingScreen@1993597d
[16:58:47] [Render thread/INFO] (fabric-client-gametest-api-v1) World loading finished: null screen: net.minecraft.client.gui.screens.LevelLoadingScreen@1993597d
[16:58:47] [Render thread/INFO] (fabric-client-gametest-api-v1) World loading finished: null screen: net.minecraft.client.gui.screens.LevelLoadingScreen@1993597d
[16:58:47] [Server thread/INFO] (Minecraft) Loading 48 chunks for player spawn...
[16:58:47] [Server thread/INFO] (Minecraft) Preparing spawn area: 16%
[16:58:47] [Render thread/INFO] (fabric-client-gametest-api-v1) World loading finished: null screen: net.minecraft.client.gui.screens.LevelLoadingScreen@1993597d
[16:58:47] [Server thread/INFO] (Minecraft) Preparing spawn area: 16%
[16:58:47] [Render thread/INFO] (fabric-client-gametest-api-v1) World loading finished: null screen: net.minecraft.client.gui.screens.LevelLoadingScreen@1993597d
[16:58:47] [Render thread/INFO] (fabric-client-gametest-api-v1) World loading finished: null screen: net.minecraft.client.gui.screens.LevelLoadingScreen@1993597d
[16:58:47] [Render thread/INFO] (fabric-client-gametest-api-v1) World loading finished: null screen: net.minecraft.client.gui.screens.LevelLoadingScreen@1993597d
[16:58:47] [Render thread/INFO] (fabric-client-gametest-api-v1) World loading finished: null screen: net.minecraft.client.gui.screens.LevelLoadingScreen@1993597d
[16:58:47] [Server thread/INFO] (Minecraft) Preparing spawn area: 16%
[16:58:47] [Render thread/INFO] (fabric-client-gametest-api-v1) World loading finished: null screen: net.minecraft.client.gui.screens.LevelLoadingScreen@1993597d
[16:58:47] [Render thread/INFO] (fabric-client-gametest-api-v1) World loading finished: null screen: net.minecraft.client.gui.screens.LevelLoadingScreen@1993597d
[16:58:47] [Render thread/INFO] (fabric-client-gametest-api-v1) World loading finished: null screen: net.minecraft.client.gui.screens.LevelLoadingScreen@1993597d
[16:58:47] [Render thread/INFO] (fabric-client-gametest-api-v1) World loading finished: null screen: net.minecraft.client.gui.screens.LevelLoadingScreen@1993597d
[16:58:47] [Render thread/INFO] (fabric-client-gametest-api-v1) World loading finished: null screen: net.minecraft.client.gui.screens.LevelLoadingScreen@1993597d
[16:58:47] [Render thread/INFO] (fabric-client-gametest-api-v1) World loading finished: null screen: net.minecraft.client.gui.screens.LevelLoadingScreen@1993597d
[16:58:47] [Render thread/INFO] (fabric-client-gametest-api-v1) World loading finished: null screen: net.minecraft.client.gui.screens.LevelLoadingScreen@1993597d
[16:58:47] [Render thread/INFO] (fabric-client-gametest-api-v1) World loading finished: null screen: net.minecraft.client.gui.screens.LevelLoadingScreen@1993597d
[16:58:48] [Render thread/INFO] (fabric-client-gametest-api-v1) World loading finished: null screen: net.minecraft.client.gui.screens.LevelLoadingScreen@1993597d
[16:58:48] [Render thread/INFO] (fabric-client-gametest-api-v1) World loading finished: null screen: net.minecraft.client.gui.screens.LevelLoadingScreen@1993597d
[16:58:48] [Server thread/INFO] (Minecraft) Preparing spawn area: 30%
[16:58:48] [Render thread/INFO] (fabric-client-gametest-api-v1) World loading finished: null screen: net.minecraft.client.gui.screens.LevelLoadingScreen@1993597d
[16:58:48] [Render thread/INFO] (fabric-client-gametest-api-v1) World loading finished: null screen: net.minecraft.client.gui.screens.LevelLoadingScreen@1993597d
[16:58:48] [Render thread/INFO] (fabric-client-gametest-api-v1) World loading finished: null screen: net.minecraft.client.gui.screens.LevelLoadingScreen@1993597d
[16:58:48] [Render thread/INFO] (fabric-client-gametest-api-v1) World loading finished: null screen: net.minecraft.client.gui.screens.LevelLoadingScreen@1993597d
[16:58:48] [Render thread/INFO] (fabric-client-gametest-api-v1) World loading finished: null screen: net.minecraft.client.gui.screens.LevelLoadingScreen@1993597d
[16:58:48] [Render thread/INFO] (fabric-client-gametest-api-v1) World loading finished: null screen: net.minecraft.client.gui.screens.LevelLoadingScreen@1993597d
[16:58:48] [Render thread/INFO] (fabric-client-gametest-api-v1) World loading finished: null screen: net.minecraft.client.gui.screens.LevelLoadingScreen@1993597d
[16:58:48] [Render thread/INFO] (fabric-client-gametest-api-v1) World loading finished: null screen: net.minecraft.client.gui.screens.LevelLoadingScreen@1993597d
[16:58:48] [Server thread/INFO] (Minecraft) Time elapsed: 2428 ms
[16:58:48] [Render thread/INFO] (fabric-client-gametest-api-v1) World loading finished: null screen: net.minecraft.client.gui.screens.LevelLoadingScreen@1993597d
[16:58:48] [Server thread/INFO] (Minecraft) Player870[local:E:6cf803f9] logged in with entity id 1 at (96.5, 136.0, -31.5)
[16:58:48] [Server thread/INFO] (Minecraft) Player870 joined the game
[16:58:48] [Server thread/INFO] (Minecraft) Changing view distance to 16, from 10
[16:58:48] [Server thread/INFO] (Minecraft) Changing simulation distance to 16, from 0
[16:58:48] [Download-2/ERROR] (Minecraft) Failed to retrieve profile key pair
MinecraftClientHttpException[type=HTTP_ERROR, status=401, response=ErrorResponse[path=/player/certificates, error=null, errorMessage=null, details=null]]
	at knot//com.mojang.authlib.minecraft.client.MinecraftClient.buildHttpException(MinecraftClient.java:170)
	at knot//com.mojang.authlib.minecraft.client.MinecraftClient.readServiceResponse(MinecraftClient.java:147)
	at knot//com.mojang.authlib.minecraft.client.MinecraftClient.post(MinecraftClient.java:89)
	at knot//com.mojang.authlib.yggdrasil.YggdrasilUserApiService.getKeyPair(YggdrasilUserApiService.java:62)
	at knot//net.minecraft.client.multiplayer.AccountProfileKeyPairManager.fetchProfileKeyPair(AccountProfileKeyPairManager.java:119)
	at knot//net.minecraft.client.multiplayer.AccountProfileKeyPairManager.lambda$readOrFetchProfileKeyPair$0(AccountProfileKeyPairManager.java:72)
	at java.base/java.util.concurrent.CompletableFuture$AsyncSupply.run(CompletableFuture.java:1789)
	at java.base/java.util.concurrent.ThreadPoolExecutor.runWorker(ThreadPoolExecutor.java:1090)
	at java.base/java.util.concurrent.ThreadPoolExecutor$Worker.run(ThreadPoolExecutor.java:614)
	at java.base/java.lang.Thread.run(Thread.java:1474)
[16:58:50] [Render thread/INFO] (Minecraft) Resizing Dynamic Transforms UBO, capacity limit of 2 reached during a single frame. New capacity will be 4.
[16:58:50] [Render thread/INFO] (Minecraft) Loaded 2 advancements
[16:58:50] [Render thread/INFO] (fabric-client-gametest-api-v1) World loading finished: ClientLevel screen: net.minecraft.client.gui.screens.LevelLoadingScreen@1993597d
[16:58:50] [Render thread/INFO] (Minecraft) Resizing Dynamic Transforms UBO, capacity limit of 4 reached during a single frame. New capacity will be 8.
[16:58:50] [Render thread/INFO] (Minecraft) Resizing Dynamic Transforms UBO, capacity limit of 8 reached during a single frame. New capacity will be 16.
[16:58:50] [Render thread/INFO] (fabric-client-gametest-api-v1) World loading finished: ClientLevel screen: net.minecraft.client.gui.screens.LevelLoadingScreen@1993597d
[16:58:50] [Render thread/INFO] (fabric-client-gametest-api-v1) World loading finished: ClientLevel screen: net.minecraft.client.gui.screens.LevelLoadingScreen@1993597d
[16:58:50] [Render thread/INFO] (Minecraft) Resizing Chunk Sections UBO, capacity limit of 2 reached during a single frame. New capacity will be 4.
[16:58:50] [Render thread/INFO] (Minecraft) Resizing Chunk Sections UBO, capacity limit of 4 reached during a single frame. New capacity will be 8.
[16:58:50] [Render thread/INFO] (fabric-client-gametest-api-v1) World loading finished: ClientLevel screen: net.minecraft.client.gui.screens.LevelLoadingScreen@1993597d
[16:58:50] [Render thread/INFO] (Minecraft) Resizing Chunk Sections UBO, capacity limit of 8 reached during a single frame. New capacity will be 16.
[16:58:50] [Render thread/INFO] (Minecraft) Resizing Chunk Sections UBO, capacity limit of 16 reached during a single frame. New capacity will be 32.
[16:58:50] [Render thread/INFO] (fabric-client-gametest-api-v1) World loading finished: ClientLevel screen: net.minecraft.client.gui.screens.LevelLoadingScreen@1993597d
[16:58:51] [Render thread/INFO] (fabric-client-gametest-api-v1) World loading finished: ClientLevel screen: net.minecraft.client.gui.screens.LevelLoadingScreen@1993597d
[16:58:51] [Render thread/INFO] (fabric-client-gametest-api-v1) World loading finished: ClientLevel screen: net.minecraft.client.gui.screens.LevelLoadingScreen@1993597d
[16:58:51] [Render thread/INFO] (fabric-client-gametest-api-v1) World loading finished: ClientLevel screen: net.minecraft.client.gui.screens.LevelLoadingScreen@1993597d
[16:58:51] [Render thread/INFO] (fabric-client-gametest-api-v1) World loading finished: ClientLevel screen: net.minecraft.client.gui.screens.LevelLoadingScreen@1993597d
[16:58:51] [Render thread/INFO] (fabric-client-gametest-api-v1) World loading finished: ClientLevel screen: net.minecraft.client.gui.screens.LevelLoadingScreen@1993597d
[16:58:51] [Render thread/INFO] (fabric-client-gametest-api-v1) World loading finished: ClientLevel screen: net.minecraft.client.gui.screens.LevelLoadingScreen@1993597d
[16:58:51] [Render thread/INFO] (fabric-client-gametest-api-v1) World loading finished: ClientLevel screen: net.minecraft.client.gui.screens.LevelLoadingScreen@1993597d
[16:58:51] [Render thread/INFO] (fabric-client-gametest-api-v1) World loading finished: ClientLevel screen: net.minecraft.client.gui.screens.LevelLoadingScreen@1993597d
[16:58:51] [Render thread/INFO] (fabric-client-gametest-api-v1) World loading finished: ClientLevel screen: net.minecraft.client.gui.screens.LevelLoadingScreen@1993597d
[16:58:51] [Render thread/INFO] (fabric-client-gametest-api-v1) World loading finished: ClientLevel screen: net.minecraft.client.gui.screens.LevelLoadingScreen@1993597d
[16:58:51] [Render thread/INFO] (fabric-client-gametest-api-v1) World loading finished: ClientLevel screen: net.minecraft.client.gui.screens.LevelLoadingScreen@1993597d
[16:58:51] [Render thread/INFO] (fabric-client-gametest-api-v1) World loading finished: ClientLevel screen: null
[16:58:51] [Server thread/INFO] (Minecraft) Set Player870's game mode to Spectator Mode
[16:58:51] [Server thread/INFO] (Minecraft) Teleported Player870 to 0.500000, 193.000000, 18.500000
[16:58:51] [Render thread/INFO] (Minecraft) [System] [CHAT] Your game mode has been updated to Spectator Mode
[16:58:51] [Render thread/INFO] (Minecraft) [System] [CHAT] [Server: Set Player870's game mode to Spectator Mode]
[16:58:51] [Render thread/INFO] (Minecraft) [System] [CHAT] [Server: Teleported Player870 to 0.500000, 193.000000, 18.500000]
[16:58:52] [Render thread/INFO] (Minecraft) Resizing Chunk Sections UBO, capacity limit of 32 reached during a single frame. New capacity will be 64.
[16:58:52] [Render thread/INFO] (Minecraft) Resizing Chunk Sections UBO, capacity limit of 64 reached during a single frame. New capacity will be 128.
[16:58:53] [Render thread/INFO] (Minecraft) Resizing Chunk Sections UBO, capacity limit of 128 reached during a single frame. New capacity will be 256.
[16:58:55] [Server thread/INFO] (Minecraft) Successfully filled 609 block(s)
[16:58:55] [Server thread/INFO] (Minecraft) Successfully filled 180 block(s)
[16:58:55] [Server thread/INFO] (Minecraft) Successfully filled 56 block(s)
[16:58:55] [Server thread/INFO] (Minecraft) Successfully filled 56 block(s)
[16:58:55] [Server thread/INFO] (Minecraft) Changed the block at -8, 185, -4
[16:58:55] [Server thread/INFO] (Minecraft) Successfully filled 50 block(s)
[16:58:55] [Server thread/INFO] (Minecraft) Successfully filled 50 block(s)
[16:58:55] [Server thread/INFO] (Minecraft) Successfully filled 50 block(s)
[16:58:55] [Server thread/INFO] (Minecraft) Successfully filled 50 block(s)
[16:58:55] [Server thread/INFO] (Minecraft) Successfully filled 9 block(s)
[16:58:55] [Server thread/INFO] (Minecraft) Changed the block at -5, 181, 4
[16:58:55] [Server thread/INFO] (Minecraft) Set minecraft:overworld to time marker minecraft:noon
[16:58:55] [Server thread/INFO] (Minecraft) Set the weather to clear
[16:58:55] [Render thread/INFO] (ShaderPackRuntime) Loaded MetalCraft shader pack 'MetalCraft Standard': 3 pass(es), 4 target(s), 18 option(s), 6558720 bytes
[16:58:55] [Render thread/INFO] (Minecraft) [System] [CHAT] [Server: Successfully filled 609 block(s)]
[16:58:55] [Render thread/INFO] (Minecraft) [System] [CHAT] [Server: Successfully filled 180 block(s)]
[16:58:55] [Render thread/INFO] (Minecraft) [System] [CHAT] [Server: Successfully filled 56 block(s)]
[16:58:55] [Render thread/INFO] (Minecraft) [System] [CHAT] [Server: Successfully filled 56 block(s)]
[16:58:55] [Render thread/INFO] (Minecraft) [System] [CHAT] [Server: Changed the block at -8, 185, -4]
[16:58:55] [Render thread/INFO] (Minecraft) [System] [CHAT] [Server: Successfully filled 50 block(s)]
[16:58:55] [Render thread/INFO] (Minecraft) [System] [CHAT] [Server: Successfully filled 50 block(s)]
[16:58:55] [Render thread/INFO] (Minecraft) [System] [CHAT] [Server: Successfully filled 50 block(s)]
[16:58:55] [Render thread/INFO] (Minecraft) [System] [CHAT] [Server: Successfully filled 50 block(s)]
[16:58:55] [Render thread/INFO] (Minecraft) [System] [CHAT] [Server: Successfully filled 9 block(s)]
[16:58:55] [Render thread/INFO] (Minecraft) [System] [CHAT] [Server: Changed the block at -5, 181, 4]
[16:58:55] [Render thread/INFO] (Minecraft) [System] [CHAT] [Server: Set minecraft:overworld to time marker minecraft:noon]
[16:58:55] [Render thread/INFO] (Minecraft) [System] [CHAT] [Server: Set the weather to clear]
[16:58:56] [Render thread/INFO] (WorldGeometryAdapter) Shader pack 'metalcraft-standard' leaves 1 pipeline(s) outside the G-buffer: [minecraft:pipeline/translucent_terrain]
[16:58:56] [Render thread/INFO] (Minecraft) Resizing Chunk Sections UBO, capacity limit of 256 reached during a single frame. New capacity will be 512.
[16:58:56] [Render thread/INFO] (WorldGeometryAdapter) Shader pack 'metalcraft-standard' leaves 1 pipeline(s) outside the G-buffer: [minecraft:pipeline/translucent_terrain]
[16:58:56] [Server thread/WARN] (Minecraft) Can't keep up! Is the server overloaded? Running 2221ms or 44 ticks behind
[16:58:57] [Render thread/INFO] (WorldGeometryAdapter) Shader pack 'metalcraft-standard' leaves 1 pipeline(s) outside the G-buffer: [minecraft:pipeline/translucent_terrain]
[16:58:57] [Render thread/INFO] (WorldGeometryAdapter) Shader pack 'metalcraft-standard' leaves 1 pipeline(s) outside the G-buffer: [minecraft:pipeline/translucent_terrain]
[16:58:58] [Render thread/INFO] (WorldGeometryAdapter) Shader pack 'metalcraft-standard' leaves 1 pipeline(s) outside the G-buffer: [minecraft:pipeline/translucent_terrain]
[16:58:58] [Render thread/INFO] (WorldGeometryAdapter) Shader pack 'metalcraft-standard' leaves 1 pipeline(s) outside the G-buffer: [minecraft:pipeline/translucent_terrain]
[16:58:58] [Render thread/INFO] (Minecraft) Resizing Chunk Sections UBO, capacity limit of 512 reached during a single frame. New capacity will be 1024.
[16:58:59] [Render thread/INFO] (WorldGeometryAdapter) Shader pack 'metalcraft-standard' leaves 1 pipeline(s) outside the G-buffer: [minecraft:pipeline/translucent_terrain]
[16:58:59] [Render thread/INFO] (WorldGeometryAdapter) Shader pack 'metalcraft-standard' leaves 1 pipeline(s) outside the G-buffer: [minecraft:pipeline/translucent_terrain]
[16:59:03] [Render thread/INFO] (Minecraft) Resizing Chunk Sections UBO, capacity limit of 1024 reached during a single frame. New capacity will be 2048.
[16:59:05] [Render thread/INFO] (Minecraft) Resizing Chunk Sections UBO, capacity limit of 2048 reached during a single frame. New capacity will be 4096.
[16:59:05] [Test thread/INFO] (Minecraft) [STDOUT]: Water capture: /Users/jackangione/Desktop/VULKAN SHADERS/run/screenshots/0000_metalcraft-water-identity-baseline.png
[16:59:06] [Test thread/INFO] (Minecraft) [STDOUT]: Water capture: /Users/jackangione/Desktop/VULKAN SHADERS/run/screenshots/0001_metalcraft-water-identity-water.png
[16:59:07] [Test thread/INFO] (Minecraft) [STDOUT]: Water capture: /Users/jackangione/Desktop/VULKAN SHADERS/run/screenshots/0002_metalcraft-water-identity-restored.png
[16:59:08] [Test thread/INFO] (Minecraft) [STDOUT]: Water capture: /Users/jackangione/Desktop/VULKAN SHADERS/run/screenshots/0003_metalcraft-water-surface-depth.png
[16:59:08] [Test thread/INFO] (Minecraft) [STDOUT]: Water capture: /Users/jackangione/Desktop/VULKAN SHADERS/run/screenshots/0004_metalcraft-water-opaque-depth.png
[16:59:09] [Server thread/INFO] (Minecraft) Changed title display times for Player870
[16:59:09] [Server thread/INFO] (Minecraft) Showing new title for Player870
[16:59:09] [Render thread/INFO] (Minecraft) [System] [CHAT] [Server: Changed title display times for Player870]
[16:59:09] [Render thread/INFO] (Minecraft) [System] [CHAT] [Server: Showing new title for Player870]
[16:59:10] [Render thread/INFO] (MetalGpuSurface) MetalCraft surface configured: 1708x960 presentMode=IMMEDIATE displaySync=false unlockedFrameRate=true
[16:59:11] [Test thread/INFO] (Minecraft) [STDOUT]: Water capture: /Users/jackangione/Desktop/VULKAN SHADERS/run/screenshots/0007_metalcraft-water-identity-native.png
[16:59:11] [Render thread/INFO] (MetalGpuSurface) MetalCraft surface configured: 1708x960 presentMode=IMMEDIATE displaySync=false unlockedFrameRate=true
[16:59:13] [Test thread/INFO] (Minecraft) [STDOUT]: Water capture: /Users/jackangione/Desktop/VULKAN SHADERS/run/screenshots/0008_metalcraft-water-identity-half.png
[16:59:13] [Render thread/INFO] (MetalGpuSurface) MetalCraft surface configured: 1708x960 presentMode=IMMEDIATE displaySync=false unlockedFrameRate=true
[16:59:15] [Test thread/INFO] (Minecraft) [STDOUT]: Water capture: /Users/jackangione/Desktop/VULKAN SHADERS/run/screenshots/0009_metalcraft-water-identity-native-restored.png
[16:59:17] [Test thread/INFO] (Minecraft) [STDOUT]: Water capture: /Users/jackangione/Desktop/VULKAN SHADERS/run/screenshots/0010_metalcraft-water-identity-resized.png
[16:59:17] [Server thread/INFO] (Minecraft) Successfully filled 9 block(s)
[16:59:17] [Render thread/INFO] (Minecraft) [System] [CHAT] [Server: Successfully filled 9 block(s)]
[16:59:20] [Test thread/INFO] (Minecraft) [STDOUT]: Water capture: /Users/jackangione/Desktop/VULKAN SHADERS/run/screenshots/0011_metalcraft-water-identity-world-change.png
[16:59:20] [Server thread/INFO] (Minecraft) Successfully filled 825 block(s)
[16:59:20] [Server thread/INFO] (Minecraft) Successfully filled 450 block(s)
[16:59:20] [Server thread/INFO] (Minecraft) Successfully filled 169 block(s)
[16:59:20] [Server thread/INFO] (Minecraft) Successfully filled 169 block(s)
[16:59:20] [Server thread/INFO] (Minecraft) Successfully filled 264 block(s)
[16:59:20] [Server thread/INFO] (Minecraft) Successfully filled 22 block(s)
[16:59:20] [Server thread/INFO] (Minecraft) Successfully filled 22 block(s)
[16:59:20] [Server thread/INFO] (Minecraft) Successfully filled 4 block(s)
[16:59:20] [Server thread/INFO] (Minecraft) Successfully filled 4 block(s)
[16:59:20] [Server thread/INFO] (Minecraft) Successfully filled 1602 block(s)
[16:59:20] [Server thread/INFO] (Minecraft) Successfully filled 289 block(s)
[16:59:20] [Server thread/INFO] (Minecraft) No blocks were filled
[16:59:20] [Server thread/INFO] (Minecraft) Changed the block at 48, 182, 25
[16:59:20] [Server thread/INFO] (Minecraft) Set minecraft:overworld to 6000 tick(s)
[16:59:20] [Server thread/INFO] (Minecraft) Set the weather to clear
[16:59:20] [Server thread/INFO] (Minecraft) Teleported Player870 to 16.500000, 194.000000, 52.500000
[16:59:20] [Render thread/INFO] (Minecraft) [System] [CHAT] [Server: Successfully filled 825 block(s)]
[16:59:20] [Render thread/INFO] (Minecraft) [System] [CHAT] [Server: Successfully filled 450 block(s)]
[16:59:20] [Render thread/INFO] (Minecraft) [System] [CHAT] [Server: Successfully filled 169 block(s)]
[16:59:20] [Render thread/INFO] (Minecraft) [System] [CHAT] [Server: Successfully filled 169 block(s)]
[16:59:20] [Render thread/INFO] (Minecraft) [System] [CHAT] [Server: Successfully filled 264 block(s)]
[16:59:20] [Render thread/INFO] (Minecraft) [System] [CHAT] [Server: Successfully filled 22 block(s)]
[16:59:20] [Render thread/INFO] (Minecraft) [System] [CHAT] [Server: Successfully filled 22 block(s)]
[16:59:20] [Render thread/INFO] (Minecraft) [System] [CHAT] [Server: Successfully filled 4 block(s)]
[16:59:20] [Render thread/INFO] (Minecraft) [System] [CHAT] [Server: Successfully filled 4 block(s)]
[16:59:20] [Render thread/INFO] (Minecraft) [System] [CHAT] [Server: Successfully filled 1602 block(s)]
[16:59:20] [Render thread/INFO] (Minecraft) [System] [CHAT] [Server: Successfully filled 289 block(s)]
[16:59:20] [Render thread/INFO] (Minecraft) [System] [CHAT] [Server: Changed the block at 48, 182, 25]
[16:59:20] [Render thread/INFO] (Minecraft) [System] [CHAT] [Server: Set minecraft:overworld to 6000 tick(s)]
[16:59:20] [Render thread/INFO] (Minecraft) [System] [CHAT] [Server: Set the weather to clear]
[16:59:20] [Render thread/INFO] (Minecraft) [System] [CHAT] [Server: Teleported Player870 to 16.500000, 194.000000, 52.500000]
[16:59:24] [Server thread/INFO] (Minecraft) The game is frozen
[16:59:24] [Render thread/INFO] (Minecraft) [System] [CHAT] [Server: The game is frozen]
[16:59:24] [Test thread/INFO] (Minecraft) [STDOUT]: Water capture: /Users/jackangione/Desktop/VULKAN SHADERS/run/screenshots/0012_metalcraft-water-w4-noon-baseline.png
[16:59:25] [Test thread/INFO] (Minecraft) [STDOUT]: Water capture: /Users/jackangione/Desktop/VULKAN SHADERS/run/screenshots/0013_metalcraft-water-w4-noon-effect-t0.png
[16:59:26] [Test thread/INFO] (Minecraft) [STDOUT]: Water capture: /Users/jackangione/Desktop/VULKAN SHADERS/run/screenshots/0014_metalcraft-water-w4-noon-normals-t0.png
[16:59:26] [Server thread/INFO] (Minecraft) Stepping 40 tick(s)
[16:59:26] [Render thread/INFO] (Minecraft) [System] [CHAT] [Server: Stepping 40 tick(s)]
[16:59:29] [Test thread/INFO] (Minecraft) [STDOUT]: Water capture: /Users/jackangione/Desktop/VULKAN SHADERS/run/screenshots/0015_metalcraft-water-w4-noon-effect-t1.png
[16:59:30] [Test thread/INFO] (Minecraft) [STDOUT]: Water capture: /Users/jackangione/Desktop/VULKAN SHADERS/run/screenshots/0016_metalcraft-water-w4-noon-normals-t1.png
[16:59:30] [Server thread/INFO] (Minecraft) Teleported Player870 to 20.500000, 194.000000, 52.500000
[16:59:30] [Render thread/INFO] (Minecraft) [System] [CHAT] [Server: Teleported Player870 to 20.500000, 194.000000, 52.500000]
[16:59:31] [Test thread/INFO] (Minecraft) [STDOUT]: Water capture: /Users/jackangione/Desktop/VULKAN SHADERS/run/screenshots/0017_metalcraft-water-w4-camera-translated.png
[16:59:32] [Test thread/INFO] (Minecraft) [STDOUT]: Water capture: /Users/jackangione/Desktop/VULKAN SHADERS/run/screenshots/0018_metalcraft-water-w4-camera-translated-normals.png
[16:59:32] [Server thread/INFO] (Minecraft) Teleported Player870 to 16.500000, 183.000000, 48.500000
[16:59:32] [Render thread/INFO] (Minecraft) [System] [CHAT] [Server: Teleported Player870 to 16.500000, 183.000000, 48.500000]
[16:59:34] [Test thread/INFO] (Minecraft) [STDOUT]: Water capture: /Users/jackangione/Desktop/VULKAN SHADERS/run/screenshots/0019_metalcraft-water-w4-grazing-baseline.png
[16:59:35] [Test thread/INFO] (Minecraft) [STDOUT]: Water capture: /Users/jackangione/Desktop/VULKAN SHADERS/run/screenshots/0020_metalcraft-water-w4-grazing-effect.png
[16:59:35] [Server thread/INFO] (Minecraft) Set minecraft:overworld to 18000 tick(s)
[16:59:35] [Server thread/INFO] (Minecraft) Teleported Player870 to 16.500000, 194.000000, 52.500000
[16:59:35] [Render thread/INFO] (Minecraft) [System] [CHAT] [Server: Set minecraft:overworld to 18000 tick(s)]
[16:59:35] [Render thread/INFO] (Minecraft) [System] [CHAT] [Server: Teleported Player870 to 16.500000, 194.000000, 52.500000]
[16:59:36] [Test thread/INFO] (Minecraft) [STDOUT]: Water capture: /Users/jackangione/Desktop/VULKAN SHADERS/run/screenshots/0021_metalcraft-water-w4-night-baseline.png
[16:59:37] [Test thread/INFO] (Minecraft) [STDOUT]: Water capture: /Users/jackangione/Desktop/VULKAN SHADERS/run/screenshots/0022_metalcraft-water-w4-night-effect.png
[16:59:37] [Server thread/INFO] (Minecraft) Set minecraft:overworld to 6000 tick(s)
[16:59:37] [Server thread/INFO] (Minecraft) Teleported Player870 to 48.500000, 184.000000, 39.500000
[16:59:37] [Render thread/INFO] (Minecraft) [System] [CHAT] [Server: Set minecraft:overworld to 6000 tick(s)]
[16:59:37] [Render thread/INFO] (Minecraft) [System] [CHAT] [Server: Teleported Player870 to 48.500000, 184.000000, 39.500000]
[16:59:38] [Worker-Main-1/ERROR] (Minecraft) Detected unsafe terrain read during worldgen: reading from chunk [24, -7] while generating chunk [22, -7] (distance: 2, write radius: 1), step: minecraft:features, currently generating: ResourceKey[minecraft:worldgen/placed_feature / minecraft:sculk_patch_deep_dark]
[16:59:38] [Worker-Main-1/ERROR] (Minecraft) Detected unsafe terrain read during worldgen: reading from chunk [24, -7] while generating chunk [22, -7] (distance: 2, write radius: 1), step: minecraft:features, currently generating: ResourceKey[minecraft:worldgen/placed_feature / minecraft:sculk_patch_deep_dark]
[16:59:38] [Worker-Main-1/ERROR] (Minecraft) Detected unsafe terrain read during worldgen: reading from chunk [24, -7] while generating chunk [22, -7] (distance: 2, write radius: 1), step: minecraft:features, currently generating: ResourceKey[minecraft:worldgen/placed_feature / minecraft:sculk_patch_deep_dark]
[16:59:38] [Worker-Main-1/ERROR] (Minecraft) Detected unsafe terrain read during worldgen: reading from chunk [24, -7] while generating chunk [22, -7] (distance: 2, write radius: 1), step: minecraft:features, currently generating: ResourceKey[minecraft:worldgen/placed_feature / minecraft:sculk_patch_deep_dark]
[16:59:38] [Worker-Main-1/ERROR] (Minecraft) Detected unsafe terrain read during worldgen: reading from chunk [24, -7] while generating chunk [22, -7] (distance: 2, write radius: 1), step: minecraft:features, currently generating: ResourceKey[minecraft:worldgen/placed_feature / minecraft:sculk_patch_deep_dark]
[16:59:38] [Worker-Main-1/ERROR] (Minecraft) Detected unsafe terrain read during worldgen: reading from chunk [24, -7] while generating chunk [22, -7] (distance: 2, write radius: 1), step: minecraft:features, currently generating: ResourceKey[minecraft:worldgen/placed_feature / minecraft:sculk_patch_deep_dark]
[16:59:38] [Worker-Main-1/ERROR] (Minecraft) Detected unsafe terrain read during worldgen: reading from chunk [24, -7] while generating chunk [22, -7] (distance: 2, write radius: 1), step: minecraft:features, currently generating: ResourceKey[minecraft:worldgen/placed_feature / minecraft:sculk_patch_deep_dark]
[16:59:38] [Worker-Main-1/ERROR] (Minecraft) Detected unsafe terrain read during worldgen: reading from chunk [24, -7] while generating chunk [22, -7] (distance: 2, write radius: 1), step: minecraft:features, currently generating: ResourceKey[minecraft:worldgen/placed_feature / minecraft:sculk_patch_deep_dark]
[16:59:38] [Worker-Main-1/ERROR] (Minecraft) Detected unsafe terrain read during worldgen: reading from chunk [24, -7] while generating chunk [22, -7] (distance: 2, write radius: 1), step: minecraft:features, currently generating: ResourceKey[minecraft:worldgen/placed_feature / minecraft:sculk_patch_deep_dark]
[16:59:38] [Worker-Main-1/ERROR] (Minecraft) Detected unsafe terrain read during worldgen: reading from chunk [24, -7] while generating chunk [22, -7] (distance: 2, write radius: 1), step: minecraft:features, currently generating: ResourceKey[minecraft:worldgen/placed_feature / minecraft:sculk_patch_deep_dark]
[16:59:38] [Worker-Main-1/ERROR] (Minecraft) Detected unsafe terrain read during worldgen: reading from chunk [24, -7] while generating chunk [22, -7] (distance: 2, write radius: 1), step: minecraft:features, currently generating: ResourceKey[minecraft:worldgen/placed_feature / minecraft:sculk_patch_deep_dark]
[16:59:38] [Worker-Main-1/ERROR] (Minecraft) Detected unsafe terrain read during worldgen: reading from chunk [24, -7] while generating chunk [22, -7] (distance: 2, write radius: 1), step: minecraft:features, currently generating: ResourceKey[minecraft:worldgen/placed_feature / minecraft:sculk_patch_deep_dark]
[16:59:38] [Worker-Main-1/ERROR] (Minecraft) Detected unsafe terrain read during worldgen: reading from chunk [24, -7] while generating chunk [22, -7] (distance: 2, write radius: 1), step: minecraft:features, currently generating: ResourceKey[minecraft:worldgen/placed_feature / minecraft:sculk_patch_deep_dark]
[16:59:38] [Worker-Main-1/ERROR] (Minecraft) Detected unsafe terrain read during worldgen: reading from chunk [24, -7] while generating chunk [22, -7] (distance: 2, write radius: 1), step: minecraft:features, currently generating: ResourceKey[minecraft:worldgen/placed_feature / minecraft:sculk_patch_deep_dark]
[16:59:38] [Worker-Main-1/ERROR] (Minecraft) Detected unsafe terrain read during worldgen: reading from chunk [24, -7] while generating chunk [22, -7] (distance: 2, write radius: 1), step: minecraft:features, currently generating: ResourceKey[minecraft:worldgen/placed_feature / minecraft:sculk_patch_deep_dark]
[16:59:38] [Worker-Main-1/ERROR] (Minecraft) Detected unsafe terrain read during worldgen: reading from chunk [24, -7] while generating chunk [22, -7] (distance: 2, write radius: 1), step: minecraft:features, currently generating: ResourceKey[minecraft:worldgen/placed_feature / minecraft:sculk_patch_deep_dark]
[16:59:38] [Worker-Main-1/ERROR] (Minecraft) Detected unsafe terrain read during worldgen: reading from chunk [24, -7] while generating chunk [22, -7] (distance: 2, write radius: 1), step: minecraft:features, currently generating: ResourceKey[minecraft:worldgen/placed_feature / minecraft:sculk_patch_deep_dark]
[16:59:38] [Worker-Main-1/ERROR] (Minecraft) Detected unsafe terrain read during worldgen: reading from chunk [24, -7] while generating chunk [22, -7] (distance: 2, write radius: 1), step: minecraft:features, currently generating: ResourceKey[minecraft:worldgen/placed_feature / minecraft:sculk_patch_deep_dark]
[16:59:38] [Worker-Main-1/ERROR] (Minecraft) Detected unsafe terrain read during worldgen: reading from chunk [24, -7] while generating chunk [22, -7] (distance: 2, write radius: 1), step: minecraft:features, currently generating: ResourceKey[minecraft:worldgen/placed_feature / minecraft:sculk_patch_deep_dark]
[16:59:38] [Worker-Main-1/ERROR] (Minecraft) Detected unsafe terrain read during worldgen: reading from chunk [24, -7] while generating chunk [22, -7] (distance: 2, write radius: 1), step: minecraft:features, currently generating: ResourceKey[minecraft:worldgen/placed_feature / minecraft:sculk_patch_deep_dark]
[16:59:38] [Worker-Main-1/ERROR] (Minecraft) Detected unsafe terrain read during worldgen: reading from chunk [24, -7] while generating chunk [22, -7] (distance: 2, write radius: 1), step: minecraft:features, currently generating: ResourceKey[minecraft:worldgen/placed_feature / minecraft:sculk_patch_deep_dark]
[16:59:38] [Worker-Main-1/ERROR] (Minecraft) Detected unsafe terrain read during worldgen: reading from chunk [24, -7] while generating chunk [22, -7] (distance: 2, write radius: 1), step: minecraft:features, currently generating: ResourceKey[minecraft:worldgen/placed_feature / minecraft:sculk_patch_deep_dark]
[16:59:38] [Worker-Main-1/ERROR] (Minecraft) Detected unsafe terrain read during worldgen: reading from chunk [24, -7] while generating chunk [22, -7] (distance: 2, write radius: 1), step: minecraft:features, currently generating: ResourceKey[minecraft:worldgen/placed_feature / minecraft:sculk_patch_deep_dark]
[16:59:38] [Worker-Main-1/ERROR] (Minecraft) Detected unsafe terrain read during worldgen: reading from chunk [24, -7] while generating chunk [22, -7] (distance: 2, write radius: 1), step: minecraft:features, currently generating: ResourceKey[minecraft:worldgen/placed_feature / minecraft:sculk_patch_deep_dark]
[16:59:38] [Worker-Main-1/ERROR] (Minecraft) Detected unsafe terrain read during worldgen: reading from chunk [24, -7] while generating chunk [22, -7] (distance: 2, write radius: 1), step: minecraft:features, currently generating: ResourceKey[minecraft:worldgen/placed_feature / minecraft:sculk_patch_deep_dark]
[16:59:38] [Worker-Main-1/ERROR] (Minecraft) Detected unsafe terrain read during worldgen: reading from chunk [24, -7] while generating chunk [22, -7] (distance: 2, write radius: 1), step: minecraft:features, currently generating: ResourceKey[minecraft:worldgen/placed_feature / minecraft:sculk_patch_deep_dark]
[16:59:38] [Worker-Main-1/ERROR] (Minecraft) Detected unsafe terrain read during worldgen: reading from chunk [24, -7] while generating chunk [22, -7] (distance: 2, write radius: 1), step: minecraft:features, currently generating: ResourceKey[minecraft:worldgen/placed_feature / minecraft:sculk_patch_deep_dark]
[16:59:41] [Test thread/INFO] (Minecraft) [STDOUT]: Water capture: /Users/jackangione/Desktop/VULKAN SHADERS/run/screenshots/0023_metalcraft-water-w4-cave-baseline.png
[16:59:42] [Test thread/INFO] (Minecraft) [STDOUT]: Water capture: /Users/jackangione/Desktop/VULKAN SHADERS/run/screenshots/0024_metalcraft-water-w4-cave-effect.png
[16:59:42] [Server thread/INFO] (Minecraft) The game is running normally
[16:59:42] [Server thread/INFO] (Minecraft) Teleported Player870 to 0.500000, 193.000000, 18.500000
[16:59:42] [Render thread/INFO] (Minecraft) [System] [CHAT] [Server: The game is running normally]
[16:59:42] [Render thread/INFO] (Minecraft) [System] [CHAT] [Server: Teleported Player870 to 0.500000, 193.000000, 18.500000]
[16:59:43] [Server thread/INFO] (Minecraft) No blocks were filled
[16:59:43] [Server thread/INFO] (Minecraft) Successfully filled 898 block(s)
[16:59:43] [Server thread/INFO] (Minecraft) Successfully filled 225 block(s)
[16:59:43] [Server thread/INFO] (Minecraft) Successfully filled 1125 block(s)
[16:59:43] [Server thread/INFO] (Minecraft) Successfully filled 642 block(s)
[16:59:43] [Server thread/INFO] (Minecraft) Successfully filled 225 block(s)
[16:59:43] [Server thread/INFO] (Minecraft) Successfully filled 225 block(s)
[16:59:43] [Server thread/INFO] (Minecraft) Successfully filled 39 block(s)
[16:59:43] [Server thread/INFO] (Minecraft) Successfully filled 39 block(s)
[16:59:43] [Server thread/INFO] (Minecraft) Successfully filled 15 block(s)
[16:59:43] [Server thread/INFO] (Minecraft) Successfully filled 15 block(s)
[16:59:43] [Server thread/INFO] (Minecraft) Set minecraft:overworld to 6000 tick(s)
[16:59:43] [Server thread/INFO] (Minecraft) Set the weather to clear
[16:59:43] [Server thread/INFO] (Minecraft) Teleported Player870 to 0.500000, 194.000000, 84.500000
[16:59:43] [Render thread/INFO] (Minecraft) [System] [CHAT] [Server: Successfully filled 898 block(s)]
[16:59:43] [Render thread/INFO] (Minecraft) [System] [CHAT] [Server: Successfully filled 225 block(s)]
[16:59:43] [Render thread/INFO] (Minecraft) [System] [CHAT] [Server: Successfully filled 1125 block(s)]
[16:59:43] [Render thread/INFO] (Minecraft) [System] [CHAT] [Server: Successfully filled 642 block(s)]
[16:59:43] [Render thread/INFO] (Minecraft) [System] [CHAT] [Server: Successfully filled 225 block(s)]
[16:59:43] [Render thread/INFO] (Minecraft) [System] [CHAT] [Server: Successfully filled 225 block(s)]
[16:59:43] [Render thread/INFO] (Minecraft) [System] [CHAT] [Server: Successfully filled 39 block(s)]
[16:59:43] [Render thread/INFO] (Minecraft) [System] [CHAT] [Server: Successfully filled 39 block(s)]
[16:59:43] [Render thread/INFO] (Minecraft) [System] [CHAT] [Server: Successfully filled 15 block(s)]
[16:59:43] [Render thread/INFO] (Minecraft) [System] [CHAT] [Server: Successfully filled 15 block(s)]
[16:59:43] [Render thread/INFO] (Minecraft) [System] [CHAT] [Server: Set minecraft:overworld to 6000 tick(s)]
[16:59:43] [Render thread/INFO] (Minecraft) [System] [CHAT] [Server: Set the weather to clear]
[16:59:43] [Render thread/INFO] (Minecraft) [System] [CHAT] [Server: Teleported Player870 to 0.500000, 194.000000, 84.500000]
[16:59:47] [Server thread/INFO] (Minecraft) The game is frozen
[16:59:47] [Render thread/INFO] (Minecraft) [System] [CHAT] [Server: The game is frozen]
[16:59:47] [Test thread/INFO] (Minecraft) [STDOUT]: Water capture: /Users/jackangione/Desktop/VULKAN SHADERS/run/screenshots/0025_metalcraft-water-w5-refraction-off.png
[16:59:48] [Test thread/INFO] (Minecraft) [STDOUT]: Water capture: /Users/jackangione/Desktop/VULKAN SHADERS/run/screenshots/0026_metalcraft-water-w5-refraction-absorption.png
[16:59:48] [Server thread/INFO] (Minecraft) Teleported Player870 to 0.500000, 183.000000, 82.500000
[16:59:48] [Render thread/INFO] (Minecraft) [System] [CHAT] [Server: Teleported Player870 to 0.500000, 183.000000, 82.500000]
[16:59:50] [Test thread/INFO] (Minecraft) [STDOUT]: Water capture: /Users/jackangione/Desktop/VULKAN SHADERS/run/screenshots/0027_metalcraft-water-w5-steep-border-sky.png
[16:59:50] [Server thread/INFO] (Minecraft) Teleported Player870 to -9.500000, 180.000000, 68.500000
[16:59:50] [Render thread/INFO] (Minecraft) [System] [CHAT] [Server: Teleported Player870 to -9.500000, 180.000000, 68.500000]
[16:59:54] [Test thread/INFO] (Minecraft) [STDOUT]: Water capture: /Users/jackangione/Desktop/VULKAN SHADERS/run/screenshots/0028_metalcraft-water-w5-underwater-refraction-off.png
[16:59:54] [Test thread/INFO] (Minecraft) [STDOUT]: Water capture: /Users/jackangione/Desktop/VULKAN SHADERS/run/screenshots/0029_metalcraft-water-w5-underwater-fallback.png
[16:59:54] [Server thread/INFO] (Minecraft) Teleported Player870 to 0.500000, 194.000000, 84.500000
[16:59:54] [Render thread/INFO] (Minecraft) [System] [CHAT] [Server: Teleported Player870 to 0.500000, 194.000000, 84.500000]
[16:59:58] [Test thread/INFO] (Minecraft) [STDOUT]: Water capture: /Users/jackangione/Desktop/VULKAN SHADERS/run/screenshots/0030_metalcraft-water-w5-fabulous-refraction-off.png
[16:59:59] [Test thread/INFO] (Minecraft) [STDOUT]: Water capture: /Users/jackangione/Desktop/VULKAN SHADERS/run/screenshots/0031_metalcraft-water-w5-fabulous-fallback.png
[17:00:01] [Server thread/INFO] (Minecraft) The game is running normally
[17:00:01] [Server thread/INFO] (Minecraft) Too many blocks in the specified area (maximum 32768, but specified 58425)
[17:00:01] [Server thread/INFO] (Minecraft) Successfully filled 3186 block(s)
[17:00:01] [Server thread/INFO] (Minecraft) Successfully filled 1161 block(s)
[17:00:01] [Server thread/INFO] (Minecraft) Successfully filled 387 block(s)
[17:00:01] [Server thread/INFO] (Minecraft) Successfully filled 344 block(s)
[17:00:01] [Server thread/INFO] (Minecraft) Successfully filled 430 block(s)
[17:00:01] [Server thread/INFO] (Minecraft) Successfully filled 2193 block(s)
[17:00:01] [Server thread/INFO] (Minecraft) Successfully filled 430 block(s)
[17:00:01] [Server thread/INFO] (Minecraft) Successfully filled 7 block(s)
[17:00:01] [Server thread/INFO] (Minecraft) Successfully filled 7 block(s)
[17:00:01] [Server thread/INFO] (Minecraft) Successfully filled 65 block(s)
[17:00:01] [Server thread/INFO] (Minecraft) Successfully filled 26 block(s)
[17:00:01] [Server thread/INFO] (Minecraft) Successfully filled 35 block(s)
[17:00:01] [Server thread/INFO] (Minecraft) Successfully filled 1958 block(s)
[17:00:01] [Server thread/INFO] (Minecraft) Successfully filled 1890 block(s)
[17:00:01] [Server thread/INFO] (Minecraft) No blocks were filled
[17:00:01] [Server thread/INFO] (Minecraft) Changed the block at 34, 185, 101
[17:00:01] [Server thread/INFO] (Minecraft) Set minecraft:overworld to 6000 tick(s)
[17:00:01] [Server thread/INFO] (Minecraft) Set the weather to clear
[17:00:01] [Server thread/INFO] (Minecraft) Teleported Player870 to 0.500000, 193.000000, 130.500000
[17:00:01] [Render thread/INFO] (Minecraft) [System] [CHAT] [Server: The game is running normally]
[17:00:01] [Render thread/INFO] (Minecraft) [System] [CHAT] [Server: Successfully filled 3186 block(s)]
[17:00:01] [Render thread/INFO] (Minecraft) [System] [CHAT] [Server: Successfully filled 1161 block(s)]
[17:00:01] [Render thread/INFO] (Minecraft) [System] [CHAT] [Server: Successfully filled 387 block(s)]
[17:00:01] [Render thread/INFO] (Minecraft) [System] [CHAT] [Server: Successfully filled 344 block(s)]
[17:00:01] [Render thread/INFO] (Minecraft) [System] [CHAT] [Server: Successfully filled 430 block(s)]
[17:00:01] [Render thread/INFO] (Minecraft) [System] [CHAT] [Server: Successfully filled 2193 block(s)]
[17:00:01] [Render thread/INFO] (Minecraft) [System] [CHAT] [Server: Successfully filled 430 block(s)]
[17:00:01] [Render thread/INFO] (Minecraft) [System] [CHAT] [Server: Successfully filled 7 block(s)]
[17:00:01] [Render thread/INFO] (Minecraft) [System] [CHAT] [Server: Successfully filled 7 block(s)]
[17:00:01] [Render thread/INFO] (Minecraft) [System] [CHAT] [Server: Successfully filled 65 block(s)]
[17:00:01] [Render thread/INFO] (Minecraft) [System] [CHAT] [Server: Successfully filled 26 block(s)]
[17:00:01] [Render thread/INFO] (Minecraft) [System] [CHAT] [Server: Successfully filled 35 block(s)]
[17:00:01] [Render thread/INFO] (Minecraft) [System] [CHAT] [Server: Successfully filled 1958 block(s)]
[17:00:01] [Render thread/INFO] (Minecraft) [System] [CHAT] [Server: Successfully filled 1890 block(s)]
[17:00:01] [Render thread/INFO] (Minecraft) [System] [CHAT] [Server: Changed the block at 34, 185, 101]
[17:00:01] [Render thread/INFO] (Minecraft) [System] [CHAT] [Server: Set minecraft:overworld to 6000 tick(s)]
[17:00:01] [Render thread/INFO] (Minecraft) [System] [CHAT] [Server: Set the weather to clear]
[17:00:01] [Render thread/INFO] (Minecraft) [System] [CHAT] [Server: Teleported Player870 to 0.500000, 193.000000, 130.500000]
[17:00:06] [Server thread/INFO] (Minecraft) The game is frozen
[17:00:06] [Render thread/INFO] (Minecraft) [System] [CHAT] [Server: The game is frozen]
[17:00:07] [Test thread/INFO] (Minecraft) [STDOUT]: Water capture: /Users/jackangione/Desktop/VULKAN SHADERS/run/screenshots/0032_metalcraft-water-w6-contact-foam-off.png
[17:00:08] [Test thread/INFO] (Minecraft) [STDOUT]: Water capture: /Users/jackangione/Desktop/VULKAN SHADERS/run/screenshots/0033_metalcraft-water-w6-contact-foam-on.png
[17:00:08] [Test thread/INFO] (Minecraft) [STDOUT]: W6 foam coverage: left=355 center=116 right=348 sky=0 dryFence=0
[17:00:08] [Server thread/INFO] (Minecraft) Teleported Player870 to 0.500000, 182.400000, 109.500000
[17:00:08] [Render thread/INFO] (Minecraft) [System] [CHAT] [Server: Teleported Player870 to 0.500000, 182.400000, 109.500000]
[17:00:09] [Test thread/INFO] (Minecraft) [STDOUT]: Water capture: /Users/jackangione/Desktop/VULKAN SHADERS/run/screenshots/0034_metalcraft-water-w6-entry-air.png
[17:00:09] [Server thread/INFO] (Minecraft) Teleported Player870 to 0.500000, 182.250000, 109.500000
[17:00:09] [Render thread/INFO] (Minecraft) [System] [CHAT] [Server: Teleported Player870 to 0.500000, 182.250000, 109.500000]
[17:00:11] [Test thread/INFO] (Minecraft) [STDOUT]: Water capture: /Users/jackangione/Desktop/VULKAN SHADERS/run/screenshots/0035_metalcraft-water-w6-partial-submersion.png
[17:00:11] [Server thread/INFO] (Minecraft) Teleported Player870 to 0.500000, 181.800000, 109.500000
[17:00:11] [Render thread/INFO] (Minecraft) [System] [CHAT] [Server: Teleported Player870 to 0.500000, 181.800000, 109.500000]
[17:00:13] [Test thread/INFO] (Minecraft) [STDOUT]: Water capture: /Users/jackangione/Desktop/VULKAN SHADERS/run/screenshots/0036_metalcraft-water-w6-underwater-distortion-off.png
[17:00:14] [Test thread/INFO] (Minecraft) [STDOUT]: Water capture: /Users/jackangione/Desktop/VULKAN SHADERS/run/screenshots/0037_metalcraft-water-w6-underwater-entry.png
[17:00:15] [Render thread/INFO] (WorldGeometryAdapter) Shader pack 'metalcraft-standard' leaves 1 pipeline(s) outside the G-buffer: [minecraft:pipeline/translucent_terrain]
[17:00:15] [Test thread/INFO] (Minecraft) [STDOUT]: Water capture: /Users/jackangione/Desktop/VULKAN SHADERS/run/screenshots/0038_metalcraft-water-wu-vanilla-bed.png
[17:00:15] [Render thread/INFO] (WorldGeometryAdapter) Shader pack 'metalcraft-standard' leaves 1 pipeline(s) outside the G-buffer: [minecraft:pipeline/translucent_terrain]
[17:00:16] [Test thread/INFO] (Minecraft) [STDOUT]: Water capture: /Users/jackangione/Desktop/VULKAN SHADERS/run/screenshots/0039_metalcraft-water-wu-clear-bed.png
[17:00:18] [Test thread/INFO] (Minecraft) [STDOUT]: Water capture: /Users/jackangione/Desktop/VULKAN SHADERS/run/screenshots/0040_metalcraft-water-w6-underwater-looking-up.png
[17:00:18] [Server thread/INFO] (Minecraft) Teleported Player870 to 0.500000, 182.400000, 109.500000
[17:00:18] [Render thread/INFO] (Minecraft) [System] [CHAT] [Server: Teleported Player870 to 0.500000, 182.400000, 109.500000]
[17:00:20] [Test thread/INFO] (Minecraft) [STDOUT]: Water capture: /Users/jackangione/Desktop/VULKAN SHADERS/run/screenshots/0041_metalcraft-water-w6-exit-air.png
[17:00:20] [Server thread/INFO] (Minecraft) Set Player870's game mode to Creative Mode
[17:00:20] [Server thread/INFO] (Minecraft) Replaced a slot on Player870 with [Prismarine Shard]
[17:00:20] [Server thread/INFO] (Minecraft) Teleported Player870 to 34.500000, 182.000000, 110.500000
[17:00:20] [Render thread/INFO] (Minecraft) [System] [CHAT] Your game mode has been updated to Creative Mode
[17:00:20] [Render thread/INFO] (Minecraft) [System] [CHAT] [Server: Set Player870's game mode to Creative Mode]
[17:00:20] [Render thread/INFO] (Minecraft) [System] [CHAT] [Server: Replaced a slot on Player870 with [Prismarine Shard]]
[17:00:20] [Render thread/INFO] (Minecraft) [System] [CHAT] [Server: Teleported Player870 to 34.500000, 182.000000, 110.500000]
[17:00:20] [Render thread/INFO] (Minecraft) Loaded 5 advancements
[17:00:20] [Render thread/INFO] (Minecraft) Loaded 15 advancements
[17:00:23] [Server thread/INFO] (Minecraft) Changed title display times for Player870
[17:00:23] [Server thread/INFO] (Minecraft) Showing new title for Player870
[17:00:23] [Render thread/INFO] (Minecraft) [System] [CHAT] [Server: Changed title display times for Player870]
[17:00:23] [Render thread/INFO] (Minecraft) [System] [CHAT] [Server: Showing new title for Player870]
[17:00:23] [Test thread/INFO] (Minecraft) [STDOUT]: Water capture: /Users/jackangione/Desktop/VULKAN SHADERS/run/screenshots/0042_metalcraft-water-w6-underwater-cave-hud.png
[17:00:23] [Server thread/INFO] (Minecraft) The game is running normally
[17:00:23] [Server thread/INFO] (Minecraft) Set Player870's game mode to Spectator Mode
[17:00:23] [Server thread/INFO] (Minecraft) Teleported Player870 to 0.500000, 193.000000, 130.500000
[17:00:23] [Render thread/INFO] (Minecraft) [System] [CHAT] [Server: The game is running normally]
[17:00:23] [Render thread/INFO] (Minecraft) [System] [CHAT] Your game mode has been updated to Spectator Mode
[17:00:23] [Render thread/INFO] (Minecraft) [System] [CHAT] [Server: Set Player870's game mode to Spectator Mode]
[17:00:23] [Render thread/INFO] (Minecraft) [System] [CHAT] [Server: Teleported Player870 to 0.500000, 193.000000, 130.500000]
[17:00:24] [Server thread/INFO] (Minecraft) No blocks were filled
[17:00:24] [Server thread/INFO] (Minecraft) No blocks were filled
[17:00:24] [Server thread/INFO] (Minecraft) No blocks were filled
[17:00:24] [Server thread/INFO] (Minecraft) Successfully filled 5634 block(s)
[17:00:24] [Server thread/INFO] (Minecraft) Successfully filled 2145 block(s)
[17:00:25] [Server thread/INFO] (Minecraft) Successfully filled 10725 block(s)
[17:00:25] [Server thread/INFO] (Minecraft) Successfully filled 147 block(s)
[17:00:25] [Server thread/INFO] (Minecraft) Successfully filled 78 block(s)
[17:00:25] [Server thread/INFO] (Minecraft) Successfully filled 112 block(s)
[17:00:25] [Server thread/INFO] (Minecraft) Successfully filled 28 block(s)
[17:00:25] [Server thread/INFO] (Minecraft) Set minecraft:overworld to 6000 tick(s)
[17:00:25] [Server thread/INFO] (Minecraft) Set the weather to clear
[17:00:25] [Server thread/INFO] (Minecraft) Teleported Player870 to 0.500000, 193.000000, 193.500000
[17:00:25] [Render thread/INFO] (Minecraft) [System] [CHAT] [Server: Successfully filled 5634 block(s)]
[17:00:25] [Render thread/INFO] (Minecraft) [System] [CHAT] [Server: Successfully filled 2145 block(s)]
[17:00:25] [Render thread/INFO] (Minecraft) [System] [CHAT] [Server: Successfully filled 10725 block(s)]
[17:00:25] [Render thread/INFO] (Minecraft) [System] [CHAT] [Server: Successfully filled 147 block(s)]
[17:00:25] [Render thread/INFO] (Minecraft) [System] [CHAT] [Server: Successfully filled 78 block(s)]
[17:00:25] [Render thread/INFO] (Minecraft) [System] [CHAT] [Server: Successfully filled 112 block(s)]
[17:00:25] [Render thread/INFO] (Minecraft) [System] [CHAT] [Server: Successfully filled 28 block(s)]
[17:00:25] [Render thread/INFO] (Minecraft) [System] [CHAT] [Server: Set minecraft:overworld to 6000 tick(s)]
[17:00:25] [Render thread/INFO] (Minecraft) [System] [CHAT] [Server: Set the weather to clear]
[17:00:25] [Render thread/INFO] (Minecraft) [System] [CHAT] [Server: Teleported Player870 to 0.500000, 193.000000, 193.500000]
[17:00:28] [Server thread/INFO] (Minecraft) The game is frozen
[17:00:28] [Render thread/INFO] (WorldGeometryAdapter) Shader pack 'metalcraft-standard' leaves 3 pipeline(s) outside the G-buffer: [minecraft:pipeline/translucent_terrain, minecraft:pipeline/entity_translucent, minecraft:pipeline/item_cutout]
[17:00:28] [Render thread/INFO] (Minecraft) [System] [CHAT] [Server: The game is frozen]
[17:00:29] [Render thread/INFO] (WorldGeometryAdapter) Shader pack 'metalcraft-standard' leaves 1 pipeline(s) outside the G-buffer: [minecraft:pipeline/translucent_terrain]
[17:00:29] [Render thread/INFO] (WorldGeometryAdapter) Shader pack 'metalcraft-standard' leaves 1 pipeline(s) outside the G-buffer: [minecraft:pipeline/translucent_terrain]
[17:00:30] [Render thread/INFO] (WorldGeometryAdapter) Shader pack 'metalcraft-standard' leaves 1 pipeline(s) outside the G-buffer: [minecraft:pipeline/translucent_terrain]
[17:00:30] [Render thread/INFO] (WorldGeometryAdapter) Shader pack 'metalcraft-standard' leaves 1 pipeline(s) outside the G-buffer: [minecraft:pipeline/translucent_terrain]
[17:00:31] [Render thread/INFO] (WorldGeometryAdapter) Shader pack 'metalcraft-standard' leaves 1 pipeline(s) outside the G-buffer: [minecraft:pipeline/translucent_terrain]
[17:00:31] [Render thread/INFO] (WorldGeometryAdapter) Shader pack 'metalcraft-standard' leaves 1 pipeline(s) outside the G-buffer: [minecraft:pipeline/translucent_terrain]
[17:00:32] [Render thread/INFO] (WorldGeometryAdapter) Shader pack 'metalcraft-standard' leaves 1 pipeline(s) outside the G-buffer: [minecraft:pipeline/translucent_terrain]
[17:00:32] [Render thread/INFO] (WorldGeometryAdapter) Shader pack 'metalcraft-standard' leaves 1 pipeline(s) outside the G-buffer: [minecraft:pipeline/translucent_terrain]
[17:00:33] [Render thread/INFO] (WorldGeometryAdapter) Shader pack 'metalcraft-standard' leaves 1 pipeline(s) outside the G-buffer: [minecraft:pipeline/translucent_terrain]
[17:00:34] [Test thread/INFO] (Minecraft) [STDOUT]: Water capture: /Users/jackangione/Desktop/VULKAN SHADERS/run/screenshots/0043_metalcraft-water-detail-0.png
[17:00:34] [Render thread/INFO] (WorldGeometryAdapter) Shader pack 'metalcraft-standard' leaves 1 pipeline(s) outside the G-buffer: [minecraft:pipeline/translucent_terrain]
[17:00:36] [Test thread/INFO] (Minecraft) [STDOUT]: Water capture: /Users/jackangione/Desktop/VULKAN SHADERS/run/screenshots/0044_metalcraft-water-detail-1.png
[17:00:36] [Test thread/INFO] (Minecraft) [STDOUT]: Water detail tier 1: changed=61105 sky=0
[17:00:36] [Render thread/INFO] (WorldGeometryAdapter) Shader pack 'metalcraft-standard' leaves 1 pipeline(s) outside the G-buffer: [minecraft:pipeline/translucent_terrain]
[17:00:37] [Test thread/INFO] (Minecraft) [STDOUT]: Water capture: /Users/jackangione/Desktop/VULKAN SHADERS/run/screenshots/0045_metalcraft-water-detail-2.png
[17:00:37] [Test thread/INFO] (Minecraft) [STDOUT]: Water detail tier 2: changed=18552 sky=0
[17:00:37] [Render thread/INFO] (WorldGeometryAdapter) Shader pack 'metalcraft-standard' leaves 1 pipeline(s) outside the G-buffer: [minecraft:pipeline/translucent_terrain]
[17:00:38] [Test thread/INFO] (Minecraft) [STDOUT]: Water capture: /Users/jackangione/Desktop/VULKAN SHADERS/run/screenshots/0046_metalcraft-water-detail-3.png
[17:00:38] [Test thread/INFO] (Minecraft) [STDOUT]: Water detail tier 3: changed=1 sky=0
[17:00:38] [Server thread/INFO] (Minecraft) Teleported Player870 to 0.500000, 184.000000, 180.500000
[17:00:38] [Render thread/INFO] (Minecraft) [System] [CHAT] [Server: Teleported Player870 to 0.500000, 184.000000, 180.500000]
[17:00:39] [Render thread/INFO] (WorldGeometryAdapter) Shader pack 'metalcraft-standard' leaves 1 pipeline(s) outside the G-buffer: [minecraft:pipeline/translucent_terrain]
[17:00:40] [Test thread/INFO] (Minecraft) [STDOUT]: Water capture: /Users/jackangione/Desktop/VULKAN SHADERS/run/screenshots/0047_metalcraft-water-micro-close-0.png
[17:00:41] [Test thread/INFO] (Minecraft) [STDOUT]: Water capture: /Users/jackangione/Desktop/VULKAN SHADERS/run/screenshots/0048_metalcraft-water-detail-route-0.png
[17:00:41] [Render thread/INFO] (WorldGeometryAdapter) Shader pack 'metalcraft-standard' leaves 1 pipeline(s) outside the G-buffer: [minecraft:pipeline/translucent_terrain]
[17:00:43] [Test thread/INFO] (Minecraft) [STDOUT]: Water capture: /Users/jackangione/Desktop/VULKAN SHADERS/run/screenshots/0049_metalcraft-water-micro-close-1.png
[17:00:43] [Render thread/INFO] (WorldGeometryAdapter) Shader pack 'metalcraft-standard' leaves 1 pipeline(s) outside the G-buffer: [minecraft:pipeline/translucent_terrain]
[17:00:44] [Test thread/INFO] (Minecraft) [STDOUT]: Water capture: /Users/jackangione/Desktop/VULKAN SHADERS/run/screenshots/0050_metalcraft-water-micro-close-2.png
[17:00:44] [Render thread/INFO] (WorldGeometryAdapter) Shader pack 'metalcraft-standard' leaves 1 pipeline(s) outside the G-buffer: [minecraft:pipeline/translucent_terrain]
[17:00:45] [Test thread/INFO] (Minecraft) [STDOUT]: Water capture: /Users/jackangione/Desktop/VULKAN SHADERS/run/screenshots/0051_metalcraft-water-micro-close-3.png
[17:00:46] [Test thread/INFO] (Minecraft) [STDOUT]: Water capture: /Users/jackangione/Desktop/VULKAN SHADERS/run/screenshots/0052_metalcraft-water-detail-route-3.png
[17:00:46] [Test thread/INFO] (Minecraft) [STDOUT]: Water detail route: None/High normal changes=123919
[17:00:47] [Test thread/INFO] (Minecraft) [STDOUT]: Water capture: /Users/jackangione/Desktop/VULKAN SHADERS/run/screenshots/0053_metalcraft-water-micro-close-normals-t0.png
[17:00:47] [Server thread/INFO] (Minecraft) Stepping 10 tick(s)
[17:00:47] [Render thread/INFO] (Minecraft) [System] [CHAT] [Server: Stepping 10 tick(s)]
[17:00:48] [Test thread/INFO] (Minecraft) [STDOUT]: Water capture: /Users/jackangione/Desktop/VULKAN SHADERS/run/screenshots/0054_metalcraft-water-micro-close-normals-t1.png
[17:00:49] [Test thread/INFO] (Minecraft) [STDOUT]: Water capture: /Users/jackangione/Desktop/VULKAN SHADERS/run/screenshots/0055_metalcraft-water-micro-close-moving.png
[17:00:50] [Test thread/INFO] (Minecraft) [STDOUT]: Water capture: /Users/jackangione/Desktop/VULKAN SHADERS/run/screenshots/0056_metalcraft-water-micro-grazing.png
[17:00:50] [Render thread/INFO] (MetalGpuSurface) MetalCraft surface configured: 2560x1440 presentMode=IMMEDIATE displaySync=false unlockedFrameRate=true
[17:00:51] [Server thread/WARN] (Minecraft) Can't keep up! Is the server overloaded? Running 2111ms or 42 ticks behind
[17:00:53] [Test thread/INFO] (Minecraft) [STDOUT]: Water capture: /Users/jackangione/Desktop/VULKAN SHADERS/run/screenshots/0057_metalcraft-water-micro-grazing-half.png
[17:00:53] [Render thread/INFO] (MetalGpuSurface) MetalCraft surface configured: 2560x1440 presentMode=IMMEDIATE displaySync=false unlockedFrameRate=true
[17:00:54] [Server thread/INFO] (Minecraft) Teleported Player870 to 0.500000, 193.000000, 193.500000
[17:00:54] [Render thread/INFO] (Minecraft) [System] [CHAT] [Server: Teleported Player870 to 0.500000, 193.000000, 193.500000]
[17:00:55] [Render thread/INFO] (WorldGeometryAdapter) Shader pack 'metalcraft-standard' leaves 1 pipeline(s) outside the G-buffer: [minecraft:pipeline/translucent_terrain]
[17:00:56] [Test thread/INFO] (Minecraft) [STDOUT]: Water capture: /Users/jackangione/Desktop/VULKAN SHADERS/run/screenshots/0058_metalcraft-water-w7-enabled.png
[17:00:56] [Render thread/INFO] (WorldGeometryAdapter) Shader pack 'metalcraft-standard' leaves 1 pipeline(s) outside the G-buffer: [minecraft:pipeline/translucent_terrain]
[17:00:58] [Test thread/INFO] (Minecraft) [STDOUT]: Water capture: /Users/jackangione/Desktop/VULKAN SHADERS/run/screenshots/0059_metalcraft-water-w7-disabled-first.png
[17:00:59] [Test thread/INFO] (Minecraft) [STDOUT]: Water capture: /Users/jackangione/Desktop/VULKAN SHADERS/run/screenshots/0060_metalcraft-water-w7-vanilla-baseline.png
[17:00:59] [Render thread/INFO] (WorldGeometryAdapter) Shader pack 'metalcraft-standard' leaves 1 pipeline(s) outside the G-buffer: [minecraft:pipeline/translucent_terrain]
[17:01:00] [Test thread/INFO] (Minecraft) [STDOUT]: Water capture: /Users/jackangione/Desktop/VULKAN SHADERS/run/screenshots/0061_metalcraft-water-w7-enabled-again.png
[17:01:00] [Render thread/INFO] (WorldGeometryAdapter) Shader pack 'metalcraft-standard' leaves 1 pipeline(s) outside the G-buffer: [minecraft:pipeline/translucent_terrain]
[17:01:02] [Test thread/INFO] (Minecraft) [STDOUT]: Water capture: /Users/jackangione/Desktop/VULKAN SHADERS/run/screenshots/0062_metalcraft-water-w7-disabled-again.png
[17:01:03] [Test thread/INFO] (Minecraft) [STDOUT]: Water capture: /Users/jackangione/Desktop/VULKAN SHADERS/run/screenshots/0063_metalcraft-water-w7-vanilla-baseline-again.png
[17:01:03] [Render thread/INFO] (WorldGeometryAdapter) Shader pack 'metalcraft-standard' leaves 1 pipeline(s) outside the G-buffer: [minecraft:pipeline/translucent_terrain]
[17:01:03] [Render thread/INFO] (WorldGeometryAdapter) Shader pack 'metalcraft-standard' leaves 1 pipeline(s) outside the G-buffer: [minecraft:pipeline/translucent_terrain]
[17:01:04] [Render thread/INFO] (WorldGeometryAdapter) Shader pack 'metalcraft-standard' leaves 1 pipeline(s) outside the G-buffer: [minecraft:pipeline/translucent_terrain]
[17:01:04] [Render thread/INFO] (WorldGeometryAdapter) Shader pack 'metalcraft-standard' leaves 1 pipeline(s) outside the G-buffer: [minecraft:pipeline/translucent_terrain]
[17:01:05] [Render thread/INFO] (WorldGeometryAdapter) Shader pack 'metalcraft-standard' leaves 1 pipeline(s) outside the G-buffer: [minecraft:pipeline/translucent_terrain]
[17:01:05] [Render thread/INFO] (WorldGeometryAdapter) Shader pack 'metalcraft-standard' leaves 1 pipeline(s) outside the G-buffer: [minecraft:pipeline/translucent_terrain]
[17:01:06] [Render thread/INFO] (WorldGeometryAdapter) Shader pack 'metalcraft-standard' leaves 1 pipeline(s) outside the G-buffer: [minecraft:pipeline/translucent_terrain]
[17:01:07] [Test thread/INFO] (Minecraft) [STDOUT]: Water capture: /Users/jackangione/Desktop/VULKAN SHADERS/run/screenshots/0064_metalcraft-water-w7-zero-strengths.png
[17:01:08] [Test thread/INFO] (Minecraft) [STDOUT]: Water capture: /Users/jackangione/Desktop/VULKAN SHADERS/run/screenshots/0065_metalcraft-water-w7-zero-strengths-repeat.png
[17:01:08] [Render thread/INFO] (WorldGeometryAdapter) Shader pack 'metalcraft-standard' leaves 1 pipeline(s) outside the G-buffer: [minecraft:pipeline/translucent_terrain]
[17:01:08] [Server thread/WARN] (Minecraft) Can't keep up! Is the server overloaded? Running 2124ms or 42 ticks behind
[17:01:09] [Render thread/INFO] (WorldGeometryAdapter) Shader pack 'metalcraft-standard' leaves 1 pipeline(s) outside the G-buffer: [minecraft:pipeline/translucent_terrain]
[17:01:09] [Render thread/INFO] (WorldGeometryAdapter) Shader pack 'metalcraft-standard' leaves 1 pipeline(s) outside the G-buffer: [minecraft:pipeline/translucent_terrain]
[17:01:10] [Render thread/INFO] (WorldGeometryAdapter) Shader pack 'metalcraft-standard' leaves 1 pipeline(s) outside the G-buffer: [minecraft:pipeline/translucent_terrain]
[17:01:10] [Render thread/INFO] (WorldGeometryAdapter) Shader pack 'metalcraft-standard' leaves 1 pipeline(s) outside the G-buffer: [minecraft:pipeline/translucent_terrain]
[17:01:11] [Render thread/INFO] (WorldGeometryAdapter) Shader pack 'metalcraft-standard' leaves 1 pipeline(s) outside the G-buffer: [minecraft:pipeline/translucent_terrain]
[17:01:11] [Render thread/INFO] (WorldGeometryAdapter) Shader pack 'metalcraft-standard' leaves 1 pipeline(s) outside the G-buffer: [minecraft:pipeline/translucent_terrain]
[17:01:12] [Render thread/INFO] (WorldGeometryAdapter) Shader pack 'metalcraft-standard' leaves 1 pipeline(s) outside the G-buffer: [minecraft:pipeline/translucent_terrain]
[17:01:12] [Render thread/INFO] (WorldGeometryAdapter) Shader pack 'metalcraft-standard' leaves 1 pipeline(s) outside the G-buffer: [minecraft:pipeline/translucent_terrain]
[17:01:13] [Render thread/INFO] (Minecraft) Reloading ResourceManager: vanilla, fabric-api, fabric-api-base, fabric-api-lookup-api-v1, fabric-biome-api-v1, fabric-block-api-v1, fabric-block-getter-api-v2, fabric-client-gametest-api-v1, fabric-command-api-v2, fabric-content-registries-v0, fabric-convention-tags-v2, fabric-crash-report-info-v1, fabric-creative-tab-api-v1, fabric-data-attachment-api-v1, fabric-data-generation-api-v1, fabric-debug-api-v1, fabric-dimensions-v1, fabric-entity-events-v1, fabric-events-interaction-v0, fabric-game-rule-api-v1, fabric-gametest-api-v1, fabric-item-api-v1, fabric-key-mapping-api-v1, fabric-lifecycle-events-v1, fabric-loot-api-v3, fabric-menu-api-v1, fabric-message-api-v1, fabric-model-loading-api-v1, fabric-networking-api-v1, fabric-object-builder-api-v1, fabric-particles-v1, fabric-permission-api-v1, fabric-recipe-api-v1, fabric-registry-sync-v0, fabric-renderer-api-v1, fabric-renderer-indigo, fabric-rendering-fluids-v1, fabric-rendering-v1, fabric-resource-conditions-api-v1, fabric-resource-loader-v0, fabric-resource-loader-v1, fabric-screen-api-v1, fabric-serialization-api-v1, fabric-sound-api-v1, fabric-tag-api-v1, fabric-transfer-api-v1, fabric-transitive-access-wideners-v1, fabricloader, metalcraft
[17:01:13] [Worker-Main-15/INFO] (Minecraft) Found unifont_pua-17.0.01.hex, loading
[17:01:13] [Worker-Main-9/INFO] (Minecraft) Found unifont_all_no_pua-17.0.01.hex, loading
[17:01:13] [Worker-Main-4/INFO] (Minecraft) Found unifont_jp_patch-17.0.01.hex, loading
[17:01:13] [Server thread/INFO] (Minecraft) Saving and pausing game...
[17:01:13] [Server thread/INFO] (Minecraft) Saving chunks for level 'ServerLevel[New World]'/minecraft:overworld
[17:01:13] [Server thread/INFO] (Minecraft) Saving chunks for level 'ServerLevel[New World]'/minecraft:the_end
[17:01:13] [Server thread/INFO] (Minecraft) Saving chunks for level 'ServerLevel[New World]'/minecraft:the_nether
[17:01:13] [Render thread/INFO] (WorldGeometryAdapter) Shader pack 'metalcraft-standard' leaves 1 pipeline(s) outside the G-buffer: [minecraft:pipeline/translucent_terrain]
[17:01:13] [Render thread/INFO] (ShaderPackRuntime) Loaded MetalCraft shader pack 'MetalCraft Standard': 3 pass(es), 4 target(s), 18 option(s), 14745600 bytes
[17:01:15] [Render thread/INFO] (ShaderPackRuntime) Loaded MetalCraft shader pack 'MetalCraft Standard': 3 pass(es), 4 target(s), 18 option(s), 14745600 bytes
[17:01:15] [Render thread/INFO] (Minecraft) OpenAL initialized on device DENON-AVR
[17:01:15] [Render thread/INFO] (Minecraft) Sound engine started
[17:01:15] [Render thread/INFO] (Minecraft) Created: 512x256x0 minecraft:textures/atlas/particles.png-atlas
[17:01:15] [Render thread/INFO] (Minecraft) Created: 128x128x0 minecraft:textures/atlas/decorated_pot.png-atlas
[17:01:15] [Render thread/INFO] (Minecraft) Created: 2048x1024x0 minecraft:textures/atlas/armor_trims.png-atlas
[17:01:15] [Render thread/INFO] (Minecraft) Created: 512x256x0 minecraft:textures/atlas/paintings.png-atlas
[17:01:15] [Render thread/INFO] (Minecraft) Created: 1024x512x0 minecraft:textures/atlas/shield_patterns.png-atlas
[17:01:15] [Render thread/INFO] (Minecraft) Created: 2048x2048x4 minecraft:textures/atlas/blocks.png-atlas
[17:01:15] [Render thread/INFO] (Minecraft) Created: 512x512x0 minecraft:textures/atlas/chest.png-atlas
[17:01:15] [Render thread/INFO] (Minecraft) Created: 256x128x0 minecraft:textures/atlas/celestials.png-atlas
[17:01:15] [Render thread/INFO] (Minecraft) Created: 1024x512x0 minecraft:textures/atlas/banner_patterns.png-atlas
[17:01:15] [Render thread/INFO] (Minecraft) Created: 1024x512x0 minecraft:textures/atlas/items.png-atlas
[17:01:15] [Render thread/INFO] (Minecraft) Created: 1024x1024x0 minecraft:textures/atlas/gui.png-atlas
[17:01:15] [Render thread/INFO] (Minecraft) Created: 128x64x0 minecraft:textures/atlas/map_decorations.png-atlas
[17:01:15] [Render thread/INFO] (Minecraft) Created: 512x512x0 minecraft:textures/atlas/shulker_boxes.png-atlas
[17:01:21] [Test thread/INFO] (Minecraft) [STDOUT]: Water capture: /Users/jackangione/Desktop/VULKAN SHADERS/run/screenshots/0066_metalcraft-water-w7-ssr-low.png
[17:01:21] [Render thread/INFO] (WorldGeometryAdapter) Shader pack 'metalcraft-standard' leaves 1 pipeline(s) outside the G-buffer: [minecraft:pipeline/translucent_terrain]
[17:01:22] [Test thread/INFO] (Minecraft) [STDOUT]: Water capture: /Users/jackangione/Desktop/VULKAN SHADERS/run/screenshots/0067_metalcraft-water-w7-reflection-baseline.png
[17:01:22] [Render thread/INFO] (WorldGeometryAdapter) Shader pack 'metalcraft-standard' leaves 1 pipeline(s) outside the G-buffer: [minecraft:pipeline/translucent_terrain]
[17:01:24] [Test thread/INFO] (Minecraft) [STDOUT]: Water capture: /Users/jackangione/Desktop/VULKAN SHADERS/run/screenshots/0068_metalcraft-water-w7-ssr-high.png
[17:01:24] [Server thread/INFO] (Minecraft) Teleported Player870 to 25.500000, 186.000000, 190.500000
[17:01:24] [Render thread/INFO] (Minecraft) [System] [CHAT] [Server: Teleported Player870 to 25.500000, 186.000000, 190.500000]
[17:01:26] [Test thread/INFO] (Minecraft) [STDOUT]: Water capture: /Users/jackangione/Desktop/VULKAN SHADERS/run/screenshots/0069_metalcraft-water-w7-ssr-high-edge-offscreen.png
[17:01:26] [Server thread/INFO] (Minecraft) Teleported Player870 to 7.500000, 193.000000, 193.500000
[17:01:26] [Render thread/INFO] (Minecraft) [System] [CHAT] [Server: Teleported Player870 to 7.500000, 193.000000, 193.500000]
[17:01:28] [Test thread/INFO] (Minecraft) [STDOUT]: Water capture: /Users/jackangione/Desktop/VULKAN SHADERS/run/screenshots/0070_metalcraft-water-w7-ssr-high-camera-moved.png
[17:01:28] [Render thread/INFO] (MetalGpuSurface) MetalCraft surface configured: 2560x1440 presentMode=IMMEDIATE displaySync=false unlockedFrameRate=true
[17:01:29] [Server thread/WARN] (Minecraft) Can't keep up! Is the server overloaded? Running 5817ms or 116 ticks behind
[17:01:29] [Test thread/INFO] (Minecraft) [STDOUT]: Water capture: /Users/jackangione/Desktop/VULKAN SHADERS/run/screenshots/0071_metalcraft-water-w7-ssr-high-half-resolution.png
[17:01:29] [Render thread/INFO] (MetalGpuSurface) MetalCraft surface configured: 2560x1440 presentMode=IMMEDIATE displaySync=false unlockedFrameRate=true
[17:01:30] [Render thread/INFO] (WorldGeometryAdapter) Shader pack 'metalcraft-standard' leaves 1 pipeline(s) outside the G-buffer: [minecraft:pipeline/translucent_terrain]
[17:01:30] [Render thread/ERROR] (ShaderPackRuntime) MetalCraft shader pack 'metalcraft-water-w7-missing-pack': Unknown shader pack 'metalcraft-water-w7-missing-pack'
dev.metalcraft.client.shader.ShaderPackLoader$LoadException: Unknown shader pack 'metalcraft-water-w7-missing-pack'
	at knot//dev.metalcraft.client.shader.ShaderPackRuntime.loadById(ShaderPackRuntime.java:447)
	at knot//dev.metalcraft.client.shader.ShaderPackRuntime.loadSelected(ShaderPackRuntime.java:285)
	at knot//dev.metalcraft.client.shader.ShaderPackRuntime.selectPack(ShaderPackRuntime.java:164)
	at knot//dev.metalcraft.client.test.MetalWaterIdentityGameTest.lambda$captureW7Comparisons$3(MetalWaterIdentityGameTest.java:373)
	at knot//net.fabricmc.fabric.impl.client.gametest.context.ClientGameTestContextImpl.lambda$runOnClient$0(ClientGameTestContextImpl.java:536)
	at knot//net.fabricmc.fabric.impl.client.gametest.threading.ThreadingImpl.runTaskOnThisThread(ThreadingImpl.java:229)
	at knot//net.fabricmc.fabric.impl.client.gametest.threading.ThreadingImpl.lambda$runTaskOnOtherThread$0(ThreadingImpl.java:210)
	at knot//net.minecraft.client.Minecraft.postRunTasks(Minecraft.java:7731)
	at knot//net.minecraft.client.Minecraft.handler$bcn000$fabric-client-gametest-api-v1$postRunTasksHook(Minecraft.java:7683)
	at knot//net.minecraft.client.Minecraft.runTick(Minecraft.java:1175)
	at knot//net.minecraft.client.Minecraft.run$mixinextras$wrapped$286(Minecraft.java:899)
	at knot//net.minecraft.client.Minecraft.mixinextras$bridge$run$mixinextras$wrapped$286$287(Minecraft.java)
	at knot//net.minecraft.client.Minecraft.wrapMethod$bcn000$fabric-client-gametest-api-v1$onRun(Minecraft.java:7651)
	at knot//net.minecraft.client.Minecraft.run(Minecraft.java)
	at knot//net.minecraft.client.main.Main.main(Main.java:277)
	at net.fabricmc.loader.impl.game.minecraft.MinecraftGameProvider.launch(MinecraftGameProvider.java:514)
	at net.fabricmc.loader.impl.launch.knot.Knot.launch(Knot.java:72)
	at net.fabricmc.loader.impl.launch.knot.KnotClient.main(KnotClient.java:23)
	at net.fabricmc.devlaunchinjector.Main.main(Main.java:86)
[17:01:30] [Render thread/INFO] (ShaderPackRuntime) Loaded MetalCraft shader pack 'MetalCraft Standard': 3 pass(es), 4 target(s), 18 option(s), 14745600 bytes
[17:01:32] [Test thread/INFO] (Minecraft) [STDOUT]: Water capture: /Users/jackangione/Desktop/VULKAN SHADERS/run/screenshots/0072_metalcraft-water-w7-failure-recovered.png
[17:01:32] [Server thread/INFO] (Minecraft) The game is running normally
[17:01:32] [Server thread/INFO] (Minecraft) The game is running normally
[17:01:32] [Server thread/INFO] (Minecraft) Teleported Player870 to -223.500000, 63.150000, -31.500000
[17:01:32] [Server thread/INFO] (Minecraft) Set minecraft:overworld to time marker minecraft:noon
[17:01:32] [Render thread/INFO] (Minecraft) [System] [CHAT] [Server: The game is running normally]
[17:01:32] [Render thread/INFO] (Minecraft) [System] [CHAT] [Server: The game is running normally]
[17:01:32] [Render thread/INFO] (Minecraft) [System] [CHAT] [Server: Teleported Player870 to -223.500000, 63.150000, -31.500000]
[17:01:32] [Render thread/INFO] (Minecraft) [System] [CHAT] [Server: Set minecraft:overworld to time marker minecraft:noon]
[17:01:36] [Server thread/INFO] (Minecraft) The game is frozen
[17:01:36] [Render thread/INFO] (WorldGeometryAdapter) Shader pack 'metalcraft-standard' leaves 1 pipeline(s) outside the G-buffer: [minecraft:pipeline/translucent_terrain]
[17:01:36] [Render thread/INFO] (Minecraft) [System] [CHAT] [Server: The game is frozen]
[17:01:37] [Render thread/INFO] (WorldGeometryAdapter) Shader pack 'metalcraft-standard' leaves 1 pipeline(s) outside the G-buffer: [minecraft:pipeline/translucent_terrain]
[17:01:37] [Render thread/INFO] (WorldGeometryAdapter) Shader pack 'metalcraft-standard' leaves 1 pipeline(s) outside the G-buffer: [minecraft:pipeline/translucent_terrain]
[17:01:38] [Render thread/INFO] (WorldGeometryAdapter) Shader pack 'metalcraft-standard' leaves 1 pipeline(s) outside the G-buffer: [minecraft:pipeline/translucent_terrain]
[17:01:38] [Render thread/INFO] (WorldGeometryAdapter) Shader pack 'metalcraft-standard' leaves 1 pipeline(s) outside the G-buffer: [minecraft:pipeline/translucent_terrain]
[17:01:39] [Render thread/INFO] (WorldGeometryAdapter) Shader pack 'metalcraft-standard' leaves 1 pipeline(s) outside the G-buffer: [minecraft:pipeline/translucent_terrain]
[17:01:39] [Render thread/INFO] (WorldGeometryAdapter) Shader pack 'metalcraft-standard' leaves 1 pipeline(s) outside the G-buffer: [minecraft:pipeline/translucent_terrain]
[17:01:40] [Render thread/INFO] (WorldGeometryAdapter) Shader pack 'metalcraft-standard' leaves 1 pipeline(s) outside the G-buffer: [minecraft:pipeline/translucent_terrain]
[17:01:40] [Render thread/INFO] (WorldGeometryAdapter) Shader pack 'metalcraft-standard' leaves 1 pipeline(s) outside the G-buffer: [minecraft:pipeline/translucent_terrain]
[17:01:41] [Render thread/INFO] (WorldGeometryAdapter) Shader pack 'metalcraft-standard' leaves 1 pipeline(s) outside the G-buffer: [minecraft:pipeline/translucent_terrain]
[17:01:42] [Test thread/INFO] (Minecraft) [STDOUT]: Water capture: /Users/jackangione/Desktop/VULKAN SHADERS/run/screenshots/0073_metalcraft-water-natural-none.png
[17:01:42] [Render thread/INFO] (WorldGeometryAdapter) Shader pack 'metalcraft-standard' leaves 1 pipeline(s) outside the G-buffer: [minecraft:pipeline/translucent_terrain]
[17:01:44] [Test thread/INFO] (Minecraft) [STDOUT]: Water capture: /Users/jackangione/Desktop/VULKAN SHADERS/run/screenshots/0074_metalcraft-water-natural-high.png
[17:01:44] [Test thread/INFO] (Minecraft) [STDOUT]: Natural water detail: camera=[-224, 63, -32, 1] changed=268592
[17:01:45] [Test thread/INFO] (Minecraft) [STDOUT]: Water capture: /Users/jackangione/Desktop/VULKAN SHADERS/run/screenshots/0075_metalcraft-water-natural-grazing.png
[17:01:45] [Render thread/INFO] (WorldGeometryAdapter) Shader pack 'metalcraft-standard' leaves 1 pipeline(s) outside the G-buffer: [minecraft:pipeline/translucent_terrain]
[17:01:46] [Test thread/INFO] (Minecraft) [STDOUT]: Water capture: /Users/jackangione/Desktop/VULKAN SHADERS/run/screenshots/0076_metalcraft-water-distance-2.png
[17:01:46] [Render thread/INFO] (WorldGeometryAdapter) Shader pack 'metalcraft-standard' leaves 1 pipeline(s) outside the G-buffer: [minecraft:pipeline/translucent_terrain]
[17:01:48] [Test thread/INFO] (Minecraft) [STDOUT]: Water capture: /Users/jackangione/Desktop/VULKAN SHADERS/run/screenshots/0077_metalcraft-water-distance-16.png
[17:01:49] [Test thread/INFO] (Minecraft) [STDOUT]: Water capture: /Users/jackangione/Desktop/VULKAN SHADERS/run/screenshots/0078_metalcraft-water-crossing-0.png
[17:01:49] [Server thread/INFO] (Minecraft) Stepping 8 tick(s)
[17:01:49] [Render thread/INFO] (Minecraft) [System] [CHAT] [Server: Stepping 8 tick(s)]
[17:01:50] [Test thread/INFO] (Minecraft) [STDOUT]: Water capture: /Users/jackangione/Desktop/VULKAN SHADERS/run/screenshots/0079_metalcraft-water-crossing-1.png
[17:01:51] [Server thread/INFO] (Minecraft) Stepping 8 tick(s)
[17:01:51] [Server thread/WARN] (Minecraft) Can't keep up! Is the server overloaded? Running 2048ms or 40 ticks behind
[17:01:51] [Render thread/INFO] (Minecraft) [System] [CHAT] [Server: Stepping 8 tick(s)]
[17:01:52] [Test thread/INFO] (Minecraft) [STDOUT]: Water capture: /Users/jackangione/Desktop/VULKAN SHADERS/run/screenshots/0080_metalcraft-water-crossing-2.png
[17:01:52] [Server thread/INFO] (Minecraft) Stepping 8 tick(s)
[17:01:52] [Render thread/INFO] (Minecraft) [System] [CHAT] [Server: Stepping 8 tick(s)]
[17:01:54] [Test thread/INFO] (Minecraft) [STDOUT]: Water capture: /Users/jackangione/Desktop/VULKAN SHADERS/run/screenshots/0081_metalcraft-water-crossing-3.png
[17:01:54] [Server thread/INFO] (Minecraft) Set minecraft:overworld to 11000 tick(s)
[17:01:54] [Render thread/INFO] (Minecraft) [System] [CHAT] [Server: Set minecraft:overworld to 11000 tick(s)]
[17:01:54] [Render thread/INFO] (WorldGeometryAdapter) Shader pack 'metalcraft-standard' leaves 1 pipeline(s) outside the G-buffer: [minecraft:pipeline/translucent_terrain]
[17:01:56] [Test thread/INFO] (Minecraft) [STDOUT]: Water capture: /Users/jackangione/Desktop/VULKAN SHADERS/run/screenshots/0082_metalcraft-water-glints-flat.png
[17:01:56] [Render thread/INFO] (WorldGeometryAdapter) Shader pack 'metalcraft-standard' leaves 1 pipeline(s) outside the G-buffer: [minecraft:pipeline/translucent_terrain]
[17:01:57] [Test thread/INFO] (Minecraft) [STDOUT]: Water capture: /Users/jackangione/Desktop/VULKAN SHADERS/run/screenshots/0083_metalcraft-water-glints-waves.png
[17:01:57] [Server thread/INFO] (Minecraft) The game is running normally
[17:01:57] [Render thread/INFO] (Minecraft) [System] [CHAT] [Server: The game is running normally]
[17:02:00] [Test thread/INFO] (Minecraft) [STDOUT]: Water capture: /Users/jackangione/Desktop/VULKAN SHADERS/run/screenshots/0084_metalcraft-water-identity-fabulous.png
[17:02:02] [Server thread/INFO] (Minecraft) Player870 lost connection: Disconnected
[17:02:02] [Server thread/INFO] (Minecraft) Player870 left the game
[17:02:02] [Server thread/INFO] (Minecraft) Stopping singleplayer server as player logged out
[17:02:02] [Server thread/INFO] (Minecraft) Stopping server
[17:02:02] [Server thread/INFO] (Minecraft) Saving players
[17:02:02] [Server thread/INFO] (Minecraft) Saving worlds
[17:02:02] [Server thread/INFO] (Minecraft) Saving chunks for level 'ServerLevel[New World]'/minecraft:overworld
[17:02:03] [Server thread/INFO] (Minecraft) Saving chunks for level 'ServerLevel[New World]'/minecraft:the_end
[17:02:03] [Server thread/INFO] (Minecraft) Saving chunks for level 'ServerLevel[New World]'/minecraft:the_nether
[17:02:03] [Server thread/INFO] (Minecraft) ThreadedAnvilChunkStorage (world): All chunks are saved
[17:02:03] [Server thread/INFO] (Minecraft) ThreadedAnvilChunkStorage (DIM1): All chunks are saved
[17:02:03] [Server thread/INFO] (Minecraft) ThreadedAnvilChunkStorage (DIM-1): All chunks are saved
[17:02:03] [Server thread/INFO] (Minecraft) ThreadedAnvilChunkStorage: All dimensions are saved
[17:02:03] [Render thread/INFO] (WorldGeometryAdapter) Shader pack 'metalcraft-standard' leaves 1 pipeline(s) outside the G-buffer: [minecraft:pipeline/translucent_terrain]
[17:02:03] [Render thread/INFO] (ShaderPackRuntime) Loaded MetalCraft shader pack 'MetalCraft Standard': 3 pass(es), 4 target(s), 18 option(s), 14745600 bytes
[17:02:03] [Test thread/INFO] (Minecraft) [STDOUT]: LOD compatibility ownership passed: Stats[uploads=1475, uploadedBytes=148092688, draws=3133425, originalTriangles=2412177544, replacementTriangles=2200824838, staleFallbacks=4, uploadFailures=0, chargedBytes=0, residentMeshes=0, retiredMeshes=0, frameUploadBytes=0, prepareNanos=2208, frameSelected=0, tier1Draws=2894168, tier2Draws=238587, tier3Draws=670, tier4Draws=0, shadowDraws=3731634, shadowOriginalTriangles=2858905030, shadowReplacementTriangles=2585533314, terrainDraws=54803780, terrainInputTriangles=42938589104, terrainRenderedTriangles=42727236398, distantDraws=54202535, distantInputTriangles=42380669350, distantRenderedTriangles=42169316644]
[17:02:03] [Render thread/INFO] (MetalGpuSurface) MetalCraft surface configured: 1708x960 presentMode=IMMEDIATE displaySync=false unlockedFrameRate=true
[17:02:03] [Render thread/INFO] (Minecraft) Stopping!
